[0.016s] Invoking command in '/home/mingadmirer/nuc_ws/build/r2_mission': CMAKE_PREFIX_PATH=/home/mingadmirer/nuc_ws/install/detection_interfaces:/home/mingadmirer/nuc_ws/install/r2_mission:/opt/ros/humble /usr/bin/cmake --build /home/mingadmirer/nuc_ws/build/r2_mission -- -j8 -l8
[0.089s] [ 60%] Built target r2_serial_driver_core
[0.131s] [100%] Built target r2_mission_node
[0.144s] Invoked command in '/home/mingadmirer/nuc_ws/build/r2_mission' returned '0': CMAKE_PREFIX_PATH=/home/mingadmirer/nuc_ws/install/detection_interfaces:/home/mingadmirer/nuc_ws/install/r2_mission:/opt/ros/humble /usr/bin/cmake --build /home/mingadmirer/nuc_ws/build/r2_mission -- -j8 -l8
[0.156s] Invoking command in '/home/mingadmirer/nuc_ws/build/r2_mission': CMAKE_PREFIX_PATH=/home/mingadmirer/nuc_ws/install/detection_interfaces:/home/mingadmirer/nuc_ws/install/r2_mission:/opt/ros/humble /usr/bin/cmake --install /home/mingadmirer/nuc_ws/build/r2_mission
[0.165s] -- Install configuration: ""
[0.166s] -- Up-to-date: /home/mingadmirer/nuc_ws/install/r2_mission/lib/r2_mission/r2_mission_node
[0.167s] -- Up-to-date: /home/mingadmirer/nuc_ws/install/r2_mission/share/r2_mission/launch
[0.167s] -- Up-to-date: /home/mingadmirer/nuc_ws/install/r2_mission/share/r2_mission/launch/bringup.launch.py
[0.167s] -- Up-to-date: /home/mingadmirer/nuc_ws/install/r2_mission/share/r2_mission/config
[0.167s] -- Installing: /home/mingadmirer/nuc_ws/install/r2_mission/share/r2_mission/config/params.yaml
[0.167s] -- Up-to-date: /home/mingadmirer/nuc_ws/install/r2_mission/share/ament_index/resource_index/package_run_dependencies/r2_mission
[0.167s] -- Up-to-date: /home/mingadmirer/nuc_ws/install/r2_mission/share/ament_index/resource_index/parent_prefix_path/r2_mission
[0.168s] -- Up-to-date: /home/mingadmirer/nuc_ws/install/r2_mission/share/r2_mission/environment/ament_prefix_path.sh
[0.168s] -- Up-to-date: /home/mingadmirer/nuc_ws/install/r2_mission/share/r2_mission/environment/ament_prefix_path.dsv
[0.168s] -- Up-to-date: /home/mingadmirer/nuc_ws/install/r2_mission/share/r2_mission/environment/path.sh
[0.168s] -- Up-to-date: /home/mingadmirer/nuc_ws/install/r2_mission/share/r2_mission/environment/path.dsv
[0.168s] -- Up-to-date: /home/mingadmirer/nuc_ws/install/r2_mission/share/r2_mission/local_setup.bash
[0.168s] -- Up-to-date: /home/mingadmirer/nuc_ws/install/r2_mission/share/r2_mission/local_setup.sh
[0.168s] -- Up-to-date: /home/mingadmirer/nuc_ws/install/r2_mission/share/r2_mission/local_setup.zsh
[0.169s] -- Up-to-date: /home/mingadmirer/nuc_ws/install/r2_mission/share/r2_mission/local_setup.dsv
[0.169s] -- Installing: /home/mingadmirer/nuc_ws/install/r2_mission/share/r2_mission/package.dsv
[0.169s] -- Up-to-date: /home/mingadmirer/nuc_ws/install/r2_mission/share/ament_index/resource_index/packages/r2_mission
[0.169s] -- Up-to-date: /home/mingadmirer/nuc_ws/install/r2_mission/share/r2_mission/cmake/r2_missionConfig.cmake
[0.169s] -- Up-to-date: /home/mingadmirer/nuc_ws/install/r2_mission/share/r2_mission/cmake/r2_missionConfig-version.cmake
[0.169s] -- Up-to-date: /home/mingadmirer/nuc_ws/install/r2_mission/share/r2_mission/package.xml
[0.169s] -- Up-to-date: /home/mingadmirer/nuc_ws/install/r2_mission/lib/libr2_serial_driver_core.a
[0.171s] Invoked command in '/home/mingadmirer/nuc_ws/build/r2_mission' returned '0': CMAKE_PREFIX_PATH=/home/mingadmirer/nuc_ws/install/detection_interfaces:/home/mingadmirer/nuc_ws/install/r2_mission:/opt/ros/humble /usr/bin/cmake --install /home/mingadmirer/nuc_ws/build/r2_mission
