[0.016s] Invoking command in '/home/mingadmirer/nuc_ws/nuc_ws/src/nuc_ws/build/detection_interfaces': CMAKE_PREFIX_PATH=/opt/ros/humble /usr/bin/cmake --build /home/mingadmirer/nuc_ws/nuc_ws/src/nuc_ws/build/detection_interfaces -- -j8 -l8
[0.062s] [35m[1mConsolidate compiler generated dependencies of target detection_interfaces__rosidl_generator_c[0m
[0.072s] [  2%] Built target detection_interfaces__cpp
[0.073s] [  5%] Built target detection_interfaces__rs
[0.076s] [ 15%] Built target detection_interfaces__rosidl_generator_c
[0.088s] [ 15%] Built target ament_cmake_python_copy_detection_interfaces
[0.089s] [35m[1mConsolidate compiler generated dependencies of target detection_interfaces__rosidl_typesupport_cpp[0m
[0.090s] [35m[1mConsolidate compiler generated dependencies of target detection_interfaces__rosidl_typesupport_fastrtps_cpp[0m
[0.093s] [35m[1mConsolidate compiler generated dependencies of target detection_interfaces__rosidl_typesupport_introspection_cpp[0m
[0.093s] [35m[1mConsolidate compiler generated dependencies of target detection_interfaces__rosidl_typesupport_introspection_c[0m
[0.096s] [35m[1mConsolidate compiler generated dependencies of target detection_interfaces__rosidl_typesupport_c[0m
[0.096s] [35m[1mConsolidate compiler generated dependencies of target detection_interfaces__rosidl_typesupport_fastrtps_c[0m
[0.115s] [ 25%] Built target detection_interfaces__rosidl_typesupport_cpp
[0.115s] [ 40%] Built target detection_interfaces__rosidl_typesupport_c
[0.115s] [ 45%] Built target detection_interfaces__rosidl_typesupport_introspection_cpp
[0.117s] [ 55%] Built target detection_interfaces__rosidl_typesupport_fastrtps_cpp
[0.118s] [ 65%] Built target detection_interfaces__rosidl_typesupport_introspection_c
[0.120s] [ 75%] Built target detection_interfaces__rosidl_typesupport_fastrtps_c
[0.144s] [ 75%] Built target detection_interfaces
[0.167s] [ 77%] Built target detection_interfaces__py
[0.180s] [35m[1mConsolidate compiler generated dependencies of target detection_interfaces__rosidl_generator_py[0m
[0.198s] [ 85%] Built target detection_interfaces__rosidl_generator_py
[0.211s] [35m[1mConsolidate compiler generated dependencies of target detection_interfaces__rosidl_typesupport_fastrtps_c__pyext[0m
[0.211s] [35m[1mConsolidate compiler generated dependencies of target detection_interfaces__rosidl_typesupport_introspection_c__pyext[0m
[0.211s] [35m[1mConsolidate compiler generated dependencies of target detection_interfaces__rosidl_typesupport_c__pyext[0m
[0.227s] [ 90%] Built target detection_interfaces__rosidl_typesupport_fastrtps_c__pyext
[0.227s] [ 95%] Built target detection_interfaces__rosidl_typesupport_c__pyext
[0.228s] [100%] Built target detection_interfaces__rosidl_typesupport_introspection_c__pyext
[0.386s] running egg_info
[0.387s] writing detection_interfaces.egg-info/PKG-INFO
[0.388s] writing dependency_links to detection_interfaces.egg-info/dependency_links.txt
[0.388s] writing top-level names to detection_interfaces.egg-info/top_level.txt
[0.390s] reading manifest file 'detection_interfaces.egg-info/SOURCES.txt'
[0.395s] writing manifest file 'detection_interfaces.egg-info/SOURCES.txt'
[0.429s] [100%] Built target ament_cmake_python_build_detection_interfaces_egg
[0.442s] Invoked command in '/home/mingadmirer/nuc_ws/nuc_ws/src/nuc_ws/build/detection_interfaces' returned '0': CMAKE_PREFIX_PATH=/opt/ros/humble /usr/bin/cmake --build /home/mingadmirer/nuc_ws/nuc_ws/src/nuc_ws/build/detection_interfaces -- -j8 -l8
[0.452s] Invoking command in '/home/mingadmirer/nuc_ws/nuc_ws/src/nuc_ws/build/detection_interfaces': CMAKE_PREFIX_PATH=/opt/ros/humble /usr/bin/cmake --install /home/mingadmirer/nuc_ws/nuc_ws/src/nuc_ws/build/detection_interfaces
[0.462s] -- Install configuration: ""
[0.462s] -- Up-to-date: /home/mingadmirer/nuc_ws/nuc_ws/src/nuc_ws/install/detection_interfaces/share/ament_index/resource_index/rosidl_interfaces/detection_interfaces
[0.463s] -- Up-to-date: /home/mingadmirer/nuc_ws/nuc_ws/src/nuc_ws/install/detection_interfaces/include/detection_interfaces/detection_interfaces
[0.463s] -- Up-to-date: /home/mingadmirer/nuc_ws/nuc_ws/src/nuc_ws/install/detection_interfaces/include/detection_interfaces/detection_interfaces/msg
[0.463s] -- Up-to-date: /home/mingadmirer/nuc_ws/nuc_ws/src/nuc_ws/install/detection_interfaces/include/detection_interfaces/detection_interfaces/msg/detail
[0.463s] -- Up-to-date: /home/mingadmirer/nuc_ws/nuc_ws/src/nuc_ws/install/detection_interfaces/include/detection_interfaces/detection_interfaces/msg/detail/detection_array__functions.h
[0.463s] -- Up-to-date: /home/mingadmirer/nuc_ws/nuc_ws/src/nuc_ws/install/detection_interfaces/include/detection_interfaces/detection_interfaces/msg/detail/detection_result__functions.h
[0.464s] -- Up-to-date: /home/mingadmirer/nuc_ws/nuc_ws/src/nuc_ws/install/detection_interfaces/include/detection_interfaces/detection_interfaces/msg/detail/detection_array__struct.h
[0.464s] -- Up-to-date: /home/mingadmirer/nuc_ws/nuc_ws/src/nuc_ws/install/detection_interfaces/include/detection_interfaces/detection_interfaces/msg/detail/detection_result__type_support.h
[0.464s] -- Up-to-date: /home/mingadmirer/nuc_ws/nuc_ws/src/nuc_ws/install/detection_interfaces/include/detection_interfaces/detection_interfaces/msg/detail/detection_array__type_support.h
[0.464s] -- Up-to-date: /home/mingadmirer/nuc_ws/nuc_ws/src/nuc_ws/install/detection_interfaces/include/detection_interfaces/detection_interfaces/msg/detail/detection_result__functions.c
[0.464s] -- Up-to-date: /home/mingadmirer/nuc_ws/nuc_ws/src/nuc_ws/install/detection_interfaces/include/detection_interfaces/detection_interfaces/msg/detail/detection_result__struct.h
[0.465s] -- Up-to-date: /home/mingadmirer/nuc_ws/nuc_ws/src/nuc_ws/install/detection_interfaces/include/detection_interfaces/detection_interfaces/msg/detail/detection_array__functions.c
[0.465s] -- Up-to-date: /home/mingadmirer/nuc_ws/nuc_ws/src/nuc_ws/install/detection_interfaces/include/detection_interfaces/detection_interfaces/msg/detection_result.h
[0.465s] -- Up-to-date: /home/mingadmirer/nuc_ws/nuc_ws/src/nuc_ws/install/detection_interfaces/include/detection_interfaces/detection_interfaces/msg/detection_array.h
[0.465s] -- Up-to-date: /home/mingadmirer/nuc_ws/nuc_ws/src/nuc_ws/install/detection_interfaces/include/detection_interfaces/detection_interfaces/msg/rosidl_generator_c__visibility_control.h
[0.465s] -- Up-to-date: /home/mingadmirer/nuc_ws/nuc_ws/src/nuc_ws/install/detection_interfaces/share/detection_interfaces/environment/library_path.sh
[0.466s] -- Up-to-date: /home/mingadmirer/nuc_ws/nuc_ws/src/nuc_ws/install/detection_interfaces/share/detection_interfaces/environment/library_path.dsv
[0.466s] -- Up-to-date: /home/mingadmirer/nuc_ws/nuc_ws/src/nuc_ws/install/detection_interfaces/lib/libdetection_interfaces__rosidl_generator_c.so
[0.466s] -- Up-to-date: /home/mingadmirer/nuc_ws/nuc_ws/src/nuc_ws/install/detection_interfaces/include/detection_interfaces/detection_interfaces
[0.466s] -- Up-to-date: /home/mingadmirer/nuc_ws/nuc_ws/src/nuc_ws/install/detection_interfaces/include/detection_interfaces/detection_interfaces/msg
[0.466s] -- Up-to-date: /home/mingadmirer/nuc_ws/nuc_ws/src/nuc_ws/install/detection_interfaces/include/detection_interfaces/detection_interfaces/msg/detail
[0.467s] -- Up-to-date: /home/mingadmirer/nuc_ws/nuc_ws/src/nuc_ws/install/detection_interfaces/include/detection_interfaces/detection_interfaces/msg/detail/detection_array__rosidl_typesupport_fastrtps_c.h
[0.467s] -- Up-to-date: /home/mingadmirer/nuc_ws/nuc_ws/src/nuc_ws/install/detection_interfaces/include/detection_interfaces/detection_interfaces/msg/detail/detection_result__rosidl_typesupport_fastrtps_c.h
[0.467s] -- Up-to-date: /home/mingadmirer/nuc_ws/nuc_ws/src/nuc_ws/install/detection_interfaces/include/detection_interfaces/detection_interfaces/msg/rosidl_typesupport_fastrtps_c__visibility_control.h
[0.467s] -- Up-to-date: /home/mingadmirer/nuc_ws/nuc_ws/src/nuc_ws/install/detection_interfaces/lib/libdetection_interfaces__rosidl_typesupport_fastrtps_c.so
[0.467s] -- Up-to-date: /home/mingadmirer/nuc_ws/nuc_ws/src/nuc_ws/install/detection_interfaces/include/detection_interfaces/detection_interfaces
[0.467s] -- Up-to-date: /home/mingadmirer/nuc_ws/nuc_ws/src/nuc_ws/install/detection_interfaces/include/detection_interfaces/detection_interfaces/msg
[0.468s] -- Up-to-date: /home/mingadmirer/nuc_ws/nuc_ws/src/nuc_ws/install/detection_interfaces/include/detection_interfaces/detection_interfaces/msg/detail
[0.468s] -- Up-to-date: /home/mingadmirer/nuc_ws/nuc_ws/src/nuc_ws/install/detection_interfaces/include/detection_interfaces/detection_interfaces/msg/detail/detection_result__traits.hpp
[0.468s] -- Up-to-date: /home/mingadmirer/nuc_ws/nuc_ws/src/nuc_ws/install/detection_interfaces/include/detection_interfaces/detection_interfaces/msg/detail/detection_array__struct.hpp
[0.468s] -- Up-to-date: /home/mingadmirer/nuc_ws/nuc_ws/src/nuc_ws/install/detection_interfaces/include/detection_interfaces/detection_interfaces/msg/detail/detection_result__struct.hpp
[0.468s] -- Up-to-date: /home/mingadmirer/nuc_ws/nuc_ws/src/nuc_ws/install/detection_interfaces/include/detection_interfaces/detection_interfaces/msg/detail/detection_result__type_support.hpp
[0.468s] -- Up-to-date: /home/mingadmirer/nuc_ws/nuc_ws/src/nuc_ws/install/detection_interfaces/include/detection_interfaces/detection_interfaces/msg/detail/detection_result__builder.hpp
[0.469s] -- Up-to-date: /home/mingadmirer/nuc_ws/nuc_ws/src/nuc_ws/install/detection_interfaces/include/detection_interfaces/detection_interfaces/msg/detail/detection_array__traits.hpp
[0.469s] -- Up-to-date: /home/mingadmirer/nuc_ws/nuc_ws/src/nuc_ws/install/detection_interfaces/include/detection_interfaces/detection_interfaces/msg/detail/detection_array__type_support.hpp
[0.469s] -- Up-to-date: /home/mingadmirer/nuc_ws/nuc_ws/src/nuc_ws/install/detection_interfaces/include/detection_interfaces/detection_interfaces/msg/detail/detection_array__builder.hpp
[0.469s] -- Up-to-date: /home/mingadmirer/nuc_ws/nuc_ws/src/nuc_ws/install/detection_interfaces/include/detection_interfaces/detection_interfaces/msg/rosidl_generator_cpp__visibility_control.hpp
[0.469s] -- Up-to-date: /home/mingadmirer/nuc_ws/nuc_ws/src/nuc_ws/install/detection_interfaces/include/detection_interfaces/detection_interfaces/msg/detection_result.hpp
[0.469s] -- Up-to-date: /home/mingadmirer/nuc_ws/nuc_ws/src/nuc_ws/install/detection_interfaces/include/detection_interfaces/detection_interfaces/msg/detection_array.hpp
[0.470s] -- Up-to-date: /home/mingadmirer/nuc_ws/nuc_ws/src/nuc_ws/install/detection_interfaces/include/detection_interfaces/detection_interfaces
[0.470s] -- Up-to-date: /home/mingadmirer/nuc_ws/nuc_ws/src/nuc_ws/install/detection_interfaces/include/detection_interfaces/detection_interfaces/msg
[0.470s] -- Up-to-date: /home/mingadmirer/nuc_ws/nuc_ws/src/nuc_ws/install/detection_interfaces/include/detection_interfaces/detection_interfaces/msg/detail
[0.470s] -- Up-to-date: /home/mingadmirer/nuc_ws/nuc_ws/src/nuc_ws/install/detection_interfaces/include/detection_interfaces/detection_interfaces/msg/detail/dds_fastrtps
[0.470s] -- Up-to-date: /home/mingadmirer/nuc_ws/nuc_ws/src/nuc_ws/install/detection_interfaces/include/detection_interfaces/detection_interfaces/msg/detail/detection_result__rosidl_typesupport_fastrtps_cpp.hpp
[0.470s] -- Up-to-date: /home/mingadmirer/nuc_ws/nuc_ws/src/nuc_ws/install/detection_interfaces/include/detection_interfaces/detection_interfaces/msg/detail/detection_array__rosidl_typesupport_fastrtps_cpp.hpp
[0.471s] -- Up-to-date: /home/mingadmirer/nuc_ws/nuc_ws/src/nuc_ws/install/detection_interfaces/include/detection_interfaces/detection_interfaces/msg/rosidl_typesupport_fastrtps_cpp__visibility_control.h
[0.471s] -- Up-to-date: /home/mingadmirer/nuc_ws/nuc_ws/src/nuc_ws/install/detection_interfaces/lib/libdetection_interfaces__rosidl_typesupport_fastrtps_cpp.so
[0.471s] -- Up-to-date: /home/mingadmirer/nuc_ws/nuc_ws/src/nuc_ws/install/detection_interfaces/include/detection_interfaces/detection_interfaces
[0.471s] -- Up-to-date: /home/mingadmirer/nuc_ws/nuc_ws/src/nuc_ws/install/detection_interfaces/include/detection_interfaces/detection_interfaces/msg
[0.471s] -- Up-to-date: /home/mingadmirer/nuc_ws/nuc_ws/src/nuc_ws/install/detection_interfaces/include/detection_interfaces/detection_interfaces/msg/detail
[0.472s] -- Up-to-date: /home/mingadmirer/nuc_ws/nuc_ws/src/nuc_ws/install/detection_interfaces/include/detection_interfaces/detection_interfaces/msg/detail/detection_result__type_support.c
[0.472s] -- Up-to-date: /home/mingadmirer/nuc_ws/nuc_ws/src/nuc_ws/install/detection_interfaces/include/detection_interfaces/detection_interfaces/msg/detail/detection_array__rosidl_typesupport_introspection_c.h
[0.472s] -- Up-to-date: /home/mingadmirer/nuc_ws/nuc_ws/src/nuc_ws/install/detection_interfaces/include/detection_interfaces/detection_interfaces/msg/detail/detection_result__rosidl_typesupport_introspection_c.h
[0.472s] -- Up-to-date: /home/mingadmirer/nuc_ws/nuc_ws/src/nuc_ws/install/detection_interfaces/include/detection_interfaces/detection_interfaces/msg/detail/detection_array__type_support.c
[0.472s] -- Up-to-date: /home/mingadmirer/nuc_ws/nuc_ws/src/nuc_ws/install/detection_interfaces/include/detection_interfaces/detection_interfaces/msg/rosidl_typesupport_introspection_c__visibility_control.h
[0.472s] -- Up-to-date: /home/mingadmirer/nuc_ws/nuc_ws/src/nuc_ws/install/detection_interfaces/lib/libdetection_interfaces__rosidl_typesupport_introspection_c.so
[0.472s] -- Up-to-date: /home/mingadmirer/nuc_ws/nuc_ws/src/nuc_ws/install/detection_interfaces/lib/libdetection_interfaces__rosidl_typesupport_c.so
[0.473s] -- Up-to-date: /home/mingadmirer/nuc_ws/nuc_ws/src/nuc_ws/install/detection_interfaces/include/detection_interfaces/detection_interfaces
[0.473s] -- Up-to-date: /home/mingadmirer/nuc_ws/nuc_ws/src/nuc_ws/install/detection_interfaces/include/detection_interfaces/detection_interfaces/msg
[0.473s] -- Up-to-date: /home/mingadmirer/nuc_ws/nuc_ws/src/nuc_ws/install/detection_interfaces/include/detection_interfaces/detection_interfaces/msg/detail
[0.473s] -- Up-to-date: /home/mingadmirer/nuc_ws/nuc_ws/src/nuc_ws/install/detection_interfaces/include/detection_interfaces/detection_interfaces/msg/detail/detection_array__type_support.cpp
[0.473s] -- Up-to-date: /home/mingadmirer/nuc_ws/nuc_ws/src/nuc_ws/install/detection_interfaces/include/detection_interfaces/detection_interfaces/msg/detail/detection_array__rosidl_typesupport_introspection_cpp.hpp
[0.473s] -- Up-to-date: /home/mingadmirer/nuc_ws/nuc_ws/src/nuc_ws/install/detection_interfaces/include/detection_interfaces/detection_interfaces/msg/detail/detection_result__type_support.cpp
[0.473s] -- Up-to-date: /home/mingadmirer/nuc_ws/nuc_ws/src/nuc_ws/install/detection_interfaces/include/detection_interfaces/detection_interfaces/msg/detail/detection_result__rosidl_typesupport_introspection_cpp.hpp
[0.473s] -- Up-to-date: /home/mingadmirer/nuc_ws/nuc_ws/src/nuc_ws/install/detection_interfaces/lib/libdetection_interfaces__rosidl_typesupport_introspection_cpp.so
[0.474s] -- Up-to-date: /home/mingadmirer/nuc_ws/nuc_ws/src/nuc_ws/install/detection_interfaces/lib/libdetection_interfaces__rosidl_typesupport_cpp.so
[0.474s] -- Up-to-date: /home/mingadmirer/nuc_ws/nuc_ws/src/nuc_ws/install/detection_interfaces/share/detection_interfaces/environment/pythonpath.sh
[0.474s] -- Up-to-date: /home/mingadmirer/nuc_ws/nuc_ws/src/nuc_ws/install/detection_interfaces/share/detection_interfaces/environment/pythonpath.dsv
[0.474s] -- Up-to-date: /home/mingadmirer/nuc_ws/nuc_ws/src/nuc_ws/install/detection_interfaces/local/lib/python3.10/dist-packages/detection_interfaces-1.0.0-py3.10.egg-info
[0.474s] -- Installing: /home/mingadmirer/nuc_ws/nuc_ws/src/nuc_ws/install/detection_interfaces/local/lib/python3.10/dist-packages/detection_interfaces-1.0.0-py3.10.egg-info/top_level.txt
[0.474s] -- Installing: /home/mingadmirer/nuc_ws/nuc_ws/src/nuc_ws/install/detection_interfaces/local/lib/python3.10/dist-packages/detection_interfaces-1.0.0-py3.10.egg-info/dependency_links.txt
[0.474s] -- Installing: /home/mingadmirer/nuc_ws/nuc_ws/src/nuc_ws/install/detection_interfaces/local/lib/python3.10/dist-packages/detection_interfaces-1.0.0-py3.10.egg-info/SOURCES.txt
[0.474s] -- Installing: /home/mingadmirer/nuc_ws/nuc_ws/src/nuc_ws/install/detection_interfaces/local/lib/python3.10/dist-packages/detection_interfaces-1.0.0-py3.10.egg-info/PKG-INFO
[0.475s] -- Up-to-date: /home/mingadmirer/nuc_ws/nuc_ws/src/nuc_ws/install/detection_interfaces/local/lib/python3.10/dist-packages/detection_interfaces
[0.475s] -- Up-to-date: /home/mingadmirer/nuc_ws/nuc_ws/src/nuc_ws/install/detection_interfaces/local/lib/python3.10/dist-packages/detection_interfaces/_detection_interfaces_s.ep.rosidl_typesupport_fastrtps_c.c
[0.475s] -- Up-to-date: /home/mingadmirer/nuc_ws/nuc_ws/src/nuc_ws/install/detection_interfaces/local/lib/python3.10/dist-packages/detection_interfaces/detection_interfaces_s__rosidl_typesupport_c.cpython-310-x86_64-linux-gnu.so
[0.475s] -- Up-to-date: /home/mingadmirer/nuc_ws/nuc_ws/src/nuc_ws/install/detection_interfaces/local/lib/python3.10/dist-packages/detection_interfaces/detection_interfaces_s__rosidl_typesupport_fastrtps_c.cpython-310-x86_64-linux-gnu.so
[0.475s] -- Up-to-date: /home/mingadmirer/nuc_ws/nuc_ws/src/nuc_ws/install/detection_interfaces/local/lib/python3.10/dist-packages/detection_interfaces/libdetection_interfaces__rosidl_generator_py.so
[0.475s] -- Up-to-date: /home/mingadmirer/nuc_ws/nuc_ws/src/nuc_ws/install/detection_interfaces/local/lib/python3.10/dist-packages/detection_interfaces/msg
[0.475s] -- Up-to-date: /home/mingadmirer/nuc_ws/nuc_ws/src/nuc_ws/install/detection_interfaces/local/lib/python3.10/dist-packages/detection_interfaces/msg/_detection_array_s.c
[0.475s] -- Up-to-date: /home/mingadmirer/nuc_ws/nuc_ws/src/nuc_ws/install/detection_interfaces/local/lib/python3.10/dist-packages/detection_interfaces/msg/_detection_result.py
[0.476s] -- Up-to-date: /home/mingadmirer/nuc_ws/nuc_ws/src/nuc_ws/install/detection_interfaces/local/lib/python3.10/dist-packages/detection_interfaces/msg/_detection_result_s.c
[0.476s] -- Up-to-date: /home/mingadmirer/nuc_ws/nuc_ws/src/nuc_ws/install/detection_interfaces/local/lib/python3.10/dist-packages/detection_interfaces/msg/_detection_array.py
[0.476s] -- Up-to-date: /home/mingadmirer/nuc_ws/nuc_ws/src/nuc_ws/install/detection_interfaces/local/lib/python3.10/dist-packages/detection_interfaces/msg/__init__.py
[0.476s] -- Up-to-date: /home/mingadmirer/nuc_ws/nuc_ws/src/nuc_ws/install/detection_interfaces/local/lib/python3.10/dist-packages/detection_interfaces/_detection_interfaces_s.ep.rosidl_typesupport_c.c
[0.476s] -- Up-to-date: /home/mingadmirer/nuc_ws/nuc_ws/src/nuc_ws/install/detection_interfaces/local/lib/python3.10/dist-packages/detection_interfaces/_detection_interfaces_s.ep.rosidl_typesupport_introspection_c.c
[0.476s] -- Up-to-date: /home/mingadmirer/nuc_ws/nuc_ws/src/nuc_ws/install/detection_interfaces/local/lib/python3.10/dist-packages/detection_interfaces/detection_interfaces_s__rosidl_typesupport_introspection_c.cpython-310-x86_64-linux-gnu.so
[0.476s] -- Up-to-date: /home/mingadmirer/nuc_ws/nuc_ws/src/nuc_ws/install/detection_interfaces/local/lib/python3.10/dist-packages/detection_interfaces/__init__.py
[0.507s] Listing '/home/mingadmirer/nuc_ws/nuc_ws/src/nuc_ws/install/detection_interfaces/local/lib/python3.10/dist-packages/detection_interfaces'...
[0.507s] Listing '/home/mingadmirer/nuc_ws/nuc_ws/src/nuc_ws/install/detection_interfaces/local/lib/python3.10/dist-packages/detection_interfaces/msg'...
[0.513s] -- Up-to-date: /home/mingadmirer/nuc_ws/nuc_ws/src/nuc_ws/install/detection_interfaces/local/lib/python3.10/dist-packages/detection_interfaces/detection_interfaces_s__rosidl_typesupport_fastrtps_c.cpython-310-x86_64-linux-gnu.so
[0.514s] -- Up-to-date: /home/mingadmirer/nuc_ws/nuc_ws/src/nuc_ws/install/detection_interfaces/local/lib/python3.10/dist-packages/detection_interfaces/detection_interfaces_s__rosidl_typesupport_introspection_c.cpython-310-x86_64-linux-gnu.so
[0.515s] -- Up-to-date: /home/mingadmirer/nuc_ws/nuc_ws/src/nuc_ws/install/detection_interfaces/local/lib/python3.10/dist-packages/detection_interfaces/detection_interfaces_s__rosidl_typesupport_c.cpython-310-x86_64-linux-gnu.so
[0.516s] -- Up-to-date: /home/mingadmirer/nuc_ws/nuc_ws/src/nuc_ws/install/detection_interfaces/lib/libdetection_interfaces__rosidl_generator_py.so
[0.517s] -- Up-to-date: /home/mingadmirer/nuc_ws/nuc_ws/src/nuc_ws/install/detection_interfaces/share/ament_index/resource_index/rust_packages/detection_interfaces
[0.517s] -- Up-to-date: /home/mingadmirer/nuc_ws/nuc_ws/src/nuc_ws/install/detection_interfaces/share/detection_interfaces/rust
[0.517s] -- Up-to-date: /home/mingadmirer/nuc_ws/nuc_ws/src/nuc_ws/install/detection_interfaces/share/detection_interfaces/rust/src
[0.518s] -- Up-to-date: /home/mingadmirer/nuc_ws/nuc_ws/src/nuc_ws/install/detection_interfaces/share/detection_interfaces/rust/src/msg
[0.518s] -- Up-to-date: /home/mingadmirer/nuc_ws/nuc_ws/src/nuc_ws/install/detection_interfaces/share/detection_interfaces/rust/src/msg/rmw.rs
[0.518s] -- Up-to-date: /home/mingadmirer/nuc_ws/nuc_ws/src/nuc_ws/install/detection_interfaces/share/detection_interfaces/rust/src/lib.rs
[0.518s] -- Up-to-date: /home/mingadmirer/nuc_ws/nuc_ws/src/nuc_ws/install/detection_interfaces/share/detection_interfaces/rust/src/msg.rs
[0.518s] -- Up-to-date: /home/mingadmirer/nuc_ws/nuc_ws/src/nuc_ws/install/detection_interfaces/share/detection_interfaces/rust/Cargo.toml
[0.518s] -- Up-to-date: /home/mingadmirer/nuc_ws/nuc_ws/src/nuc_ws/install/detection_interfaces/share/detection_interfaces/rust/build.rs
[0.519s] -- Up-to-date: /home/mingadmirer/nuc_ws/nuc_ws/src/nuc_ws/install/detection_interfaces/share/detection_interfaces/msg/DetectionResult.idl
[0.519s] -- Up-to-date: /home/mingadmirer/nuc_ws/nuc_ws/src/nuc_ws/install/detection_interfaces/share/detection_interfaces/msg/DetectionArray.idl
[0.519s] -- Up-to-date: /home/mingadmirer/nuc_ws/nuc_ws/src/nuc_ws/install/detection_interfaces/share/detection_interfaces/msg/DetectionResult.msg
[0.519s] -- Up-to-date: /home/mingadmirer/nuc_ws/nuc_ws/src/nuc_ws/install/detection_interfaces/share/detection_interfaces/msg/DetectionArray.msg
[0.519s] -- Up-to-date: /home/mingadmirer/nuc_ws/nuc_ws/src/nuc_ws/install/detection_interfaces/share/ament_index/resource_index/package_run_dependencies/detection_interfaces
[0.519s] -- Up-to-date: /home/mingadmirer/nuc_ws/nuc_ws/src/nuc_ws/install/detection_interfaces/share/ament_index/resource_index/parent_prefix_path/detection_interfaces
[0.519s] -- Up-to-date: /home/mingadmirer/nuc_ws/nuc_ws/src/nuc_ws/install/detection_interfaces/share/detection_interfaces/environment/ament_prefix_path.sh
[0.519s] -- Up-to-date: /home/mingadmirer/nuc_ws/nuc_ws/src/nuc_ws/install/detection_interfaces/share/detection_interfaces/environment/ament_prefix_path.dsv
[0.520s] -- Up-to-date: /home/mingadmirer/nuc_ws/nuc_ws/src/nuc_ws/install/detection_interfaces/share/detection_interfaces/environment/path.sh
[0.520s] -- Up-to-date: /home/mingadmirer/nuc_ws/nuc_ws/src/nuc_ws/install/detection_interfaces/share/detection_interfaces/environment/path.dsv
[0.520s] -- Up-to-date: /home/mingadmirer/nuc_ws/nuc_ws/src/nuc_ws/install/detection_interfaces/share/detection_interfaces/local_setup.bash
[0.520s] -- Up-to-date: /home/mingadmirer/nuc_ws/nuc_ws/src/nuc_ws/install/detection_interfaces/share/detection_interfaces/local_setup.sh
[0.520s] -- Up-to-date: /home/mingadmirer/nuc_ws/nuc_ws/src/nuc_ws/install/detection_interfaces/share/detection_interfaces/local_setup.zsh
[0.520s] -- Up-to-date: /home/mingadmirer/nuc_ws/nuc_ws/src/nuc_ws/install/detection_interfaces/share/detection_interfaces/local_setup.dsv
[0.520s] -- Installing: /home/mingadmirer/nuc_ws/nuc_ws/src/nuc_ws/install/detection_interfaces/share/detection_interfaces/package.dsv
[0.521s] -- Up-to-date: /home/mingadmirer/nuc_ws/nuc_ws/src/nuc_ws/install/detection_interfaces/share/ament_index/resource_index/packages/detection_interfaces
[0.521s] -- Up-to-date: /home/mingadmirer/nuc_ws/nuc_ws/src/nuc_ws/install/detection_interfaces/share/detection_interfaces/cmake/export_detection_interfaces__rosidl_generator_cExport.cmake
[0.521s] -- Up-to-date: /home/mingadmirer/nuc_ws/nuc_ws/src/nuc_ws/install/detection_interfaces/share/detection_interfaces/cmake/export_detection_interfaces__rosidl_generator_cExport-noconfig.cmake
[0.521s] -- Up-to-date: /home/mingadmirer/nuc_ws/nuc_ws/src/nuc_ws/install/detection_interfaces/share/detection_interfaces/cmake/export_detection_interfaces__rosidl_typesupport_fastrtps_cExport.cmake
[0.521s] -- Up-to-date: /home/mingadmirer/nuc_ws/nuc_ws/src/nuc_ws/install/detection_interfaces/share/detection_interfaces/cmake/export_detection_interfaces__rosidl_typesupport_fastrtps_cExport-noconfig.cmake
[0.521s] -- Up-to-date: /home/mingadmirer/nuc_ws/nuc_ws/src/nuc_ws/install/detection_interfaces/share/detection_interfaces/cmake/export_detection_interfaces__rosidl_generator_cppExport.cmake
[0.521s] -- Up-to-date: /home/mingadmirer/nuc_ws/nuc_ws/src/nuc_ws/install/detection_interfaces/share/detection_interfaces/cmake/export_detection_interfaces__rosidl_typesupport_fastrtps_cppExport.cmake
[0.522s] -- Up-to-date: /home/mingadmirer/nuc_ws/nuc_ws/src/nuc_ws/install/detection_interfaces/share/detection_interfaces/cmake/export_detection_interfaces__rosidl_typesupport_fastrtps_cppExport-noconfig.cmake
[0.522s] -- Up-to-date: /home/mingadmirer/nuc_ws/nuc_ws/src/nuc_ws/install/detection_interfaces/share/detection_interfaces/cmake/detection_interfaces__rosidl_typesupport_introspection_cExport.cmake
[0.522s] -- Up-to-date: /home/mingadmirer/nuc_ws/nuc_ws/src/nuc_ws/install/detection_interfaces/share/detection_interfaces/cmake/detection_interfaces__rosidl_typesupport_introspection_cExport-noconfig.cmake
[0.522s] -- Up-to-date: /home/mingadmirer/nuc_ws/nuc_ws/src/nuc_ws/install/detection_interfaces/share/detection_interfaces/cmake/detection_interfaces__rosidl_typesupport_cExport.cmake
[0.522s] -- Up-to-date: /home/mingadmirer/nuc_ws/nuc_ws/src/nuc_ws/install/detection_interfaces/share/detection_interfaces/cmake/detection_interfaces__rosidl_typesupport_cExport-noconfig.cmake
[0.522s] -- Up-to-date: /home/mingadmirer/nuc_ws/nuc_ws/src/nuc_ws/install/detection_interfaces/share/detection_interfaces/cmake/detection_interfaces__rosidl_typesupport_introspection_cppExport.cmake
[0.522s] -- Up-to-date: /home/mingadmirer/nuc_ws/nuc_ws/src/nuc_ws/install/detection_interfaces/share/detection_interfaces/cmake/detection_interfaces__rosidl_typesupport_introspection_cppExport-noconfig.cmake
[0.523s] -- Up-to-date: /home/mingadmirer/nuc_ws/nuc_ws/src/nuc_ws/install/detection_interfaces/share/detection_interfaces/cmake/detection_interfaces__rosidl_typesupport_cppExport.cmake
[0.523s] -- Up-to-date: /home/mingadmirer/nuc_ws/nuc_ws/src/nuc_ws/install/detection_interfaces/share/detection_interfaces/cmake/detection_interfaces__rosidl_typesupport_cppExport-noconfig.cmake
[0.523s] -- Up-to-date: /home/mingadmirer/nuc_ws/nuc_ws/src/nuc_ws/install/detection_interfaces/share/detection_interfaces/cmake/export_detection_interfaces__rosidl_generator_pyExport.cmake
[0.523s] -- Up-to-date: /home/mingadmirer/nuc_ws/nuc_ws/src/nuc_ws/install/detection_interfaces/share/detection_interfaces/cmake/export_detection_interfaces__rosidl_generator_pyExport-noconfig.cmake
[0.524s] -- Up-to-date: /home/mingadmirer/nuc_ws/nuc_ws/src/nuc_ws/install/detection_interfaces/share/detection_interfaces/cmake/rosidl_cmake-extras.cmake
[0.524s] -- Up-to-date: /home/mingadmirer/nuc_ws/nuc_ws/src/nuc_ws/install/detection_interfaces/share/detection_interfaces/cmake/ament_cmake_export_dependencies-extras.cmake
[0.524s] -- Up-to-date: /home/mingadmirer/nuc_ws/nuc_ws/src/nuc_ws/install/detection_interfaces/share/detection_interfaces/cmake/ament_cmake_export_include_directories-extras.cmake
[0.524s] -- Up-to-date: /home/mingadmirer/nuc_ws/nuc_ws/src/nuc_ws/install/detection_interfaces/share/detection_interfaces/cmake/ament_cmake_export_libraries-extras.cmake
[0.524s] -- Up-to-date: /home/mingadmirer/nuc_ws/nuc_ws/src/nuc_ws/install/detection_interfaces/share/detection_interfaces/cmake/ament_cmake_export_targets-extras.cmake
[0.524s] -- Up-to-date: /home/mingadmirer/nuc_ws/nuc_ws/src/nuc_ws/install/detection_interfaces/share/detection_interfaces/cmake/rosidl_cmake_export_typesupport_targets-extras.cmake
[0.525s] -- Up-to-date: /home/mingadmirer/nuc_ws/nuc_ws/src/nuc_ws/install/detection_interfaces/share/detection_interfaces/cmake/rosidl_cmake_export_typesupport_libraries-extras.cmake
[0.525s] -- Up-to-date: /home/mingadmirer/nuc_ws/nuc_ws/src/nuc_ws/install/detection_interfaces/share/detection_interfaces/cmake/detection_interfacesConfig.cmake
[0.525s] -- Up-to-date: /home/mingadmirer/nuc_ws/nuc_ws/src/nuc_ws/install/detection_interfaces/share/detection_interfaces/cmake/detection_interfacesConfig-version.cmake
[0.525s] -- Up-to-date: /home/mingadmirer/nuc_ws/nuc_ws/src/nuc_ws/install/detection_interfaces/share/detection_interfaces/package.xml
[0.528s] Invoked command in '/home/mingadmirer/nuc_ws/nuc_ws/src/nuc_ws/build/detection_interfaces' returned '0': CMAKE_PREFIX_PATH=/opt/ros/humble /usr/bin/cmake --install /home/mingadmirer/nuc_ws/nuc_ws/src/nuc_ws/build/detection_interfaces
