[0.011s] Invoking command in '/home/mingadmirer/nuc_ws/nuc_ws/src/nuc_ws/build/detection_interfaces': CMAKE_PREFIX_PATH=/opt/ros/humble /usr/bin/cmake /home/mingadmirer/nuc_ws/nuc_ws/src/nuc_ws/src/detection_interfaces -DCMAKE_INSTALL_PREFIX=/home/mingadmirer/nuc_ws/nuc_ws/src/nuc_ws/install/detection_interfaces
[0.114s] -- The C compiler identification is GNU 11.4.0
[0.187s] -- The CXX compiler identification is GNU 11.4.0
[0.198s] -- Detecting C compiler ABI info
[0.286s] -- Detecting C compiler ABI info - done
[0.295s] -- Check for working C compiler: /usr/bin/cc - skipped
[0.296s] -- Detecting C compile features
[0.296s] -- Detecting C compile features - done
[0.301s] -- Detecting CXX compiler ABI info
[0.392s] -- Detecting CXX compiler ABI info - done
[0.401s] -- Check for working CXX compiler: /usr/bin/c++ - skipped
[0.402s] -- Detecting CXX compile features
[0.403s] -- Detecting CXX compile features - done
[0.407s] -- Found ament_cmake: 1.3.14 (/opt/ros/humble/share/ament_cmake/cmake)
[0.567s] -- Found Python3: /usr/bin/python3 (found version "3.10.12") found components: Interpreter 
[0.666s] -- Found builtin_interfaces: 1.2.2 (/opt/ros/humble/share/builtin_interfaces/cmake)
[0.705s] -- Found rosidl_generator_c: 3.1.8 (/opt/ros/humble/share/rosidl_generator_c/cmake)
[0.711s] -- Found rosidl_adapter: 3.1.8 (/opt/ros/humble/share/rosidl_adapter/cmake)
[0.721s] -- Found rosidl_generator_cpp: 3.1.8 (/opt/ros/humble/share/rosidl_generator_cpp/cmake)
[0.736s] -- Using all available rosidl_typesupport_c: rosidl_typesupport_fastrtps_c;rosidl_typesupport_introspection_c
[0.754s] -- Using all available rosidl_typesupport_cpp: rosidl_typesupport_fastrtps_cpp;rosidl_typesupport_introspection_cpp
[0.772s] -- Found std_msgs: 4.9.1 (/opt/ros/humble/share/std_msgs/cmake)
[0.789s] -- Found rosidl_default_generators: 1.2.1 (/opt/ros/humble/share/rosidl_default_generators/cmake)
[1.105s] -- Found ament_cmake_ros: 0.10.0 (/opt/ros/humble/share/ament_cmake_ros/cmake)
[1.522s] -- Using all available rosidl_typesupport_c: rosidl_typesupport_fastrtps_c;rosidl_typesupport_introspection_c
[1.683s] -- Using all available rosidl_typesupport_cpp: rosidl_typesupport_fastrtps_cpp;rosidl_typesupport_introspection_cpp
[1.709s] -- Found PythonInterp: /usr/bin/python3 (found suitable version "3.10.12", minimum required is "3.6") 
[1.711s] -- Found python_cmake_module: 0.10.0 (/opt/ros/humble/share/python_cmake_module/cmake)
[1.740s] -- Found PythonLibs: /usr/lib/x86_64-linux-gnu/libpython3.10.so (found suitable version "3.10.12", minimum required is "3.5") 
[1.740s] -- Using PYTHON_EXECUTABLE: /usr/bin/python3
[1.740s] -- Using PYTHON_INCLUDE_DIRS: /usr/include/python3.10
[1.740s] -- Using PYTHON_LIBRARIES: /usr/lib/x86_64-linux-gnu/libpython3.10.so
[1.764s] -- Found PythonExtra: .so  
[1.909s] -- Configuring done
[1.966s] -- Generating done
[1.982s] -- Build files have been written to: /home/mingadmirer/nuc_ws/nuc_ws/src/nuc_ws/build/detection_interfaces
[1.989s] Invoked command in '/home/mingadmirer/nuc_ws/nuc_ws/src/nuc_ws/build/detection_interfaces' returned '0': CMAKE_PREFIX_PATH=/opt/ros/humble /usr/bin/cmake /home/mingadmirer/nuc_ws/nuc_ws/src/nuc_ws/src/detection_interfaces -DCMAKE_INSTALL_PREFIX=/home/mingadmirer/nuc_ws/nuc_ws/src/nuc_ws/install/detection_interfaces
[1.991s] Invoking command in '/home/mingadmirer/nuc_ws/nuc_ws/src/nuc_ws/build/detection_interfaces': CMAKE_PREFIX_PATH=/opt/ros/humble /usr/bin/cmake --build /home/mingadmirer/nuc_ws/nuc_ws/src/nuc_ws/build/detection_interfaces -- -j8 -l8
[2.035s] [  2%] Generating C code for ROS interfaces
[2.046s] [  7%] Generating Rust code for ROS interfaces
[2.046s] [  7%] Generating C++ code for ROS interfaces
[2.056s] [  7%] Built target ament_cmake_python_copy_detection_interfaces
[2.376s] running egg_info
[2.376s] creating detection_interfaces.egg-info
[2.377s] writing detection_interfaces.egg-info/PKG-INFO
[2.377s] writing dependency_links to detection_interfaces.egg-info/dependency_links.txt
[2.377s] writing top-level names to detection_interfaces.egg-info/top_level.txt
[2.378s] writing manifest file 'detection_interfaces.egg-info/SOURCES.txt'
[2.380s] reading manifest file 'detection_interfaces.egg-info/SOURCES.txt'
[2.381s] writing manifest file 'detection_interfaces.egg-info/SOURCES.txt'
[2.408s] [  7%] Built target ament_cmake_python_build_detection_interfaces_egg
[2.449s] [  7%] Built target detection_interfaces__rs
[2.533s] [  7%] Built target detection_interfaces__cpp
[2.544s] [ 10%] Generating C++ type support dispatch for ROS interfaces
[2.544s] [ 12%] Generating C++ type support for eProsima Fast-RTPS
[2.544s] [ 15%] Generating C++ introspection for ROS interfaces
[2.553s] [ 17%] Building C object CMakeFiles/detection_interfaces__rosidl_generator_c.dir/rosidl_generator_c/detection_interfaces/msg/detail/detection_result__functions.c.o
[2.557s] [ 20%] Building C object CMakeFiles/detection_interfaces__rosidl_generator_c.dir/rosidl_generator_c/detection_interfaces/msg/detail/detection_array__functions.c.o
[2.635s] [ 22%] Linking C shared library libdetection_interfaces__rosidl_generator_c.so
[2.676s] [ 22%] Built target detection_interfaces__rosidl_generator_c
[2.691s] [ 25%] Generating C type support for eProsima Fast-RTPS
[2.692s] [ 27%] Generating C introspection for ROS interfaces
[2.692s] [ 30%] Generating C type support dispatch for ROS interfaces
[2.946s] [ 32%] Building CXX object CMakeFiles/detection_interfaces__rosidl_typesupport_cpp.dir/rosidl_typesupport_cpp/detection_interfaces/msg/detection_result__type_support.cpp.o
[2.957s] [ 35%] Building CXX object CMakeFiles/detection_interfaces__rosidl_typesupport_cpp.dir/rosidl_typesupport_cpp/detection_interfaces/msg/detection_array__type_support.cpp.o
[2.971s] [ 37%] Building CXX object CMakeFiles/detection_interfaces__rosidl_typesupport_introspection_cpp.dir/rosidl_typesupport_introspection_cpp/detection_interfaces/msg/detail/detection_array__type_support.cpp.o
[2.975s] [ 40%] Building CXX object CMakeFiles/detection_interfaces__rosidl_typesupport_introspection_cpp.dir/rosidl_typesupport_introspection_cpp/detection_interfaces/msg/detail/detection_result__type_support.cpp.o
[3.271s] [ 42%] Building CXX object CMakeFiles/detection_interfaces__rosidl_typesupport_fastrtps_cpp.dir/rosidl_typesupport_fastrtps_cpp/detection_interfaces/msg/detail/dds_fastrtps/detection_result__type_support.cpp.o
[3.386s] [ 45%] Building CXX object CMakeFiles/detection_interfaces__rosidl_typesupport_c.dir/rosidl_typesupport_c/detection_interfaces/msg/detection_result__type_support.cpp.o
[3.433s] [ 47%] Building CXX object CMakeFiles/detection_interfaces__rosidl_typesupport_c.dir/rosidl_typesupport_c/detection_interfaces/msg/detection_array__type_support.cpp.o
[3.445s] [ 50%] Building C object CMakeFiles/detection_interfaces__rosidl_typesupport_introspection_c.dir/rosidl_typesupport_introspection_c/detection_interfaces/msg/detail/detection_result__type_support.c.o
[3.445s] [ 52%] Building CXX object CMakeFiles/detection_interfaces__rosidl_typesupport_fastrtps_cpp.dir/rosidl_typesupport_fastrtps_cpp/detection_interfaces/msg/detail/dds_fastrtps/detection_array__type_support.cpp.o
[3.471s] [ 55%] Linking CXX shared library libdetection_interfaces__rosidl_typesupport_cpp.so
[3.472s] [ 57%] Building CXX object CMakeFiles/detection_interfaces__rosidl_typesupport_fastrtps_c.dir/rosidl_typesupport_fastrtps_c/detection_interfaces/msg/detail/detection_result__type_support_c.cpp.o
[3.489s] [ 60%] Linking CXX shared library libdetection_interfaces__rosidl_typesupport_c.so
[3.508s] [ 62%] Building C object CMakeFiles/detection_interfaces__rosidl_typesupport_introspection_c.dir/rosidl_typesupport_introspection_c/detection_interfaces/msg/detail/detection_array__type_support.c.o
[3.545s] [ 62%] Built target detection_interfaces__rosidl_typesupport_cpp
[3.559s] [ 65%] Building CXX object CMakeFiles/detection_interfaces__rosidl_typesupport_fastrtps_c.dir/rosidl_typesupport_fastrtps_c/detection_interfaces/msg/detail/detection_array__type_support_c.cpp.o
[3.559s] [ 65%] Built target detection_interfaces__rosidl_typesupport_c
[3.581s] [ 67%] Linking C shared library libdetection_interfaces__rosidl_typesupport_introspection_c.so
[3.639s] [ 67%] Built target detection_interfaces__rosidl_typesupport_introspection_c
[3.774s] [ 70%] Linking CXX shared library libdetection_interfaces__rosidl_typesupport_introspection_cpp.so
[3.903s] [ 70%] Built target detection_interfaces__rosidl_typesupport_introspection_cpp
[3.990s] [ 72%] Linking CXX shared library libdetection_interfaces__rosidl_typesupport_fastrtps_c.so
[4.076s] [ 72%] Built target detection_interfaces__rosidl_typesupport_fastrtps_c
[4.080s] [ 75%] Linking CXX shared library libdetection_interfaces__rosidl_typesupport_fastrtps_cpp.so
[4.166s] [ 75%] Built target detection_interfaces__rosidl_typesupport_fastrtps_cpp
[4.189s] [ 75%] Built target detection_interfaces
[4.211s] [ 77%] Generating Python code for ROS interfaces
[4.845s] [ 77%] Built target detection_interfaces__py
[4.868s] [ 80%] Building C object CMakeFiles/detection_interfaces__rosidl_generator_py.dir/rosidl_generator_py/detection_interfaces/msg/_detection_result_s.c.o
[4.868s] [ 82%] Building C object CMakeFiles/detection_interfaces__rosidl_generator_py.dir/rosidl_generator_py/detection_interfaces/msg/_detection_array_s.c.o
[5.001s] [ 85%] Linking C shared library rosidl_generator_py/detection_interfaces/libdetection_interfaces__rosidl_generator_py.so
[5.048s] [ 85%] Built target detection_interfaces__rosidl_generator_py
[5.071s] [ 87%] Building C object CMakeFiles/detection_interfaces__rosidl_typesupport_fastrtps_c__pyext.dir/rosidl_generator_py/detection_interfaces/_detection_interfaces_s.ep.rosidl_typesupport_fastrtps_c.c.o
[5.071s] [ 90%] Building C object CMakeFiles/detection_interfaces__rosidl_typesupport_c__pyext.dir/rosidl_generator_py/detection_interfaces/_detection_interfaces_s.ep.rosidl_typesupport_c.c.o
[5.071s] [ 92%] Building C object CMakeFiles/detection_interfaces__rosidl_typesupport_introspection_c__pyext.dir/rosidl_generator_py/detection_interfaces/_detection_interfaces_s.ep.rosidl_typesupport_introspection_c.c.o
[5.199s] [100%] Linking C shared library rosidl_generator_py/detection_interfaces/detection_interfaces_s__rosidl_typesupport_c.cpython-310-x86_64-linux-gnu.so
[5.200s] [100%] Linking C shared library rosidl_generator_py/detection_interfaces/detection_interfaces_s__rosidl_typesupport_introspection_c.cpython-310-x86_64-linux-gnu.so
[5.200s] [100%] Linking C shared library rosidl_generator_py/detection_interfaces/detection_interfaces_s__rosidl_typesupport_fastrtps_c.cpython-310-x86_64-linux-gnu.so
[5.246s] [100%] Built target detection_interfaces__rosidl_typesupport_introspection_c__pyext
[5.246s] [100%] Built target detection_interfaces__rosidl_typesupport_c__pyext
[5.247s] [100%] Built target detection_interfaces__rosidl_typesupport_fastrtps_c__pyext
[5.260s] Invoked command in '/home/mingadmirer/nuc_ws/nuc_ws/src/nuc_ws/build/detection_interfaces' returned '0': CMAKE_PREFIX_PATH=/opt/ros/humble /usr/bin/cmake --build /home/mingadmirer/nuc_ws/nuc_ws/src/nuc_ws/build/detection_interfaces -- -j8 -l8
[5.271s] Invoking command in '/home/mingadmirer/nuc_ws/nuc_ws/src/nuc_ws/build/detection_interfaces': CMAKE_PREFIX_PATH=/opt/ros/humble /usr/bin/cmake --install /home/mingadmirer/nuc_ws/nuc_ws/src/nuc_ws/build/detection_interfaces
[5.279s] -- Install configuration: ""
[5.279s] -- Installing: /home/mingadmirer/nuc_ws/nuc_ws/src/nuc_ws/install/detection_interfaces/share/ament_index/resource_index/rosidl_interfaces/detection_interfaces
[5.280s] -- Installing: /home/mingadmirer/nuc_ws/nuc_ws/src/nuc_ws/install/detection_interfaces/include/detection_interfaces/detection_interfaces
[5.280s] -- Installing: /home/mingadmirer/nuc_ws/nuc_ws/src/nuc_ws/install/detection_interfaces/include/detection_interfaces/detection_interfaces/msg
[5.280s] -- Installing: /home/mingadmirer/nuc_ws/nuc_ws/src/nuc_ws/install/detection_interfaces/include/detection_interfaces/detection_interfaces/msg/detail
[5.280s] -- Installing: /home/mingadmirer/nuc_ws/nuc_ws/src/nuc_ws/install/detection_interfaces/include/detection_interfaces/detection_interfaces/msg/detail/detection_array__functions.h
[5.280s] -- Installing: /home/mingadmirer/nuc_ws/nuc_ws/src/nuc_ws/install/detection_interfaces/include/detection_interfaces/detection_interfaces/msg/detail/detection_result__functions.h
[5.280s] -- Installing: /home/mingadmirer/nuc_ws/nuc_ws/src/nuc_ws/install/detection_interfaces/include/detection_interfaces/detection_interfaces/msg/detail/detection_array__struct.h
[5.281s] -- Installing: /home/mingadmirer/nuc_ws/nuc_ws/src/nuc_ws/install/detection_interfaces/include/detection_interfaces/detection_interfaces/msg/detail/detection_result__type_support.h
[5.281s] -- Installing: /home/mingadmirer/nuc_ws/nuc_ws/src/nuc_ws/install/detection_interfaces/include/detection_interfaces/detection_interfaces/msg/detail/detection_array__type_support.h
[5.281s] -- Installing: /home/mingadmirer/nuc_ws/nuc_ws/src/nuc_ws/install/detection_interfaces/include/detection_interfaces/detection_interfaces/msg/detail/detection_result__functions.c
[5.281s] -- Installing: /home/mingadmirer/nuc_ws/nuc_ws/src/nuc_ws/install/detection_interfaces/include/detection_interfaces/detection_interfaces/msg/detail/detection_result__struct.h
[5.281s] -- Installing: /home/mingadmirer/nuc_ws/nuc_ws/src/nuc_ws/install/detection_interfaces/include/detection_interfaces/detection_interfaces/msg/detail/detection_array__functions.c
[5.281s] -- Installing: /home/mingadmirer/nuc_ws/nuc_ws/src/nuc_ws/install/detection_interfaces/include/detection_interfaces/detection_interfaces/msg/detection_result.h
[5.282s] -- Installing: /home/mingadmirer/nuc_ws/nuc_ws/src/nuc_ws/install/detection_interfaces/include/detection_interfaces/detection_interfaces/msg/detection_array.h
[5.282s] -- Installing: /home/mingadmirer/nuc_ws/nuc_ws/src/nuc_ws/install/detection_interfaces/include/detection_interfaces/detection_interfaces/msg/rosidl_generator_c__visibility_control.h
[5.282s] -- Installing: /home/mingadmirer/nuc_ws/nuc_ws/src/nuc_ws/install/detection_interfaces/share/detection_interfaces/environment/library_path.sh
[5.282s] -- Installing: /home/mingadmirer/nuc_ws/nuc_ws/src/nuc_ws/install/detection_interfaces/share/detection_interfaces/environment/library_path.dsv
[5.282s] -- Installing: /home/mingadmirer/nuc_ws/nuc_ws/src/nuc_ws/install/detection_interfaces/lib/libdetection_interfaces__rosidl_generator_c.so
[5.283s] -- Set runtime path of "/home/mingadmirer/nuc_ws/nuc_ws/src/nuc_ws/install/detection_interfaces/lib/libdetection_interfaces__rosidl_generator_c.so" to ""
[5.284s] -- Up-to-date: /home/mingadmirer/nuc_ws/nuc_ws/src/nuc_ws/install/detection_interfaces/include/detection_interfaces/detection_interfaces
[5.284s] -- Up-to-date: /home/mingadmirer/nuc_ws/nuc_ws/src/nuc_ws/install/detection_interfaces/include/detection_interfaces/detection_interfaces/msg
[5.284s] -- Up-to-date: /home/mingadmirer/nuc_ws/nuc_ws/src/nuc_ws/install/detection_interfaces/include/detection_interfaces/detection_interfaces/msg/detail
[5.284s] -- Installing: /home/mingadmirer/nuc_ws/nuc_ws/src/nuc_ws/install/detection_interfaces/include/detection_interfaces/detection_interfaces/msg/detail/detection_array__rosidl_typesupport_fastrtps_c.h
[5.284s] -- Installing: /home/mingadmirer/nuc_ws/nuc_ws/src/nuc_ws/install/detection_interfaces/include/detection_interfaces/detection_interfaces/msg/detail/detection_result__rosidl_typesupport_fastrtps_c.h
[5.284s] -- Installing: /home/mingadmirer/nuc_ws/nuc_ws/src/nuc_ws/install/detection_interfaces/include/detection_interfaces/detection_interfaces/msg/rosidl_typesupport_fastrtps_c__visibility_control.h
[5.284s] -- Installing: /home/mingadmirer/nuc_ws/nuc_ws/src/nuc_ws/install/detection_interfaces/lib/libdetection_interfaces__rosidl_typesupport_fastrtps_c.so
[5.285s] -- Set runtime path of "/home/mingadmirer/nuc_ws/nuc_ws/src/nuc_ws/install/detection_interfaces/lib/libdetection_interfaces__rosidl_typesupport_fastrtps_c.so" to ""
[5.285s] -- Up-to-date: /home/mingadmirer/nuc_ws/nuc_ws/src/nuc_ws/install/detection_interfaces/include/detection_interfaces/detection_interfaces
[5.285s] -- Up-to-date: /home/mingadmirer/nuc_ws/nuc_ws/src/nuc_ws/install/detection_interfaces/include/detection_interfaces/detection_interfaces/msg
[5.285s] -- Up-to-date: /home/mingadmirer/nuc_ws/nuc_ws/src/nuc_ws/install/detection_interfaces/include/detection_interfaces/detection_interfaces/msg/detail
[5.285s] -- Installing: /home/mingadmirer/nuc_ws/nuc_ws/src/nuc_ws/install/detection_interfaces/include/detection_interfaces/detection_interfaces/msg/detail/detection_result__traits.hpp
[5.286s] -- Installing: /home/mingadmirer/nuc_ws/nuc_ws/src/nuc_ws/install/detection_interfaces/include/detection_interfaces/detection_interfaces/msg/detail/detection_array__struct.hpp
[5.286s] -- Installing: /home/mingadmirer/nuc_ws/nuc_ws/src/nuc_ws/install/detection_interfaces/include/detection_interfaces/detection_interfaces/msg/detail/detection_result__struct.hpp
[5.286s] -- Installing: /home/mingadmirer/nuc_ws/nuc_ws/src/nuc_ws/install/detection_interfaces/include/detection_interfaces/detection_interfaces/msg/detail/detection_result__type_support.hpp
[5.286s] -- Installing: /home/mingadmirer/nuc_ws/nuc_ws/src/nuc_ws/install/detection_interfaces/include/detection_interfaces/detection_interfaces/msg/detail/detection_result__builder.hpp
[5.286s] -- Installing: /home/mingadmirer/nuc_ws/nuc_ws/src/nuc_ws/install/detection_interfaces/include/detection_interfaces/detection_interfaces/msg/detail/detection_array__traits.hpp
[5.286s] -- Installing: /home/mingadmirer/nuc_ws/nuc_ws/src/nuc_ws/install/detection_interfaces/include/detection_interfaces/detection_interfaces/msg/detail/detection_array__type_support.hpp
[5.286s] -- Installing: /home/mingadmirer/nuc_ws/nuc_ws/src/nuc_ws/install/detection_interfaces/include/detection_interfaces/detection_interfaces/msg/detail/detection_array__builder.hpp
[5.286s] -- Installing: /home/mingadmirer/nuc_ws/nuc_ws/src/nuc_ws/install/detection_interfaces/include/detection_interfaces/detection_interfaces/msg/rosidl_generator_cpp__visibility_control.hpp
[5.286s] -- Installing: /home/mingadmirer/nuc_ws/nuc_ws/src/nuc_ws/install/detection_interfaces/include/detection_interfaces/detection_interfaces/msg/detection_result.hpp
[5.287s] -- Installing: /home/mingadmirer/nuc_ws/nuc_ws/src/nuc_ws/install/detection_interfaces/include/detection_interfaces/detection_interfaces/msg/detection_array.hpp
[5.287s] -- Up-to-date: /home/mingadmirer/nuc_ws/nuc_ws/src/nuc_ws/install/detection_interfaces/include/detection_interfaces/detection_interfaces
[5.287s] -- Up-to-date: /home/mingadmirer/nuc_ws/nuc_ws/src/nuc_ws/install/detection_interfaces/include/detection_interfaces/detection_interfaces/msg
[5.287s] -- Up-to-date: /home/mingadmirer/nuc_ws/nuc_ws/src/nuc_ws/install/detection_interfaces/include/detection_interfaces/detection_interfaces/msg/detail
[5.287s] -- Installing: /home/mingadmirer/nuc_ws/nuc_ws/src/nuc_ws/install/detection_interfaces/include/detection_interfaces/detection_interfaces/msg/detail/dds_fastrtps
[5.287s] -- Installing: /home/mingadmirer/nuc_ws/nuc_ws/src/nuc_ws/install/detection_interfaces/include/detection_interfaces/detection_interfaces/msg/detail/detection_result__rosidl_typesupport_fastrtps_cpp.hpp
[5.287s] -- Installing: /home/mingadmirer/nuc_ws/nuc_ws/src/nuc_ws/install/detection_interfaces/include/detection_interfaces/detection_interfaces/msg/detail/detection_array__rosidl_typesupport_fastrtps_cpp.hpp
[5.288s] -- Installing: /home/mingadmirer/nuc_ws/nuc_ws/src/nuc_ws/install/detection_interfaces/include/detection_interfaces/detection_interfaces/msg/rosidl_typesupport_fastrtps_cpp__visibility_control.h
[5.288s] -- Installing: /home/mingadmirer/nuc_ws/nuc_ws/src/nuc_ws/install/detection_interfaces/lib/libdetection_interfaces__rosidl_typesupport_fastrtps_cpp.so
[5.288s] -- Set runtime path of "/home/mingadmirer/nuc_ws/nuc_ws/src/nuc_ws/install/detection_interfaces/lib/libdetection_interfaces__rosidl_typesupport_fastrtps_cpp.so" to ""
[5.288s] -- Up-to-date: /home/mingadmirer/nuc_ws/nuc_ws/src/nuc_ws/install/detection_interfaces/include/detection_interfaces/detection_interfaces
[5.289s] -- Up-to-date: /home/mingadmirer/nuc_ws/nuc_ws/src/nuc_ws/install/detection_interfaces/include/detection_interfaces/detection_interfaces/msg
[5.289s] -- Up-to-date: /home/mingadmirer/nuc_ws/nuc_ws/src/nuc_ws/install/detection_interfaces/include/detection_interfaces/detection_interfaces/msg/detail
[5.289s] -- Installing: /home/mingadmirer/nuc_ws/nuc_ws/src/nuc_ws/install/detection_interfaces/include/detection_interfaces/detection_interfaces/msg/detail/detection_result__type_support.c
[5.289s] -- Installing: /home/mingadmirer/nuc_ws/nuc_ws/src/nuc_ws/install/detection_interfaces/include/detection_interfaces/detection_interfaces/msg/detail/detection_array__rosidl_typesupport_introspection_c.h
[5.289s] -- Installing: /home/mingadmirer/nuc_ws/nuc_ws/src/nuc_ws/install/detection_interfaces/include/detection_interfaces/detection_interfaces/msg/detail/detection_result__rosidl_typesupport_introspection_c.h
[5.289s] -- Installing: /home/mingadmirer/nuc_ws/nuc_ws/src/nuc_ws/install/detection_interfaces/include/detection_interfaces/detection_interfaces/msg/detail/detection_array__type_support.c
[5.289s] -- Installing: /home/mingadmirer/nuc_ws/nuc_ws/src/nuc_ws/install/detection_interfaces/include/detection_interfaces/detection_interfaces/msg/rosidl_typesupport_introspection_c__visibility_control.h
[5.289s] -- Installing: /home/mingadmirer/nuc_ws/nuc_ws/src/nuc_ws/install/detection_interfaces/lib/libdetection_interfaces__rosidl_typesupport_introspection_c.so
[5.290s] -- Set runtime path of "/home/mingadmirer/nuc_ws/nuc_ws/src/nuc_ws/install/detection_interfaces/lib/libdetection_interfaces__rosidl_typesupport_introspection_c.so" to ""
[5.290s] -- Installing: /home/mingadmirer/nuc_ws/nuc_ws/src/nuc_ws/install/detection_interfaces/lib/libdetection_interfaces__rosidl_typesupport_c.so
[5.291s] -- Set runtime path of "/home/mingadmirer/nuc_ws/nuc_ws/src/nuc_ws/install/detection_interfaces/lib/libdetection_interfaces__rosidl_typesupport_c.so" to ""
[5.291s] -- Up-to-date: /home/mingadmirer/nuc_ws/nuc_ws/src/nuc_ws/install/detection_interfaces/include/detection_interfaces/detection_interfaces
[5.291s] -- Up-to-date: /home/mingadmirer/nuc_ws/nuc_ws/src/nuc_ws/install/detection_interfaces/include/detection_interfaces/detection_interfaces/msg
[5.291s] -- Up-to-date: /home/mingadmirer/nuc_ws/nuc_ws/src/nuc_ws/install/detection_interfaces/include/detection_interfaces/detection_interfaces/msg/detail
[5.291s] -- Installing: /home/mingadmirer/nuc_ws/nuc_ws/src/nuc_ws/install/detection_interfaces/include/detection_interfaces/detection_interfaces/msg/detail/detection_array__type_support.cpp
[5.292s] -- Installing: /home/mingadmirer/nuc_ws/nuc_ws/src/nuc_ws/install/detection_interfaces/include/detection_interfaces/detection_interfaces/msg/detail/detection_array__rosidl_typesupport_introspection_cpp.hpp
[5.292s] -- Installing: /home/mingadmirer/nuc_ws/nuc_ws/src/nuc_ws/install/detection_interfaces/include/detection_interfaces/detection_interfaces/msg/detail/detection_result__type_support.cpp
[5.292s] -- Installing: /home/mingadmirer/nuc_ws/nuc_ws/src/nuc_ws/install/detection_interfaces/include/detection_interfaces/detection_interfaces/msg/detail/detection_result__rosidl_typesupport_introspection_cpp.hpp
[5.292s] -- Installing: /home/mingadmirer/nuc_ws/nuc_ws/src/nuc_ws/install/detection_interfaces/lib/libdetection_interfaces__rosidl_typesupport_introspection_cpp.so
[5.292s] -- Set runtime path of "/home/mingadmirer/nuc_ws/nuc_ws/src/nuc_ws/install/detection_interfaces/lib/libdetection_interfaces__rosidl_typesupport_introspection_cpp.so" to ""
[5.293s] -- Installing: /home/mingadmirer/nuc_ws/nuc_ws/src/nuc_ws/install/detection_interfaces/lib/libdetection_interfaces__rosidl_typesupport_cpp.so
[5.293s] -- Set runtime path of "/home/mingadmirer/nuc_ws/nuc_ws/src/nuc_ws/install/detection_interfaces/lib/libdetection_interfaces__rosidl_typesupport_cpp.so" to ""
[5.293s] -- Installing: /home/mingadmirer/nuc_ws/nuc_ws/src/nuc_ws/install/detection_interfaces/share/detection_interfaces/environment/pythonpath.sh
[5.294s] -- Installing: /home/mingadmirer/nuc_ws/nuc_ws/src/nuc_ws/install/detection_interfaces/share/detection_interfaces/environment/pythonpath.dsv
[5.294s] -- Installing: /home/mingadmirer/nuc_ws/nuc_ws/src/nuc_ws/install/detection_interfaces/local/lib/python3.10/dist-packages/detection_interfaces-1.0.0-py3.10.egg-info
[5.294s] -- Installing: /home/mingadmirer/nuc_ws/nuc_ws/src/nuc_ws/install/detection_interfaces/local/lib/python3.10/dist-packages/detection_interfaces-1.0.0-py3.10.egg-info/top_level.txt
[5.294s] -- Installing: /home/mingadmirer/nuc_ws/nuc_ws/src/nuc_ws/install/detection_interfaces/local/lib/python3.10/dist-packages/detection_interfaces-1.0.0-py3.10.egg-info/dependency_links.txt
[5.294s] -- Installing: /home/mingadmirer/nuc_ws/nuc_ws/src/nuc_ws/install/detection_interfaces/local/lib/python3.10/dist-packages/detection_interfaces-1.0.0-py3.10.egg-info/SOURCES.txt
[5.294s] -- Installing: /home/mingadmirer/nuc_ws/nuc_ws/src/nuc_ws/install/detection_interfaces/local/lib/python3.10/dist-packages/detection_interfaces-1.0.0-py3.10.egg-info/PKG-INFO
[5.295s] -- Installing: /home/mingadmirer/nuc_ws/nuc_ws/src/nuc_ws/install/detection_interfaces/local/lib/python3.10/dist-packages/detection_interfaces
[5.295s] -- Installing: /home/mingadmirer/nuc_ws/nuc_ws/src/nuc_ws/install/detection_interfaces/local/lib/python3.10/dist-packages/detection_interfaces/_detection_interfaces_s.ep.rosidl_typesupport_fastrtps_c.c
[5.295s] -- Installing: /home/mingadmirer/nuc_ws/nuc_ws/src/nuc_ws/install/detection_interfaces/local/lib/python3.10/dist-packages/detection_interfaces/detection_interfaces_s__rosidl_typesupport_c.cpython-310-x86_64-linux-gnu.so
[5.295s] -- Installing: /home/mingadmirer/nuc_ws/nuc_ws/src/nuc_ws/install/detection_interfaces/local/lib/python3.10/dist-packages/detection_interfaces/detection_interfaces_s__rosidl_typesupport_fastrtps_c.cpython-310-x86_64-linux-gnu.so
[5.295s] -- Installing: /home/mingadmirer/nuc_ws/nuc_ws/src/nuc_ws/install/detection_interfaces/local/lib/python3.10/dist-packages/detection_interfaces/libdetection_interfaces__rosidl_generator_py.so
[5.295s] -- Installing: /home/mingadmirer/nuc_ws/nuc_ws/src/nuc_ws/install/detection_interfaces/local/lib/python3.10/dist-packages/detection_interfaces/msg
[5.296s] -- Installing: /home/mingadmirer/nuc_ws/nuc_ws/src/nuc_ws/install/detection_interfaces/local/lib/python3.10/dist-packages/detection_interfaces/msg/_detection_array_s.c
[5.296s] -- Installing: /home/mingadmirer/nuc_ws/nuc_ws/src/nuc_ws/install/detection_interfaces/local/lib/python3.10/dist-packages/detection_interfaces/msg/_detection_result.py
[5.296s] -- Installing: /home/mingadmirer/nuc_ws/nuc_ws/src/nuc_ws/install/detection_interfaces/local/lib/python3.10/dist-packages/detection_interfaces/msg/_detection_result_s.c
[5.296s] -- Installing: /home/mingadmirer/nuc_ws/nuc_ws/src/nuc_ws/install/detection_interfaces/local/lib/python3.10/dist-packages/detection_interfaces/msg/_detection_array.py
[5.296s] -- Installing: /home/mingadmirer/nuc_ws/nuc_ws/src/nuc_ws/install/detection_interfaces/local/lib/python3.10/dist-packages/detection_interfaces/msg/__init__.py
[5.297s] -- Installing: /home/mingadmirer/nuc_ws/nuc_ws/src/nuc_ws/install/detection_interfaces/local/lib/python3.10/dist-packages/detection_interfaces/_detection_interfaces_s.ep.rosidl_typesupport_c.c
[5.297s] -- Installing: /home/mingadmirer/nuc_ws/nuc_ws/src/nuc_ws/install/detection_interfaces/local/lib/python3.10/dist-packages/detection_interfaces/_detection_interfaces_s.ep.rosidl_typesupport_introspection_c.c
[5.297s] -- Installing: /home/mingadmirer/nuc_ws/nuc_ws/src/nuc_ws/install/detection_interfaces/local/lib/python3.10/dist-packages/detection_interfaces/detection_interfaces_s__rosidl_typesupport_introspection_c.cpython-310-x86_64-linux-gnu.so
[5.297s] -- Installing: /home/mingadmirer/nuc_ws/nuc_ws/src/nuc_ws/install/detection_interfaces/local/lib/python3.10/dist-packages/detection_interfaces/__init__.py
[5.336s] Listing '/home/mingadmirer/nuc_ws/nuc_ws/src/nuc_ws/install/detection_interfaces/local/lib/python3.10/dist-packages/detection_interfaces'...
[5.336s] Compiling '/home/mingadmirer/nuc_ws/nuc_ws/src/nuc_ws/install/detection_interfaces/local/lib/python3.10/dist-packages/detection_interfaces/__init__.py'...
[5.337s] Listing '/home/mingadmirer/nuc_ws/nuc_ws/src/nuc_ws/install/detection_interfaces/local/lib/python3.10/dist-packages/detection_interfaces/msg'...
[5.337s] Compiling '/home/mingadmirer/nuc_ws/nuc_ws/src/nuc_ws/install/detection_interfaces/local/lib/python3.10/dist-packages/detection_interfaces/msg/__init__.py'...
[5.337s] Compiling '/home/mingadmirer/nuc_ws/nuc_ws/src/nuc_ws/install/detection_interfaces/local/lib/python3.10/dist-packages/detection_interfaces/msg/_detection_array.py'...
[5.337s] Compiling '/home/mingadmirer/nuc_ws/nuc_ws/src/nuc_ws/install/detection_interfaces/local/lib/python3.10/dist-packages/detection_interfaces/msg/_detection_result.py'...
[5.341s] -- Installing: /home/mingadmirer/nuc_ws/nuc_ws/src/nuc_ws/install/detection_interfaces/local/lib/python3.10/dist-packages/detection_interfaces/detection_interfaces_s__rosidl_typesupport_fastrtps_c.cpython-310-x86_64-linux-gnu.so
[5.342s] -- Set runtime path of "/home/mingadmirer/nuc_ws/nuc_ws/src/nuc_ws/install/detection_interfaces/local/lib/python3.10/dist-packages/detection_interfaces/detection_interfaces_s__rosidl_typesupport_fastrtps_c.cpython-310-x86_64-linux-gnu.so" to ""
[5.342s] -- Installing: /home/mingadmirer/nuc_ws/nuc_ws/src/nuc_ws/install/detection_interfaces/local/lib/python3.10/dist-packages/detection_interfaces/detection_interfaces_s__rosidl_typesupport_introspection_c.cpython-310-x86_64-linux-gnu.so
[5.343s] -- Set runtime path of "/home/mingadmirer/nuc_ws/nuc_ws/src/nuc_ws/install/detection_interfaces/local/lib/python3.10/dist-packages/detection_interfaces/detection_interfaces_s__rosidl_typesupport_introspection_c.cpython-310-x86_64-linux-gnu.so" to ""
[5.344s] -- Installing: /home/mingadmirer/nuc_ws/nuc_ws/src/nuc_ws/install/detection_interfaces/local/lib/python3.10/dist-packages/detection_interfaces/detection_interfaces_s__rosidl_typesupport_c.cpython-310-x86_64-linux-gnu.so
[5.344s] -- Set runtime path of "/home/mingadmirer/nuc_ws/nuc_ws/src/nuc_ws/install/detection_interfaces/local/lib/python3.10/dist-packages/detection_interfaces/detection_interfaces_s__rosidl_typesupport_c.cpython-310-x86_64-linux-gnu.so" to ""
[5.345s] -- Installing: /home/mingadmirer/nuc_ws/nuc_ws/src/nuc_ws/install/detection_interfaces/lib/libdetection_interfaces__rosidl_generator_py.so
[5.346s] -- Set runtime path of "/home/mingadmirer/nuc_ws/nuc_ws/src/nuc_ws/install/detection_interfaces/lib/libdetection_interfaces__rosidl_generator_py.so" to ""
[5.346s] -- Installing: /home/mingadmirer/nuc_ws/nuc_ws/src/nuc_ws/install/detection_interfaces/share/ament_index/resource_index/rust_packages/detection_interfaces
[5.346s] -- Installing: /home/mingadmirer/nuc_ws/nuc_ws/src/nuc_ws/install/detection_interfaces/share/detection_interfaces/rust
[5.347s] -- Installing: /home/mingadmirer/nuc_ws/nuc_ws/src/nuc_ws/install/detection_interfaces/share/detection_interfaces/rust/src
[5.347s] -- Installing: /home/mingadmirer/nuc_ws/nuc_ws/src/nuc_ws/install/detection_interfaces/share/detection_interfaces/rust/src/msg
[5.347s] -- Installing: /home/mingadmirer/nuc_ws/nuc_ws/src/nuc_ws/install/detection_interfaces/share/detection_interfaces/rust/src/msg/rmw.rs
[5.347s] -- Installing: /home/mingadmirer/nuc_ws/nuc_ws/src/nuc_ws/install/detection_interfaces/share/detection_interfaces/rust/src/lib.rs
[5.347s] -- Installing: /home/mingadmirer/nuc_ws/nuc_ws/src/nuc_ws/install/detection_interfaces/share/detection_interfaces/rust/src/msg.rs
[5.348s] -- Installing: /home/mingadmirer/nuc_ws/nuc_ws/src/nuc_ws/install/detection_interfaces/share/detection_interfaces/rust/Cargo.toml
[5.348s] -- Installing: /home/mingadmirer/nuc_ws/nuc_ws/src/nuc_ws/install/detection_interfaces/share/detection_interfaces/rust/build.rs
[5.348s] -- Installing: /home/mingadmirer/nuc_ws/nuc_ws/src/nuc_ws/install/detection_interfaces/share/detection_interfaces/msg/DetectionResult.idl
[5.348s] -- Installing: /home/mingadmirer/nuc_ws/nuc_ws/src/nuc_ws/install/detection_interfaces/share/detection_interfaces/msg/DetectionArray.idl
[5.348s] -- Installing: /home/mingadmirer/nuc_ws/nuc_ws/src/nuc_ws/install/detection_interfaces/share/detection_interfaces/msg/DetectionResult.msg
[5.349s] -- Installing: /home/mingadmirer/nuc_ws/nuc_ws/src/nuc_ws/install/detection_interfaces/share/detection_interfaces/msg/DetectionArray.msg
[5.349s] -- Installing: /home/mingadmirer/nuc_ws/nuc_ws/src/nuc_ws/install/detection_interfaces/share/ament_index/resource_index/package_run_dependencies/detection_interfaces
[5.349s] -- Installing: /home/mingadmirer/nuc_ws/nuc_ws/src/nuc_ws/install/detection_interfaces/share/ament_index/resource_index/parent_prefix_path/detection_interfaces
[5.349s] -- Installing: /home/mingadmirer/nuc_ws/nuc_ws/src/nuc_ws/install/detection_interfaces/share/detection_interfaces/environment/ament_prefix_path.sh
[5.349s] -- Installing: /home/mingadmirer/nuc_ws/nuc_ws/src/nuc_ws/install/detection_interfaces/share/detection_interfaces/environment/ament_prefix_path.dsv
[5.349s] -- Installing: /home/mingadmirer/nuc_ws/nuc_ws/src/nuc_ws/install/detection_interfaces/share/detection_interfaces/environment/path.sh
[5.349s] -- Installing: /home/mingadmirer/nuc_ws/nuc_ws/src/nuc_ws/install/detection_interfaces/share/detection_interfaces/environment/path.dsv
[5.350s] -- Installing: /home/mingadmirer/nuc_ws/nuc_ws/src/nuc_ws/install/detection_interfaces/share/detection_interfaces/local_setup.bash
[5.350s] -- Installing: /home/mingadmirer/nuc_ws/nuc_ws/src/nuc_ws/install/detection_interfaces/share/detection_interfaces/local_setup.sh
[5.350s] -- Installing: /home/mingadmirer/nuc_ws/nuc_ws/src/nuc_ws/install/detection_interfaces/share/detection_interfaces/local_setup.zsh
[5.350s] -- Installing: /home/mingadmirer/nuc_ws/nuc_ws/src/nuc_ws/install/detection_interfaces/share/detection_interfaces/local_setup.dsv
[5.350s] -- Installing: /home/mingadmirer/nuc_ws/nuc_ws/src/nuc_ws/install/detection_interfaces/share/detection_interfaces/package.dsv
[5.351s] -- Installing: /home/mingadmirer/nuc_ws/nuc_ws/src/nuc_ws/install/detection_interfaces/share/ament_index/resource_index/packages/detection_interfaces
[5.351s] -- Installing: /home/mingadmirer/nuc_ws/nuc_ws/src/nuc_ws/install/detection_interfaces/share/detection_interfaces/cmake/export_detection_interfaces__rosidl_generator_cExport.cmake
[5.351s] -- Installing: /home/mingadmirer/nuc_ws/nuc_ws/src/nuc_ws/install/detection_interfaces/share/detection_interfaces/cmake/export_detection_interfaces__rosidl_generator_cExport-noconfig.cmake
[5.351s] -- Installing: /home/mingadmirer/nuc_ws/nuc_ws/src/nuc_ws/install/detection_interfaces/share/detection_interfaces/cmake/export_detection_interfaces__rosidl_typesupport_fastrtps_cExport.cmake
[5.351s] -- Installing: /home/mingadmirer/nuc_ws/nuc_ws/src/nuc_ws/install/detection_interfaces/share/detection_interfaces/cmake/export_detection_interfaces__rosidl_typesupport_fastrtps_cExport-noconfig.cmake
[5.351s] -- Installing: /home/mingadmirer/nuc_ws/nuc_ws/src/nuc_ws/install/detection_interfaces/share/detection_interfaces/cmake/export_detection_interfaces__rosidl_generator_cppExport.cmake
[5.352s] -- Installing: /home/mingadmirer/nuc_ws/nuc_ws/src/nuc_ws/install/detection_interfaces/share/detection_interfaces/cmake/export_detection_interfaces__rosidl_typesupport_fastrtps_cppExport.cmake
[5.352s] -- Installing: /home/mingadmirer/nuc_ws/nuc_ws/src/nuc_ws/install/detection_interfaces/share/detection_interfaces/cmake/export_detection_interfaces__rosidl_typesupport_fastrtps_cppExport-noconfig.cmake
[5.352s] -- Installing: /home/mingadmirer/nuc_ws/nuc_ws/src/nuc_ws/install/detection_interfaces/share/detection_interfaces/cmake/detection_interfaces__rosidl_typesupport_introspection_cExport.cmake
[5.353s] -- Installing: /home/mingadmirer/nuc_ws/nuc_ws/src/nuc_ws/install/detection_interfaces/share/detection_interfaces/cmake/detection_interfaces__rosidl_typesupport_introspection_cExport-noconfig.cmake
[5.353s] -- Installing: /home/mingadmirer/nuc_ws/nuc_ws/src/nuc_ws/install/detection_interfaces/share/detection_interfaces/cmake/detection_interfaces__rosidl_typesupport_cExport.cmake
[5.353s] -- Installing: /home/mingadmirer/nuc_ws/nuc_ws/src/nuc_ws/install/detection_interfaces/share/detection_interfaces/cmake/detection_interfaces__rosidl_typesupport_cExport-noconfig.cmake
[5.353s] -- Installing: /home/mingadmirer/nuc_ws/nuc_ws/src/nuc_ws/install/detection_interfaces/share/detection_interfaces/cmake/detection_interfaces__rosidl_typesupport_introspection_cppExport.cmake
[5.354s] -- Installing: /home/mingadmirer/nuc_ws/nuc_ws/src/nuc_ws/install/detection_interfaces/share/detection_interfaces/cmake/detection_interfaces__rosidl_typesupport_introspection_cppExport-noconfig.cmake
[5.354s] -- Installing: /home/mingadmirer/nuc_ws/nuc_ws/src/nuc_ws/install/detection_interfaces/share/detection_interfaces/cmake/detection_interfaces__rosidl_typesupport_cppExport.cmake
[5.354s] -- Installing: /home/mingadmirer/nuc_ws/nuc_ws/src/nuc_ws/install/detection_interfaces/share/detection_interfaces/cmake/detection_interfaces__rosidl_typesupport_cppExport-noconfig.cmake
[5.355s] -- Installing: /home/mingadmirer/nuc_ws/nuc_ws/src/nuc_ws/install/detection_interfaces/share/detection_interfaces/cmake/export_detection_interfaces__rosidl_generator_pyExport.cmake
[5.355s] -- Installing: /home/mingadmirer/nuc_ws/nuc_ws/src/nuc_ws/install/detection_interfaces/share/detection_interfaces/cmake/export_detection_interfaces__rosidl_generator_pyExport-noconfig.cmake
[5.355s] -- Installing: /home/mingadmirer/nuc_ws/nuc_ws/src/nuc_ws/install/detection_interfaces/share/detection_interfaces/cmake/rosidl_cmake-extras.cmake
[5.355s] -- Installing: /home/mingadmirer/nuc_ws/nuc_ws/src/nuc_ws/install/detection_interfaces/share/detection_interfaces/cmake/ament_cmake_export_dependencies-extras.cmake
[5.356s] -- Installing: /home/mingadmirer/nuc_ws/nuc_ws/src/nuc_ws/install/detection_interfaces/share/detection_interfaces/cmake/ament_cmake_export_include_directories-extras.cmake
[5.356s] -- Installing: /home/mingadmirer/nuc_ws/nuc_ws/src/nuc_ws/install/detection_interfaces/share/detection_interfaces/cmake/ament_cmake_export_libraries-extras.cmake
[5.356s] -- Installing: /home/mingadmirer/nuc_ws/nuc_ws/src/nuc_ws/install/detection_interfaces/share/detection_interfaces/cmake/ament_cmake_export_targets-extras.cmake
[5.356s] -- Installing: /home/mingadmirer/nuc_ws/nuc_ws/src/nuc_ws/install/detection_interfaces/share/detection_interfaces/cmake/rosidl_cmake_export_typesupport_targets-extras.cmake
[5.357s] -- Installing: /home/mingadmirer/nuc_ws/nuc_ws/src/nuc_ws/install/detection_interfaces/share/detection_interfaces/cmake/rosidl_cmake_export_typesupport_libraries-extras.cmake
[5.357s] -- Installing: /home/mingadmirer/nuc_ws/nuc_ws/src/nuc_ws/install/detection_interfaces/share/detection_interfaces/cmake/detection_interfacesConfig.cmake
[5.357s] -- Installing: /home/mingadmirer/nuc_ws/nuc_ws/src/nuc_ws/install/detection_interfaces/share/detection_interfaces/cmake/detection_interfacesConfig-version.cmake
[5.357s] -- Installing: /home/mingadmirer/nuc_ws/nuc_ws/src/nuc_ws/install/detection_interfaces/share/detection_interfaces/package.xml
[5.360s] Invoked command in '/home/mingadmirer/nuc_ws/nuc_ws/src/nuc_ws/build/detection_interfaces' returned '0': CMAKE_PREFIX_PATH=/opt/ros/humble /usr/bin/cmake --install /home/mingadmirer/nuc_ws/nuc_ws/src/nuc_ws/build/detection_interfaces
