[0.009s] Invoking command in '/home/mingadmirer/nuc_ws/build/detection_interfaces': CMAKE_PREFIX_PATH=/opt/ros/humble /usr/bin/cmake /home/mingadmirer/nuc_ws/nuc_ws/src/nuc_ws/src/detection_interfaces -DCMAKE_INSTALL_PREFIX=/home/mingadmirer/nuc_ws/install/detection_interfaces
[0.125s] -- The C compiler identification is GNU 11.4.0
[0.224s] -- The CXX compiler identification is GNU 11.4.0
[0.235s] -- Detecting C compiler ABI info
[0.316s] -- Detecting C compiler ABI info - done
[0.328s] -- Check for working C compiler: /usr/bin/cc - skipped
[0.328s] -- Detecting C compile features
[0.329s] -- Detecting C compile features - done
[0.333s] -- Detecting CXX compiler ABI info
[0.425s] -- Detecting CXX compiler ABI info - done
[0.436s] -- Check for working CXX compiler: /usr/bin/c++ - skipped
[0.437s] -- Detecting CXX compile features
[0.437s] -- Detecting CXX compile features - done
[0.442s] -- Found ament_cmake: 1.3.14 (/opt/ros/humble/share/ament_cmake/cmake)
[0.612s] -- Found Python3: /usr/bin/python3 (found version "3.10.12") found components: Interpreter 
[0.718s] -- Found builtin_interfaces: 1.2.2 (/opt/ros/humble/share/builtin_interfaces/cmake)
[0.757s] -- Found rosidl_generator_c: 3.1.8 (/opt/ros/humble/share/rosidl_generator_c/cmake)
[0.763s] -- Found rosidl_adapter: 3.1.8 (/opt/ros/humble/share/rosidl_adapter/cmake)
[0.774s] -- Found rosidl_generator_cpp: 3.1.8 (/opt/ros/humble/share/rosidl_generator_cpp/cmake)
[0.792s] -- Using all available rosidl_typesupport_c: rosidl_typesupport_fastrtps_c;rosidl_typesupport_introspection_c
[0.814s] -- Using all available rosidl_typesupport_cpp: rosidl_typesupport_fastrtps_cpp;rosidl_typesupport_introspection_cpp
[0.833s] -- Found std_msgs: 4.9.1 (/opt/ros/humble/share/std_msgs/cmake)
[0.850s] -- Found rosidl_default_generators: 1.2.1 (/opt/ros/humble/share/rosidl_default_generators/cmake)
[1.165s] -- Found ament_cmake_ros: 0.10.0 (/opt/ros/humble/share/ament_cmake_ros/cmake)
[1.590s] -- Using all available rosidl_typesupport_c: rosidl_typesupport_fastrtps_c;rosidl_typesupport_introspection_c
[1.751s] -- Using all available rosidl_typesupport_cpp: rosidl_typesupport_fastrtps_cpp;rosidl_typesupport_introspection_cpp
[1.778s] -- Found PythonInterp: /usr/bin/python3 (found suitable version "3.10.12", minimum required is "3.6") 
[1.780s] -- Found python_cmake_module: 0.10.0 (/opt/ros/humble/share/python_cmake_module/cmake)
[1.809s] -- Found PythonLibs: /usr/lib/x86_64-linux-gnu/libpython3.10.so (found suitable version "3.10.12", minimum required is "3.5") 
[1.809s] -- Using PYTHON_EXECUTABLE: /usr/bin/python3
[1.809s] -- Using PYTHON_INCLUDE_DIRS: /usr/include/python3.10
[1.809s] -- Using PYTHON_LIBRARIES: /usr/lib/x86_64-linux-gnu/libpython3.10.so
[1.833s] -- Found PythonExtra: .so  
[1.982s] -- Configuring done
[2.047s] -- Generating done
[2.068s] -- Build files have been written to: /home/mingadmirer/nuc_ws/build/detection_interfaces
[2.075s] Invoked command in '/home/mingadmirer/nuc_ws/build/detection_interfaces' returned '0': CMAKE_PREFIX_PATH=/opt/ros/humble /usr/bin/cmake /home/mingadmirer/nuc_ws/nuc_ws/src/nuc_ws/src/detection_interfaces -DCMAKE_INSTALL_PREFIX=/home/mingadmirer/nuc_ws/install/detection_interfaces
[2.077s] Invoking command in '/home/mingadmirer/nuc_ws/build/detection_interfaces': CMAKE_PREFIX_PATH=/opt/ros/humble /usr/bin/cmake --build /home/mingadmirer/nuc_ws/build/detection_interfaces -- -j8 -l8
[2.125s] Consolidate compiler generated dependencies of target detection_interfaces__rosidl_generator_c
[2.133s] [  2%] Built target detection_interfaces__cpp
[2.138s] [  5%] Built target detection_interfaces__rs
[2.138s] [ 15%] Built target detection_interfaces__rosidl_generator_c
[2.153s] Consolidate compiler generated dependencies of target detection_interfaces__rosidl_typesupport_c
[2.154s] Consolidate compiler generated dependencies of target detection_interfaces__rosidl_typesupport_introspection_cpp
[2.156s] Consolidate compiler generated dependencies of target detection_interfaces__rosidl_typesupport_cpp
[2.156s] [ 15%] Built target ament_cmake_python_copy_detection_interfaces
[2.156s] Consolidate compiler generated dependencies of target detection_interfaces__rosidl_typesupport_fastrtps_cpp
[2.157s] Consolidate compiler generated dependencies of target detection_interfaces__rosidl_typesupport_introspection_c
[2.162s] Consolidate compiler generated dependencies of target detection_interfaces__rosidl_typesupport_fastrtps_c
[2.174s] [ 25%] Built target detection_interfaces__rosidl_typesupport_fastrtps_cpp
[2.174s] [ 35%] Built target detection_interfaces__rosidl_typesupport_c
[2.175s] [ 45%] Built target detection_interfaces__rosidl_typesupport_cpp
[2.182s] [ 65%] Built target detection_interfaces__rosidl_typesupport_introspection_c
[2.182s] [ 55%] Built target detection_interfaces__rosidl_typesupport_introspection_cpp
[2.188s] [ 75%] Built target detection_interfaces__rosidl_typesupport_fastrtps_c
[2.211s] [ 75%] Built target detection_interfaces
[2.235s] [ 77%] Built target detection_interfaces__py
[2.251s] Consolidate compiler generated dependencies of target detection_interfaces__rosidl_generator_py
[2.265s] [ 85%] Built target detection_interfaces__rosidl_generator_py
[2.279s] Consolidate compiler generated dependencies of target detection_interfaces__rosidl_typesupport_fastrtps_c__pyext
[2.280s] Consolidate compiler generated dependencies of target detection_interfaces__rosidl_typesupport_introspection_c__pyext
[2.280s] Consolidate compiler generated dependencies of target detection_interfaces__rosidl_typesupport_c__pyext
[2.296s] [ 90%] Built target detection_interfaces__rosidl_typesupport_fastrtps_c__pyext
[2.298s] [ 95%] Built target detection_interfaces__rosidl_typesupport_introspection_c__pyext
[2.298s] [100%] Built target detection_interfaces__rosidl_typesupport_c__pyext
[2.498s] running egg_info
[2.499s] writing detection_interfaces.egg-info/PKG-INFO
[2.499s] writing dependency_links to detection_interfaces.egg-info/dependency_links.txt
[2.500s] writing top-level names to detection_interfaces.egg-info/top_level.txt
[2.503s] reading manifest file 'detection_interfaces.egg-info/SOURCES.txt'
[2.504s] writing manifest file 'detection_interfaces.egg-info/SOURCES.txt'
[2.532s] [100%] Built target ament_cmake_python_build_detection_interfaces_egg
[2.546s] Invoked command in '/home/mingadmirer/nuc_ws/build/detection_interfaces' returned '0': CMAKE_PREFIX_PATH=/opt/ros/humble /usr/bin/cmake --build /home/mingadmirer/nuc_ws/build/detection_interfaces -- -j8 -l8
[2.557s] Invoking command in '/home/mingadmirer/nuc_ws/build/detection_interfaces': CMAKE_PREFIX_PATH=/opt/ros/humble /usr/bin/cmake --install /home/mingadmirer/nuc_ws/build/detection_interfaces
[2.569s] -- Install configuration: ""
[2.569s] -- Up-to-date: /home/mingadmirer/nuc_ws/install/detection_interfaces/share/ament_index/resource_index/rosidl_interfaces/detection_interfaces
[2.569s] -- Up-to-date: /home/mingadmirer/nuc_ws/install/detection_interfaces/include/detection_interfaces/detection_interfaces
[2.569s] -- Up-to-date: /home/mingadmirer/nuc_ws/install/detection_interfaces/include/detection_interfaces/detection_interfaces/msg
[2.569s] -- Up-to-date: /home/mingadmirer/nuc_ws/install/detection_interfaces/include/detection_interfaces/detection_interfaces/msg/detail
[2.570s] -- Up-to-date: /home/mingadmirer/nuc_ws/install/detection_interfaces/include/detection_interfaces/detection_interfaces/msg/detail/detection_array__functions.h
[2.570s] -- Up-to-date: /home/mingadmirer/nuc_ws/install/detection_interfaces/include/detection_interfaces/detection_interfaces/msg/detail/detection_result__functions.h
[2.570s] -- Up-to-date: /home/mingadmirer/nuc_ws/install/detection_interfaces/include/detection_interfaces/detection_interfaces/msg/detail/detection_array__struct.h
[2.571s] -- Up-to-date: /home/mingadmirer/nuc_ws/install/detection_interfaces/include/detection_interfaces/detection_interfaces/msg/detail/detection_result__type_support.h
[2.571s] -- Up-to-date: /home/mingadmirer/nuc_ws/install/detection_interfaces/include/detection_interfaces/detection_interfaces/msg/detail/detection_array__type_support.h
[2.572s] -- Up-to-date: /home/mingadmirer/nuc_ws/install/detection_interfaces/include/detection_interfaces/detection_interfaces/msg/detail/detection_result__functions.c
[2.572s] -- Up-to-date: /home/mingadmirer/nuc_ws/install/detection_interfaces/include/detection_interfaces/detection_interfaces/msg/detail/detection_result__struct.h
[2.572s] -- Up-to-date: /home/mingadmirer/nuc_ws/install/detection_interfaces/include/detection_interfaces/detection_interfaces/msg/detail/detection_array__functions.c
[2.573s] -- Up-to-date: /home/mingadmirer/nuc_ws/install/detection_interfaces/include/detection_interfaces/detection_interfaces/msg/detection_result.h
[2.573s] -- Up-to-date: /home/mingadmirer/nuc_ws/install/detection_interfaces/include/detection_interfaces/detection_interfaces/msg/detection_array.h
[2.573s] -- Up-to-date: /home/mingadmirer/nuc_ws/install/detection_interfaces/include/detection_interfaces/detection_interfaces/msg/rosidl_generator_c__visibility_control.h
[2.573s] -- Up-to-date: /home/mingadmirer/nuc_ws/install/detection_interfaces/share/detection_interfaces/environment/library_path.sh
[2.573s] -- Installing: /home/mingadmirer/nuc_ws/install/detection_interfaces/share/detection_interfaces/environment/library_path.dsv
[2.574s] -- Up-to-date: /home/mingadmirer/nuc_ws/install/detection_interfaces/lib/libdetection_interfaces__rosidl_generator_c.so
[2.574s] -- Up-to-date: /home/mingadmirer/nuc_ws/install/detection_interfaces/include/detection_interfaces/detection_interfaces
[2.574s] -- Up-to-date: /home/mingadmirer/nuc_ws/install/detection_interfaces/include/detection_interfaces/detection_interfaces/msg
[2.574s] -- Up-to-date: /home/mingadmirer/nuc_ws/install/detection_interfaces/include/detection_interfaces/detection_interfaces/msg/detail
[2.574s] -- Up-to-date: /home/mingadmirer/nuc_ws/install/detection_interfaces/include/detection_interfaces/detection_interfaces/msg/detail/detection_array__rosidl_typesupport_fastrtps_c.h
[2.574s] -- Up-to-date: /home/mingadmirer/nuc_ws/install/detection_interfaces/include/detection_interfaces/detection_interfaces/msg/detail/detection_result__rosidl_typesupport_fastrtps_c.h
[2.574s] -- Up-to-date: /home/mingadmirer/nuc_ws/install/detection_interfaces/include/detection_interfaces/detection_interfaces/msg/rosidl_typesupport_fastrtps_c__visibility_control.h
[2.575s] -- Up-to-date: /home/mingadmirer/nuc_ws/install/detection_interfaces/lib/libdetection_interfaces__rosidl_typesupport_fastrtps_c.so
[2.575s] -- Up-to-date: /home/mingadmirer/nuc_ws/install/detection_interfaces/include/detection_interfaces/detection_interfaces
[2.575s] -- Up-to-date: /home/mingadmirer/nuc_ws/install/detection_interfaces/include/detection_interfaces/detection_interfaces/msg
[2.575s] -- Up-to-date: /home/mingadmirer/nuc_ws/install/detection_interfaces/include/detection_interfaces/detection_interfaces/msg/detail
[2.576s] -- Up-to-date: /home/mingadmirer/nuc_ws/install/detection_interfaces/include/detection_interfaces/detection_interfaces/msg/detail/detection_result__traits.hpp
[2.576s] -- Up-to-date: /home/mingadmirer/nuc_ws/install/detection_interfaces/include/detection_interfaces/detection_interfaces/msg/detail/detection_array__struct.hpp
[2.576s] -- Up-to-date: /home/mingadmirer/nuc_ws/install/detection_interfaces/include/detection_interfaces/detection_interfaces/msg/detail/detection_result__struct.hpp
[2.576s] -- Up-to-date: /home/mingadmirer/nuc_ws/install/detection_interfaces/include/detection_interfaces/detection_interfaces/msg/detail/detection_result__type_support.hpp
[2.576s] -- Up-to-date: /home/mingadmirer/nuc_ws/install/detection_interfaces/include/detection_interfaces/detection_interfaces/msg/detail/detection_result__builder.hpp
[2.576s] -- Up-to-date: /home/mingadmirer/nuc_ws/install/detection_interfaces/include/detection_interfaces/detection_interfaces/msg/detail/detection_array__traits.hpp
[2.576s] -- Up-to-date: /home/mingadmirer/nuc_ws/install/detection_interfaces/include/detection_interfaces/detection_interfaces/msg/detail/detection_array__type_support.hpp
[2.576s] -- Up-to-date: /home/mingadmirer/nuc_ws/install/detection_interfaces/include/detection_interfaces/detection_interfaces/msg/detail/detection_array__builder.hpp
[2.577s] -- Up-to-date: /home/mingadmirer/nuc_ws/install/detection_interfaces/include/detection_interfaces/detection_interfaces/msg/rosidl_generator_cpp__visibility_control.hpp
[2.577s] -- Up-to-date: /home/mingadmirer/nuc_ws/install/detection_interfaces/include/detection_interfaces/detection_interfaces/msg/detection_result.hpp
[2.577s] -- Up-to-date: /home/mingadmirer/nuc_ws/install/detection_interfaces/include/detection_interfaces/detection_interfaces/msg/detection_array.hpp
[2.577s] -- Up-to-date: /home/mingadmirer/nuc_ws/install/detection_interfaces/include/detection_interfaces/detection_interfaces
[2.577s] -- Up-to-date: /home/mingadmirer/nuc_ws/install/detection_interfaces/include/detection_interfaces/detection_interfaces/msg
[2.578s] -- Up-to-date: /home/mingadmirer/nuc_ws/install/detection_interfaces/include/detection_interfaces/detection_interfaces/msg/detail
[2.578s] -- Up-to-date: /home/mingadmirer/nuc_ws/install/detection_interfaces/include/detection_interfaces/detection_interfaces/msg/detail/dds_fastrtps
[2.578s] -- Up-to-date: /home/mingadmirer/nuc_ws/install/detection_interfaces/include/detection_interfaces/detection_interfaces/msg/detail/detection_result__rosidl_typesupport_fastrtps_cpp.hpp
[2.578s] -- Up-to-date: /home/mingadmirer/nuc_ws/install/detection_interfaces/include/detection_interfaces/detection_interfaces/msg/detail/detection_array__rosidl_typesupport_fastrtps_cpp.hpp
[2.578s] -- Up-to-date: /home/mingadmirer/nuc_ws/install/detection_interfaces/include/detection_interfaces/detection_interfaces/msg/rosidl_typesupport_fastrtps_cpp__visibility_control.h
[2.579s] -- Up-to-date: /home/mingadmirer/nuc_ws/install/detection_interfaces/lib/libdetection_interfaces__rosidl_typesupport_fastrtps_cpp.so
[2.580s] -- Up-to-date: /home/mingadmirer/nuc_ws/install/detection_interfaces/include/detection_interfaces/detection_interfaces
[2.580s] -- Up-to-date: /home/mingadmirer/nuc_ws/install/detection_interfaces/include/detection_interfaces/detection_interfaces/msg
[2.580s] -- Up-to-date: /home/mingadmirer/nuc_ws/install/detection_interfaces/include/detection_interfaces/detection_interfaces/msg/detail
[2.580s] -- Up-to-date: /home/mingadmirer/nuc_ws/install/detection_interfaces/include/detection_interfaces/detection_interfaces/msg/detail/detection_result__type_support.c
[2.580s] -- Up-to-date: /home/mingadmirer/nuc_ws/install/detection_interfaces/include/detection_interfaces/detection_interfaces/msg/detail/detection_array__rosidl_typesupport_introspection_c.h
[2.580s] -- Up-to-date: /home/mingadmirer/nuc_ws/install/detection_interfaces/include/detection_interfaces/detection_interfaces/msg/detail/detection_result__rosidl_typesupport_introspection_c.h
[2.580s] -- Up-to-date: /home/mingadmirer/nuc_ws/install/detection_interfaces/include/detection_interfaces/detection_interfaces/msg/detail/detection_array__type_support.c
[2.580s] -- Up-to-date: /home/mingadmirer/nuc_ws/install/detection_interfaces/include/detection_interfaces/detection_interfaces/msg/rosidl_typesupport_introspection_c__visibility_control.h
[2.580s] -- Up-to-date: /home/mingadmirer/nuc_ws/install/detection_interfaces/lib/libdetection_interfaces__rosidl_typesupport_introspection_c.so
[2.580s] -- Up-to-date: /home/mingadmirer/nuc_ws/install/detection_interfaces/lib/libdetection_interfaces__rosidl_typesupport_c.so
[2.580s] -- Up-to-date: /home/mingadmirer/nuc_ws/install/detection_interfaces/include/detection_interfaces/detection_interfaces
[2.580s] -- Up-to-date: /home/mingadmirer/nuc_ws/install/detection_interfaces/include/detection_interfaces/detection_interfaces/msg
[2.580s] -- Up-to-date: /home/mingadmirer/nuc_ws/install/detection_interfaces/include/detection_interfaces/detection_interfaces/msg/detail
[2.581s] -- Up-to-date: /home/mingadmirer/nuc_ws/install/detection_interfaces/include/detection_interfaces/detection_interfaces/msg/detail/detection_array__type_support.cpp
[2.581s] -- Up-to-date: /home/mingadmirer/nuc_ws/install/detection_interfaces/include/detection_interfaces/detection_interfaces/msg/detail/detection_array__rosidl_typesupport_introspection_cpp.hpp
[2.581s] -- Up-to-date: /home/mingadmirer/nuc_ws/install/detection_interfaces/include/detection_interfaces/detection_interfaces/msg/detail/detection_result__type_support.cpp
[2.581s] -- Up-to-date: /home/mingadmirer/nuc_ws/install/detection_interfaces/include/detection_interfaces/detection_interfaces/msg/detail/detection_result__rosidl_typesupport_introspection_cpp.hpp
[2.581s] -- Up-to-date: /home/mingadmirer/nuc_ws/install/detection_interfaces/lib/libdetection_interfaces__rosidl_typesupport_introspection_cpp.so
[2.581s] -- Up-to-date: /home/mingadmirer/nuc_ws/install/detection_interfaces/lib/libdetection_interfaces__rosidl_typesupport_cpp.so
[2.581s] -- Up-to-date: /home/mingadmirer/nuc_ws/install/detection_interfaces/share/detection_interfaces/environment/pythonpath.sh
[2.582s] -- Installing: /home/mingadmirer/nuc_ws/install/detection_interfaces/share/detection_interfaces/environment/pythonpath.dsv
[2.582s] -- Up-to-date: /home/mingadmirer/nuc_ws/install/detection_interfaces/local/lib/python3.10/dist-packages/detection_interfaces-1.0.0-py3.10.egg-info
[2.582s] -- Installing: /home/mingadmirer/nuc_ws/install/detection_interfaces/local/lib/python3.10/dist-packages/detection_interfaces-1.0.0-py3.10.egg-info/top_level.txt
[2.582s] -- Installing: /home/mingadmirer/nuc_ws/install/detection_interfaces/local/lib/python3.10/dist-packages/detection_interfaces-1.0.0-py3.10.egg-info/dependency_links.txt
[2.582s] -- Installing: /home/mingadmirer/nuc_ws/install/detection_interfaces/local/lib/python3.10/dist-packages/detection_interfaces-1.0.0-py3.10.egg-info/SOURCES.txt
[2.582s] -- Installing: /home/mingadmirer/nuc_ws/install/detection_interfaces/local/lib/python3.10/dist-packages/detection_interfaces-1.0.0-py3.10.egg-info/PKG-INFO
[2.582s] -- Up-to-date: /home/mingadmirer/nuc_ws/install/detection_interfaces/local/lib/python3.10/dist-packages/detection_interfaces
[2.582s] -- Up-to-date: /home/mingadmirer/nuc_ws/install/detection_interfaces/local/lib/python3.10/dist-packages/detection_interfaces/_detection_interfaces_s.ep.rosidl_typesupport_fastrtps_c.c
[2.583s] -- Up-to-date: /home/mingadmirer/nuc_ws/install/detection_interfaces/local/lib/python3.10/dist-packages/detection_interfaces/detection_interfaces_s__rosidl_typesupport_c.cpython-310-x86_64-linux-gnu.so
[2.583s] -- Up-to-date: /home/mingadmirer/nuc_ws/install/detection_interfaces/local/lib/python3.10/dist-packages/detection_interfaces/detection_interfaces_s__rosidl_typesupport_fastrtps_c.cpython-310-x86_64-linux-gnu.so
[2.583s] -- Up-to-date: /home/mingadmirer/nuc_ws/install/detection_interfaces/local/lib/python3.10/dist-packages/detection_interfaces/libdetection_interfaces__rosidl_generator_py.so
[2.583s] -- Up-to-date: /home/mingadmirer/nuc_ws/install/detection_interfaces/local/lib/python3.10/dist-packages/detection_interfaces/msg
[2.583s] -- Up-to-date: /home/mingadmirer/nuc_ws/install/detection_interfaces/local/lib/python3.10/dist-packages/detection_interfaces/msg/_detection_array_s.c
[2.583s] -- Up-to-date: /home/mingadmirer/nuc_ws/install/detection_interfaces/local/lib/python3.10/dist-packages/detection_interfaces/msg/_detection_result.py
[2.583s] -- Up-to-date: /home/mingadmirer/nuc_ws/install/detection_interfaces/local/lib/python3.10/dist-packages/detection_interfaces/msg/_detection_result_s.c
[2.583s] -- Up-to-date: /home/mingadmirer/nuc_ws/install/detection_interfaces/local/lib/python3.10/dist-packages/detection_interfaces/msg/_detection_array.py
[2.584s] -- Up-to-date: /home/mingadmirer/nuc_ws/install/detection_interfaces/local/lib/python3.10/dist-packages/detection_interfaces/msg/__init__.py
[2.584s] -- Up-to-date: /home/mingadmirer/nuc_ws/install/detection_interfaces/local/lib/python3.10/dist-packages/detection_interfaces/_detection_interfaces_s.ep.rosidl_typesupport_c.c
[2.584s] -- Up-to-date: /home/mingadmirer/nuc_ws/install/detection_interfaces/local/lib/python3.10/dist-packages/detection_interfaces/_detection_interfaces_s.ep.rosidl_typesupport_introspection_c.c
[2.584s] -- Up-to-date: /home/mingadmirer/nuc_ws/install/detection_interfaces/local/lib/python3.10/dist-packages/detection_interfaces/detection_interfaces_s__rosidl_typesupport_introspection_c.cpython-310-x86_64-linux-gnu.so
[2.584s] -- Installing: /home/mingadmirer/nuc_ws/install/detection_interfaces/local/lib/python3.10/dist-packages/detection_interfaces/__init__.py
[2.617s] Listing '/home/mingadmirer/nuc_ws/install/detection_interfaces/local/lib/python3.10/dist-packages/detection_interfaces'...
[2.617s] Compiling '/home/mingadmirer/nuc_ws/install/detection_interfaces/local/lib/python3.10/dist-packages/detection_interfaces/__init__.py'...
[2.618s] Listing '/home/mingadmirer/nuc_ws/install/detection_interfaces/local/lib/python3.10/dist-packages/detection_interfaces/msg'...
[2.622s] -- Up-to-date: /home/mingadmirer/nuc_ws/install/detection_interfaces/local/lib/python3.10/dist-packages/detection_interfaces/detection_interfaces_s__rosidl_typesupport_fastrtps_c.cpython-310-x86_64-linux-gnu.so
[2.623s] -- Up-to-date: /home/mingadmirer/nuc_ws/install/detection_interfaces/local/lib/python3.10/dist-packages/detection_interfaces/detection_interfaces_s__rosidl_typesupport_introspection_c.cpython-310-x86_64-linux-gnu.so
[2.624s] -- Up-to-date: /home/mingadmirer/nuc_ws/install/detection_interfaces/local/lib/python3.10/dist-packages/detection_interfaces/detection_interfaces_s__rosidl_typesupport_c.cpython-310-x86_64-linux-gnu.so
[2.624s] -- Up-to-date: /home/mingadmirer/nuc_ws/install/detection_interfaces/lib/libdetection_interfaces__rosidl_generator_py.so
[2.626s] -- Up-to-date: /home/mingadmirer/nuc_ws/install/detection_interfaces/share/ament_index/resource_index/rust_packages/detection_interfaces
[2.626s] -- Up-to-date: /home/mingadmirer/nuc_ws/install/detection_interfaces/share/detection_interfaces/rust
[2.626s] -- Up-to-date: /home/mingadmirer/nuc_ws/install/detection_interfaces/share/detection_interfaces/rust/src
[2.626s] -- Up-to-date: /home/mingadmirer/nuc_ws/install/detection_interfaces/share/detection_interfaces/rust/src/msg
[2.626s] -- Up-to-date: /home/mingadmirer/nuc_ws/install/detection_interfaces/share/detection_interfaces/rust/src/msg/rmw.rs
[2.626s] -- Up-to-date: /home/mingadmirer/nuc_ws/install/detection_interfaces/share/detection_interfaces/rust/src/lib.rs
[2.627s] -- Up-to-date: /home/mingadmirer/nuc_ws/install/detection_interfaces/share/detection_interfaces/rust/src/msg.rs
[2.627s] -- Up-to-date: /home/mingadmirer/nuc_ws/install/detection_interfaces/share/detection_interfaces/rust/Cargo.toml
[2.627s] -- Up-to-date: /home/mingadmirer/nuc_ws/install/detection_interfaces/share/detection_interfaces/rust/build.rs
[2.627s] -- Up-to-date: /home/mingadmirer/nuc_ws/install/detection_interfaces/share/detection_interfaces/msg/DetectionResult.idl
[2.627s] -- Up-to-date: /home/mingadmirer/nuc_ws/install/detection_interfaces/share/detection_interfaces/msg/DetectionArray.idl
[2.627s] -- Up-to-date: /home/mingadmirer/nuc_ws/install/detection_interfaces/share/detection_interfaces/msg/DetectionResult.msg
[2.627s] -- Up-to-date: /home/mingadmirer/nuc_ws/install/detection_interfaces/share/detection_interfaces/msg/DetectionArray.msg
[2.628s] -- Up-to-date: /home/mingadmirer/nuc_ws/install/detection_interfaces/share/ament_index/resource_index/package_run_dependencies/detection_interfaces
[2.628s] -- Up-to-date: /home/mingadmirer/nuc_ws/install/detection_interfaces/share/ament_index/resource_index/parent_prefix_path/detection_interfaces
[2.628s] -- Up-to-date: /home/mingadmirer/nuc_ws/install/detection_interfaces/share/detection_interfaces/environment/ament_prefix_path.sh
[2.628s] -- Installing: /home/mingadmirer/nuc_ws/install/detection_interfaces/share/detection_interfaces/environment/ament_prefix_path.dsv
[2.628s] -- Up-to-date: /home/mingadmirer/nuc_ws/install/detection_interfaces/share/detection_interfaces/environment/path.sh
[2.628s] -- Installing: /home/mingadmirer/nuc_ws/install/detection_interfaces/share/detection_interfaces/environment/path.dsv
[2.628s] -- Up-to-date: /home/mingadmirer/nuc_ws/install/detection_interfaces/share/detection_interfaces/local_setup.bash
[2.628s] -- Up-to-date: /home/mingadmirer/nuc_ws/install/detection_interfaces/share/detection_interfaces/local_setup.sh
[2.628s] -- Up-to-date: /home/mingadmirer/nuc_ws/install/detection_interfaces/share/detection_interfaces/local_setup.zsh
[2.629s] -- Installing: /home/mingadmirer/nuc_ws/install/detection_interfaces/share/detection_interfaces/local_setup.dsv
[2.629s] -- Installing: /home/mingadmirer/nuc_ws/install/detection_interfaces/share/detection_interfaces/package.dsv
[2.629s] -- Up-to-date: /home/mingadmirer/nuc_ws/install/detection_interfaces/share/ament_index/resource_index/packages/detection_interfaces
[2.629s] -- Up-to-date: /home/mingadmirer/nuc_ws/install/detection_interfaces/share/detection_interfaces/cmake/export_detection_interfaces__rosidl_generator_cExport.cmake
[2.629s] -- Up-to-date: /home/mingadmirer/nuc_ws/install/detection_interfaces/share/detection_interfaces/cmake/export_detection_interfaces__rosidl_generator_cExport-noconfig.cmake
[2.629s] -- Up-to-date: /home/mingadmirer/nuc_ws/install/detection_interfaces/share/detection_interfaces/cmake/export_detection_interfaces__rosidl_typesupport_fastrtps_cExport.cmake
[2.629s] -- Up-to-date: /home/mingadmirer/nuc_ws/install/detection_interfaces/share/detection_interfaces/cmake/export_detection_interfaces__rosidl_typesupport_fastrtps_cExport-noconfig.cmake
[2.630s] -- Up-to-date: /home/mingadmirer/nuc_ws/install/detection_interfaces/share/detection_interfaces/cmake/export_detection_interfaces__rosidl_generator_cppExport.cmake
[2.630s] -- Up-to-date: /home/mingadmirer/nuc_ws/install/detection_interfaces/share/detection_interfaces/cmake/export_detection_interfaces__rosidl_typesupport_fastrtps_cppExport.cmake
[2.630s] -- Up-to-date: /home/mingadmirer/nuc_ws/install/detection_interfaces/share/detection_interfaces/cmake/export_detection_interfaces__rosidl_typesupport_fastrtps_cppExport-noconfig.cmake
[2.630s] -- Up-to-date: /home/mingadmirer/nuc_ws/install/detection_interfaces/share/detection_interfaces/cmake/detection_interfaces__rosidl_typesupport_introspection_cExport.cmake
[2.630s] -- Up-to-date: /home/mingadmirer/nuc_ws/install/detection_interfaces/share/detection_interfaces/cmake/detection_interfaces__rosidl_typesupport_introspection_cExport-noconfig.cmake
[2.630s] -- Up-to-date: /home/mingadmirer/nuc_ws/install/detection_interfaces/share/detection_interfaces/cmake/detection_interfaces__rosidl_typesupport_cExport.cmake
[2.630s] -- Up-to-date: /home/mingadmirer/nuc_ws/install/detection_interfaces/share/detection_interfaces/cmake/detection_interfaces__rosidl_typesupport_cExport-noconfig.cmake
[2.630s] -- Up-to-date: /home/mingadmirer/nuc_ws/install/detection_interfaces/share/detection_interfaces/cmake/detection_interfaces__rosidl_typesupport_introspection_cppExport.cmake
[2.631s] -- Up-to-date: /home/mingadmirer/nuc_ws/install/detection_interfaces/share/detection_interfaces/cmake/detection_interfaces__rosidl_typesupport_introspection_cppExport-noconfig.cmake
[2.631s] -- Up-to-date: /home/mingadmirer/nuc_ws/install/detection_interfaces/share/detection_interfaces/cmake/detection_interfaces__rosidl_typesupport_cppExport.cmake
[2.631s] -- Up-to-date: /home/mingadmirer/nuc_ws/install/detection_interfaces/share/detection_interfaces/cmake/detection_interfaces__rosidl_typesupport_cppExport-noconfig.cmake
[2.631s] -- Up-to-date: /home/mingadmirer/nuc_ws/install/detection_interfaces/share/detection_interfaces/cmake/export_detection_interfaces__rosidl_generator_pyExport.cmake
[2.631s] -- Up-to-date: /home/mingadmirer/nuc_ws/install/detection_interfaces/share/detection_interfaces/cmake/export_detection_interfaces__rosidl_generator_pyExport-noconfig.cmake
[2.631s] -- Up-to-date: /home/mingadmirer/nuc_ws/install/detection_interfaces/share/detection_interfaces/cmake/rosidl_cmake-extras.cmake
[2.631s] -- Up-to-date: /home/mingadmirer/nuc_ws/install/detection_interfaces/share/detection_interfaces/cmake/ament_cmake_export_dependencies-extras.cmake
[2.631s] -- Up-to-date: /home/mingadmirer/nuc_ws/install/detection_interfaces/share/detection_interfaces/cmake/ament_cmake_export_include_directories-extras.cmake
[2.632s] -- Up-to-date: /home/mingadmirer/nuc_ws/install/detection_interfaces/share/detection_interfaces/cmake/ament_cmake_export_libraries-extras.cmake
[2.632s] -- Up-to-date: /home/mingadmirer/nuc_ws/install/detection_interfaces/share/detection_interfaces/cmake/ament_cmake_export_targets-extras.cmake
[2.632s] -- Up-to-date: /home/mingadmirer/nuc_ws/install/detection_interfaces/share/detection_interfaces/cmake/rosidl_cmake_export_typesupport_targets-extras.cmake
[2.632s] -- Up-to-date: /home/mingadmirer/nuc_ws/install/detection_interfaces/share/detection_interfaces/cmake/rosidl_cmake_export_typesupport_libraries-extras.cmake
[2.632s] -- Up-to-date: /home/mingadmirer/nuc_ws/install/detection_interfaces/share/detection_interfaces/cmake/detection_interfacesConfig.cmake
[2.632s] -- Up-to-date: /home/mingadmirer/nuc_ws/install/detection_interfaces/share/detection_interfaces/cmake/detection_interfacesConfig-version.cmake
[2.632s] -- Up-to-date: /home/mingadmirer/nuc_ws/install/detection_interfaces/share/detection_interfaces/package.xml
[2.634s] Invoked command in '/home/mingadmirer/nuc_ws/build/detection_interfaces' returned '0': CMAKE_PREFIX_PATH=/opt/ros/humble /usr/bin/cmake --install /home/mingadmirer/nuc_ws/build/detection_interfaces
