[0.109s] Invoking command in '/root/nuc_ws/build/detection_interfaces': CMAKE_PREFIX_PATH=${CMAKE_PREFIX_PATH}:/home/sunrise/yolov8_bpu_ws/install/yolov8_bpu:/opt/tros/humble:/opt/ros/humble /usr/bin/cmake --build /root/nuc_ws/build/detection_interfaces -- -j8 -l8
[0.729s] [  2%] Built target detection_interfaces__cpp
[0.775s] [ 12%] Built target detection_interfaces__rosidl_generator_c
[0.840s] [ 12%] Built target ament_cmake_python_copy_detection_interfaces
[1.023s] [ 23%] Built target detection_interfaces__rosidl_typesupport_introspection_cpp
[1.026s] [ 33%] Built target detection_interfaces__rosidl_typesupport_fastrtps_cpp
[1.049s] [ 43%] Built target detection_interfaces__rosidl_typesupport_introspection_c
[1.238s] [ 53%] Built target detection_interfaces__rosidl_typesupport_fastrtps_c
[1.359s] [ 64%] Built target detection_interfaces__rosidl_typesupport_c
[1.497s] [ 74%] Built target detection_interfaces__rosidl_typesupport_cpp
[1.627s] [ 74%] Built target detection_interfaces
[1.817s] [ 76%] Built target detection_interfaces__py
[2.073s] [ 84%] Built target detection_interfaces__rosidl_generator_py
[2.342s] [ 89%] Built target detection_interfaces__rosidl_typesupport_fastrtps_c__pyext
[2.427s] [ 94%] Built target detection_interfaces__rosidl_typesupport_introspection_c__pyext
[2.633s] [100%] Built target detection_interfaces__rosidl_typesupport_c__pyext
[3.402s] running egg_info
[3.604s] writing detection_interfaces.egg-info/PKG-INFO
[3.608s] writing dependency_links to detection_interfaces.egg-info/dependency_links.txt
[3.611s] writing top-level names to detection_interfaces.egg-info/top_level.txt
[4.224s] reading manifest file 'detection_interfaces.egg-info/SOURCES.txt'
[4.251s] writing manifest file 'detection_interfaces.egg-info/SOURCES.txt'
[4.578s] [100%] Built target ament_cmake_python_build_detection_interfaces_egg
[4.653s] Invoked command in '/root/nuc_ws/build/detection_interfaces' returned '0': CMAKE_PREFIX_PATH=${CMAKE_PREFIX_PATH}:/home/sunrise/yolov8_bpu_ws/install/yolov8_bpu:/opt/tros/humble:/opt/ros/humble /usr/bin/cmake --build /root/nuc_ws/build/detection_interfaces -- -j8 -l8
[4.734s] Invoking command in '/root/nuc_ws/build/detection_interfaces': CMAKE_PREFIX_PATH=${CMAKE_PREFIX_PATH}:/home/sunrise/yolov8_bpu_ws/install/yolov8_bpu:/opt/tros/humble:/opt/ros/humble /usr/bin/cmake --install /root/nuc_ws/build/detection_interfaces
[4.805s] -- Install configuration: ""
[4.818s] -- Up-to-date: /root/nuc_ws/install/detection_interfaces/share/ament_index/resource_index/rosidl_interfaces/detection_interfaces
[4.821s] -- Up-to-date: /root/nuc_ws/install/detection_interfaces/include/detection_interfaces/detection_interfaces
[4.822s] -- Up-to-date: /root/nuc_ws/install/detection_interfaces/include/detection_interfaces/detection_interfaces/msg
[4.823s] -- Up-to-date: /root/nuc_ws/install/detection_interfaces/include/detection_interfaces/detection_interfaces/msg/detail
[4.824s] -- Up-to-date: /root/nuc_ws/install/detection_interfaces/include/detection_interfaces/detection_interfaces/msg/detail/detection_result__functions.h
[4.825s] -- Up-to-date: /root/nuc_ws/install/detection_interfaces/include/detection_interfaces/detection_interfaces/msg/detail/detection_result__type_support.h
[4.826s] -- Up-to-date: /root/nuc_ws/install/detection_interfaces/include/detection_interfaces/detection_interfaces/msg/detail/detection_array__functions.c
[4.827s] -- Up-to-date: /root/nuc_ws/install/detection_interfaces/include/detection_interfaces/detection_interfaces/msg/detail/detection_array__functions.h
[4.828s] -- Up-to-date: /root/nuc_ws/install/detection_interfaces/include/detection_interfaces/detection_interfaces/msg/detail/detection_array__type_support.h
[4.829s] -- Up-to-date: /root/nuc_ws/install/detection_interfaces/include/detection_interfaces/detection_interfaces/msg/detail/detection_array__struct.h
[4.830s] -- Up-to-date: /root/nuc_ws/install/detection_interfaces/include/detection_interfaces/detection_interfaces/msg/detail/detection_result__struct.h
[4.831s] -- Up-to-date: /root/nuc_ws/install/detection_interfaces/include/detection_interfaces/detection_interfaces/msg/detail/detection_result__functions.c
[4.832s] -- Up-to-date: /root/nuc_ws/install/detection_interfaces/include/detection_interfaces/detection_interfaces/msg/rosidl_generator_c__visibility_control.h
[4.833s] -- Up-to-date: /root/nuc_ws/install/detection_interfaces/include/detection_interfaces/detection_interfaces/msg/detection_array.h
[4.834s] -- Up-to-date: /root/nuc_ws/install/detection_interfaces/include/detection_interfaces/detection_interfaces/msg/detection_result.h
[4.835s] -- Up-to-date: /root/nuc_ws/install/detection_interfaces/share/detection_interfaces/environment/library_path.sh
[4.836s] -- Up-to-date: /root/nuc_ws/install/detection_interfaces/share/detection_interfaces/environment/library_path.dsv
[4.845s] -- Up-to-date: /root/nuc_ws/install/detection_interfaces/lib/libdetection_interfaces__rosidl_generator_c.so
[4.847s] -- Up-to-date: /root/nuc_ws/install/detection_interfaces/include/detection_interfaces/detection_interfaces
[4.848s] -- Up-to-date: /root/nuc_ws/install/detection_interfaces/include/detection_interfaces/detection_interfaces/msg
[4.849s] -- Up-to-date: /root/nuc_ws/install/detection_interfaces/include/detection_interfaces/detection_interfaces/msg/detail
[4.850s] -- Up-to-date: /root/nuc_ws/install/detection_interfaces/include/detection_interfaces/detection_interfaces/msg/detail/detection_array__rosidl_typesupport_fastrtps_c.h
[4.854s] -- Up-to-date: /root/nuc_ws/install/detection_interfaces/include/detection_interfaces/detection_interfaces/msg/detail/detection_result__rosidl_typesupport_fastrtps_c.h
[4.855s] -- Up-to-date: /root/nuc_ws/install/detection_interfaces/include/detection_interfaces/detection_interfaces/msg/rosidl_typesupport_fastrtps_c__visibility_control.h
[4.869s] -- Up-to-date: /root/nuc_ws/install/detection_interfaces/lib/libdetection_interfaces__rosidl_typesupport_fastrtps_c.so
[4.871s] -- Up-to-date: /root/nuc_ws/install/detection_interfaces/include/detection_interfaces/detection_interfaces
[4.871s] -- Up-to-date: /root/nuc_ws/install/detection_interfaces/include/detection_interfaces/detection_interfaces/msg
[4.873s] -- Up-to-date: /root/nuc_ws/install/detection_interfaces/include/detection_interfaces/detection_interfaces/msg/detail
[4.874s] -- Up-to-date: /root/nuc_ws/install/detection_interfaces/include/detection_interfaces/detection_interfaces/msg/detail/detection_result__struct.hpp
[4.875s] -- Up-to-date: /root/nuc_ws/install/detection_interfaces/include/detection_interfaces/detection_interfaces/msg/detail/detection_result__builder.hpp
[4.876s] -- Up-to-date: /root/nuc_ws/install/detection_interfaces/include/detection_interfaces/detection_interfaces/msg/detail/detection_result__type_support.hpp
[4.877s] -- Up-to-date: /root/nuc_ws/install/detection_interfaces/include/detection_interfaces/detection_interfaces/msg/detail/detection_array__builder.hpp
[4.878s] -- Up-to-date: /root/nuc_ws/install/detection_interfaces/include/detection_interfaces/detection_interfaces/msg/detail/detection_array__traits.hpp
[4.879s] -- Up-to-date: /root/nuc_ws/install/detection_interfaces/include/detection_interfaces/detection_interfaces/msg/detail/detection_array__type_support.hpp
[4.879s] -- Up-to-date: /root/nuc_ws/install/detection_interfaces/include/detection_interfaces/detection_interfaces/msg/detail/detection_array__struct.hpp
[4.880s] -- Up-to-date: /root/nuc_ws/install/detection_interfaces/include/detection_interfaces/detection_interfaces/msg/detail/detection_result__traits.hpp
[4.881s] -- Up-to-date: /root/nuc_ws/install/detection_interfaces/include/detection_interfaces/detection_interfaces/msg/detection_result.hpp
[4.882s] -- Up-to-date: /root/nuc_ws/install/detection_interfaces/include/detection_interfaces/detection_interfaces/msg/rosidl_generator_cpp__visibility_control.hpp
[4.883s] -- Up-to-date: /root/nuc_ws/install/detection_interfaces/include/detection_interfaces/detection_interfaces/msg/detection_array.hpp
[4.885s] -- Up-to-date: /root/nuc_ws/install/detection_interfaces/include/detection_interfaces/detection_interfaces
[4.886s] -- Up-to-date: /root/nuc_ws/install/detection_interfaces/include/detection_interfaces/detection_interfaces/msg
[4.887s] -- Up-to-date: /root/nuc_ws/install/detection_interfaces/include/detection_interfaces/detection_interfaces/msg/detail
[4.887s] -- Up-to-date: /root/nuc_ws/install/detection_interfaces/include/detection_interfaces/detection_interfaces/msg/detail/detection_array__rosidl_typesupport_fastrtps_cpp.hpp
[4.888s] -- Up-to-date: /root/nuc_ws/install/detection_interfaces/include/detection_interfaces/detection_interfaces/msg/detail/detection_result__rosidl_typesupport_fastrtps_cpp.hpp
[4.889s] -- Up-to-date: /root/nuc_ws/install/detection_interfaces/include/detection_interfaces/detection_interfaces/msg/detail/dds_fastrtps
[4.890s] -- Up-to-date: /root/nuc_ws/install/detection_interfaces/include/detection_interfaces/detection_interfaces/msg/rosidl_typesupport_fastrtps_cpp__visibility_control.h
[4.904s] -- Up-to-date: /root/nuc_ws/install/detection_interfaces/lib/libdetection_interfaces__rosidl_typesupport_fastrtps_cpp.so
[4.908s] -- Up-to-date: /root/nuc_ws/install/detection_interfaces/include/detection_interfaces/detection_interfaces
[4.909s] -- Up-to-date: /root/nuc_ws/install/detection_interfaces/include/detection_interfaces/detection_interfaces/msg
[4.910s] -- Up-to-date: /root/nuc_ws/install/detection_interfaces/include/detection_interfaces/detection_interfaces/msg/detail
[4.912s] -- Up-to-date: /root/nuc_ws/install/detection_interfaces/include/detection_interfaces/detection_interfaces/msg/detail/detection_array__type_support.c
[4.914s] -- Up-to-date: /root/nuc_ws/install/detection_interfaces/include/detection_interfaces/detection_interfaces/msg/detail/detection_result__type_support.c
[4.915s] -- Up-to-date: /root/nuc_ws/install/detection_interfaces/include/detection_interfaces/detection_interfaces/msg/detail/detection_array__rosidl_typesupport_introspection_c.h
[4.916s] -- Up-to-date: /root/nuc_ws/install/detection_interfaces/include/detection_interfaces/detection_interfaces/msg/detail/detection_result__rosidl_typesupport_introspection_c.h
[4.917s] -- Up-to-date: /root/nuc_ws/install/detection_interfaces/include/detection_interfaces/detection_interfaces/msg/rosidl_typesupport_introspection_c__visibility_control.h
[4.923s] -- Up-to-date: /root/nuc_ws/install/detection_interfaces/lib/libdetection_interfaces__rosidl_typesupport_introspection_c.so
[4.931s] -- Up-to-date: /root/nuc_ws/install/detection_interfaces/lib/libdetection_interfaces__rosidl_typesupport_c.so
[4.932s] -- Up-to-date: /root/nuc_ws/install/detection_interfaces/include/detection_interfaces/detection_interfaces
[4.933s] -- Up-to-date: /root/nuc_ws/install/detection_interfaces/include/detection_interfaces/detection_interfaces/msg
[4.934s] -- Up-to-date: /root/nuc_ws/install/detection_interfaces/include/detection_interfaces/detection_interfaces/msg/detail
[4.935s] -- Up-to-date: /root/nuc_ws/install/detection_interfaces/include/detection_interfaces/detection_interfaces/msg/detail/detection_result__type_support.cpp
[4.936s] -- Up-to-date: /root/nuc_ws/install/detection_interfaces/include/detection_interfaces/detection_interfaces/msg/detail/detection_array__type_support.cpp
[4.937s] -- Up-to-date: /root/nuc_ws/install/detection_interfaces/include/detection_interfaces/detection_interfaces/msg/detail/detection_result__rosidl_typesupport_introspection_cpp.hpp
[4.938s] -- Up-to-date: /root/nuc_ws/install/detection_interfaces/include/detection_interfaces/detection_interfaces/msg/detail/detection_array__rosidl_typesupport_introspection_cpp.hpp
[4.965s] -- Up-to-date: /root/nuc_ws/install/detection_interfaces/lib/libdetection_interfaces__rosidl_typesupport_introspection_cpp.so
[4.987s] -- Up-to-date: /root/nuc_ws/install/detection_interfaces/lib/libdetection_interfaces__rosidl_typesupport_cpp.so
[4.989s] -- Up-to-date: /root/nuc_ws/install/detection_interfaces/share/detection_interfaces/environment/pythonpath.sh
[4.990s] -- Up-to-date: /root/nuc_ws/install/detection_interfaces/share/detection_interfaces/environment/pythonpath.dsv
[4.991s] -- Up-to-date: /root/nuc_ws/install/detection_interfaces/local/lib/python3.10/dist-packages/detection_interfaces-1.0.0-py3.10.egg-info
[4.993s] -- Installing: /root/nuc_ws/install/detection_interfaces/local/lib/python3.10/dist-packages/detection_interfaces-1.0.0-py3.10.egg-info/dependency_links.txt
[4.994s] -- Installing: /root/nuc_ws/install/detection_interfaces/local/lib/python3.10/dist-packages/detection_interfaces-1.0.0-py3.10.egg-info/PKG-INFO
[4.995s] -- Installing: /root/nuc_ws/install/detection_interfaces/local/lib/python3.10/dist-packages/detection_interfaces-1.0.0-py3.10.egg-info/SOURCES.txt
[4.996s] -- Installing: /root/nuc_ws/install/detection_interfaces/local/lib/python3.10/dist-packages/detection_interfaces-1.0.0-py3.10.egg-info/top_level.txt
[4.997s] -- Up-to-date: /root/nuc_ws/install/detection_interfaces/local/lib/python3.10/dist-packages/detection_interfaces
[4.998s] -- Up-to-date: /root/nuc_ws/install/detection_interfaces/local/lib/python3.10/dist-packages/detection_interfaces/detection_interfaces_s__rosidl_typesupport_c.cpython-310-aarch64-linux-gnu.so
[4.998s] -- Up-to-date: /root/nuc_ws/install/detection_interfaces/local/lib/python3.10/dist-packages/detection_interfaces/libdetection_interfaces__rosidl_generator_py.so
[4.999s] -- Up-to-date: /root/nuc_ws/install/detection_interfaces/local/lib/python3.10/dist-packages/detection_interfaces/_detection_interfaces_s.ep.rosidl_typesupport_fastrtps_c.c
[5.000s] -- Up-to-date: /root/nuc_ws/install/detection_interfaces/local/lib/python3.10/dist-packages/detection_interfaces/detection_interfaces_s__rosidl_typesupport_fastrtps_c.cpython-310-aarch64-linux-gnu.so
[5.000s] -- Up-to-date: /root/nuc_ws/install/detection_interfaces/local/lib/python3.10/dist-packages/detection_interfaces/detection_interfaces_s__rosidl_typesupport_introspection_c.cpython-310-aarch64-linux-gnu.so
[5.001s] -- Up-to-date: /root/nuc_ws/install/detection_interfaces/local/lib/python3.10/dist-packages/detection_interfaces/msg
[5.002s] -- Up-to-date: /root/nuc_ws/install/detection_interfaces/local/lib/python3.10/dist-packages/detection_interfaces/msg/_detection_result_s.c
[5.003s] -- Up-to-date: /root/nuc_ws/install/detection_interfaces/local/lib/python3.10/dist-packages/detection_interfaces/msg/_detection_array_s.c
[5.004s] -- Up-to-date: /root/nuc_ws/install/detection_interfaces/local/lib/python3.10/dist-packages/detection_interfaces/msg/_detection_array.py
[5.005s] -- Up-to-date: /root/nuc_ws/install/detection_interfaces/local/lib/python3.10/dist-packages/detection_interfaces/msg/_detection_result.py
[5.006s] -- Up-to-date: /root/nuc_ws/install/detection_interfaces/local/lib/python3.10/dist-packages/detection_interfaces/msg/__init__.py
[5.006s] -- Up-to-date: /root/nuc_ws/install/detection_interfaces/local/lib/python3.10/dist-packages/detection_interfaces/_detection_interfaces_s.ep.rosidl_typesupport_introspection_c.c
[5.007s] -- Up-to-date: /root/nuc_ws/install/detection_interfaces/local/lib/python3.10/dist-packages/detection_interfaces/__init__.py
[5.008s] -- Up-to-date: /root/nuc_ws/install/detection_interfaces/local/lib/python3.10/dist-packages/detection_interfaces/_detection_interfaces_s.ep.rosidl_typesupport_c.c
[5.344s] Listing '/root/nuc_ws/install/detection_interfaces/local/lib/python3.10/dist-packages/detection_interfaces'...
[5.346s] Listing '/root/nuc_ws/install/detection_interfaces/local/lib/python3.10/dist-packages/detection_interfaces/msg'...
[5.409s] -- Up-to-date: /root/nuc_ws/install/detection_interfaces/local/lib/python3.10/dist-packages/detection_interfaces/detection_interfaces_s__rosidl_typesupport_fastrtps_c.cpython-310-aarch64-linux-gnu.so
[5.424s] -- Up-to-date: /root/nuc_ws/install/detection_interfaces/local/lib/python3.10/dist-packages/detection_interfaces/detection_interfaces_s__rosidl_typesupport_introspection_c.cpython-310-aarch64-linux-gnu.so
[5.438s] -- Up-to-date: /root/nuc_ws/install/detection_interfaces/local/lib/python3.10/dist-packages/detection_interfaces/detection_interfaces_s__rosidl_typesupport_c.cpython-310-aarch64-linux-gnu.so
[5.481s] -- Up-to-date: /root/nuc_ws/install/detection_interfaces/lib/libdetection_interfaces__rosidl_generator_py.so
[5.482s] -- Up-to-date: /root/nuc_ws/install/detection_interfaces/share/detection_interfaces/msg/DetectionResult.idl
[5.483s] -- Up-to-date: /root/nuc_ws/install/detection_interfaces/share/detection_interfaces/msg/DetectionArray.idl
[5.484s] -- Up-to-date: /root/nuc_ws/install/detection_interfaces/share/detection_interfaces/msg/DetectionResult.msg
[5.485s] -- Up-to-date: /root/nuc_ws/install/detection_interfaces/share/detection_interfaces/msg/DetectionArray.msg
[5.485s] -- Up-to-date: /root/nuc_ws/install/detection_interfaces/share/ament_index/resource_index/package_run_dependencies/detection_interfaces
[5.486s] -- Up-to-date: /root/nuc_ws/install/detection_interfaces/share/ament_index/resource_index/parent_prefix_path/detection_interfaces
[5.500s] -- Up-to-date: /root/nuc_ws/install/detection_interfaces/share/detection_interfaces/environment/ament_prefix_path.sh
[5.501s] -- Up-to-date: /root/nuc_ws/install/detection_interfaces/share/detection_interfaces/environment/ament_prefix_path.dsv
[5.509s] -- Up-to-date: /root/nuc_ws/install/detection_interfaces/share/detection_interfaces/environment/path.sh
[5.520s] -- Up-to-date: /root/nuc_ws/install/detection_interfaces/share/detection_interfaces/environment/path.dsv
[5.525s] -- Up-to-date: /root/nuc_ws/install/detection_interfaces/share/detection_interfaces/local_setup.bash
[5.527s] -- Up-to-date: /root/nuc_ws/install/detection_interfaces/share/detection_interfaces/local_setup.sh
[5.528s] -- Up-to-date: /root/nuc_ws/install/detection_interfaces/share/detection_interfaces/local_setup.zsh
[5.528s] -- Up-to-date: /root/nuc_ws/install/detection_interfaces/share/detection_interfaces/local_setup.dsv
[5.529s] -- Installing: /root/nuc_ws/install/detection_interfaces/share/detection_interfaces/package.dsv
[5.531s] -- Up-to-date: /root/nuc_ws/install/detection_interfaces/share/ament_index/resource_index/packages/detection_interfaces
[5.532s] -- Up-to-date: /root/nuc_ws/install/detection_interfaces/share/detection_interfaces/cmake/export_detection_interfaces__rosidl_generator_cExport.cmake
[5.533s] -- Up-to-date: /root/nuc_ws/install/detection_interfaces/share/detection_interfaces/cmake/export_detection_interfaces__rosidl_generator_cExport-noconfig.cmake
[5.534s] -- Up-to-date: /root/nuc_ws/install/detection_interfaces/share/detection_interfaces/cmake/export_detection_interfaces__rosidl_typesupport_fastrtps_cExport.cmake
[5.534s] -- Up-to-date: /root/nuc_ws/install/detection_interfaces/share/detection_interfaces/cmake/export_detection_interfaces__rosidl_typesupport_fastrtps_cExport-noconfig.cmake
[5.535s] -- Up-to-date: /root/nuc_ws/install/detection_interfaces/share/detection_interfaces/cmake/export_detection_interfaces__rosidl_generator_cppExport.cmake
[5.536s] -- Up-to-date: /root/nuc_ws/install/detection_interfaces/share/detection_interfaces/cmake/export_detection_interfaces__rosidl_typesupport_fastrtps_cppExport.cmake
[5.536s] -- Up-to-date: /root/nuc_ws/install/detection_interfaces/share/detection_interfaces/cmake/export_detection_interfaces__rosidl_typesupport_fastrtps_cppExport-noconfig.cmake
[5.537s] -- Up-to-date: /root/nuc_ws/install/detection_interfaces/share/detection_interfaces/cmake/detection_interfaces__rosidl_typesupport_introspection_cExport.cmake
[5.538s] -- Up-to-date: /root/nuc_ws/install/detection_interfaces/share/detection_interfaces/cmake/detection_interfaces__rosidl_typesupport_introspection_cExport-noconfig.cmake
[5.540s] -- Up-to-date: /root/nuc_ws/install/detection_interfaces/share/detection_interfaces/cmake/detection_interfaces__rosidl_typesupport_cExport.cmake
[5.541s] -- Up-to-date: /root/nuc_ws/install/detection_interfaces/share/detection_interfaces/cmake/detection_interfaces__rosidl_typesupport_cExport-noconfig.cmake
[5.542s] -- Up-to-date: /root/nuc_ws/install/detection_interfaces/share/detection_interfaces/cmake/detection_interfaces__rosidl_typesupport_introspection_cppExport.cmake
[5.542s] -- Up-to-date: /root/nuc_ws/install/detection_interfaces/share/detection_interfaces/cmake/detection_interfaces__rosidl_typesupport_introspection_cppExport-noconfig.cmake
[5.543s] -- Up-to-date: /root/nuc_ws/install/detection_interfaces/share/detection_interfaces/cmake/detection_interfaces__rosidl_typesupport_cppExport.cmake
[5.544s] -- Up-to-date: /root/nuc_ws/install/detection_interfaces/share/detection_interfaces/cmake/detection_interfaces__rosidl_typesupport_cppExport-noconfig.cmake
[5.544s] -- Up-to-date: /root/nuc_ws/install/detection_interfaces/share/detection_interfaces/cmake/export_detection_interfaces__rosidl_generator_pyExport.cmake
[5.545s] -- Up-to-date: /root/nuc_ws/install/detection_interfaces/share/detection_interfaces/cmake/export_detection_interfaces__rosidl_generator_pyExport-noconfig.cmake
[5.546s] -- Up-to-date: /root/nuc_ws/install/detection_interfaces/share/detection_interfaces/cmake/rosidl_cmake-extras.cmake
[5.546s] -- Up-to-date: /root/nuc_ws/install/detection_interfaces/share/detection_interfaces/cmake/ament_cmake_export_dependencies-extras.cmake
[5.547s] -- Up-to-date: /root/nuc_ws/install/detection_interfaces/share/detection_interfaces/cmake/ament_cmake_export_include_directories-extras.cmake
[5.547s] -- Up-to-date: /root/nuc_ws/install/detection_interfaces/share/detection_interfaces/cmake/ament_cmake_export_libraries-extras.cmake
[5.548s] -- Up-to-date: /root/nuc_ws/install/detection_interfaces/share/detection_interfaces/cmake/ament_cmake_export_targets-extras.cmake
[5.548s] -- Up-to-date: /root/nuc_ws/install/detection_interfaces/share/detection_interfaces/cmake/rosidl_cmake_export_typesupport_targets-extras.cmake
[5.549s] -- Up-to-date: /root/nuc_ws/install/detection_interfaces/share/detection_interfaces/cmake/rosidl_cmake_export_typesupport_libraries-extras.cmake
[5.550s] -- Up-to-date: /root/nuc_ws/install/detection_interfaces/share/detection_interfaces/cmake/detection_interfacesConfig.cmake
[5.550s] -- Up-to-date: /root/nuc_ws/install/detection_interfaces/share/detection_interfaces/cmake/detection_interfacesConfig-version.cmake
[5.551s] -- Up-to-date: /root/nuc_ws/install/detection_interfaces/share/detection_interfaces/package.xml
[5.570s] Invoked command in '/root/nuc_ws/build/detection_interfaces' returned '0': CMAKE_PREFIX_PATH=${CMAKE_PREFIX_PATH}:/home/sunrise/yolov8_bpu_ws/install/yolov8_bpu:/opt/tros/humble:/opt/ros/humble /usr/bin/cmake --install /root/nuc_ws/build/detection_interfaces
