[ 42%] Built target r2_serial_driver_core
Consolidate compiler generated dependencies of target r2_mission_node
Consolidate compiler generated dependencies of target blue_mission_node
[ 57%] Building CXX object CMakeFiles/r2_mission_node.dir/src/mission_node.cpp.o
[ 71%] Building CXX object CMakeFiles/blue_mission_node.dir/src/bluemisson_node.cpp.o
[ 85%] Linking CXX executable r2_mission_node
[100%] Linking CXX executable blue_mission_node
[100%] Built target r2_mission_node
[100%] Built target blue_mission_node
-- Install configuration: ""
-- Installing: /root/nuc_ws/install/r2_mission/lib/r2_mission/r2_mission_node
-- Set runtime path of "/root/nuc_ws/install/r2_mission/lib/r2_mission/r2_mission_node" to ""
-- Installing: /root/nuc_ws/install/r2_mission/lib/r2_mission/blue_mission_node
-- Set runtime path of "/root/nuc_ws/install/r2_mission/lib/r2_mission/blue_mission_node" to ""
-- Up-to-date: /root/nuc_ws/install/r2_mission/share/r2_mission/launch
-- Up-to-date: /root/nuc_ws/install/r2_mission/share/r2_mission/launch/bringup.launch.py
-- Up-to-date: /root/nuc_ws/install/r2_mission/share/r2_mission/launch/bluebringup.launch.py
-- Up-to-date: /root/nuc_ws/install/r2_mission/share/r2_mission/config
-- Up-to-date: /root/nuc_ws/install/r2_mission/share/r2_mission/config/params.yaml
-- Up-to-date: /root/nuc_ws/install/r2_mission/share/ament_index/resource_index/package_run_dependencies/r2_mission
-- Up-to-date: /root/nuc_ws/install/r2_mission/share/ament_index/resource_index/parent_prefix_path/r2_mission
-- Up-to-date: /root/nuc_ws/install/r2_mission/share/r2_mission/environment/ament_prefix_path.sh
-- Up-to-date: /root/nuc_ws/install/r2_mission/share/r2_mission/environment/ament_prefix_path.dsv
-- Up-to-date: /root/nuc_ws/install/r2_mission/share/r2_mission/environment/path.sh
-- Up-to-date: /root/nuc_ws/install/r2_mission/share/r2_mission/environment/path.dsv
-- Up-to-date: /root/nuc_ws/install/r2_mission/share/r2_mission/local_setup.bash
-- Up-to-date: /root/nuc_ws/install/r2_mission/share/r2_mission/local_setup.sh
-- Up-to-date: /root/nuc_ws/install/r2_mission/share/r2_mission/local_setup.zsh
-- Up-to-date: /root/nuc_ws/install/r2_mission/share/r2_mission/local_setup.dsv
-- Installing: /root/nuc_ws/install/r2_mission/share/r2_mission/package.dsv
-- Up-to-date: /root/nuc_ws/install/r2_mission/share/ament_index/resource_index/packages/r2_mission
-- Up-to-date: /root/nuc_ws/install/r2_mission/share/r2_mission/cmake/r2_missionConfig.cmake
-- Up-to-date: /root/nuc_ws/install/r2_mission/share/r2_mission/cmake/r2_missionConfig-version.cmake
-- Up-to-date: /root/nuc_ws/install/r2_mission/share/r2_mission/package.xml
-- Up-to-date: /root/nuc_ws/install/r2_mission/lib/libr2_serial_driver_core.a
