[0.094s] Invoking command in '/root/nuc_ws/build/r2_mission': CMAKE_PREFIX_PATH=/root/nuc_ws/install/detection_interfaces:/root/nuc_ws/install/r2_mission:/home/sunrise/yolov8_bpu_ws/install/astra_camera:/home/sunrise/yolov8_bpu_ws/install/astra_camera_msgs:/home/sunrise/yolov8_bpu_ws/install/yolov8_bpu:/opt/tros/humble:/opt/ros/humble LD_LIBRARY_PATH=/root/nuc_ws/install/detection_interfaces/lib:/home/sunrise/yolov8_bpu_ws/install/astra_camera/lib:/home/sunrise/yolov8_bpu_ws/install/astra_camera_msgs/lib:/opt/tros/humble/lib/aarch64-linux-gnu:/opt/tros/humble/lib:/opt/ros/humble/opt/rviz_ogre_vendor/lib:/opt/ros/humble/lib/aarch64-linux-gnu:/opt/ros/humble/lib:/usr/hobot/lib:/app/lib:/app/pub/lib:/middleware/lib:/middleware/pub/lib:/usr/hobot/lib/sensor:/system/lib:/system/usr/lib:/lib /usr/bin/cmake --build /root/nuc_ws/build/r2_mission -- -j8 -l8
[0.383s] [ 42%] Built target r2_serial_driver_core
[0.489s] Consolidate compiler generated dependencies of target r2_mission_node
[0.489s] Consolidate compiler generated dependencies of target blue_mission_node
[0.568s] [ 57%] Building CXX object CMakeFiles/r2_mission_node.dir/src/mission_node.cpp.o
[0.594s] [ 71%] Building CXX object CMakeFiles/blue_mission_node.dir/src/bluemisson_node.cpp.o
[73.390s] [ 85%] Linking CXX executable r2_mission_node
[75.377s] [100%] Linking CXX executable blue_mission_node
[77.452s] [100%] Built target r2_mission_node
[79.374s] [100%] Built target blue_mission_node
[79.433s] Invoked command in '/root/nuc_ws/build/r2_mission' returned '0': CMAKE_PREFIX_PATH=/root/nuc_ws/install/detection_interfaces:/root/nuc_ws/install/r2_mission:/home/sunrise/yolov8_bpu_ws/install/astra_camera:/home/sunrise/yolov8_bpu_ws/install/astra_camera_msgs:/home/sunrise/yolov8_bpu_ws/install/yolov8_bpu:/opt/tros/humble:/opt/ros/humble LD_LIBRARY_PATH=/root/nuc_ws/install/detection_interfaces/lib:/home/sunrise/yolov8_bpu_ws/install/astra_camera/lib:/home/sunrise/yolov8_bpu_ws/install/astra_camera_msgs/lib:/opt/tros/humble/lib/aarch64-linux-gnu:/opt/tros/humble/lib:/opt/ros/humble/opt/rviz_ogre_vendor/lib:/opt/ros/humble/lib/aarch64-linux-gnu:/opt/ros/humble/lib:/usr/hobot/lib:/app/lib:/app/pub/lib:/middleware/lib:/middleware/pub/lib:/usr/hobot/lib/sensor:/system/lib:/system/usr/lib:/lib /usr/bin/cmake --build /root/nuc_ws/build/r2_mission -- -j8 -l8
[79.485s] Invoking command in '/root/nuc_ws/build/r2_mission': CMAKE_PREFIX_PATH=/root/nuc_ws/install/detection_interfaces:/root/nuc_ws/install/r2_mission:/home/sunrise/yolov8_bpu_ws/install/astra_camera:/home/sunrise/yolov8_bpu_ws/install/astra_camera_msgs:/home/sunrise/yolov8_bpu_ws/install/yolov8_bpu:/opt/tros/humble:/opt/ros/humble LD_LIBRARY_PATH=/root/nuc_ws/install/detection_interfaces/lib:/home/sunrise/yolov8_bpu_ws/install/astra_camera/lib:/home/sunrise/yolov8_bpu_ws/install/astra_camera_msgs/lib:/opt/tros/humble/lib/aarch64-linux-gnu:/opt/tros/humble/lib:/opt/ros/humble/opt/rviz_ogre_vendor/lib:/opt/ros/humble/lib/aarch64-linux-gnu:/opt/ros/humble/lib:/usr/hobot/lib:/app/lib:/app/pub/lib:/middleware/lib:/middleware/pub/lib:/usr/hobot/lib/sensor:/system/lib:/system/usr/lib:/lib /usr/bin/cmake --install /root/nuc_ws/build/r2_mission
[79.525s] -- Install configuration: ""
[79.526s] -- Installing: /root/nuc_ws/install/r2_mission/lib/r2_mission/r2_mission_node
[79.564s] -- Set runtime path of "/root/nuc_ws/install/r2_mission/lib/r2_mission/r2_mission_node" to ""
[79.565s] -- Installing: /root/nuc_ws/install/r2_mission/lib/r2_mission/blue_mission_node
[79.606s] -- Set runtime path of "/root/nuc_ws/install/r2_mission/lib/r2_mission/blue_mission_node" to ""
[79.607s] -- Up-to-date: /root/nuc_ws/install/r2_mission/share/r2_mission/launch
[79.608s] -- Up-to-date: /root/nuc_ws/install/r2_mission/share/r2_mission/launch/bringup.launch.py
[79.610s] -- Up-to-date: /root/nuc_ws/install/r2_mission/share/r2_mission/launch/bluebringup.launch.py
[79.613s] -- Up-to-date: /root/nuc_ws/install/r2_mission/share/r2_mission/config
[79.615s] -- Up-to-date: /root/nuc_ws/install/r2_mission/share/r2_mission/config/params.yaml
[79.646s] -- Up-to-date: /root/nuc_ws/install/r2_mission/share/ament_index/resource_index/package_run_dependencies/r2_mission
[79.649s] -- Up-to-date: /root/nuc_ws/install/r2_mission/share/ament_index/resource_index/parent_prefix_path/r2_mission
[79.650s] -- Up-to-date: /root/nuc_ws/install/r2_mission/share/r2_mission/environment/ament_prefix_path.sh
[79.653s] -- Up-to-date: /root/nuc_ws/install/r2_mission/share/r2_mission/environment/ament_prefix_path.dsv
[79.658s] -- Up-to-date: /root/nuc_ws/install/r2_mission/share/r2_mission/environment/path.sh
[79.661s] -- Up-to-date: /root/nuc_ws/install/r2_mission/share/r2_mission/environment/path.dsv
[79.662s] -- Up-to-date: /root/nuc_ws/install/r2_mission/share/r2_mission/local_setup.bash
[79.663s] -- Up-to-date: /root/nuc_ws/install/r2_mission/share/r2_mission/local_setup.sh
[79.663s] -- Up-to-date: /root/nuc_ws/install/r2_mission/share/r2_mission/local_setup.zsh
[79.664s] -- Up-to-date: /root/nuc_ws/install/r2_mission/share/r2_mission/local_setup.dsv
[79.665s] -- Installing: /root/nuc_ws/install/r2_mission/share/r2_mission/package.dsv
[79.666s] -- Up-to-date: /root/nuc_ws/install/r2_mission/share/ament_index/resource_index/packages/r2_mission
[79.667s] -- Up-to-date: /root/nuc_ws/install/r2_mission/share/r2_mission/cmake/r2_missionConfig.cmake
[79.668s] -- Up-to-date: /root/nuc_ws/install/r2_mission/share/r2_mission/cmake/r2_missionConfig-version.cmake
[79.669s] -- Up-to-date: /root/nuc_ws/install/r2_mission/share/r2_mission/package.xml
[79.670s] -- Up-to-date: /root/nuc_ws/install/r2_mission/lib/libr2_serial_driver_core.a
[79.671s] Invoked command in '/root/nuc_ws/build/r2_mission' returned '0': CMAKE_PREFIX_PATH=/root/nuc_ws/install/detection_interfaces:/root/nuc_ws/install/r2_mission:/home/sunrise/yolov8_bpu_ws/install/astra_camera:/home/sunrise/yolov8_bpu_ws/install/astra_camera_msgs:/home/sunrise/yolov8_bpu_ws/install/yolov8_bpu:/opt/tros/humble:/opt/ros/humble LD_LIBRARY_PATH=/root/nuc_ws/install/detection_interfaces/lib:/home/sunrise/yolov8_bpu_ws/install/astra_camera/lib:/home/sunrise/yolov8_bpu_ws/install/astra_camera_msgs/lib:/opt/tros/humble/lib/aarch64-linux-gnu:/opt/tros/humble/lib:/opt/ros/humble/opt/rviz_ogre_vendor/lib:/opt/ros/humble/lib/aarch64-linux-gnu:/opt/ros/humble/lib:/usr/hobot/lib:/app/lib:/app/pub/lib:/middleware/lib:/middleware/pub/lib:/usr/hobot/lib/sensor:/system/lib:/system/usr/lib:/lib /usr/bin/cmake --install /root/nuc_ws/build/r2_mission
