[0.011s] Invoking command in '/home/mingadmirer/nuc_ws/build/r2_mission': CMAKE_PREFIX_PATH=/home/mingadmirer/nuc_ws/install/detection_interfaces:/home/mingadmirer/nuc_ws/install/r2_mission:/opt/ros/humble /usr/bin/cmake --build /home/mingadmirer/nuc_ws/build/r2_mission -- -j8 -l8
[0.069s] [ 60%] Built target r2_serial_driver_core
[0.084s] [35m[1mConsolidate compiler generated dependencies of target r2_mission_node[0m
[0.106s] [100%] Built target r2_mission_node
[0.118s] Invoked command in '/home/mingadmirer/nuc_ws/build/r2_mission' returned '0': CMAKE_PREFIX_PATH=/home/mingadmirer/nuc_ws/install/detection_interfaces:/home/mingadmirer/nuc_ws/install/r2_mission:/opt/ros/humble /usr/bin/cmake --build /home/mingadmirer/nuc_ws/build/r2_mission -- -j8 -l8
[0.120s] Invoking command in '/home/mingadmirer/nuc_ws/build/r2_mission': CMAKE_PREFIX_PATH=/home/mingadmirer/nuc_ws/install/detection_interfaces:/home/mingadmirer/nuc_ws/install/r2_mission:/opt/ros/humble /usr/bin/cmake --install /home/mingadmirer/nuc_ws/build/r2_mission
[0.129s] -- Install configuration: ""
[0.130s] -- Up-to-date: /home/mingadmirer/nuc_ws/install/r2_mission/lib/r2_mission/r2_mission_node
[0.130s] -- Up-to-date: /home/mingadmirer/nuc_ws/install/r2_mission/share/r2_mission/launch
[0.131s] -- Up-to-date: /home/mingadmirer/nuc_ws/install/r2_mission/share/r2_mission/launch/bringup.launch.py
[0.131s] -- Up-to-date: /home/mingadmirer/nuc_ws/install/r2_mission/share/r2_mission/config
[0.131s] -- Up-to-date: /home/mingadmirer/nuc_ws/install/r2_mission/share/r2_mission/config/params.yaml
[0.131s] -- Up-to-date: /home/mingadmirer/nuc_ws/install/r2_mission/share/ament_index/resource_index/package_run_dependencies/r2_mission
[0.131s] -- Up-to-date: /home/mingadmirer/nuc_ws/install/r2_mission/share/ament_index/resource_index/parent_prefix_path/r2_mission
[0.131s] -- Up-to-date: /home/mingadmirer/nuc_ws/install/r2_mission/share/r2_mission/environment/ament_prefix_path.sh
[0.132s] -- Up-to-date: /home/mingadmirer/nuc_ws/install/r2_mission/share/r2_mission/environment/ament_prefix_path.dsv
[0.132s] -- Up-to-date: /home/mingadmirer/nuc_ws/install/r2_mission/share/r2_mission/environment/path.sh
[0.132s] -- Up-to-date: /home/mingadmirer/nuc_ws/install/r2_mission/share/r2_mission/environment/path.dsv
[0.132s] -- Up-to-date: /home/mingadmirer/nuc_ws/install/r2_mission/share/r2_mission/local_setup.bash
[0.132s] -- Up-to-date: /home/mingadmirer/nuc_ws/install/r2_mission/share/r2_mission/local_setup.sh
[0.132s] -- Up-to-date: /home/mingadmirer/nuc_ws/install/r2_mission/share/r2_mission/local_setup.zsh
[0.132s] -- Up-to-date: /home/mingadmirer/nuc_ws/install/r2_mission/share/r2_mission/local_setup.dsv
[0.133s] -- Installing: /home/mingadmirer/nuc_ws/install/r2_mission/share/r2_mission/package.dsv
[0.133s] -- Up-to-date: /home/mingadmirer/nuc_ws/install/r2_mission/share/ament_index/resource_index/packages/r2_mission
[0.133s] -- Up-to-date: /home/mingadmirer/nuc_ws/install/r2_mission/share/r2_mission/cmake/r2_missionConfig.cmake
[0.133s] -- Up-to-date: /home/mingadmirer/nuc_ws/install/r2_mission/share/r2_mission/cmake/r2_missionConfig-version.cmake
[0.133s] -- Up-to-date: /home/mingadmirer/nuc_ws/install/r2_mission/share/r2_mission/package.xml
[0.133s] -- Up-to-date: /home/mingadmirer/nuc_ws/install/r2_mission/lib/libr2_serial_driver_core.a
[0.136s] Invoked command in '/home/mingadmirer/nuc_ws/build/r2_mission' returned '0': CMAKE_PREFIX_PATH=/home/mingadmirer/nuc_ws/install/detection_interfaces:/home/mingadmirer/nuc_ws/install/r2_mission:/opt/ros/humble /usr/bin/cmake --install /home/mingadmirer/nuc_ws/build/r2_mission
