[0.112s] colcon DEBUG Command line arguments: ['/usr/bin/colcon', 'list']
[0.112s] colcon DEBUG Parsed command line arguments: Namespace(log_base=None, log_level=None, verb_name='list', build_base='build', ignore_user_meta=False, metas=['./colcon.meta'], base_paths=['.'], packages_ignore=None, packages_ignore_regex=None, paths=None, packages_up_to=None, packages_up_to_regex=None, packages_above=None, packages_above_and_dependencies=None, packages_above_depth=None, packages_select_by_dep=None, packages_skip_by_dep=None, packages_skip_up_to=None, packages_select_build_failed=False, packages_skip_build_finished=False, packages_select_test_failures=False, packages_skip_test_passed=False, packages_select=None, packages_skip=None, packages_select_regex=None, packages_skip_regex=None, packages_start=None, packages_end=None, allow_overriding=[], topological_order=False, names_only=False, paths_only=False, topological_graph=False, topological_graph_dot=False, topological_graph_density=False, topological_graph_legend=False, topological_graph_dot_cluster=False, topological_graph_dot_include_skipped=False, verb_parser=<colcon_defaults.argument_parser.defaults.DefaultArgumentsDecorator object at 0x78e6a6906410>, verb_extension=<colcon_package_information.verb.list.ListVerb object at 0x78e6a69055d0>, main=<bound method ListVerb.main of <colcon_package_information.verb.list.ListVerb object at 0x78e6a69055d0>>)
[0.306s] colcon.colcon_core.package_discovery Level 1 discover_packages(colcon_meta) check parameters
[0.306s] colcon.colcon_core.package_discovery Level 1 discover_packages(recursive) check parameters
[0.306s] colcon.colcon_core.package_discovery Level 1 discover_packages(ignore) check parameters
[0.306s] colcon.colcon_core.package_discovery Level 1 discover_packages(path) check parameters
[0.306s] colcon.colcon_core.package_discovery Level 1 discover_packages(colcon_meta) discover
[0.306s] colcon.colcon_core.package_discovery Level 1 discover_packages(recursive) discover
[0.306s] colcon.colcon_core.package_discovery INFO Crawling recursively for packages in '/home/mingadmirer/nuc_ws'
[0.307s] colcon.colcon_core.package_identification Level 1 _identify(.) by extensions ['ignore', 'ignore_ament_install']
[0.307s] colcon.colcon_core.package_identification Level 1 _identify(.) by extension 'ignore'
[0.307s] colcon.colcon_core.package_identification Level 1 _identify(.) by extension 'ignore_ament_install'
[0.307s] colcon.colcon_core.package_identification Level 1 _identify(.) by extensions ['colcon_pkg']
[0.307s] colcon.colcon_core.package_identification Level 1 _identify(.) by extension 'colcon_pkg'
[0.307s] colcon.colcon_core.package_identification Level 1 _identify(.) by extensions ['colcon_meta']
[0.307s] colcon.colcon_core.package_identification Level 1 _identify(.) by extension 'colcon_meta'
[0.307s] colcon.colcon_core.package_identification Level 1 _identify(.) by extensions ['ros']
[0.307s] colcon.colcon_core.package_identification Level 1 _identify(.) by extension 'ros'
[0.319s] colcon.colcon_core.package_identification Level 1 _identify(.) by extensions ['cmake', 'python']
[0.319s] colcon.colcon_core.package_identification Level 1 _identify(.) by extension 'cmake'
[0.319s] colcon.colcon_core.package_identification Level 1 _identify(.) by extension 'python'
[0.319s] colcon.colcon_core.package_identification Level 1 _identify(.) by extensions ['python_setup_py']
[0.319s] colcon.colcon_core.package_identification Level 1 _identify(.) by extension 'python_setup_py'
[0.320s] colcon.colcon_core.package_identification Level 1 _identify(build) by extensions ['ignore', 'ignore_ament_install']
[0.320s] colcon.colcon_core.package_identification Level 1 _identify(build) by extension 'ignore'
[0.320s] colcon.colcon_core.package_identification Level 1 _identify(build) ignored
[0.320s] colcon.colcon_core.package_identification Level 1 _identify(install) by extensions ['ignore', 'ignore_ament_install']
[0.320s] colcon.colcon_core.package_identification Level 1 _identify(install) by extension 'ignore'
[0.320s] colcon.colcon_core.package_identification Level 1 _identify(install) ignored
[0.320s] colcon.colcon_core.package_identification Level 1 _identify(log) by extensions ['ignore', 'ignore_ament_install']
[0.321s] colcon.colcon_core.package_identification Level 1 _identify(log) by extension 'ignore'
[0.321s] colcon.colcon_core.package_identification Level 1 _identify(log) ignored
[0.321s] colcon.colcon_core.package_identification Level 1 _identify(nuc_ws) by extensions ['ignore', 'ignore_ament_install']
[0.321s] colcon.colcon_core.package_identification Level 1 _identify(nuc_ws) by extension 'ignore'
[0.321s] colcon.colcon_core.package_identification Level 1 _identify(nuc_ws) by extension 'ignore_ament_install'
[0.321s] colcon.colcon_core.package_identification Level 1 _identify(nuc_ws) by extensions ['colcon_pkg']
[0.321s] colcon.colcon_core.package_identification Level 1 _identify(nuc_ws) by extension 'colcon_pkg'
[0.321s] colcon.colcon_core.package_identification Level 1 _identify(nuc_ws) by extensions ['colcon_meta']
[0.321s] colcon.colcon_core.package_identification Level 1 _identify(nuc_ws) by extension 'colcon_meta'
[0.321s] colcon.colcon_core.package_identification Level 1 _identify(nuc_ws) by extensions ['ros']
[0.321s] colcon.colcon_core.package_identification Level 1 _identify(nuc_ws) by extension 'ros'
[0.321s] colcon.colcon_core.package_identification Level 1 _identify(nuc_ws) by extensions ['cmake', 'python']
[0.322s] colcon.colcon_core.package_identification Level 1 _identify(nuc_ws) by extension 'cmake'
[0.322s] colcon.colcon_core.package_identification Level 1 _identify(nuc_ws) by extension 'python'
[0.322s] colcon.colcon_core.package_identification Level 1 _identify(nuc_ws) by extensions ['python_setup_py']
[0.322s] colcon.colcon_core.package_identification Level 1 _identify(nuc_ws) by extension 'python_setup_py'
[0.322s] colcon.colcon_core.package_identification Level 1 _identify(nuc_ws/framework) by extensions ['ignore', 'ignore_ament_install']
[0.322s] colcon.colcon_core.package_identification Level 1 _identify(nuc_ws/framework) by extension 'ignore'
[0.322s] colcon.colcon_core.package_identification Level 1 _identify(nuc_ws/framework) by extension 'ignore_ament_install'
[0.322s] colcon.colcon_core.package_identification Level 1 _identify(nuc_ws/framework) by extensions ['colcon_pkg']
[0.322s] colcon.colcon_core.package_identification Level 1 _identify(nuc_ws/framework) by extension 'colcon_pkg'
[0.322s] colcon.colcon_core.package_identification Level 1 _identify(nuc_ws/framework) by extensions ['colcon_meta']
[0.322s] colcon.colcon_core.package_identification Level 1 _identify(nuc_ws/framework) by extension 'colcon_meta'
[0.322s] colcon.colcon_core.package_identification Level 1 _identify(nuc_ws/framework) by extensions ['ros']
[0.322s] colcon.colcon_core.package_identification Level 1 _identify(nuc_ws/framework) by extension 'ros'
[0.323s] colcon.colcon_core.package_identification Level 1 _identify(nuc_ws/framework) by extensions ['cmake', 'python']
[0.323s] colcon.colcon_core.package_identification Level 1 _identify(nuc_ws/framework) by extension 'cmake'
[0.323s] colcon.colcon_core.package_identification Level 1 _identify(nuc_ws/framework) by extension 'python'
[0.323s] colcon.colcon_core.package_identification Level 1 _identify(nuc_ws/framework) by extensions ['python_setup_py']
[0.323s] colcon.colcon_core.package_identification Level 1 _identify(nuc_ws/framework) by extension 'python_setup_py'
[0.323s] colcon.colcon_core.package_identification Level 1 _identify(nuc_ws/framework/串口协议) by extensions ['ignore', 'ignore_ament_install']
[0.323s] colcon.colcon_core.package_identification Level 1 _identify(nuc_ws/framework/串口协议) by extension 'ignore'
[0.323s] colcon.colcon_core.package_identification Level 1 _identify(nuc_ws/framework/串口协议) by extension 'ignore_ament_install'
[0.323s] colcon.colcon_core.package_identification Level 1 _identify(nuc_ws/framework/串口协议) by extensions ['colcon_pkg']
[0.323s] colcon.colcon_core.package_identification Level 1 _identify(nuc_ws/framework/串口协议) by extension 'colcon_pkg'
[0.323s] colcon.colcon_core.package_identification Level 1 _identify(nuc_ws/framework/串口协议) by extensions ['colcon_meta']
[0.323s] colcon.colcon_core.package_identification Level 1 _identify(nuc_ws/framework/串口协议) by extension 'colcon_meta'
[0.323s] colcon.colcon_core.package_identification Level 1 _identify(nuc_ws/framework/串口协议) by extensions ['ros']
[0.324s] colcon.colcon_core.package_identification Level 1 _identify(nuc_ws/framework/串口协议) by extension 'ros'
[0.324s] colcon.colcon_core.package_identification Level 1 _identify(nuc_ws/framework/串口协议) by extensions ['cmake', 'python']
[0.324s] colcon.colcon_core.package_identification Level 1 _identify(nuc_ws/framework/串口协议) by extension 'cmake'
[0.324s] colcon.colcon_core.package_identification Level 1 _identify(nuc_ws/framework/串口协议) by extension 'python'
[0.324s] colcon.colcon_core.package_identification Level 1 _identify(nuc_ws/framework/串口协议) by extensions ['python_setup_py']
[0.324s] colcon.colcon_core.package_identification Level 1 _identify(nuc_ws/framework/串口协议) by extension 'python_setup_py'
[0.324s] colcon.colcon_core.package_identification Level 1 _identify(nuc_ws/requirements) by extensions ['ignore', 'ignore_ament_install']
[0.324s] colcon.colcon_core.package_identification Level 1 _identify(nuc_ws/requirements) by extension 'ignore'
[0.324s] colcon.colcon_core.package_identification Level 1 _identify(nuc_ws/requirements) by extension 'ignore_ament_install'
[0.324s] colcon.colcon_core.package_identification Level 1 _identify(nuc_ws/requirements) by extensions ['colcon_pkg']
[0.324s] colcon.colcon_core.package_identification Level 1 _identify(nuc_ws/requirements) by extension 'colcon_pkg'
[0.324s] colcon.colcon_core.package_identification Level 1 _identify(nuc_ws/requirements) by extensions ['colcon_meta']
[0.324s] colcon.colcon_core.package_identification Level 1 _identify(nuc_ws/requirements) by extension 'colcon_meta'
[0.324s] colcon.colcon_core.package_identification Level 1 _identify(nuc_ws/requirements) by extensions ['ros']
[0.324s] colcon.colcon_core.package_identification Level 1 _identify(nuc_ws/requirements) by extension 'ros'
[0.324s] colcon.colcon_core.package_identification Level 1 _identify(nuc_ws/requirements) by extensions ['cmake', 'python']
[0.324s] colcon.colcon_core.package_identification Level 1 _identify(nuc_ws/requirements) by extension 'cmake'
[0.325s] colcon.colcon_core.package_identification Level 1 _identify(nuc_ws/requirements) by extension 'python'
[0.325s] colcon.colcon_core.package_identification Level 1 _identify(nuc_ws/requirements) by extensions ['python_setup_py']
[0.325s] colcon.colcon_core.package_identification Level 1 _identify(nuc_ws/requirements) by extension 'python_setup_py'
[0.325s] colcon.colcon_core.package_identification Level 1 _identify(nuc_ws/src) by extensions ['ignore', 'ignore_ament_install']
[0.325s] colcon.colcon_core.package_identification Level 1 _identify(nuc_ws/src) by extension 'ignore'
[0.325s] colcon.colcon_core.package_identification Level 1 _identify(nuc_ws/src) by extension 'ignore_ament_install'
[0.325s] colcon.colcon_core.package_identification Level 1 _identify(nuc_ws/src) by extensions ['colcon_pkg']
[0.325s] colcon.colcon_core.package_identification Level 1 _identify(nuc_ws/src) by extension 'colcon_pkg'
[0.325s] colcon.colcon_core.package_identification Level 1 _identify(nuc_ws/src) by extensions ['colcon_meta']
[0.325s] colcon.colcon_core.package_identification Level 1 _identify(nuc_ws/src) by extension 'colcon_meta'
[0.325s] colcon.colcon_core.package_identification Level 1 _identify(nuc_ws/src) by extensions ['ros']
[0.325s] colcon.colcon_core.package_identification Level 1 _identify(nuc_ws/src) by extension 'ros'
[0.325s] colcon.colcon_core.package_identification Level 1 _identify(nuc_ws/src) by extensions ['cmake', 'python']
[0.325s] colcon.colcon_core.package_identification Level 1 _identify(nuc_ws/src) by extension 'cmake'
[0.325s] colcon.colcon_core.package_identification Level 1 _identify(nuc_ws/src) by extension 'python'
[0.325s] colcon.colcon_core.package_identification Level 1 _identify(nuc_ws/src) by extensions ['python_setup_py']
[0.325s] colcon.colcon_core.package_identification Level 1 _identify(nuc_ws/src) by extension 'python_setup_py'
[0.325s] colcon.colcon_core.package_identification Level 1 _identify(nuc_ws/src/nuc_ws) by extensions ['ignore', 'ignore_ament_install']
[0.326s] colcon.colcon_core.package_identification Level 1 _identify(nuc_ws/src/nuc_ws) by extension 'ignore'
[0.326s] colcon.colcon_core.package_identification Level 1 _identify(nuc_ws/src/nuc_ws) by extension 'ignore_ament_install'
[0.326s] colcon.colcon_core.package_identification Level 1 _identify(nuc_ws/src/nuc_ws) by extensions ['colcon_pkg']
[0.326s] colcon.colcon_core.package_identification Level 1 _identify(nuc_ws/src/nuc_ws) by extension 'colcon_pkg'
[0.326s] colcon.colcon_core.package_identification Level 1 _identify(nuc_ws/src/nuc_ws) by extensions ['colcon_meta']
[0.326s] colcon.colcon_core.package_identification Level 1 _identify(nuc_ws/src/nuc_ws) by extension 'colcon_meta'
[0.326s] colcon.colcon_core.package_identification Level 1 _identify(nuc_ws/src/nuc_ws) by extensions ['ros']
[0.326s] colcon.colcon_core.package_identification Level 1 _identify(nuc_ws/src/nuc_ws) by extension 'ros'
[0.326s] colcon.colcon_core.package_identification Level 1 _identify(nuc_ws/src/nuc_ws) by extensions ['cmake', 'python']
[0.326s] colcon.colcon_core.package_identification Level 1 _identify(nuc_ws/src/nuc_ws) by extension 'cmake'
[0.326s] colcon.colcon_core.package_identification Level 1 _identify(nuc_ws/src/nuc_ws) by extension 'python'
[0.326s] colcon.colcon_core.package_identification Level 1 _identify(nuc_ws/src/nuc_ws) by extensions ['python_setup_py']
[0.326s] colcon.colcon_core.package_identification Level 1 _identify(nuc_ws/src/nuc_ws) by extension 'python_setup_py'
[0.326s] colcon.colcon_core.package_identification Level 1 _identify(nuc_ws/src/nuc_ws/log) by extensions ['ignore', 'ignore_ament_install']
[0.326s] colcon.colcon_core.package_identification Level 1 _identify(nuc_ws/src/nuc_ws/log) by extension 'ignore'
[0.327s] colcon.colcon_core.package_identification Level 1 _identify(nuc_ws/src/nuc_ws/log) ignored
[0.327s] colcon.colcon_core.package_identification Level 1 _identify(nuc_ws/src/nuc_ws/src) by extensions ['ignore', 'ignore_ament_install']
[0.327s] colcon.colcon_core.package_identification Level 1 _identify(nuc_ws/src/nuc_ws/src) by extension 'ignore'
[0.327s] colcon.colcon_core.package_identification Level 1 _identify(nuc_ws/src/nuc_ws/src) by extension 'ignore_ament_install'
[0.327s] colcon.colcon_core.package_identification Level 1 _identify(nuc_ws/src/nuc_ws/src) by extensions ['colcon_pkg']
[0.327s] colcon.colcon_core.package_identification Level 1 _identify(nuc_ws/src/nuc_ws/src) by extension 'colcon_pkg'
[0.327s] colcon.colcon_core.package_identification Level 1 _identify(nuc_ws/src/nuc_ws/src) by extensions ['colcon_meta']
[0.327s] colcon.colcon_core.package_identification Level 1 _identify(nuc_ws/src/nuc_ws/src) by extension 'colcon_meta'
[0.327s] colcon.colcon_core.package_identification Level 1 _identify(nuc_ws/src/nuc_ws/src) by extensions ['ros']
[0.327s] colcon.colcon_core.package_identification Level 1 _identify(nuc_ws/src/nuc_ws/src) by extension 'ros'
[0.327s] colcon.colcon_core.package_identification Level 1 _identify(nuc_ws/src/nuc_ws/src) by extensions ['cmake', 'python']
[0.327s] colcon.colcon_core.package_identification Level 1 _identify(nuc_ws/src/nuc_ws/src) by extension 'cmake'
[0.327s] colcon.colcon_core.package_identification Level 1 _identify(nuc_ws/src/nuc_ws/src) by extension 'python'
[0.327s] colcon.colcon_core.package_identification Level 1 _identify(nuc_ws/src/nuc_ws/src) by extensions ['python_setup_py']
[0.327s] colcon.colcon_core.package_identification Level 1 _identify(nuc_ws/src/nuc_ws/src) by extension 'python_setup_py'
[0.328s] colcon.colcon_core.package_identification Level 1 _identify(nuc_ws/src/nuc_ws/src/detection_interfaces) by extensions ['ignore', 'ignore_ament_install']
[0.328s] colcon.colcon_core.package_identification Level 1 _identify(nuc_ws/src/nuc_ws/src/detection_interfaces) by extension 'ignore'
[0.328s] colcon.colcon_core.package_identification Level 1 _identify(nuc_ws/src/nuc_ws/src/detection_interfaces) by extension 'ignore_ament_install'
[0.328s] colcon.colcon_core.package_identification Level 1 _identify(nuc_ws/src/nuc_ws/src/detection_interfaces) by extensions ['colcon_pkg']
[0.328s] colcon.colcon_core.package_identification Level 1 _identify(nuc_ws/src/nuc_ws/src/detection_interfaces) by extension 'colcon_pkg'
[0.328s] colcon.colcon_core.package_identification Level 1 _identify(nuc_ws/src/nuc_ws/src/detection_interfaces) by extensions ['colcon_meta']
[0.328s] colcon.colcon_core.package_identification Level 1 _identify(nuc_ws/src/nuc_ws/src/detection_interfaces) by extension 'colcon_meta'
[0.328s] colcon.colcon_core.package_identification Level 1 _identify(nuc_ws/src/nuc_ws/src/detection_interfaces) by extensions ['ros']
[0.328s] colcon.colcon_core.package_identification Level 1 _identify(nuc_ws/src/nuc_ws/src/detection_interfaces) by extension 'ros'
[0.331s] colcon.colcon_core.package_identification DEBUG Package 'nuc_ws/src/nuc_ws/src/detection_interfaces' with type 'ros.ament_cmake' and name 'detection_interfaces'
[0.331s] colcon.colcon_core.package_identification Level 1 _identify(nuc_ws/src/nuc_ws/src/r2_mission) by extensions ['ignore', 'ignore_ament_install']
[0.331s] colcon.colcon_core.package_identification Level 1 _identify(nuc_ws/src/nuc_ws/src/r2_mission) by extension 'ignore'
[0.331s] colcon.colcon_core.package_identification Level 1 _identify(nuc_ws/src/nuc_ws/src/r2_mission) by extension 'ignore_ament_install'
[0.331s] colcon.colcon_core.package_identification Level 1 _identify(nuc_ws/src/nuc_ws/src/r2_mission) by extensions ['colcon_pkg']
[0.331s] colcon.colcon_core.package_identification Level 1 _identify(nuc_ws/src/nuc_ws/src/r2_mission) by extension 'colcon_pkg'
[0.331s] colcon.colcon_core.package_identification Level 1 _identify(nuc_ws/src/nuc_ws/src/r2_mission) by extensions ['colcon_meta']
[0.331s] colcon.colcon_core.package_identification Level 1 _identify(nuc_ws/src/nuc_ws/src/r2_mission) by extension 'colcon_meta'
[0.331s] colcon.colcon_core.package_identification Level 1 _identify(nuc_ws/src/nuc_ws/src/r2_mission) by extensions ['ros']
[0.331s] colcon.colcon_core.package_identification Level 1 _identify(nuc_ws/src/nuc_ws/src/r2_mission) by extension 'ros'
[0.332s] colcon.colcon_core.package_identification DEBUG Package 'nuc_ws/src/nuc_ws/src/r2_mission' with type 'ros.ament_cmake' and name 'r2_mission'
[0.332s] colcon.colcon_core.package_identification Level 1 _identify(nuc_ws/src/nuc_ws/src/r2_serial_driver) by extensions ['ignore', 'ignore_ament_install']
[0.332s] colcon.colcon_core.package_identification Level 1 _identify(nuc_ws/src/nuc_ws/src/r2_serial_driver) by extension 'ignore'
[0.332s] colcon.colcon_core.package_identification Level 1 _identify(nuc_ws/src/nuc_ws/src/r2_serial_driver) ignored
[0.333s] colcon.colcon_core.package_discovery Level 1 discover_packages(recursive) using defaults
[0.333s] colcon.colcon_core.package_discovery Level 1 discover_packages(ignore) discover
[0.333s] colcon.colcon_core.package_discovery Level 1 discover_packages(ignore) using defaults
[0.333s] colcon.colcon_core.package_discovery Level 1 discover_packages(path) discover
[0.333s] colcon.colcon_core.package_discovery Level 1 discover_packages(path) using defaults
