[ 20%] Building CXX object r2_serial_driver/CMakeFiles/r2_serial_driver_core.dir/src/command_encoder.cpp.o
/home/mingadmirer/nuc_ws/nuc_ws/src/nuc_ws/src/r2_serial_driver/src/command_encoder.cpp: In static member function ‘static std::vector<unsigned char> CommandEncoder::encode(CommandEncoder::MotionType, uint16_t)’:
/home/mingadmirer/nuc_ws/nuc_ws/src/nuc_ws/src/r2_serial_driver/src/command_encoder.cpp:34:14: warning: comparison is always false due to limited range of data type [-Wtype-limits]
   34 |     if (data > 99999) data = 99999;
      |         ~~~~~^~~~~~~
/home/mingadmirer/nuc_ws/nuc_ws/src/nuc_ws/src/r2_serial_driver/src/command_encoder.cpp:34:30: warning: unsigned conversion from ‘int’ to ‘uint16_t’ {aka ‘short unsigned int’} changes value from ‘99999’ to ‘34463’ [-Woverflow]
   34 |     if (data > 99999) data = 99999;
      |                              ^~~~~
[ 40%] Linking CXX static library libr2_serial_driver_core.a
[ 60%] Built target r2_serial_driver_core
[ 80%] Building CXX object CMakeFiles/r2_mission_node.dir/src/mission_node.cpp.o
[100%] Linking CXX executable r2_mission_node
[100%] Built target r2_mission_node
-- Install configuration: ""
-- Installing: /home/mingadmirer/nuc_ws/nuc_ws/src/nuc_ws/install/r2_mission/lib/r2_mission/r2_mission_node
-- Set runtime path of "/home/mingadmirer/nuc_ws/nuc_ws/src/nuc_ws/install/r2_mission/lib/r2_mission/r2_mission_node" to ""
-- Up-to-date: /home/mingadmirer/nuc_ws/nuc_ws/src/nuc_ws/install/r2_mission/share/r2_mission/launch
-- Up-to-date: /home/mingadmirer/nuc_ws/nuc_ws/src/nuc_ws/install/r2_mission/share/r2_mission/launch/bringup.launch.py
-- Up-to-date: /home/mingadmirer/nuc_ws/nuc_ws/src/nuc_ws/install/r2_mission/share/r2_mission/config
-- Up-to-date: /home/mingadmirer/nuc_ws/nuc_ws/src/nuc_ws/install/r2_mission/share/r2_mission/config/params.yaml
-- Up-to-date: /home/mingadmirer/nuc_ws/nuc_ws/src/nuc_ws/install/r2_mission/share/ament_index/resource_index/package_run_dependencies/r2_mission
-- Up-to-date: /home/mingadmirer/nuc_ws/nuc_ws/src/nuc_ws/install/r2_mission/share/ament_index/resource_index/parent_prefix_path/r2_mission
-- Up-to-date: /home/mingadmirer/nuc_ws/nuc_ws/src/nuc_ws/install/r2_mission/share/r2_mission/environment/ament_prefix_path.sh
-- Up-to-date: /home/mingadmirer/nuc_ws/nuc_ws/src/nuc_ws/install/r2_mission/share/r2_mission/environment/ament_prefix_path.dsv
-- Up-to-date: /home/mingadmirer/nuc_ws/nuc_ws/src/nuc_ws/install/r2_mission/share/r2_mission/environment/path.sh
-- Up-to-date: /home/mingadmirer/nuc_ws/nuc_ws/src/nuc_ws/install/r2_mission/share/r2_mission/environment/path.dsv
-- Up-to-date: /home/mingadmirer/nuc_ws/nuc_ws/src/nuc_ws/install/r2_mission/share/r2_mission/local_setup.bash
-- Up-to-date: /home/mingadmirer/nuc_ws/nuc_ws/src/nuc_ws/install/r2_mission/share/r2_mission/local_setup.sh
-- Up-to-date: /home/mingadmirer/nuc_ws/nuc_ws/src/nuc_ws/install/r2_mission/share/r2_mission/local_setup.zsh
-- Up-to-date: /home/mingadmirer/nuc_ws/nuc_ws/src/nuc_ws/install/r2_mission/share/r2_mission/local_setup.dsv
-- Installing: /home/mingadmirer/nuc_ws/nuc_ws/src/nuc_ws/install/r2_mission/share/r2_mission/package.dsv
-- Up-to-date: /home/mingadmirer/nuc_ws/nuc_ws/src/nuc_ws/install/r2_mission/share/ament_index/resource_index/packages/r2_mission
-- Up-to-date: /home/mingadmirer/nuc_ws/nuc_ws/src/nuc_ws/install/r2_mission/share/r2_mission/cmake/r2_missionConfig.cmake
-- Up-to-date: /home/mingadmirer/nuc_ws/nuc_ws/src/nuc_ws/install/r2_mission/share/r2_mission/cmake/r2_missionConfig-version.cmake
-- Up-to-date: /home/mingadmirer/nuc_ws/nuc_ws/src/nuc_ws/install/r2_mission/share/r2_mission/package.xml
-- Installing: /home/mingadmirer/nuc_ws/nuc_ws/src/nuc_ws/install/r2_mission/lib/libr2_serial_driver_core.a
