/root/nuc_ws/nuc_ws/src/nuc_ws/src/r2_serial_driver/src/command_encoder.cpp: In static member function ‘static const char* CommandEncoder::expectedAck(const std::vector<unsigned char>&)’:
/root/nuc_ws/nuc_ws/src/nuc_ws/src/r2_serial_driver/src/command_encoder.cpp:82:10: error: ‘string’ is not a member of ‘std’
   82 |     std::string cmd(frame.begin() + 1, frame.begin() + 5);
      |          ^~~~~~
/root/nuc_ws/nuc_ws/src/nuc_ws/src/r2_serial_driver/src/command_encoder.cpp:4:1: note: ‘std::string’ is defined in header ‘<string>’; did you forget to ‘#include <string>’?
    3 | #include <cstdio>
  +++ |+#include <string>
    4 | 
/root/nuc_ws/nuc_ws/src/nuc_ws/src/r2_serial_driver/src/command_encoder.cpp:83:10: error: ‘string’ is not a member of ‘std’
   83 |     std::string data(frame.begin() + 5, frame.begin() + 10);
      |          ^~~~~~
/root/nuc_ws/nuc_ws/src/nuc_ws/src/r2_serial_driver/src/command_encoder.cpp:83:10: note: ‘std::string’ is defined in header ‘<string>’; did you forget to ‘#include <string>’?
/root/nuc_ws/nuc_ws/src/nuc_ws/src/r2_serial_driver/src/command_encoder.cpp:85:9: error: ‘cmd’ was not declared in this scope
   85 |     if (cmd == "stop") return "Car stopped";
      |         ^~~
/root/nuc_ws/nuc_ws/src/nuc_ws/src/r2_serial_driver/src/command_encoder.cpp:86:9: error: ‘cmd’ was not declared in this scope
   86 |     if (cmd == "fwrd") return "Car forward";
      |         ^~~
/root/nuc_ws/nuc_ws/src/nuc_ws/src/r2_serial_driver/src/command_encoder.cpp:87:9: error: ‘cmd’ was not declared in this scope
   87 |     if (cmd == "bwrd") return "Car backward";
      |         ^~~
/root/nuc_ws/nuc_ws/src/nuc_ws/src/r2_serial_driver/src/command_encoder.cpp:88:9: error: ‘cmd’ was not declared in this scope
   88 |     if (cmd == "ltrn") return "Car turn left";
      |         ^~~
/root/nuc_ws/nuc_ws/src/nuc_ws/src/r2_serial_driver/src/command_encoder.cpp:89:9: error: ‘cmd’ was not declared in this scope
   89 |     if (cmd == "rtrn") return "Car turn right";
      |         ^~~
/root/nuc_ws/nuc_ws/src/nuc_ws/src/r2_serial_driver/src/command_encoder.cpp:90:9: error: ‘cmd’ was not declared in this scope
   90 |     if (cmd == "ltrl") return "Car translate left";
      |         ^~~
/root/nuc_ws/nuc_ws/src/nuc_ws/src/r2_serial_driver/src/command_encoder.cpp:91:9: error: ‘cmd’ was not declared in this scope
   91 |     if (cmd == "rtrl") return "Car translate right";
      |         ^~~
/root/nuc_ws/nuc_ws/src/nuc_ws/src/r2_serial_driver/src/command_encoder.cpp:93:9: error: ‘cmd’ was not declared in this scope
   93 |     if (cmd == "upwd") return (data == "55555") ? "car block up" : "car lift up";
      |         ^~~
/root/nuc_ws/nuc_ws/src/nuc_ws/src/r2_serial_driver/src/command_encoder.cpp:93:32: error: ‘data’ was not declared in this scope; did you mean ‘std::data’?
   93 |     if (cmd == "upwd") return (data == "55555") ? "car block up" : "car lift up";
      |                                ^~~~
      |                                std::data
In file included from /usr/include/c++/11/vector:69,
                 from /root/nuc_ws/nuc_ws/src/nuc_ws/src/r2_serial_driver/src/command_encoder.h:5,
                 from /root/nuc_ws/nuc_ws/src/nuc_ws/src/r2_serial_driver/src/command_encoder.cpp:1:
/usr/include/c++/11/bits/range_access.h:319:5: note: ‘std::data’ declared here
  319 |     data(initializer_list<_Tp> __il) noexcept
      |     ^~~~
/root/nuc_ws/nuc_ws/src/nuc_ws/src/r2_serial_driver/src/command_encoder.cpp:94:9: error: ‘cmd’ was not declared in this scope
   94 |     if (cmd == "dwnd") return (data == "55555") ? "car block down" : "car lift down";
      |         ^~~
/root/nuc_ws/nuc_ws/src/nuc_ws/src/r2_serial_driver/src/command_encoder.cpp:94:32: error: ‘data’ was not declared in this scope; did you mean ‘std::data’?
   94 |     if (cmd == "dwnd") return (data == "55555") ? "car block down" : "car lift down";
      |                                ^~~~
      |                                std::data
In file included from /usr/include/c++/11/vector:69,
                 from /root/nuc_ws/nuc_ws/src/nuc_ws/src/r2_serial_driver/src/command_encoder.h:5,
                 from /root/nuc_ws/nuc_ws/src/nuc_ws/src/r2_serial_driver/src/command_encoder.cpp:1:
/usr/include/c++/11/bits/range_access.h:319:5: note: ‘std::data’ declared here
  319 |     data(initializer_list<_Tp> __il) noexcept
      |     ^~~~
/root/nuc_ws/nuc_ws/src/nuc_ws/src/r2_serial_driver/src/command_encoder.cpp:96:9: error: ‘cmd’ was not declared in this scope
   96 |     if (cmd == "doff") return "doff set";
      |         ^~~
/root/nuc_ws/nuc_ws/src/nuc_ws/src/r2_serial_driver/src/command_encoder.cpp:97:9: error: ‘cmd’ was not declared in this scope
   97 |     if (cmd == "dofs") return "dofs set";
      |         ^~~
/root/nuc_ws/nuc_ws/src/nuc_ws/src/r2_serial_driver/src/command_encoder.cpp:98:9: error: ‘cmd’ was not declared in this scope
   98 |     if (cmd == "doft") return "doft set";
      |         ^~~
/root/nuc_ws/nuc_ws/src/nuc_ws/src/r2_serial_driver/src/command_encoder.cpp:100:9: error: ‘cmd’ was not declared in this scope
  100 |     if (cmd == "suck") return (data == "55555") ? "suck vacuum" : "suck blow";
      |         ^~~
/root/nuc_ws/nuc_ws/src/nuc_ws/src/r2_serial_driver/src/command_encoder.cpp:100:32: error: ‘data’ was not declared in this scope; did you mean ‘std::data’?
  100 |     if (cmd == "suck") return (data == "55555") ? "suck vacuum" : "suck blow";
      |                                ^~~~
      |                                std::data
In file included from /usr/include/c++/11/vector:69,
                 from /root/nuc_ws/nuc_ws/src/nuc_ws/src/r2_serial_driver/src/command_encoder.h:5,
                 from /root/nuc_ws/nuc_ws/src/nuc_ws/src/r2_serial_driver/src/command_encoder.cpp:1:
/usr/include/c++/11/bits/range_access.h:319:5: note: ‘std::data’ declared here
  319 |     data(initializer_list<_Tp> __il) noexcept
      |     ^~~~
/root/nuc_ws/nuc_ws/src/nuc_ws/src/r2_serial_driver/src/command_encoder.cpp:102:9: error: ‘cmd’ was not declared in this scope
  102 |     if (cmd == "taup") return "table up";
      |         ^~~
/root/nuc_ws/nuc_ws/src/nuc_ws/src/r2_serial_driver/src/command_encoder.cpp:103:9: error: ‘cmd’ was not declared in this scope
  103 |     if (cmd == "tadw") return "table down";
      |         ^~~
/root/nuc_ws/nuc_ws/src/nuc_ws/src/r2_serial_driver/src/command_encoder.cpp:105:9: error: ‘cmd’ was not declared in this scope
  105 |     if (cmd == "fing") return (data == "55555") ? "finger grip" : "finger release";
      |         ^~~
/root/nuc_ws/nuc_ws/src/nuc_ws/src/r2_serial_driver/src/command_encoder.cpp:105:32: error: ‘data’ was not declared in this scope; did you mean ‘std::data’?
  105 |     if (cmd == "fing") return (data == "55555") ? "finger grip" : "finger release";
      |                                ^~~~
      |                                std::data
In file included from /usr/include/c++/11/vector:69,
                 from /root/nuc_ws/nuc_ws/src/nuc_ws/src/r2_serial_driver/src/command_encoder.h:5,
                 from /root/nuc_ws/nuc_ws/src/nuc_ws/src/r2_serial_driver/src/command_encoder.cpp:1:
/usr/include/c++/11/bits/range_access.h:319:5: note: ‘std::data’ declared here
  319 |     data(initializer_list<_Tp> __il) noexcept
      |     ^~~~
/root/nuc_ws/nuc_ws/src/nuc_ws/src/r2_serial_driver/src/command_encoder.cpp:106:9: error: ‘cmd’ was not declared in this scope
  106 |     if (cmd == "fwrs") return "finger wrist set";
      |         ^~~
gmake[2]: *** [r2_serial_driver/CMakeFiles/r2_serial_driver_core.dir/build.make:90：r2_serial_driver/CMakeFiles/r2_serial_driver_core.dir/src/command_encoder.cpp.o] 错误 1
gmake[1]: *** [CMakeFiles/Makefile2:208：r2_serial_driver/CMakeFiles/r2_serial_driver_core.dir/all] 错误 2
gmake: *** [Makefile:146：all] 错误 2
