[0.061s] Invoking command in '/root/nuc_ws/build/r2_mission': AMENT_PREFIX_PATH=/root/nuc_ws/install/detection_interfaces:${AMENT_PREFIX_PATH} CMAKE_PREFIX_PATH=/root/nuc_ws/install/detection_interfaces:/home/sunrise/yolov8_bpu_ws/install/astra_camera:/home/sunrise/yolov8_bpu_ws/install/astra_camera_msgs:/home/sunrise/yolov8_bpu_ws/install/yolov8_bpu:/opt/tros/humble:/opt/ros/humble LD_LIBRARY_PATH=/root/nuc_ws/install/detection_interfaces/lib:/home/sunrise/yolov8_bpu_ws/install/astra_camera/lib:/home/sunrise/yolov8_bpu_ws/install/astra_camera_msgs/lib:/opt/tros/humble/lib/aarch64-linux-gnu:/opt/tros/humble/lib:/opt/ros/humble/opt/rviz_ogre_vendor/lib:/opt/ros/humble/lib/aarch64-linux-gnu:/opt/ros/humble/lib:/usr/hobot/lib:/app/lib:/app/pub/lib:/middleware/lib:/middleware/pub/lib:/usr/hobot/lib/sensor:/system/lib:/system/usr/lib:/lib PYTHONPATH=/root/nuc_ws/install/detection_interfaces/local/lib/python3.10/dist-packages:${PYTHONPATH} /usr/bin/cmake /root/nuc_ws/nuc_ws/src/nuc_ws/src/r2_mission -DCMAKE_INSTALL_PREFIX=/root/nuc_ws/install/r2_mission
[0.423s] -- The C compiler identification is GNU 11.2.0
[0.813s] -- The CXX compiler identification is GNU 11.2.0
[0.854s] -- Detecting C compiler ABI info
[1.303s] -- Detecting C compiler ABI info - done
[1.356s] -- Check for working C compiler: /usr/bin/cc - skipped
[1.357s] -- Detecting C compile features
[1.359s] -- Detecting C compile features - done
[1.378s] -- Detecting CXX compiler ABI info
[1.916s] -- Detecting CXX compiler ABI info - done
[1.969s] -- Check for working CXX compiler: /usr/bin/c++ - skipped
[1.970s] -- Detecting CXX compile features
[1.972s] -- Detecting CXX compile features - done
[1.986s] -- Found ament_cmake: 1.3.12 (/opt/ros/humble/share/ament_cmake/cmake)
[5.195s] -- Found Python3: /usr/bin/python3 (found version "3.10.12") found components: Interpreter 
[5.955s] -- Found rclcpp: 16.0.14 (/opt/ros/humble/share/rclcpp/cmake)
[6.276s] -- Found rosidl_generator_c: 3.1.7 (/opt/ros/humble/share/rosidl_generator_c/cmake)
[6.312s] -- Found rosidl_adapter: 3.1.7 (/opt/ros/humble/share/rosidl_adapter/cmake)
[6.371s] -- Found rosidl_generator_cpp: 3.1.7 (/opt/ros/humble/share/rosidl_generator_cpp/cmake)
[6.458s] -- Using all available rosidl_typesupport_c: rosidl_typesupport_fastrtps_c;rosidl_typesupport_introspection_c
[6.572s] -- Using all available rosidl_typesupport_cpp: rosidl_typesupport_fastrtps_cpp;rosidl_typesupport_introspection_cpp
[7.268s] -- Found rmw_implementation_cmake: 6.1.2 (/opt/ros/humble/share/rmw_implementation_cmake/cmake)
[7.291s] -- Found rmw_fastrtps_cpp: 6.2.8 (/opt/ros/humble/share/rmw_fastrtps_cpp/cmake)
[7.817s] -- Found OpenSSL: /usr/lib/aarch64-linux-gnu/libcrypto.so (found version "3.0.2")  
[7.976s] -- Found FastRTPS: /opt/ros/humble/include  
[8.194s] -- Using RMW implementation 'rmw_fastrtps_cpp' as default
[8.260s] -- Looking for pthread.h
[8.720s] -- Looking for pthread.h - found
[8.726s] -- Performing Test CMAKE_HAVE_LIBC_PTHREAD
[9.222s] -- Performing Test CMAKE_HAVE_LIBC_PTHREAD - Success
[9.232s] -- Found Threads: TRUE  
[9.712s] -- Found detection_interfaces: 1.0.0 (/root/nuc_ws/install/detection_interfaces/share/detection_interfaces/cmake)
[10.496s] -- Configuring done
[10.587s] -- Generating done
[10.625s] -- Build files have been written to: /root/nuc_ws/build/r2_mission
[10.710s] Invoked command in '/root/nuc_ws/build/r2_mission' returned '0': AMENT_PREFIX_PATH=/root/nuc_ws/install/detection_interfaces:${AMENT_PREFIX_PATH} CMAKE_PREFIX_PATH=/root/nuc_ws/install/detection_interfaces:/home/sunrise/yolov8_bpu_ws/install/astra_camera:/home/sunrise/yolov8_bpu_ws/install/astra_camera_msgs:/home/sunrise/yolov8_bpu_ws/install/yolov8_bpu:/opt/tros/humble:/opt/ros/humble LD_LIBRARY_PATH=/root/nuc_ws/install/detection_interfaces/lib:/home/sunrise/yolov8_bpu_ws/install/astra_camera/lib:/home/sunrise/yolov8_bpu_ws/install/astra_camera_msgs/lib:/opt/tros/humble/lib/aarch64-linux-gnu:/opt/tros/humble/lib:/opt/ros/humble/opt/rviz_ogre_vendor/lib:/opt/ros/humble/lib/aarch64-linux-gnu:/opt/ros/humble/lib:/usr/hobot/lib:/app/lib:/app/pub/lib:/middleware/lib:/middleware/pub/lib:/usr/hobot/lib/sensor:/system/lib:/system/usr/lib:/lib PYTHONPATH=/root/nuc_ws/install/detection_interfaces/local/lib/python3.10/dist-packages:${PYTHONPATH} /usr/bin/cmake /root/nuc_ws/nuc_ws/src/nuc_ws/src/r2_mission -DCMAKE_INSTALL_PREFIX=/root/nuc_ws/install/r2_mission
[10.718s] Invoking command in '/root/nuc_ws/build/r2_mission': AMENT_PREFIX_PATH=/root/nuc_ws/install/detection_interfaces:${AMENT_PREFIX_PATH} CMAKE_PREFIX_PATH=/root/nuc_ws/install/detection_interfaces:/home/sunrise/yolov8_bpu_ws/install/astra_camera:/home/sunrise/yolov8_bpu_ws/install/astra_camera_msgs:/home/sunrise/yolov8_bpu_ws/install/yolov8_bpu:/opt/tros/humble:/opt/ros/humble LD_LIBRARY_PATH=/root/nuc_ws/install/detection_interfaces/lib:/home/sunrise/yolov8_bpu_ws/install/astra_camera/lib:/home/sunrise/yolov8_bpu_ws/install/astra_camera_msgs/lib:/opt/tros/humble/lib/aarch64-linux-gnu:/opt/tros/humble/lib:/opt/ros/humble/opt/rviz_ogre_vendor/lib:/opt/ros/humble/lib/aarch64-linux-gnu:/opt/ros/humble/lib:/usr/hobot/lib:/app/lib:/app/pub/lib:/middleware/lib:/middleware/pub/lib:/usr/hobot/lib/sensor:/system/lib:/system/usr/lib:/lib PYTHONPATH=/root/nuc_ws/install/detection_interfaces/local/lib/python3.10/dist-packages:${PYTHONPATH} /usr/bin/cmake --build /root/nuc_ws/build/r2_mission -- -j8 -l8
[11.003s] [ 14%] Building CXX object r2_serial_driver/CMakeFiles/r2_serial_driver_core.dir/src/serial_interface.cpp.o
[13.490s] [ 28%] Building CXX object r2_serial_driver/CMakeFiles/r2_serial_driver_core.dir/src/command_encoder.cpp.o
[14.226s] /root/nuc_ws/nuc_ws/src/nuc_ws/src/r2_serial_driver/src/command_encoder.cpp: In static member function ‘static const char* CommandEncoder::expectedAck(const std::vector<unsigned char>&)’:
[14.227s] /root/nuc_ws/nuc_ws/src/nuc_ws/src/r2_serial_driver/src/command_encoder.cpp:82:10: error: ‘string’ is not a member of ‘std’
[14.229s]    82 |     std::string cmd(frame.begin() + 1, frame.begin() + 5);
[14.230s]       |          ^~~~~~
[14.231s] /root/nuc_ws/nuc_ws/src/nuc_ws/src/r2_serial_driver/src/command_encoder.cpp:4:1: note: ‘std::string’ is defined in header ‘<string>’; did you forget to ‘#include <string>’?
[14.231s]     3 | #include <cstdio>
[14.232s]   +++ |+#include <string>
[14.233s]     4 | 
[14.233s] /root/nuc_ws/nuc_ws/src/nuc_ws/src/r2_serial_driver/src/command_encoder.cpp:83:10: error: ‘string’ is not a member of ‘std’
[14.234s]    83 |     std::string data(frame.begin() + 5, frame.begin() + 10);
[14.235s]       |          ^~~~~~
[14.235s] /root/nuc_ws/nuc_ws/src/nuc_ws/src/r2_serial_driver/src/command_encoder.cpp:83:10: note: ‘std::string’ is defined in header ‘<string>’; did you forget to ‘#include <string>’?
[14.242s] /root/nuc_ws/nuc_ws/src/nuc_ws/src/r2_serial_driver/src/command_encoder.cpp:85:9: error: ‘cmd’ was not declared in this scope
[14.243s]    85 |     if (cmd == "stop") return "Car stopped";
[14.244s]       |         ^~~
[14.257s] /root/nuc_ws/nuc_ws/src/nuc_ws/src/r2_serial_driver/src/command_encoder.cpp:86:9: error: ‘cmd’ was not declared in this scope
[14.258s]    86 |     if (cmd == "fwrd") return "Car forward";
[14.259s]       |         ^~~
[14.273s] /root/nuc_ws/nuc_ws/src/nuc_ws/src/r2_serial_driver/src/command_encoder.cpp:87:9: error: ‘cmd’ was not declared in this scope
[14.274s]    87 |     if (cmd == "bwrd") return "Car backward";
[14.274s]       |         ^~~
[14.289s] /root/nuc_ws/nuc_ws/src/nuc_ws/src/r2_serial_driver/src/command_encoder.cpp:88:9: error: ‘cmd’ was not declared in this scope
[14.289s]    88 |     if (cmd == "ltrn") return "Car turn left";
[14.290s]       |         ^~~
[14.305s] /root/nuc_ws/nuc_ws/src/nuc_ws/src/r2_serial_driver/src/command_encoder.cpp:89:9: error: ‘cmd’ was not declared in this scope
[14.306s]    89 |     if (cmd == "rtrn") return "Car turn right";
[14.306s]       |         ^~~
[14.321s] /root/nuc_ws/nuc_ws/src/nuc_ws/src/r2_serial_driver/src/command_encoder.cpp:90:9: error: ‘cmd’ was not declared in this scope
[14.322s]    90 |     if (cmd == "ltrl") return "Car translate left";
[14.323s]       |         ^~~
[14.338s] /root/nuc_ws/nuc_ws/src/nuc_ws/src/r2_serial_driver/src/command_encoder.cpp:91:9: error: ‘cmd’ was not declared in this scope
[14.338s]    91 |     if (cmd == "rtrl") return "Car translate right";
[14.339s]       |         ^~~
[14.357s] /root/nuc_ws/nuc_ws/src/nuc_ws/src/r2_serial_driver/src/command_encoder.cpp:93:9: error: ‘cmd’ was not declared in this scope
[14.358s]    93 |     if (cmd == "upwd") return (data == "55555") ? "car block up" : "car lift up";
[14.359s]       |         ^~~
[14.359s] /root/nuc_ws/nuc_ws/src/nuc_ws/src/r2_serial_driver/src/command_encoder.cpp:93:32: error: ‘data’ was not declared in this scope; did you mean ‘std::data’?
[14.360s]    93 |     if (cmd == "upwd") return (data == "55555") ? "car block up" : "car lift up";
[14.361s]       |                                ^~~~
[14.361s]       |                                std::data
[14.362s] In file included from /usr/include/c++/11/vector:69,
[14.363s]                  from /root/nuc_ws/nuc_ws/src/nuc_ws/src/r2_serial_driver/src/command_encoder.h:5,
[14.363s]                  from /root/nuc_ws/nuc_ws/src/nuc_ws/src/r2_serial_driver/src/command_encoder.cpp:1:
[14.364s] /usr/include/c++/11/bits/range_access.h:319:5: note: ‘std::data’ declared here
[14.365s]   319 |     data(initializer_list<_Tp> __il) noexcept
[14.365s]       |     ^~~~
[14.376s] /root/nuc_ws/nuc_ws/src/nuc_ws/src/r2_serial_driver/src/command_encoder.cpp:94:9: error: ‘cmd’ was not declared in this scope
[14.376s]    94 |     if (cmd == "dwnd") return (data == "55555") ? "car block down" : "car lift down";
[14.377s]       |         ^~~
[14.378s] /root/nuc_ws/nuc_ws/src/nuc_ws/src/r2_serial_driver/src/command_encoder.cpp:94:32: error: ‘data’ was not declared in this scope; did you mean ‘std::data’?
[14.379s]    94 |     if (cmd == "dwnd") return (data == "55555") ? "car block down" : "car lift down";
[14.380s]       |                                ^~~~
[14.380s]       |                                std::data
[14.381s] In file included from /usr/include/c++/11/vector:69,
[14.382s]                  from /root/nuc_ws/nuc_ws/src/nuc_ws/src/r2_serial_driver/src/command_encoder.h:5,
[14.383s]                  from /root/nuc_ws/nuc_ws/src/nuc_ws/src/r2_serial_driver/src/command_encoder.cpp:1:
[14.384s] /usr/include/c++/11/bits/range_access.h:319:5: note: ‘std::data’ declared here
[14.384s]   319 |     data(initializer_list<_Tp> __il) noexcept
[14.385s]       |     ^~~~
[14.392s] /root/nuc_ws/nuc_ws/src/nuc_ws/src/r2_serial_driver/src/command_encoder.cpp:96:9: error: ‘cmd’ was not declared in this scope
[14.393s]    96 |     if (cmd == "doff") return "doff set";
[14.393s]       |         ^~~
[14.408s] /root/nuc_ws/nuc_ws/src/nuc_ws/src/r2_serial_driver/src/command_encoder.cpp:97:9: error: ‘cmd’ was not declared in this scope
[14.409s]    97 |     if (cmd == "dofs") return "dofs set";
[14.409s]       |         ^~~
[14.425s] /root/nuc_ws/nuc_ws/src/nuc_ws/src/r2_serial_driver/src/command_encoder.cpp:98:9: error: ‘cmd’ was not declared in this scope
[14.426s]    98 |     if (cmd == "doft") return "doft set";
[14.427s]       |         ^~~
[14.447s] /root/nuc_ws/nuc_ws/src/nuc_ws/src/r2_serial_driver/src/command_encoder.cpp:100:9: error: ‘cmd’ was not declared in this scope
[14.451s]   100 |     if (cmd == "suck") return (data == "55555") ? "suck vacuum" : "suck blow";
[14.452s]       |         ^~~
[14.453s] /root/nuc_ws/nuc_ws/src/nuc_ws/src/r2_serial_driver/src/command_encoder.cpp:100:32: error: ‘data’ was not declared in this scope; did you mean ‘std::data’?
[14.453s]   100 |     if (cmd == "suck") return (data == "55555") ? "suck vacuum" : "suck blow";
[14.454s]       |                                ^~~~
[14.455s]       |                                std::data
[14.456s] In file included from /usr/include/c++/11/vector:69,
[14.456s]                  from /root/nuc_ws/nuc_ws/src/nuc_ws/src/r2_serial_driver/src/command_encoder.h:5,
[14.457s]                  from /root/nuc_ws/nuc_ws/src/nuc_ws/src/r2_serial_driver/src/command_encoder.cpp:1:
[14.458s] /usr/include/c++/11/bits/range_access.h:319:5: note: ‘std::data’ declared here
[14.458s]   319 |     data(initializer_list<_Tp> __il) noexcept
[14.459s]       |     ^~~~
[14.465s] /root/nuc_ws/nuc_ws/src/nuc_ws/src/r2_serial_driver/src/command_encoder.cpp:102:9: error: ‘cmd’ was not declared in this scope
[14.465s]   102 |     if (cmd == "taup") return "table up";
[14.466s]       |         ^~~
[14.482s] /root/nuc_ws/nuc_ws/src/nuc_ws/src/r2_serial_driver/src/command_encoder.cpp:103:9: error: ‘cmd’ was not declared in this scope
[14.483s]   103 |     if (cmd == "tadw") return "table down";
[14.483s]       |         ^~~
[14.500s] /root/nuc_ws/nuc_ws/src/nuc_ws/src/r2_serial_driver/src/command_encoder.cpp:105:9: error: ‘cmd’ was not declared in this scope
[14.501s]   105 |     if (cmd == "fing") return (data == "55555") ? "finger grip" : "finger release";
[14.502s]       |         ^~~
[14.503s] /root/nuc_ws/nuc_ws/src/nuc_ws/src/r2_serial_driver/src/command_encoder.cpp:105:32: error: ‘data’ was not declared in this scope; did you mean ‘std::data’?
[14.503s]   105 |     if (cmd == "fing") return (data == "55555") ? "finger grip" : "finger release";
[14.504s]       |                                ^~~~
[14.505s]       |                                std::data
[14.506s] In file included from /usr/include/c++/11/vector:69,
[14.506s]                  from /root/nuc_ws/nuc_ws/src/nuc_ws/src/r2_serial_driver/src/command_encoder.h:5,
[14.507s]                  from /root/nuc_ws/nuc_ws/src/nuc_ws/src/r2_serial_driver/src/command_encoder.cpp:1:
[14.509s] /usr/include/c++/11/bits/range_access.h:319:5: note: ‘std::data’ declared here
[14.510s]   319 |     data(initializer_list<_Tp> __il) noexcept
[14.512s]       |     ^~~~
[14.523s] /root/nuc_ws/nuc_ws/src/nuc_ws/src/r2_serial_driver/src/command_encoder.cpp:106:9: error: ‘cmd’ was not declared in this scope
[14.524s]   106 |     if (cmd == "fwrs") return "finger wrist set";
[14.525s]       |         ^~~
[14.588s] gmake[2]: *** [r2_serial_driver/CMakeFiles/r2_serial_driver_core.dir/build.make:90：r2_serial_driver/CMakeFiles/r2_serial_driver_core.dir/src/command_encoder.cpp.o] 错误 1
[14.591s] gmake[1]: *** [CMakeFiles/Makefile2:208：r2_serial_driver/CMakeFiles/r2_serial_driver_core.dir/all] 错误 2
[14.592s] gmake: *** [Makefile:146：all] 错误 2
[14.601s] Invoked command in '/root/nuc_ws/build/r2_mission' returned '2': AMENT_PREFIX_PATH=/root/nuc_ws/install/detection_interfaces:${AMENT_PREFIX_PATH} CMAKE_PREFIX_PATH=/root/nuc_ws/install/detection_interfaces:/home/sunrise/yolov8_bpu_ws/install/astra_camera:/home/sunrise/yolov8_bpu_ws/install/astra_camera_msgs:/home/sunrise/yolov8_bpu_ws/install/yolov8_bpu:/opt/tros/humble:/opt/ros/humble LD_LIBRARY_PATH=/root/nuc_ws/install/detection_interfaces/lib:/home/sunrise/yolov8_bpu_ws/install/astra_camera/lib:/home/sunrise/yolov8_bpu_ws/install/astra_camera_msgs/lib:/opt/tros/humble/lib/aarch64-linux-gnu:/opt/tros/humble/lib:/opt/ros/humble/opt/rviz_ogre_vendor/lib:/opt/ros/humble/lib/aarch64-linux-gnu:/opt/ros/humble/lib:/usr/hobot/lib:/app/lib:/app/pub/lib:/middleware/lib:/middleware/pub/lib:/usr/hobot/lib/sensor:/system/lib:/system/usr/lib:/lib PYTHONPATH=/root/nuc_ws/install/detection_interfaces/local/lib/python3.10/dist-packages:${PYTHONPATH} /usr/bin/cmake --build /root/nuc_ws/build/r2_mission -- -j8 -l8
