[0.119s] [34mcolcon[0m [1;30mDEBUG[0m [32mCommand line arguments: ['/usr/bin/colcon', 'build'][0m
[0.119s] [34mcolcon[0m [1;30mDEBUG[0m [32mParsed command line arguments: Namespace(log_base=None, log_level=None, verb_name='build', build_base='build', install_base='install', merge_install=False, symlink_install=False, test_result_base=None, continue_on_error=False, executor='parallel', parallel_workers=8, event_handlers=None, ignore_user_meta=False, metas=['./colcon.meta'], base_paths=['.'], packages_ignore=None, packages_ignore_regex=None, paths=None, packages_up_to=None, packages_up_to_regex=None, packages_above=None, packages_above_and_dependencies=None, packages_above_depth=None, packages_select_by_dep=None, packages_skip_by_dep=None, packages_skip_up_to=None, packages_select_build_failed=False, packages_skip_build_finished=False, packages_select_test_failures=False, packages_skip_test_passed=False, packages_select=None, packages_skip=None, packages_select_regex=None, packages_skip_regex=None, packages_start=None, packages_end=None, allow_overriding=[], cmake_args=None, cmake_target=None, cmake_target_skip_unavailable=False, cmake_clean_cache=False, cmake_clean_first=False, cmake_force_configure=False, ament_cmake_args=None, catkin_cmake_args=None, catkin_skip_building_tests=False, verb_parser=<colcon_defaults.argument_parser.defaults.DefaultArgumentsDecorator object at 0x747e84806020>, verb_extension=<colcon_core.verb.build.BuildVerb object at 0x747e84fcb490>, main=<bound method BuildVerb.main of <colcon_core.verb.build.BuildVerb object at 0x747e84fcb490>>)[0m
[0.300s] [34mcolcon.colcon_core.package_discovery[0m [1;30mLevel 1[0m discover_packages(colcon_meta) check parameters
[0.300s] [34mcolcon.colcon_core.package_discovery[0m [1;30mLevel 1[0m discover_packages(recursive) check parameters
[0.301s] [34mcolcon.colcon_core.package_discovery[0m [1;30mLevel 1[0m discover_packages(ignore) check parameters
[0.301s] [34mcolcon.colcon_core.package_discovery[0m [1;30mLevel 1[0m discover_packages(path) check parameters
[0.301s] [34mcolcon.colcon_core.package_discovery[0m [1;30mLevel 1[0m discover_packages(colcon_meta) discover
[0.301s] [34mcolcon.colcon_core.package_discovery[0m [1;30mLevel 1[0m discover_packages(recursive) discover
[0.301s] [34mcolcon.colcon_core.package_discovery[0m [1;30mINFO[0m Crawling recursively for packages in '/home/mingadmirer/nuc_ws/nuc_ws/src/nuc_ws'
[0.301s] [34mcolcon.colcon_core.package_identification[0m [1;30mLevel 1[0m _identify(.) by extensions ['ignore', 'ignore_ament_install']
[0.301s] [34mcolcon.colcon_core.package_identification[0m [1;30mLevel 1[0m _identify(.) by extension 'ignore'
[0.301s] [34mcolcon.colcon_core.package_identification[0m [1;30mLevel 1[0m _identify(.) by extension 'ignore_ament_install'
[0.301s] [34mcolcon.colcon_core.package_identification[0m [1;30mLevel 1[0m _identify(.) by extensions ['colcon_pkg']
[0.302s] [34mcolcon.colcon_core.package_identification[0m [1;30mLevel 1[0m _identify(.) by extension 'colcon_pkg'
[0.302s] [34mcolcon.colcon_core.package_identification[0m [1;30mLevel 1[0m _identify(.) by extensions ['colcon_meta']
[0.302s] [34mcolcon.colcon_core.package_identification[0m [1;30mLevel 1[0m _identify(.) by extension 'colcon_meta'
[0.302s] [34mcolcon.colcon_core.package_identification[0m [1;30mLevel 1[0m _identify(.) by extensions ['ros']
[0.302s] [34mcolcon.colcon_core.package_identification[0m [1;30mLevel 1[0m _identify(.) by extension 'ros'
[0.315s] [34mcolcon.colcon_core.package_identification[0m [1;30mLevel 1[0m _identify(.) by extensions ['cmake', 'python']
[0.315s] [34mcolcon.colcon_core.package_identification[0m [1;30mLevel 1[0m _identify(.) by extension 'cmake'
[0.315s] [34mcolcon.colcon_core.package_identification[0m [1;30mLevel 1[0m _identify(.) by extension 'python'
[0.315s] [34mcolcon.colcon_core.package_identification[0m [1;30mLevel 1[0m _identify(.) by extensions ['python_setup_py']
[0.315s] [34mcolcon.colcon_core.package_identification[0m [1;30mLevel 1[0m _identify(.) by extension 'python_setup_py'
[0.316s] [34mcolcon.colcon_core.package_identification[0m [1;30mLevel 1[0m _identify(build) by extensions ['ignore', 'ignore_ament_install']
[0.316s] [34mcolcon.colcon_core.package_identification[0m [1;30mLevel 1[0m _identify(build) by extension 'ignore'
[0.316s] [34mcolcon.colcon_core.package_identification[0m [1;30mLevel 1[0m _identify(build) ignored
[0.316s] [34mcolcon.colcon_core.package_identification[0m [1;30mLevel 1[0m _identify(install) by extensions ['ignore', 'ignore_ament_install']
[0.316s] [34mcolcon.colcon_core.package_identification[0m [1;30mLevel 1[0m _identify(install) by extension 'ignore'
[0.316s] [34mcolcon.colcon_core.package_identification[0m [1;30mLevel 1[0m _identify(install) ignored
[0.316s] [34mcolcon.colcon_core.package_identification[0m [1;30mLevel 1[0m _identify(log) by extensions ['ignore', 'ignore_ament_install']
[0.317s] [34mcolcon.colcon_core.package_identification[0m [1;30mLevel 1[0m _identify(log) by extension 'ignore'
[0.317s] [34mcolcon.colcon_core.package_identification[0m [1;30mLevel 1[0m _identify(log) ignored
[0.317s] [34mcolcon.colcon_core.package_identification[0m [1;30mLevel 1[0m _identify(src) by extensions ['ignore', 'ignore_ament_install']
[0.317s] [34mcolcon.colcon_core.package_identification[0m [1;30mLevel 1[0m _identify(src) by extension 'ignore'
[0.317s] [34mcolcon.colcon_core.package_identification[0m [1;30mLevel 1[0m _identify(src) by extension 'ignore_ament_install'
[0.317s] [34mcolcon.colcon_core.package_identification[0m [1;30mLevel 1[0m _identify(src) by extensions ['colcon_pkg']
[0.317s] [34mcolcon.colcon_core.package_identification[0m [1;30mLevel 1[0m _identify(src) by extension 'colcon_pkg'
[0.317s] [34mcolcon.colcon_core.package_identification[0m [1;30mLevel 1[0m _identify(src) by extensions ['colcon_meta']
[0.317s] [34mcolcon.colcon_core.package_identification[0m [1;30mLevel 1[0m _identify(src) by extension 'colcon_meta'
[0.317s] [34mcolcon.colcon_core.package_identification[0m [1;30mLevel 1[0m _identify(src) by extensions ['ros']
[0.317s] [34mcolcon.colcon_core.package_identification[0m [1;30mLevel 1[0m _identify(src) by extension 'ros'
[0.318s] [34mcolcon.colcon_core.package_identification[0m [1;30mLevel 1[0m _identify(src) by extensions ['cmake', 'python']
[0.318s] [34mcolcon.colcon_core.package_identification[0m [1;30mLevel 1[0m _identify(src) by extension 'cmake'
[0.318s] [34mcolcon.colcon_core.package_identification[0m [1;30mLevel 1[0m _identify(src) by extension 'python'
[0.318s] [34mcolcon.colcon_core.package_identification[0m [1;30mLevel 1[0m _identify(src) by extensions ['python_setup_py']
[0.318s] [34mcolcon.colcon_core.package_identification[0m [1;30mLevel 1[0m _identify(src) by extension 'python_setup_py'
[0.318s] [34mcolcon.colcon_core.package_identification[0m [1;30mLevel 1[0m _identify(src/detection_interfaces) by extensions ['ignore', 'ignore_ament_install']
[0.318s] [34mcolcon.colcon_core.package_identification[0m [1;30mLevel 1[0m _identify(src/detection_interfaces) by extension 'ignore'
[0.318s] [34mcolcon.colcon_core.package_identification[0m [1;30mLevel 1[0m _identify(src/detection_interfaces) by extension 'ignore_ament_install'
[0.318s] [34mcolcon.colcon_core.package_identification[0m [1;30mLevel 1[0m _identify(src/detection_interfaces) by extensions ['colcon_pkg']
[0.318s] [34mcolcon.colcon_core.package_identification[0m [1;30mLevel 1[0m _identify(src/detection_interfaces) by extension 'colcon_pkg'
[0.318s] [34mcolcon.colcon_core.package_identification[0m [1;30mLevel 1[0m _identify(src/detection_interfaces) by extensions ['colcon_meta']
[0.318s] [34mcolcon.colcon_core.package_identification[0m [1;30mLevel 1[0m _identify(src/detection_interfaces) by extension 'colcon_meta'
[0.319s] [34mcolcon.colcon_core.package_identification[0m [1;30mLevel 1[0m _identify(src/detection_interfaces) by extensions ['ros']
[0.319s] [34mcolcon.colcon_core.package_identification[0m [1;30mLevel 1[0m _identify(src/detection_interfaces) by extension 'ros'
[0.322s] [34mcolcon.colcon_core.package_identification[0m [1;30mDEBUG[0m [32mPackage 'src/detection_interfaces' with type 'ros.ament_cmake' and name 'detection_interfaces'[0m
[0.322s] [34mcolcon.colcon_core.package_identification[0m [1;30mLevel 1[0m _identify(src/r2_mission) by extensions ['ignore', 'ignore_ament_install']
[0.322s] [34mcolcon.colcon_core.package_identification[0m [1;30mLevel 1[0m _identify(src/r2_mission) by extension 'ignore'
[0.322s] [34mcolcon.colcon_core.package_identification[0m [1;30mLevel 1[0m _identify(src/r2_mission) by extension 'ignore_ament_install'
[0.322s] [34mcolcon.colcon_core.package_identification[0m [1;30mLevel 1[0m _identify(src/r2_mission) by extensions ['colcon_pkg']
[0.322s] [34mcolcon.colcon_core.package_identification[0m [1;30mLevel 1[0m _identify(src/r2_mission) by extension 'colcon_pkg'
[0.322s] [34mcolcon.colcon_core.package_identification[0m [1;30mLevel 1[0m _identify(src/r2_mission) by extensions ['colcon_meta']
[0.323s] [34mcolcon.colcon_core.package_identification[0m [1;30mLevel 1[0m _identify(src/r2_mission) by extension 'colcon_meta'
[0.323s] [34mcolcon.colcon_core.package_identification[0m [1;30mLevel 1[0m _identify(src/r2_mission) by extensions ['ros']
[0.323s] [34mcolcon.colcon_core.package_identification[0m [1;30mLevel 1[0m _identify(src/r2_mission) by extension 'ros'
[0.324s] [34mcolcon.colcon_core.package_identification[0m [1;30mDEBUG[0m [32mPackage 'src/r2_mission' with type 'ros.ament_cmake' and name 'r2_mission'[0m
[0.324s] [34mcolcon.colcon_core.package_identification[0m [1;30mLevel 1[0m _identify(src/r2_serial_driver) by extensions ['ignore', 'ignore_ament_install']
[0.324s] [34mcolcon.colcon_core.package_identification[0m [1;30mLevel 1[0m _identify(src/r2_serial_driver) by extension 'ignore'
[0.324s] [34mcolcon.colcon_core.package_identification[0m [1;30mLevel 1[0m _identify(src/r2_serial_driver) ignored
[0.324s] [34mcolcon.colcon_core.package_discovery[0m [1;30mLevel 1[0m discover_packages(recursive) using defaults
[0.324s] [34mcolcon.colcon_core.package_discovery[0m [1;30mLevel 1[0m discover_packages(ignore) discover
[0.324s] [34mcolcon.colcon_core.package_discovery[0m [1;30mLevel 1[0m discover_packages(ignore) using defaults
[0.324s] [34mcolcon.colcon_core.package_discovery[0m [1;30mLevel 1[0m discover_packages(path) discover
[0.324s] [34mcolcon.colcon_core.package_discovery[0m [1;30mLevel 1[0m discover_packages(path) using defaults
[0.355s] [34mcolcon.colcon_core.package_discovery[0m [1;30mLevel 1[0m discover_packages(prefix_path) check parameters
[0.355s] [34mcolcon.colcon_core.package_discovery[0m [1;30mLevel 1[0m discover_packages(prefix_path) discover
[0.359s] [34mcolcon.colcon_installed_package_information.package_discovery[0m [1;30mDEBUG[0m [32mFound 2 installed packages in /home/mingadmirer/nuc_ws/nuc_ws/src/nuc_ws/install[0m
[0.361s] [34mcolcon.colcon_installed_package_information.package_discovery[0m [1;30mDEBUG[0m [32mFound 277 installed packages in /opt/ros/humble[0m
[0.364s] [34mcolcon.colcon_core.package_discovery[0m [1;30mLevel 1[0m discover_packages(prefix_path) using defaults
[0.444s] [34mcolcon.colcon_core.verb[0m [1;30mLevel 5[0m set package 'detection_interfaces' build argument 'cmake_args' from command line to 'None'
[0.444s] [34mcolcon.colcon_core.verb[0m [1;30mLevel 5[0m set package 'detection_interfaces' build argument 'cmake_target' from command line to 'None'
[0.444s] [34mcolcon.colcon_core.verb[0m [1;30mLevel 5[0m set package 'detection_interfaces' build argument 'cmake_target_skip_unavailable' from command line to 'False'
[0.444s] [34mcolcon.colcon_core.verb[0m [1;30mLevel 5[0m set package 'detection_interfaces' build argument 'cmake_clean_cache' from command line to 'False'
[0.444s] [34mcolcon.colcon_core.verb[0m [1;30mLevel 5[0m set package 'detection_interfaces' build argument 'cmake_clean_first' from command line to 'False'
[0.444s] [34mcolcon.colcon_core.verb[0m [1;30mLevel 5[0m set package 'detection_interfaces' build argument 'cmake_force_configure' from command line to 'False'
[0.444s] [34mcolcon.colcon_core.verb[0m [1;30mLevel 5[0m set package 'detection_interfaces' build argument 'ament_cmake_args' from command line to 'None'
[0.444s] [34mcolcon.colcon_core.verb[0m [1;30mLevel 5[0m set package 'detection_interfaces' build argument 'catkin_cmake_args' from command line to 'None'
[0.444s] [34mcolcon.colcon_core.verb[0m [1;30mLevel 5[0m set package 'detection_interfaces' build argument 'catkin_skip_building_tests' from command line to 'False'
[0.444s] [34mcolcon.colcon_core.verb[0m [1;30mDEBUG[0m [32mBuilding package 'detection_interfaces' with the following arguments: {'ament_cmake_args': None, 'build_base': '/home/mingadmirer/nuc_ws/nuc_ws/src/nuc_ws/build/detection_interfaces', 'catkin_cmake_args': None, 'catkin_skip_building_tests': False, 'cmake_args': None, 'cmake_clean_cache': False, 'cmake_clean_first': False, 'cmake_force_configure': False, 'cmake_target': None, 'cmake_target_skip_unavailable': False, 'install_base': '/home/mingadmirer/nuc_ws/nuc_ws/src/nuc_ws/install/detection_interfaces', 'merge_install': False, 'path': '/home/mingadmirer/nuc_ws/nuc_ws/src/nuc_ws/src/detection_interfaces', 'symlink_install': False, 'test_result_base': None}[0m
[0.445s] [34mcolcon.colcon_core.verb[0m [1;30mLevel 5[0m set package 'r2_mission' build argument 'cmake_args' from command line to 'None'
[0.445s] [34mcolcon.colcon_core.verb[0m [1;30mLevel 5[0m set package 'r2_mission' build argument 'cmake_target' from command line to 'None'
[0.445s] [34mcolcon.colcon_core.verb[0m [1;30mLevel 5[0m set package 'r2_mission' build argument 'cmake_target_skip_unavailable' from command line to 'False'
[0.445s] [34mcolcon.colcon_core.verb[0m [1;30mLevel 5[0m set package 'r2_mission' build argument 'cmake_clean_cache' from command line to 'False'
[0.445s] [34mcolcon.colcon_core.verb[0m [1;30mLevel 5[0m set package 'r2_mission' build argument 'cmake_clean_first' from command line to 'False'
[0.445s] [34mcolcon.colcon_core.verb[0m [1;30mLevel 5[0m set package 'r2_mission' build argument 'cmake_force_configure' from command line to 'False'
[0.445s] [34mcolcon.colcon_core.verb[0m [1;30mLevel 5[0m set package 'r2_mission' build argument 'ament_cmake_args' from command line to 'None'
[0.445s] [34mcolcon.colcon_core.verb[0m [1;30mLevel 5[0m set package 'r2_mission' build argument 'catkin_cmake_args' from command line to 'None'
[0.445s] [34mcolcon.colcon_core.verb[0m [1;30mLevel 5[0m set package 'r2_mission' build argument 'catkin_skip_building_tests' from command line to 'False'
[0.445s] [34mcolcon.colcon_core.verb[0m [1;30mDEBUG[0m [32mBuilding package 'r2_mission' with the following arguments: {'ament_cmake_args': None, 'build_base': '/home/mingadmirer/nuc_ws/nuc_ws/src/nuc_ws/build/r2_mission', 'catkin_cmake_args': None, 'catkin_skip_building_tests': False, 'cmake_args': None, 'cmake_clean_cache': False, 'cmake_clean_first': False, 'cmake_force_configure': False, 'cmake_target': None, 'cmake_target_skip_unavailable': False, 'install_base': '/home/mingadmirer/nuc_ws/nuc_ws/src/nuc_ws/install/r2_mission', 'merge_install': False, 'path': '/home/mingadmirer/nuc_ws/nuc_ws/src/nuc_ws/src/r2_mission', 'symlink_install': False, 'test_result_base': None}[0m
[0.446s] [34mcolcon.colcon_core.executor[0m [1;30mINFO[0m Executing jobs using 'parallel' executor
[0.447s] [34mcolcon.colcon_parallel_executor.executor.parallel[0m [1;30mDEBUG[0m [32mrun_until_complete[0m
[0.447s] [34mcolcon.colcon_ros.task.ament_cmake.build[0m [1;30mINFO[0m Building ROS package in '/home/mingadmirer/nuc_ws/nuc_ws/src/nuc_ws/src/detection_interfaces' with build type 'ament_cmake'
[0.448s] [34mcolcon.colcon_cmake.task.cmake.build[0m [1;30mINFO[0m Building CMake package in '/home/mingadmirer/nuc_ws/nuc_ws/src/nuc_ws/src/detection_interfaces'
[0.450s] [34mcolcon.colcon_core.plugin_system[0m [1;30mINFO[0m Skipping extension 'colcon_core.shell.bat': Not used on non-Windows systems
[0.451s] [34mcolcon.colcon_core.shell[0m [1;30mINFO[0m Skip shell extension 'powershell' for command environment: Not usable outside of PowerShell
[0.451s] [34mcolcon.colcon_core.shell[0m [1;30mDEBUG[0m [32mSkip shell extension 'dsv' for command environment[0m
[0.463s] [34mcolcon.colcon_core.event_handler.log_command[0m [1;30mDEBUG[0m [32mInvoking command in '/home/mingadmirer/nuc_ws/nuc_ws/src/nuc_ws/build/detection_interfaces': CMAKE_PREFIX_PATH=${CMAKE_PREFIX_PATH}:/opt/ros/humble /usr/bin/cmake --build /home/mingadmirer/nuc_ws/nuc_ws/src/nuc_ws/build/detection_interfaces -- -j8 -l8[0m
[0.886s] [34mcolcon.colcon_core.event_handler.log_command[0m [1;30mDEBUG[0m [32mInvoked command in '/home/mingadmirer/nuc_ws/nuc_ws/src/nuc_ws/build/detection_interfaces' returned '0': CMAKE_PREFIX_PATH=${CMAKE_PREFIX_PATH}:/opt/ros/humble /usr/bin/cmake --build /home/mingadmirer/nuc_ws/nuc_ws/src/nuc_ws/build/detection_interfaces -- -j8 -l8[0m
[0.899s] [34mcolcon.colcon_core.event_handler.log_command[0m [1;30mDEBUG[0m [32mInvoking command in '/home/mingadmirer/nuc_ws/nuc_ws/src/nuc_ws/build/detection_interfaces': CMAKE_PREFIX_PATH=${CMAKE_PREFIX_PATH}:/opt/ros/humble /usr/bin/cmake --install /home/mingadmirer/nuc_ws/nuc_ws/src/nuc_ws/build/detection_interfaces[0m
[0.976s] [34mcolcon.colcon_core.environment[0m [1;30mLevel 1[0m create_environment_scripts_only(detection_interfaces)
[0.977s] [34mcolcon.colcon_core.event_handler.log_command[0m [1;30mDEBUG[0m [32mInvoked command in '/home/mingadmirer/nuc_ws/nuc_ws/src/nuc_ws/build/detection_interfaces' returned '0': CMAKE_PREFIX_PATH=${CMAKE_PREFIX_PATH}:/opt/ros/humble /usr/bin/cmake --install /home/mingadmirer/nuc_ws/nuc_ws/src/nuc_ws/build/detection_interfaces[0m
[0.979s] [34mcolcon.colcon_core.environment[0m [1;30mLevel 1[0m checking '/home/mingadmirer/nuc_ws/nuc_ws/src/nuc_ws/install/detection_interfaces' for CMake module files
[0.980s] [34mcolcon.colcon_core.environment[0m [1;30mLevel 1[0m checking '/home/mingadmirer/nuc_ws/nuc_ws/src/nuc_ws/install/detection_interfaces' for CMake config files
[0.980s] [34mcolcon.colcon_core.shell[0m [1;30mLevel 1[0m create_environment_hook('detection_interfaces', 'cmake_prefix_path')
[0.980s] [34mcolcon.colcon_core.shell[0m [1;30mINFO[0m Creating environment hook '/home/mingadmirer/nuc_ws/nuc_ws/src/nuc_ws/install/detection_interfaces/share/detection_interfaces/hook/cmake_prefix_path.ps1'
[0.981s] [34mcolcon.colcon_core.shell[0m [1;30mINFO[0m Creating environment descriptor '/home/mingadmirer/nuc_ws/nuc_ws/src/nuc_ws/install/detection_interfaces/share/detection_interfaces/hook/cmake_prefix_path.dsv'
[0.982s] [34mcolcon.colcon_core.shell[0m [1;30mINFO[0m Creating environment hook '/home/mingadmirer/nuc_ws/nuc_ws/src/nuc_ws/install/detection_interfaces/share/detection_interfaces/hook/cmake_prefix_path.sh'
[0.983s] [34mcolcon.colcon_core.environment[0m [1;30mLevel 1[0m checking '/home/mingadmirer/nuc_ws/nuc_ws/src/nuc_ws/install/detection_interfaces/lib'
[0.983s] [34mcolcon.colcon_core.shell[0m [1;30mLevel 1[0m create_environment_hook('detection_interfaces', 'ld_library_path_lib')
[0.983s] [34mcolcon.colcon_core.shell[0m [1;30mINFO[0m Creating environment hook '/home/mingadmirer/nuc_ws/nuc_ws/src/nuc_ws/install/detection_interfaces/share/detection_interfaces/hook/ld_library_path_lib.ps1'
[0.984s] [34mcolcon.colcon_core.shell[0m [1;30mINFO[0m Creating environment descriptor '/home/mingadmirer/nuc_ws/nuc_ws/src/nuc_ws/install/detection_interfaces/share/detection_interfaces/hook/ld_library_path_lib.dsv'
[0.984s] [34mcolcon.colcon_core.shell[0m [1;30mINFO[0m Creating environment hook '/home/mingadmirer/nuc_ws/nuc_ws/src/nuc_ws/install/detection_interfaces/share/detection_interfaces/hook/ld_library_path_lib.sh'
[0.985s] [34mcolcon.colcon_core.environment[0m [1;30mLevel 1[0m checking '/home/mingadmirer/nuc_ws/nuc_ws/src/nuc_ws/install/detection_interfaces/bin'
[0.985s] [34mcolcon.colcon_core.environment[0m [1;30mLevel 1[0m checking '/home/mingadmirer/nuc_ws/nuc_ws/src/nuc_ws/install/detection_interfaces/lib/pkgconfig/detection_interfaces.pc'
[0.985s] [34mcolcon.colcon_core.environment[0m [1;30mLevel 1[0m checking '/home/mingadmirer/nuc_ws/nuc_ws/src/nuc_ws/install/detection_interfaces/lib/python3.10/site-packages'
[0.986s] [34mcolcon.colcon_core.environment[0m [1;30mLevel 1[0m checking '/home/mingadmirer/nuc_ws/nuc_ws/src/nuc_ws/install/detection_interfaces/bin'
[0.986s] [34mcolcon.colcon_core.shell[0m [1;30mINFO[0m Creating package script '/home/mingadmirer/nuc_ws/nuc_ws/src/nuc_ws/install/detection_interfaces/share/detection_interfaces/package.ps1'
[0.987s] [34mcolcon.colcon_core.shell[0m [1;30mINFO[0m Creating package descriptor '/home/mingadmirer/nuc_ws/nuc_ws/src/nuc_ws/install/detection_interfaces/share/detection_interfaces/package.dsv'
[0.988s] [34mcolcon.colcon_core.shell[0m [1;30mINFO[0m Creating package script '/home/mingadmirer/nuc_ws/nuc_ws/src/nuc_ws/install/detection_interfaces/share/detection_interfaces/package.sh'
[0.989s] [34mcolcon.colcon_core.shell[0m [1;30mINFO[0m Creating package script '/home/mingadmirer/nuc_ws/nuc_ws/src/nuc_ws/install/detection_interfaces/share/detection_interfaces/package.bash'
[0.990s] [34mcolcon.colcon_core.shell[0m [1;30mINFO[0m Creating package script '/home/mingadmirer/nuc_ws/nuc_ws/src/nuc_ws/install/detection_interfaces/share/detection_interfaces/package.zsh'
[0.991s] [34mcolcon.colcon_core.environment[0m [1;30mLevel 1[0m create_file_with_runtime_dependencies(/home/mingadmirer/nuc_ws/nuc_ws/src/nuc_ws/install/detection_interfaces/share/colcon-core/packages/detection_interfaces)
[0.992s] [34mcolcon.colcon_core.environment[0m [1;30mLevel 1[0m create_environment_scripts_only(detection_interfaces)
[0.992s] [34mcolcon.colcon_core.environment[0m [1;30mLevel 1[0m checking '/home/mingadmirer/nuc_ws/nuc_ws/src/nuc_ws/install/detection_interfaces' for CMake module files
[0.993s] [34mcolcon.colcon_core.environment[0m [1;30mLevel 1[0m checking '/home/mingadmirer/nuc_ws/nuc_ws/src/nuc_ws/install/detection_interfaces' for CMake config files
[0.993s] [34mcolcon.colcon_core.shell[0m [1;30mLevel 1[0m create_environment_hook('detection_interfaces', 'cmake_prefix_path')
[0.994s] [34mcolcon.colcon_core.shell[0m [1;30mINFO[0m Creating environment hook '/home/mingadmirer/nuc_ws/nuc_ws/src/nuc_ws/install/detection_interfaces/share/detection_interfaces/hook/cmake_prefix_path.ps1'
[0.994s] [34mcolcon.colcon_core.shell[0m [1;30mINFO[0m Creating environment descriptor '/home/mingadmirer/nuc_ws/nuc_ws/src/nuc_ws/install/detection_interfaces/share/detection_interfaces/hook/cmake_prefix_path.dsv'
[0.995s] [34mcolcon.colcon_core.shell[0m [1;30mINFO[0m Creating environment hook '/home/mingadmirer/nuc_ws/nuc_ws/src/nuc_ws/install/detection_interfaces/share/detection_interfaces/hook/cmake_prefix_path.sh'
[0.995s] [34mcolcon.colcon_core.environment[0m [1;30mLevel 1[0m checking '/home/mingadmirer/nuc_ws/nuc_ws/src/nuc_ws/install/detection_interfaces/lib'
[0.996s] [34mcolcon.colcon_core.shell[0m [1;30mLevel 1[0m create_environment_hook('detection_interfaces', 'ld_library_path_lib')
[0.996s] [34mcolcon.colcon_core.shell[0m [1;30mINFO[0m Creating environment hook '/home/mingadmirer/nuc_ws/nuc_ws/src/nuc_ws/install/detection_interfaces/share/detection_interfaces/hook/ld_library_path_lib.ps1'
[0.996s] [34mcolcon.colcon_core.shell[0m [1;30mINFO[0m Creating environment descriptor '/home/mingadmirer/nuc_ws/nuc_ws/src/nuc_ws/install/detection_interfaces/share/detection_interfaces/hook/ld_library_path_lib.dsv'
[0.997s] [34mcolcon.colcon_core.shell[0m [1;30mINFO[0m Creating environment hook '/home/mingadmirer/nuc_ws/nuc_ws/src/nuc_ws/install/detection_interfaces/share/detection_interfaces/hook/ld_library_path_lib.sh'
[0.997s] [34mcolcon.colcon_core.environment[0m [1;30mLevel 1[0m checking '/home/mingadmirer/nuc_ws/nuc_ws/src/nuc_ws/install/detection_interfaces/bin'
[0.998s] [34mcolcon.colcon_core.environment[0m [1;30mLevel 1[0m checking '/home/mingadmirer/nuc_ws/nuc_ws/src/nuc_ws/install/detection_interfaces/lib/pkgconfig/detection_interfaces.pc'
[0.998s] [34mcolcon.colcon_core.environment[0m [1;30mLevel 1[0m checking '/home/mingadmirer/nuc_ws/nuc_ws/src/nuc_ws/install/detection_interfaces/lib/python3.10/site-packages'
[0.998s] [34mcolcon.colcon_core.environment[0m [1;30mLevel 1[0m checking '/home/mingadmirer/nuc_ws/nuc_ws/src/nuc_ws/install/detection_interfaces/bin'
[0.999s] [34mcolcon.colcon_core.shell[0m [1;30mINFO[0m Creating package script '/home/mingadmirer/nuc_ws/nuc_ws/src/nuc_ws/install/detection_interfaces/share/detection_interfaces/package.ps1'
[1.000s] [34mcolcon.colcon_core.shell[0m [1;30mINFO[0m Creating package descriptor '/home/mingadmirer/nuc_ws/nuc_ws/src/nuc_ws/install/detection_interfaces/share/detection_interfaces/package.dsv'
[1.000s] [34mcolcon.colcon_core.shell[0m [1;30mINFO[0m Creating package script '/home/mingadmirer/nuc_ws/nuc_ws/src/nuc_ws/install/detection_interfaces/share/detection_interfaces/package.sh'
[1.001s] [34mcolcon.colcon_core.shell[0m [1;30mINFO[0m Creating package script '/home/mingadmirer/nuc_ws/nuc_ws/src/nuc_ws/install/detection_interfaces/share/detection_interfaces/package.bash'
[1.001s] [34mcolcon.colcon_core.shell[0m [1;30mINFO[0m Creating package script '/home/mingadmirer/nuc_ws/nuc_ws/src/nuc_ws/install/detection_interfaces/share/detection_interfaces/package.zsh'
[1.002s] [34mcolcon.colcon_core.environment[0m [1;30mLevel 1[0m create_file_with_runtime_dependencies(/home/mingadmirer/nuc_ws/nuc_ws/src/nuc_ws/install/detection_interfaces/share/colcon-core/packages/detection_interfaces)
[1.002s] [34mcolcon.colcon_ros.task.ament_cmake.build[0m [1;30mINFO[0m Building ROS package in '/home/mingadmirer/nuc_ws/nuc_ws/src/nuc_ws/src/r2_mission' with build type 'ament_cmake'
[1.003s] [34mcolcon.colcon_cmake.task.cmake.build[0m [1;30mINFO[0m Building CMake package in '/home/mingadmirer/nuc_ws/nuc_ws/src/nuc_ws/src/r2_mission'
[1.003s] [34mcolcon.colcon_core.shell[0m [1;30mINFO[0m Skip shell extension 'powershell' for command environment: Not usable outside of PowerShell
[1.003s] [34mcolcon.colcon_core.shell[0m [1;30mDEBUG[0m [32mSkip shell extension 'dsv' for command environment[0m
[1.015s] [34mcolcon.colcon_core.event_handler.log_command[0m [1;30mDEBUG[0m [32mInvoking command in '/home/mingadmirer/nuc_ws/nuc_ws/src/nuc_ws/build/r2_mission': CMAKE_PREFIX_PATH=/home/mingadmirer/nuc_ws/nuc_ws/src/nuc_ws/install/detection_interfaces:/home/mingadmirer/nuc_ws/nuc_ws/src/nuc_ws/install/r2_mission:/opt/ros/humble /usr/bin/cmake --build /home/mingadmirer/nuc_ws/nuc_ws/src/nuc_ws/build/r2_mission -- -j8 -l8[0m
[1.117s] [34mcolcon.colcon_core.event_handler.log_command[0m [1;30mDEBUG[0m [32mInvoked command in '/home/mingadmirer/nuc_ws/nuc_ws/src/nuc_ws/build/r2_mission' returned '0': CMAKE_PREFIX_PATH=/home/mingadmirer/nuc_ws/nuc_ws/src/nuc_ws/install/detection_interfaces:/home/mingadmirer/nuc_ws/nuc_ws/src/nuc_ws/install/r2_mission:/opt/ros/humble /usr/bin/cmake --build /home/mingadmirer/nuc_ws/nuc_ws/src/nuc_ws/build/r2_mission -- -j8 -l8[0m
[1.119s] [34mcolcon.colcon_core.event_handler.log_command[0m [1;30mDEBUG[0m [32mInvoking command in '/home/mingadmirer/nuc_ws/nuc_ws/src/nuc_ws/build/r2_mission': CMAKE_PREFIX_PATH=/home/mingadmirer/nuc_ws/nuc_ws/src/nuc_ws/install/detection_interfaces:/home/mingadmirer/nuc_ws/nuc_ws/src/nuc_ws/install/r2_mission:/opt/ros/humble /usr/bin/cmake --install /home/mingadmirer/nuc_ws/nuc_ws/src/nuc_ws/build/r2_mission[0m
[1.131s] [34mcolcon.colcon_core.environment[0m [1;30mLevel 1[0m create_environment_scripts_only(r2_mission)
[1.132s] [34mcolcon.colcon_core.environment[0m [1;30mLevel 1[0m checking '/home/mingadmirer/nuc_ws/nuc_ws/src/nuc_ws/install/r2_mission' for CMake module files
[1.133s] [34mcolcon.colcon_core.event_handler.log_command[0m [1;30mDEBUG[0m [32mInvoked command in '/home/mingadmirer/nuc_ws/nuc_ws/src/nuc_ws/build/r2_mission' returned '0': CMAKE_PREFIX_PATH=/home/mingadmirer/nuc_ws/nuc_ws/src/nuc_ws/install/detection_interfaces:/home/mingadmirer/nuc_ws/nuc_ws/src/nuc_ws/install/r2_mission:/opt/ros/humble /usr/bin/cmake --install /home/mingadmirer/nuc_ws/nuc_ws/src/nuc_ws/build/r2_mission[0m
[1.133s] [34mcolcon.colcon_core.environment[0m [1;30mLevel 1[0m checking '/home/mingadmirer/nuc_ws/nuc_ws/src/nuc_ws/install/r2_mission' for CMake config files
[1.133s] [34mcolcon.colcon_core.shell[0m [1;30mLevel 1[0m create_environment_hook('r2_mission', 'cmake_prefix_path')
[1.134s] [34mcolcon.colcon_core.shell[0m [1;30mINFO[0m Creating environment hook '/home/mingadmirer/nuc_ws/nuc_ws/src/nuc_ws/install/r2_mission/share/r2_mission/hook/cmake_prefix_path.ps1'
[1.134s] [34mcolcon.colcon_core.shell[0m [1;30mINFO[0m Creating environment descriptor '/home/mingadmirer/nuc_ws/nuc_ws/src/nuc_ws/install/r2_mission/share/r2_mission/hook/cmake_prefix_path.dsv'
[1.135s] [34mcolcon.colcon_core.shell[0m [1;30mINFO[0m Creating environment hook '/home/mingadmirer/nuc_ws/nuc_ws/src/nuc_ws/install/r2_mission/share/r2_mission/hook/cmake_prefix_path.sh'
[1.135s] [34mcolcon.colcon_core.environment[0m [1;30mLevel 1[0m checking '/home/mingadmirer/nuc_ws/nuc_ws/src/nuc_ws/install/r2_mission/lib'
[1.135s] [34mcolcon.colcon_core.environment[0m [1;30mLevel 1[0m checking '/home/mingadmirer/nuc_ws/nuc_ws/src/nuc_ws/install/r2_mission/bin'
[1.136s] [34mcolcon.colcon_core.environment[0m [1;30mLevel 1[0m checking '/home/mingadmirer/nuc_ws/nuc_ws/src/nuc_ws/install/r2_mission/lib/pkgconfig/r2_mission.pc'
[1.136s] [34mcolcon.colcon_core.environment[0m [1;30mLevel 1[0m checking '/home/mingadmirer/nuc_ws/nuc_ws/src/nuc_ws/install/r2_mission/lib/python3.10/site-packages'
[1.136s] [34mcolcon.colcon_core.environment[0m [1;30mLevel 1[0m checking '/home/mingadmirer/nuc_ws/nuc_ws/src/nuc_ws/install/r2_mission/bin'
[1.137s] [34mcolcon.colcon_core.shell[0m [1;30mINFO[0m Creating package script '/home/mingadmirer/nuc_ws/nuc_ws/src/nuc_ws/install/r2_mission/share/r2_mission/package.ps1'
[1.137s] [34mcolcon.colcon_core.shell[0m [1;30mINFO[0m Creating package descriptor '/home/mingadmirer/nuc_ws/nuc_ws/src/nuc_ws/install/r2_mission/share/r2_mission/package.dsv'
[1.138s] [34mcolcon.colcon_core.shell[0m [1;30mINFO[0m Creating package script '/home/mingadmirer/nuc_ws/nuc_ws/src/nuc_ws/install/r2_mission/share/r2_mission/package.sh'
[1.139s] [34mcolcon.colcon_core.shell[0m [1;30mINFO[0m Creating package script '/home/mingadmirer/nuc_ws/nuc_ws/src/nuc_ws/install/r2_mission/share/r2_mission/package.bash'
[1.139s] [34mcolcon.colcon_core.shell[0m [1;30mINFO[0m Creating package script '/home/mingadmirer/nuc_ws/nuc_ws/src/nuc_ws/install/r2_mission/share/r2_mission/package.zsh'
[1.140s] [34mcolcon.colcon_core.environment[0m [1;30mLevel 1[0m create_file_with_runtime_dependencies(/home/mingadmirer/nuc_ws/nuc_ws/src/nuc_ws/install/r2_mission/share/colcon-core/packages/r2_mission)
[1.140s] [34mcolcon.colcon_core.environment[0m [1;30mLevel 1[0m create_environment_scripts_only(r2_mission)
[1.141s] [34mcolcon.colcon_core.environment[0m [1;30mLevel 1[0m checking '/home/mingadmirer/nuc_ws/nuc_ws/src/nuc_ws/install/r2_mission' for CMake module files
[1.141s] [34mcolcon.colcon_core.environment[0m [1;30mLevel 1[0m checking '/home/mingadmirer/nuc_ws/nuc_ws/src/nuc_ws/install/r2_mission' for CMake config files
[1.142s] [34mcolcon.colcon_core.shell[0m [1;30mLevel 1[0m create_environment_hook('r2_mission', 'cmake_prefix_path')
[1.142s] [34mcolcon.colcon_core.shell[0m [1;30mINFO[0m Creating environment hook '/home/mingadmirer/nuc_ws/nuc_ws/src/nuc_ws/install/r2_mission/share/r2_mission/hook/cmake_prefix_path.ps1'
[1.143s] [34mcolcon.colcon_core.shell[0m [1;30mINFO[0m Creating environment descriptor '/home/mingadmirer/nuc_ws/nuc_ws/src/nuc_ws/install/r2_mission/share/r2_mission/hook/cmake_prefix_path.dsv'
[1.143s] [34mcolcon.colcon_core.shell[0m [1;30mINFO[0m Creating environment hook '/home/mingadmirer/nuc_ws/nuc_ws/src/nuc_ws/install/r2_mission/share/r2_mission/hook/cmake_prefix_path.sh'
[1.144s] [34mcolcon.colcon_core.environment[0m [1;30mLevel 1[0m checking '/home/mingadmirer/nuc_ws/nuc_ws/src/nuc_ws/install/r2_mission/lib'
[1.144s] [34mcolcon.colcon_core.environment[0m [1;30mLevel 1[0m checking '/home/mingadmirer/nuc_ws/nuc_ws/src/nuc_ws/install/r2_mission/bin'
[1.144s] [34mcolcon.colcon_core.environment[0m [1;30mLevel 1[0m checking '/home/mingadmirer/nuc_ws/nuc_ws/src/nuc_ws/install/r2_mission/lib/pkgconfig/r2_mission.pc'
[1.144s] [34mcolcon.colcon_core.environment[0m [1;30mLevel 1[0m checking '/home/mingadmirer/nuc_ws/nuc_ws/src/nuc_ws/install/r2_mission/lib/python3.10/site-packages'
[1.145s] [34mcolcon.colcon_core.environment[0m [1;30mLevel 1[0m checking '/home/mingadmirer/nuc_ws/nuc_ws/src/nuc_ws/install/r2_mission/bin'
[1.145s] [34mcolcon.colcon_core.shell[0m [1;30mINFO[0m Creating package script '/home/mingadmirer/nuc_ws/nuc_ws/src/nuc_ws/install/r2_mission/share/r2_mission/package.ps1'
[1.146s] [34mcolcon.colcon_core.shell[0m [1;30mINFO[0m Creating package descriptor '/home/mingadmirer/nuc_ws/nuc_ws/src/nuc_ws/install/r2_mission/share/r2_mission/package.dsv'
[1.147s] [34mcolcon.colcon_core.shell[0m [1;30mINFO[0m Creating package script '/home/mingadmirer/nuc_ws/nuc_ws/src/nuc_ws/install/r2_mission/share/r2_mission/package.sh'
[1.147s] [34mcolcon.colcon_core.shell[0m [1;30mINFO[0m Creating package script '/home/mingadmirer/nuc_ws/nuc_ws/src/nuc_ws/install/r2_mission/share/r2_mission/package.bash'
[1.148s] [34mcolcon.colcon_core.shell[0m [1;30mINFO[0m Creating package script '/home/mingadmirer/nuc_ws/nuc_ws/src/nuc_ws/install/r2_mission/share/r2_mission/package.zsh'
[1.149s] [34mcolcon.colcon_core.environment[0m [1;30mLevel 1[0m create_file_with_runtime_dependencies(/home/mingadmirer/nuc_ws/nuc_ws/src/nuc_ws/install/r2_mission/share/colcon-core/packages/r2_mission)
[1.149s] [34mcolcon.colcon_parallel_executor.executor.parallel[0m [1;30mDEBUG[0m [32mclosing loop[0m
[1.149s] [34mcolcon.colcon_parallel_executor.executor.parallel[0m [1;30mDEBUG[0m [32mloop closed[0m
[1.149s] [34mcolcon.colcon_parallel_executor.executor.parallel[0m [1;30mDEBUG[0m [32mrun_until_complete finished with '0'[0m
[1.150s] [34mcolcon.colcon_core.event_reactor[0m [1;30mDEBUG[0m [32mjoining thread[0m
[1.150s] [34mcolcon.colcon_core.event_reactor[0m [1;30mDEBUG[0m [32mjoined thread[0m
[1.151s] [34mcolcon.colcon_core.shell[0m [1;30mINFO[0m Creating prefix script '/home/mingadmirer/nuc_ws/nuc_ws/src/nuc_ws/install/local_setup.ps1'
[1.152s] [34mcolcon.colcon_core.shell[0m [1;30mINFO[0m Creating prefix util module '/home/mingadmirer/nuc_ws/nuc_ws/src/nuc_ws/install/_local_setup_util_ps1.py'
[1.154s] [34mcolcon.colcon_core.shell[0m [1;30mINFO[0m Creating prefix chain script '/home/mingadmirer/nuc_ws/nuc_ws/src/nuc_ws/install/setup.ps1'
[1.156s] [34mcolcon.colcon_core.shell[0m [1;30mINFO[0m Creating prefix script '/home/mingadmirer/nuc_ws/nuc_ws/src/nuc_ws/install/local_setup.sh'
[1.156s] [34mcolcon.colcon_core.shell[0m [1;30mINFO[0m Creating prefix util module '/home/mingadmirer/nuc_ws/nuc_ws/src/nuc_ws/install/_local_setup_util_sh.py'
[1.157s] [34mcolcon.colcon_core.shell[0m [1;30mINFO[0m Creating prefix chain script '/home/mingadmirer/nuc_ws/nuc_ws/src/nuc_ws/install/setup.sh'
[1.158s] [34mcolcon.colcon_core.shell[0m [1;30mINFO[0m Creating prefix script '/home/mingadmirer/nuc_ws/nuc_ws/src/nuc_ws/install/local_setup.bash'
[1.159s] [34mcolcon.colcon_core.shell[0m [1;30mINFO[0m Creating prefix chain script '/home/mingadmirer/nuc_ws/nuc_ws/src/nuc_ws/install/setup.bash'
[1.160s] [34mcolcon.colcon_core.shell[0m [1;30mINFO[0m Creating prefix script '/home/mingadmirer/nuc_ws/nuc_ws/src/nuc_ws/install/local_setup.zsh'
[1.161s] [34mcolcon.colcon_core.shell[0m [1;30mINFO[0m Creating prefix chain script '/home/mingadmirer/nuc_ws/nuc_ws/src/nuc_ws/install/setup.zsh'
