[0.012s] Invoking command in '/home/mingadmirer/nuc_ws/build/r2_mission': AMENT_PREFIX_PATH=/home/mingadmirer/nuc_ws/install/detection_interfaces:${AMENT_PREFIX_PATH} CMAKE_PREFIX_PATH=/home/mingadmirer/nuc_ws/install/detection_interfaces:/opt/ros/humble LD_LIBRARY_PATH=/home/mingadmirer/nuc_ws/install/detection_interfaces/lib:${LD_LIBRARY_PATH} PYTHONPATH=/home/mingadmirer/nuc_ws/install/detection_interfaces/local/lib/python3.10/dist-packages:${PYTHONPATH} /usr/bin/cmake --build /home/mingadmirer/nuc_ws/build/r2_mission -- -j8 -l8
[0.073s] [ 60%] Built target r2_serial_driver_core
[0.097s] Consolidate compiler generated dependencies of target r2_mission_node
[0.119s] [100%] Built target r2_mission_node
[0.133s] Invoked command in '/home/mingadmirer/nuc_ws/build/r2_mission' returned '0': AMENT_PREFIX_PATH=/home/mingadmirer/nuc_ws/install/detection_interfaces:${AMENT_PREFIX_PATH} CMAKE_PREFIX_PATH=/home/mingadmirer/nuc_ws/install/detection_interfaces:/opt/ros/humble LD_LIBRARY_PATH=/home/mingadmirer/nuc_ws/install/detection_interfaces/lib:${LD_LIBRARY_PATH} PYTHONPATH=/home/mingadmirer/nuc_ws/install/detection_interfaces/local/lib/python3.10/dist-packages:${PYTHONPATH} /usr/bin/cmake --build /home/mingadmirer/nuc_ws/build/r2_mission -- -j8 -l8
[0.135s] Invoking command in '/home/mingadmirer/nuc_ws/build/r2_mission': AMENT_PREFIX_PATH=/home/mingadmirer/nuc_ws/install/detection_interfaces:${AMENT_PREFIX_PATH} CMAKE_PREFIX_PATH=/home/mingadmirer/nuc_ws/install/detection_interfaces:/opt/ros/humble LD_LIBRARY_PATH=/home/mingadmirer/nuc_ws/install/detection_interfaces/lib:${LD_LIBRARY_PATH} PYTHONPATH=/home/mingadmirer/nuc_ws/install/detection_interfaces/local/lib/python3.10/dist-packages:${PYTHONPATH} /usr/bin/cmake --install /home/mingadmirer/nuc_ws/build/r2_mission
[0.146s] -- Install configuration: ""
[0.146s] -- Up-to-date: /home/mingadmirer/nuc_ws/install/r2_mission/lib/r2_mission/r2_mission_node
[0.147s] -- Up-to-date: /home/mingadmirer/nuc_ws/install/r2_mission/share/r2_mission/launch
[0.147s] -- Installing: /home/mingadmirer/nuc_ws/install/r2_mission/share/r2_mission/launch/bringup.launch.py
[0.148s] -- Up-to-date: /home/mingadmirer/nuc_ws/install/r2_mission/share/r2_mission/config
[0.149s] -- Installing: /home/mingadmirer/nuc_ws/install/r2_mission/share/r2_mission/config/params.yaml
[0.149s] -- Up-to-date: /home/mingadmirer/nuc_ws/install/r2_mission/share/ament_index/resource_index/package_run_dependencies/r2_mission
[0.149s] -- Up-to-date: /home/mingadmirer/nuc_ws/install/r2_mission/share/ament_index/resource_index/parent_prefix_path/r2_mission
[0.150s] -- Up-to-date: /home/mingadmirer/nuc_ws/install/r2_mission/share/r2_mission/environment/ament_prefix_path.sh
[0.150s] -- Up-to-date: /home/mingadmirer/nuc_ws/install/r2_mission/share/r2_mission/environment/ament_prefix_path.dsv
[0.150s] -- Up-to-date: /home/mingadmirer/nuc_ws/install/r2_mission/share/r2_mission/environment/path.sh
[0.150s] -- Up-to-date: /home/mingadmirer/nuc_ws/install/r2_mission/share/r2_mission/environment/path.dsv
[0.150s] -- Up-to-date: /home/mingadmirer/nuc_ws/install/r2_mission/share/r2_mission/local_setup.bash
[0.150s] -- Up-to-date: /home/mingadmirer/nuc_ws/install/r2_mission/share/r2_mission/local_setup.sh
[0.151s] -- Up-to-date: /home/mingadmirer/nuc_ws/install/r2_mission/share/r2_mission/local_setup.zsh
[0.151s] -- Up-to-date: /home/mingadmirer/nuc_ws/install/r2_mission/share/r2_mission/local_setup.dsv
[0.151s] -- Installing: /home/mingadmirer/nuc_ws/install/r2_mission/share/r2_mission/package.dsv
[0.151s] -- Up-to-date: /home/mingadmirer/nuc_ws/install/r2_mission/share/ament_index/resource_index/packages/r2_mission
[0.151s] -- Up-to-date: /home/mingadmirer/nuc_ws/install/r2_mission/share/r2_mission/cmake/r2_missionConfig.cmake
[0.151s] -- Up-to-date: /home/mingadmirer/nuc_ws/install/r2_mission/share/r2_mission/cmake/r2_missionConfig-version.cmake
[0.152s] -- Up-to-date: /home/mingadmirer/nuc_ws/install/r2_mission/share/r2_mission/package.xml
[0.152s] -- Up-to-date: /home/mingadmirer/nuc_ws/install/r2_mission/lib/libr2_serial_driver_core.a
[0.154s] Invoked command in '/home/mingadmirer/nuc_ws/build/r2_mission' returned '0': AMENT_PREFIX_PATH=/home/mingadmirer/nuc_ws/install/detection_interfaces:${AMENT_PREFIX_PATH} CMAKE_PREFIX_PATH=/home/mingadmirer/nuc_ws/install/detection_interfaces:/opt/ros/humble LD_LIBRARY_PATH=/home/mingadmirer/nuc_ws/install/detection_interfaces/lib:${LD_LIBRARY_PATH} PYTHONPATH=/home/mingadmirer/nuc_ws/install/detection_interfaces/local/lib/python3.10/dist-packages:${PYTHONPATH} /usr/bin/cmake --install /home/mingadmirer/nuc_ws/build/r2_mission
