[1.006s] DEBUG:colcon:Command line arguments: ['/usr/bin/colcon', 'build', '--packages-select', 'r2_mission', '--cmake-args', '-DCMAKE_C_COMPILER_LAUNCHER=ccache', '-DCMAKE_CXX_COMPILER_LAUNCHER=ccache']
[1.006s] DEBUG:colcon:Parsed command line arguments: Namespace(log_base=None, log_level=None, verb_name='build', build_base='build', install_base='install', merge_install=False, symlink_install=False, test_result_base=None, continue_on_error=False, executor='parallel', parallel_workers=8, event_handlers=None, ignore_user_meta=False, metas=['./colcon.meta'], base_paths=['.'], packages_ignore=None, packages_ignore_regex=None, paths=None, packages_up_to=None, packages_up_to_regex=None, packages_above=None, packages_above_and_dependencies=None, packages_above_depth=None, packages_select_by_dep=None, packages_skip_by_dep=None, packages_skip_up_to=None, packages_select_build_failed=False, packages_skip_build_finished=False, packages_select_test_failures=False, packages_skip_test_passed=False, packages_select=['r2_mission'], packages_skip=None, packages_select_regex=None, packages_skip_regex=None, packages_start=None, packages_end=None, allow_overriding=[], cmake_args=['-DCMAKE_C_COMPILER_LAUNCHER=ccache', '-DCMAKE_CXX_COMPILER_LAUNCHER=ccache'], cmake_target=None, cmake_target_skip_unavailable=False, cmake_clean_cache=False, cmake_clean_first=False, cmake_force_configure=False, ament_cmake_args=None, catkin_cmake_args=None, catkin_skip_building_tests=False, verb_parser=<colcon_defaults.argument_parser.defaults.DefaultArgumentsDecorator object at 0xffff9b1ff9a0>, verb_extension=<colcon_core.verb.build.BuildVerb object at 0xffff9b1ff490>, main=<bound method BuildVerb.main of <colcon_core.verb.build.BuildVerb object at 0xffff9b1ff490>>)
[1.360s] Level 1:colcon.colcon_core.package_discovery:discover_packages(colcon_meta) check parameters
[1.361s] Level 1:colcon.colcon_core.package_discovery:discover_packages(recursive) check parameters
[1.362s] Level 1:colcon.colcon_core.package_discovery:discover_packages(ignore) check parameters
[1.362s] Level 1:colcon.colcon_core.package_discovery:discover_packages(path) check parameters
[1.362s] Level 1:colcon.colcon_core.package_discovery:discover_packages(colcon_meta) discover
[1.363s] Level 1:colcon.colcon_core.package_discovery:discover_packages(recursive) discover
[1.364s] INFO:colcon.colcon_core.package_discovery:Crawling recursively for packages in '/root/nuc_ws'
[1.365s] Level 1:colcon.colcon_core.package_identification:_identify(.) by extensions ['ignore', 'ignore_ament_install']
[1.365s] Level 1:colcon.colcon_core.package_identification:_identify(.) by extension 'ignore'
[1.366s] Level 1:colcon.colcon_core.package_identification:_identify(.) by extension 'ignore_ament_install'
[1.367s] Level 1:colcon.colcon_core.package_identification:_identify(.) by extensions ['colcon_pkg']
[1.367s] Level 1:colcon.colcon_core.package_identification:_identify(.) by extension 'colcon_pkg'
[1.368s] Level 1:colcon.colcon_core.package_identification:_identify(.) by extensions ['colcon_meta']
[1.369s] Level 1:colcon.colcon_core.package_identification:_identify(.) by extension 'colcon_meta'
[1.370s] Level 1:colcon.colcon_core.package_identification:_identify(.) by extensions ['ros']
[1.370s] Level 1:colcon.colcon_core.package_identification:_identify(.) by extension 'ros'
[1.497s] Level 1:colcon.colcon_core.package_identification:_identify(.) by extensions ['cmake', 'python']
[1.498s] Level 1:colcon.colcon_core.package_identification:_identify(.) by extension 'cmake'
[1.499s] Level 1:colcon.colcon_core.package_identification:_identify(.) by extension 'python'
[1.499s] Level 1:colcon.colcon_core.package_identification:_identify(.) by extensions ['python_setup_py']
[1.500s] Level 1:colcon.colcon_core.package_identification:_identify(.) by extension 'python_setup_py'
[1.501s] Level 1:colcon.colcon_core.package_identification:_identify(build) by extensions ['ignore', 'ignore_ament_install']
[1.502s] Level 1:colcon.colcon_core.package_identification:_identify(build) by extension 'ignore'
[1.503s] Level 1:colcon.colcon_core.package_identification:_identify(build) ignored
[1.504s] Level 1:colcon.colcon_core.package_identification:_identify(install) by extensions ['ignore', 'ignore_ament_install']
[1.505s] Level 1:colcon.colcon_core.package_identification:_identify(install) by extension 'ignore'
[1.506s] Level 1:colcon.colcon_core.package_identification:_identify(install) ignored
[1.507s] Level 1:colcon.colcon_core.package_identification:_identify(log) by extensions ['ignore', 'ignore_ament_install']
[1.508s] Level 1:colcon.colcon_core.package_identification:_identify(log) by extension 'ignore'
[1.508s] Level 1:colcon.colcon_core.package_identification:_identify(log) ignored
[1.509s] Level 1:colcon.colcon_core.package_identification:_identify(nuc_ws) by extensions ['ignore', 'ignore_ament_install']
[1.510s] Level 1:colcon.colcon_core.package_identification:_identify(nuc_ws) by extension 'ignore'
[1.511s] Level 1:colcon.colcon_core.package_identification:_identify(nuc_ws) by extension 'ignore_ament_install'
[1.511s] Level 1:colcon.colcon_core.package_identification:_identify(nuc_ws) by extensions ['colcon_pkg']
[1.512s] Level 1:colcon.colcon_core.package_identification:_identify(nuc_ws) by extension 'colcon_pkg'
[1.512s] Level 1:colcon.colcon_core.package_identification:_identify(nuc_ws) by extensions ['colcon_meta']
[1.513s] Level 1:colcon.colcon_core.package_identification:_identify(nuc_ws) by extension 'colcon_meta'
[1.513s] Level 1:colcon.colcon_core.package_identification:_identify(nuc_ws) by extensions ['ros']
[1.513s] Level 1:colcon.colcon_core.package_identification:_identify(nuc_ws) by extension 'ros'
[1.514s] Level 1:colcon.colcon_core.package_identification:_identify(nuc_ws) by extensions ['cmake', 'python']
[1.514s] Level 1:colcon.colcon_core.package_identification:_identify(nuc_ws) by extension 'cmake'
[1.515s] Level 1:colcon.colcon_core.package_identification:_identify(nuc_ws) by extension 'python'
[1.515s] Level 1:colcon.colcon_core.package_identification:_identify(nuc_ws) by extensions ['python_setup_py']
[1.516s] Level 1:colcon.colcon_core.package_identification:_identify(nuc_ws) by extension 'python_setup_py'
[1.517s] Level 1:colcon.colcon_core.package_identification:_identify(nuc_ws/framework) by extensions ['ignore', 'ignore_ament_install']
[1.518s] Level 1:colcon.colcon_core.package_identification:_identify(nuc_ws/framework) by extension 'ignore'
[1.519s] Level 1:colcon.colcon_core.package_identification:_identify(nuc_ws/framework) by extension 'ignore_ament_install'
[1.520s] Level 1:colcon.colcon_core.package_identification:_identify(nuc_ws/framework) by extensions ['colcon_pkg']
[1.520s] Level 1:colcon.colcon_core.package_identification:_identify(nuc_ws/framework) by extension 'colcon_pkg'
[1.521s] Level 1:colcon.colcon_core.package_identification:_identify(nuc_ws/framework) by extensions ['colcon_meta']
[1.522s] Level 1:colcon.colcon_core.package_identification:_identify(nuc_ws/framework) by extension 'colcon_meta'
[1.523s] Level 1:colcon.colcon_core.package_identification:_identify(nuc_ws/framework) by extensions ['ros']
[1.523s] Level 1:colcon.colcon_core.package_identification:_identify(nuc_ws/framework) by extension 'ros'
[1.524s] Level 1:colcon.colcon_core.package_identification:_identify(nuc_ws/framework) by extensions ['cmake', 'python']
[1.525s] Level 1:colcon.colcon_core.package_identification:_identify(nuc_ws/framework) by extension 'cmake'
[1.525s] Level 1:colcon.colcon_core.package_identification:_identify(nuc_ws/framework) by extension 'python'
[1.526s] Level 1:colcon.colcon_core.package_identification:_identify(nuc_ws/framework) by extensions ['python_setup_py']
[1.526s] Level 1:colcon.colcon_core.package_identification:_identify(nuc_ws/framework) by extension 'python_setup_py'
[1.527s] Level 1:colcon.colcon_core.package_identification:_identify(nuc_ws/src) by extensions ['ignore', 'ignore_ament_install']
[1.527s] Level 1:colcon.colcon_core.package_identification:_identify(nuc_ws/src) by extension 'ignore'
[1.528s] Level 1:colcon.colcon_core.package_identification:_identify(nuc_ws/src) by extension 'ignore_ament_install'
[1.528s] Level 1:colcon.colcon_core.package_identification:_identify(nuc_ws/src) by extensions ['colcon_pkg']
[1.529s] Level 1:colcon.colcon_core.package_identification:_identify(nuc_ws/src) by extension 'colcon_pkg'
[1.530s] Level 1:colcon.colcon_core.package_identification:_identify(nuc_ws/src) by extensions ['colcon_meta']
[1.530s] Level 1:colcon.colcon_core.package_identification:_identify(nuc_ws/src) by extension 'colcon_meta'
[1.531s] Level 1:colcon.colcon_core.package_identification:_identify(nuc_ws/src) by extensions ['ros']
[1.532s] Level 1:colcon.colcon_core.package_identification:_identify(nuc_ws/src) by extension 'ros'
[1.532s] Level 1:colcon.colcon_core.package_identification:_identify(nuc_ws/src) by extensions ['cmake', 'python']
[1.533s] Level 1:colcon.colcon_core.package_identification:_identify(nuc_ws/src) by extension 'cmake'
[1.533s] Level 1:colcon.colcon_core.package_identification:_identify(nuc_ws/src) by extension 'python'
[1.533s] Level 1:colcon.colcon_core.package_identification:_identify(nuc_ws/src) by extensions ['python_setup_py']
[1.533s] Level 1:colcon.colcon_core.package_identification:_identify(nuc_ws/src) by extension 'python_setup_py'
[1.534s] Level 1:colcon.colcon_core.package_identification:_identify(nuc_ws/src/nuc_ws) by extensions ['ignore', 'ignore_ament_install']
[1.535s] Level 1:colcon.colcon_core.package_identification:_identify(nuc_ws/src/nuc_ws) by extension 'ignore'
[1.536s] Level 1:colcon.colcon_core.package_identification:_identify(nuc_ws/src/nuc_ws) by extension 'ignore_ament_install'
[1.536s] Level 1:colcon.colcon_core.package_identification:_identify(nuc_ws/src/nuc_ws) by extensions ['colcon_pkg']
[1.537s] Level 1:colcon.colcon_core.package_identification:_identify(nuc_ws/src/nuc_ws) by extension 'colcon_pkg'
[1.537s] Level 1:colcon.colcon_core.package_identification:_identify(nuc_ws/src/nuc_ws) by extensions ['colcon_meta']
[1.538s] Level 1:colcon.colcon_core.package_identification:_identify(nuc_ws/src/nuc_ws) by extension 'colcon_meta'
[1.538s] Level 1:colcon.colcon_core.package_identification:_identify(nuc_ws/src/nuc_ws) by extensions ['ros']
[1.539s] Level 1:colcon.colcon_core.package_identification:_identify(nuc_ws/src/nuc_ws) by extension 'ros'
[1.539s] Level 1:colcon.colcon_core.package_identification:_identify(nuc_ws/src/nuc_ws) by extensions ['cmake', 'python']
[1.540s] Level 1:colcon.colcon_core.package_identification:_identify(nuc_ws/src/nuc_ws) by extension 'cmake'
[1.540s] Level 1:colcon.colcon_core.package_identification:_identify(nuc_ws/src/nuc_ws) by extension 'python'
[1.541s] Level 1:colcon.colcon_core.package_identification:_identify(nuc_ws/src/nuc_ws) by extensions ['python_setup_py']
[1.541s] Level 1:colcon.colcon_core.package_identification:_identify(nuc_ws/src/nuc_ws) by extension 'python_setup_py'
[1.542s] Level 1:colcon.colcon_core.package_identification:_identify(nuc_ws/src/nuc_ws/log) by extensions ['ignore', 'ignore_ament_install']
[1.543s] Level 1:colcon.colcon_core.package_identification:_identify(nuc_ws/src/nuc_ws/log) by extension 'ignore'
[1.544s] Level 1:colcon.colcon_core.package_identification:_identify(nuc_ws/src/nuc_ws/log) ignored
[1.545s] Level 1:colcon.colcon_core.package_identification:_identify(nuc_ws/src/nuc_ws/src) by extensions ['ignore', 'ignore_ament_install']
[1.546s] Level 1:colcon.colcon_core.package_identification:_identify(nuc_ws/src/nuc_ws/src) by extension 'ignore'
[1.547s] Level 1:colcon.colcon_core.package_identification:_identify(nuc_ws/src/nuc_ws/src) by extension 'ignore_ament_install'
[1.548s] Level 1:colcon.colcon_core.package_identification:_identify(nuc_ws/src/nuc_ws/src) by extensions ['colcon_pkg']
[1.548s] Level 1:colcon.colcon_core.package_identification:_identify(nuc_ws/src/nuc_ws/src) by extension 'colcon_pkg'
[1.549s] Level 1:colcon.colcon_core.package_identification:_identify(nuc_ws/src/nuc_ws/src) by extensions ['colcon_meta']
[1.550s] Level 1:colcon.colcon_core.package_identification:_identify(nuc_ws/src/nuc_ws/src) by extension 'colcon_meta'
[1.551s] Level 1:colcon.colcon_core.package_identification:_identify(nuc_ws/src/nuc_ws/src) by extensions ['ros']
[1.552s] Level 1:colcon.colcon_core.package_identification:_identify(nuc_ws/src/nuc_ws/src) by extension 'ros'
[1.553s] Level 1:colcon.colcon_core.package_identification:_identify(nuc_ws/src/nuc_ws/src) by extensions ['cmake', 'python']
[1.553s] Level 1:colcon.colcon_core.package_identification:_identify(nuc_ws/src/nuc_ws/src) by extension 'cmake'
[1.554s] Level 1:colcon.colcon_core.package_identification:_identify(nuc_ws/src/nuc_ws/src) by extension 'python'
[1.555s] Level 1:colcon.colcon_core.package_identification:_identify(nuc_ws/src/nuc_ws/src) by extensions ['python_setup_py']
[1.555s] Level 1:colcon.colcon_core.package_identification:_identify(nuc_ws/src/nuc_ws/src) by extension 'python_setup_py'
[1.557s] Level 1:colcon.colcon_core.package_identification:_identify(nuc_ws/src/nuc_ws/src/detection_interfaces) by extensions ['ignore', 'ignore_ament_install']
[1.558s] Level 1:colcon.colcon_core.package_identification:_identify(nuc_ws/src/nuc_ws/src/detection_interfaces) by extension 'ignore'
[1.559s] Level 1:colcon.colcon_core.package_identification:_identify(nuc_ws/src/nuc_ws/src/detection_interfaces) by extension 'ignore_ament_install'
[1.560s] Level 1:colcon.colcon_core.package_identification:_identify(nuc_ws/src/nuc_ws/src/detection_interfaces) by extensions ['colcon_pkg']
[1.560s] Level 1:colcon.colcon_core.package_identification:_identify(nuc_ws/src/nuc_ws/src/detection_interfaces) by extension 'colcon_pkg'
[1.561s] Level 1:colcon.colcon_core.package_identification:_identify(nuc_ws/src/nuc_ws/src/detection_interfaces) by extensions ['colcon_meta']
[1.561s] Level 1:colcon.colcon_core.package_identification:_identify(nuc_ws/src/nuc_ws/src/detection_interfaces) by extension 'colcon_meta'
[1.562s] Level 1:colcon.colcon_core.package_identification:_identify(nuc_ws/src/nuc_ws/src/detection_interfaces) by extensions ['ros']
[1.563s] Level 1:colcon.colcon_core.package_identification:_identify(nuc_ws/src/nuc_ws/src/detection_interfaces) by extension 'ros'
[1.580s] DEBUG:colcon.colcon_core.package_identification:Package 'nuc_ws/src/nuc_ws/src/detection_interfaces' with type 'ros.ament_cmake' and name 'detection_interfaces'
[1.581s] Level 1:colcon.colcon_core.package_identification:_identify(nuc_ws/src/nuc_ws/src/r2_mission) by extensions ['ignore', 'ignore_ament_install']
[1.583s] Level 1:colcon.colcon_core.package_identification:_identify(nuc_ws/src/nuc_ws/src/r2_mission) by extension 'ignore'
[1.583s] Level 1:colcon.colcon_core.package_identification:_identify(nuc_ws/src/nuc_ws/src/r2_mission) by extension 'ignore_ament_install'
[1.584s] Level 1:colcon.colcon_core.package_identification:_identify(nuc_ws/src/nuc_ws/src/r2_mission) by extensions ['colcon_pkg']
[1.585s] Level 1:colcon.colcon_core.package_identification:_identify(nuc_ws/src/nuc_ws/src/r2_mission) by extension 'colcon_pkg'
[1.586s] Level 1:colcon.colcon_core.package_identification:_identify(nuc_ws/src/nuc_ws/src/r2_mission) by extensions ['colcon_meta']
[1.587s] Level 1:colcon.colcon_core.package_identification:_identify(nuc_ws/src/nuc_ws/src/r2_mission) by extension 'colcon_meta'
[1.587s] Level 1:colcon.colcon_core.package_identification:_identify(nuc_ws/src/nuc_ws/src/r2_mission) by extensions ['ros']
[1.588s] Level 1:colcon.colcon_core.package_identification:_identify(nuc_ws/src/nuc_ws/src/r2_mission) by extension 'ros'
[1.596s] DEBUG:colcon.colcon_core.package_identification:Package 'nuc_ws/src/nuc_ws/src/r2_mission' with type 'ros.ament_cmake' and name 'r2_mission'
[1.597s] Level 1:colcon.colcon_core.package_identification:_identify(nuc_ws/src/nuc_ws/src/r2_serial_driver) by extensions ['ignore', 'ignore_ament_install']
[1.599s] Level 1:colcon.colcon_core.package_identification:_identify(nuc_ws/src/nuc_ws/src/r2_serial_driver) by extension 'ignore'
[1.599s] Level 1:colcon.colcon_core.package_identification:_identify(nuc_ws/src/nuc_ws/src/r2_serial_driver) ignored
[1.600s] Level 1:colcon.colcon_core.package_discovery:discover_packages(recursive) using defaults
[1.600s] Level 1:colcon.colcon_core.package_discovery:discover_packages(ignore) discover
[1.601s] Level 1:colcon.colcon_core.package_discovery:discover_packages(ignore) using defaults
[1.601s] Level 1:colcon.colcon_core.package_discovery:discover_packages(path) discover
[1.602s] Level 1:colcon.colcon_core.package_discovery:discover_packages(path) using defaults
[1.794s] INFO:colcon.colcon_core.package_selection:Skipping not selected package 'detection_interfaces' in 'nuc_ws/src/nuc_ws/src/detection_interfaces'
[1.797s] Level 1:colcon.colcon_core.package_discovery:discover_packages(prefix_path) check parameters
[1.798s] Level 1:colcon.colcon_core.package_discovery:discover_packages(prefix_path) discover
[1.816s] DEBUG:colcon.colcon_installed_package_information.package_discovery:Found 3 installed packages in /home/sunrise/yolov8_bpu_ws/install
[1.820s] DEBUG:colcon.colcon_installed_package_information.package_discovery:Found 58 installed packages in /opt/tros/humble
[1.831s] DEBUG:colcon.colcon_installed_package_information.package_discovery:Found 210 installed packages in /opt/ros/humble
[1.842s] Level 1:colcon.colcon_core.package_discovery:discover_packages(prefix_path) using defaults
[2.207s] Level 5:colcon.colcon_core.verb:set package 'r2_mission' build argument 'cmake_args' from command line to '['-DCMAKE_C_COMPILER_LAUNCHER=ccache', '-DCMAKE_CXX_COMPILER_LAUNCHER=ccache']'
[2.208s] Level 5:colcon.colcon_core.verb:set package 'r2_mission' build argument 'cmake_target' from command line to 'None'
[2.209s] Level 5:colcon.colcon_core.verb:set package 'r2_mission' build argument 'cmake_target_skip_unavailable' from command line to 'False'
[2.210s] Level 5:colcon.colcon_core.verb:set package 'r2_mission' build argument 'cmake_clean_cache' from command line to 'False'
[2.210s] Level 5:colcon.colcon_core.verb:set package 'r2_mission' build argument 'cmake_clean_first' from command line to 'False'
[2.211s] Level 5:colcon.colcon_core.verb:set package 'r2_mission' build argument 'cmake_force_configure' from command line to 'False'
[2.211s] Level 5:colcon.colcon_core.verb:set package 'r2_mission' build argument 'ament_cmake_args' from command line to 'None'
[2.212s] Level 5:colcon.colcon_core.verb:set package 'r2_mission' build argument 'catkin_cmake_args' from command line to 'None'
[2.212s] Level 5:colcon.colcon_core.verb:set package 'r2_mission' build argument 'catkin_skip_building_tests' from command line to 'False'
[2.213s] DEBUG:colcon.colcon_core.verb:Building package 'r2_mission' with the following arguments: {'ament_cmake_args': None, 'build_base': '/root/nuc_ws/build/r2_mission', 'catkin_cmake_args': None, 'catkin_skip_building_tests': False, 'cmake_args': ['-DCMAKE_C_COMPILER_LAUNCHER=ccache', '-DCMAKE_CXX_COMPILER_LAUNCHER=ccache'], 'cmake_clean_cache': False, 'cmake_clean_first': False, 'cmake_force_configure': False, 'cmake_target': None, 'cmake_target_skip_unavailable': False, 'install_base': '/root/nuc_ws/install/r2_mission', 'merge_install': False, 'path': '/root/nuc_ws/nuc_ws/src/nuc_ws/src/r2_mission', 'symlink_install': False, 'test_result_base': None}
[2.215s] INFO:colcon.colcon_core.executor:Executing jobs using 'parallel' executor
[2.223s] DEBUG:colcon.colcon_parallel_executor.executor.parallel:run_until_complete
[2.225s] INFO:colcon.colcon_ros.task.ament_cmake.build:Building ROS package in '/root/nuc_ws/nuc_ws/src/nuc_ws/src/r2_mission' with build type 'ament_cmake'
[2.227s] INFO:colcon.colcon_cmake.task.cmake.build:Building CMake package in '/root/nuc_ws/nuc_ws/src/nuc_ws/src/r2_mission'
[2.245s] INFO:colcon.colcon_core.plugin_system:Skipping extension 'colcon_core.shell.bat': Not used on non-Windows systems
[2.247s] INFO:colcon.colcon_core.shell:Skip shell extension 'powershell' for command environment: Not usable outside of PowerShell
[2.247s] DEBUG:colcon.colcon_core.shell:Skip shell extension 'dsv' for command environment
[2.316s] DEBUG:colcon.colcon_core.event_handler.log_command:Invoking command in '/root/nuc_ws/build/r2_mission': AMENT_PREFIX_PATH=/root/nuc_ws/install/detection_interfaces:${AMENT_PREFIX_PATH} CMAKE_PREFIX_PATH=/root/nuc_ws/install/detection_interfaces:/home/sunrise/yolov8_bpu_ws/install/astra_camera:/home/sunrise/yolov8_bpu_ws/install/astra_camera_msgs:/home/sunrise/yolov8_bpu_ws/install/yolov8_bpu:/opt/tros/humble:/opt/ros/humble LD_LIBRARY_PATH=/root/nuc_ws/install/detection_interfaces/lib:/home/sunrise/yolov8_bpu_ws/install/astra_camera/lib:/home/sunrise/yolov8_bpu_ws/install/astra_camera_msgs/lib:/opt/tros/humble/lib/aarch64-linux-gnu:/opt/tros/humble/lib:/opt/ros/humble/opt/rviz_ogre_vendor/lib:/opt/ros/humble/lib/aarch64-linux-gnu:/opt/ros/humble/lib:/usr/hobot/lib:/app/lib:/app/pub/lib:/middleware/lib:/middleware/pub/lib:/usr/hobot/lib/sensor:/system/lib:/system/usr/lib:/lib PYTHONPATH=/root/nuc_ws/install/detection_interfaces/local/lib/python3.10/dist-packages:${PYTHONPATH} /usr/bin/cmake --build /root/nuc_ws/build/r2_mission -- -j8 -l8
[2.811s] DEBUG:colcon.colcon_core.event_handler.log_command:Invoked command in '/root/nuc_ws/build/r2_mission' returned '0': AMENT_PREFIX_PATH=/root/nuc_ws/install/detection_interfaces:${AMENT_PREFIX_PATH} CMAKE_PREFIX_PATH=/root/nuc_ws/install/detection_interfaces:/home/sunrise/yolov8_bpu_ws/install/astra_camera:/home/sunrise/yolov8_bpu_ws/install/astra_camera_msgs:/home/sunrise/yolov8_bpu_ws/install/yolov8_bpu:/opt/tros/humble:/opt/ros/humble LD_LIBRARY_PATH=/root/nuc_ws/install/detection_interfaces/lib:/home/sunrise/yolov8_bpu_ws/install/astra_camera/lib:/home/sunrise/yolov8_bpu_ws/install/astra_camera_msgs/lib:/opt/tros/humble/lib/aarch64-linux-gnu:/opt/tros/humble/lib:/opt/ros/humble/opt/rviz_ogre_vendor/lib:/opt/ros/humble/lib/aarch64-linux-gnu:/opt/ros/humble/lib:/usr/hobot/lib:/app/lib:/app/pub/lib:/middleware/lib:/middleware/pub/lib:/usr/hobot/lib/sensor:/system/lib:/system/usr/lib:/lib PYTHONPATH=/root/nuc_ws/install/detection_interfaces/local/lib/python3.10/dist-packages:${PYTHONPATH} /usr/bin/cmake --build /root/nuc_ws/build/r2_mission -- -j8 -l8
[2.868s] DEBUG:colcon.colcon_core.event_handler.log_command:Invoking command in '/root/nuc_ws/build/r2_mission': AMENT_PREFIX_PATH=/root/nuc_ws/install/detection_interfaces:${AMENT_PREFIX_PATH} CMAKE_PREFIX_PATH=/root/nuc_ws/install/detection_interfaces:/home/sunrise/yolov8_bpu_ws/install/astra_camera:/home/sunrise/yolov8_bpu_ws/install/astra_camera_msgs:/home/sunrise/yolov8_bpu_ws/install/yolov8_bpu:/opt/tros/humble:/opt/ros/humble LD_LIBRARY_PATH=/root/nuc_ws/install/detection_interfaces/lib:/home/sunrise/yolov8_bpu_ws/install/astra_camera/lib:/home/sunrise/yolov8_bpu_ws/install/astra_camera_msgs/lib:/opt/tros/humble/lib/aarch64-linux-gnu:/opt/tros/humble/lib:/opt/ros/humble/opt/rviz_ogre_vendor/lib:/opt/ros/humble/lib/aarch64-linux-gnu:/opt/ros/humble/lib:/usr/hobot/lib:/app/lib:/app/pub/lib:/middleware/lib:/middleware/pub/lib:/usr/hobot/lib/sensor:/system/lib:/system/usr/lib:/lib PYTHONPATH=/root/nuc_ws/install/detection_interfaces/local/lib/python3.10/dist-packages:${PYTHONPATH} /usr/bin/cmake --install /root/nuc_ws/build/r2_mission
[2.926s] Level 1:colcon.colcon_core.environment:create_environment_scripts_only(r2_mission)
[2.943s] DEBUG:colcon.colcon_core.event_handler.log_command:Invoked command in '/root/nuc_ws/build/r2_mission' returned '0': AMENT_PREFIX_PATH=/root/nuc_ws/install/detection_interfaces:${AMENT_PREFIX_PATH} CMAKE_PREFIX_PATH=/root/nuc_ws/install/detection_interfaces:/home/sunrise/yolov8_bpu_ws/install/astra_camera:/home/sunrise/yolov8_bpu_ws/install/astra_camera_msgs:/home/sunrise/yolov8_bpu_ws/install/yolov8_bpu:/opt/tros/humble:/opt/ros/humble LD_LIBRARY_PATH=/root/nuc_ws/install/detection_interfaces/lib:/home/sunrise/yolov8_bpu_ws/install/astra_camera/lib:/home/sunrise/yolov8_bpu_ws/install/astra_camera_msgs/lib:/opt/tros/humble/lib/aarch64-linux-gnu:/opt/tros/humble/lib:/opt/ros/humble/opt/rviz_ogre_vendor/lib:/opt/ros/humble/lib/aarch64-linux-gnu:/opt/ros/humble/lib:/usr/hobot/lib:/app/lib:/app/pub/lib:/middleware/lib:/middleware/pub/lib:/usr/hobot/lib/sensor:/system/lib:/system/usr/lib:/lib PYTHONPATH=/root/nuc_ws/install/detection_interfaces/local/lib/python3.10/dist-packages:${PYTHONPATH} /usr/bin/cmake --install /root/nuc_ws/build/r2_mission
[2.957s] Level 1:colcon.colcon_core.environment:checking '/root/nuc_ws/install/r2_mission' for CMake module files
[2.961s] Level 1:colcon.colcon_core.environment:checking '/root/nuc_ws/install/r2_mission' for CMake config files
[2.962s] Level 1:colcon.colcon_core.shell:create_environment_hook('r2_mission', 'cmake_prefix_path')
[2.965s] INFO:colcon.colcon_core.shell:Creating environment hook '/root/nuc_ws/install/r2_mission/share/r2_mission/hook/cmake_prefix_path.ps1'
[2.971s] INFO:colcon.colcon_core.shell:Creating environment descriptor '/root/nuc_ws/install/r2_mission/share/r2_mission/hook/cmake_prefix_path.dsv'
[2.975s] INFO:colcon.colcon_core.shell:Creating environment hook '/root/nuc_ws/install/r2_mission/share/r2_mission/hook/cmake_prefix_path.sh'
[2.982s] Level 1:colcon.colcon_core.environment:checking '/root/nuc_ws/install/r2_mission/lib'
[2.984s] Level 1:colcon.colcon_core.environment:checking '/root/nuc_ws/install/r2_mission/bin'
[2.984s] Level 1:colcon.colcon_core.environment:checking '/root/nuc_ws/install/r2_mission/lib/pkgconfig/r2_mission.pc'
[2.986s] Level 1:colcon.colcon_core.environment:checking '/root/nuc_ws/install/r2_mission/lib/python3.10/site-packages'
[2.989s] Level 1:colcon.colcon_core.environment:checking '/root/nuc_ws/install/r2_mission/bin'
[2.991s] INFO:colcon.colcon_core.shell:Creating package script '/root/nuc_ws/install/r2_mission/share/r2_mission/package.ps1'
[3.000s] INFO:colcon.colcon_core.shell:Creating package descriptor '/root/nuc_ws/install/r2_mission/share/r2_mission/package.dsv'
[3.005s] INFO:colcon.colcon_core.shell:Creating package script '/root/nuc_ws/install/r2_mission/share/r2_mission/package.sh'
[3.011s] INFO:colcon.colcon_core.shell:Creating package script '/root/nuc_ws/install/r2_mission/share/r2_mission/package.bash'
[3.018s] INFO:colcon.colcon_core.shell:Creating package script '/root/nuc_ws/install/r2_mission/share/r2_mission/package.zsh'
[3.024s] Level 1:colcon.colcon_core.environment:create_file_with_runtime_dependencies(/root/nuc_ws/install/r2_mission/share/colcon-core/packages/r2_mission)
[3.030s] Level 1:colcon.colcon_core.environment:create_environment_scripts_only(r2_mission)
[3.032s] Level 1:colcon.colcon_core.environment:checking '/root/nuc_ws/install/r2_mission' for CMake module files
[3.036s] Level 1:colcon.colcon_core.environment:checking '/root/nuc_ws/install/r2_mission' for CMake config files
[3.038s] Level 1:colcon.colcon_core.shell:create_environment_hook('r2_mission', 'cmake_prefix_path')
[3.041s] INFO:colcon.colcon_core.shell:Creating environment hook '/root/nuc_ws/install/r2_mission/share/r2_mission/hook/cmake_prefix_path.ps1'
[3.045s] INFO:colcon.colcon_core.shell:Creating environment descriptor '/root/nuc_ws/install/r2_mission/share/r2_mission/hook/cmake_prefix_path.dsv'
[3.048s] INFO:colcon.colcon_core.shell:Creating environment hook '/root/nuc_ws/install/r2_mission/share/r2_mission/hook/cmake_prefix_path.sh'
[3.053s] Level 1:colcon.colcon_core.environment:checking '/root/nuc_ws/install/r2_mission/lib'
[3.054s] Level 1:colcon.colcon_core.environment:checking '/root/nuc_ws/install/r2_mission/bin'
[3.055s] Level 1:colcon.colcon_core.environment:checking '/root/nuc_ws/install/r2_mission/lib/pkgconfig/r2_mission.pc'
[3.057s] Level 1:colcon.colcon_core.environment:checking '/root/nuc_ws/install/r2_mission/lib/python3.10/site-packages'
[3.060s] Level 1:colcon.colcon_core.environment:checking '/root/nuc_ws/install/r2_mission/bin'
[3.063s] INFO:colcon.colcon_core.shell:Creating package script '/root/nuc_ws/install/r2_mission/share/r2_mission/package.ps1'
[3.068s] INFO:colcon.colcon_core.shell:Creating package descriptor '/root/nuc_ws/install/r2_mission/share/r2_mission/package.dsv'
[3.073s] INFO:colcon.colcon_core.shell:Creating package script '/root/nuc_ws/install/r2_mission/share/r2_mission/package.sh'
[3.077s] INFO:colcon.colcon_core.shell:Creating package script '/root/nuc_ws/install/r2_mission/share/r2_mission/package.bash'
[3.080s] INFO:colcon.colcon_core.shell:Creating package script '/root/nuc_ws/install/r2_mission/share/r2_mission/package.zsh'
[3.084s] Level 1:colcon.colcon_core.environment:create_file_with_runtime_dependencies(/root/nuc_ws/install/r2_mission/share/colcon-core/packages/r2_mission)
[3.086s] DEBUG:colcon.colcon_parallel_executor.executor.parallel:closing loop
[3.088s] DEBUG:colcon.colcon_parallel_executor.executor.parallel:loop closed
[3.089s] DEBUG:colcon.colcon_parallel_executor.executor.parallel:run_until_complete finished with '0'
[3.090s] DEBUG:colcon.colcon_core.event_reactor:joining thread
[3.093s] DEBUG:colcon.colcon_core.event_reactor:joined thread
[3.096s] INFO:colcon.colcon_core.shell:Creating prefix script '/root/nuc_ws/install/local_setup.ps1'
[3.105s] INFO:colcon.colcon_core.shell:Creating prefix util module '/root/nuc_ws/install/_local_setup_util_ps1.py'
[3.118s] INFO:colcon.colcon_core.shell:Creating prefix chain script '/root/nuc_ws/install/setup.ps1'
[3.132s] INFO:colcon.colcon_core.shell:Creating prefix script '/root/nuc_ws/install/local_setup.sh'
[3.138s] INFO:colcon.colcon_core.shell:Creating prefix util module '/root/nuc_ws/install/_local_setup_util_sh.py'
[3.146s] INFO:colcon.colcon_core.shell:Creating prefix chain script '/root/nuc_ws/install/setup.sh'
[3.159s] INFO:colcon.colcon_core.shell:Creating prefix script '/root/nuc_ws/install/local_setup.bash'
[3.164s] INFO:colcon.colcon_core.shell:Creating prefix chain script '/root/nuc_ws/install/setup.bash'
[3.174s] INFO:colcon.colcon_core.shell:Creating prefix script '/root/nuc_ws/install/local_setup.zsh'
[3.179s] INFO:colcon.colcon_core.shell:Creating prefix chain script '/root/nuc_ws/install/setup.zsh'
