[0.117s] colcon DEBUG Command line arguments: ['/usr/bin/colcon', 'build']
[0.117s] colcon DEBUG Parsed command line arguments: Namespace(log_base=None, log_level=None, verb_name='build', build_base='build', install_base='install', merge_install=False, symlink_install=False, test_result_base=None, continue_on_error=False, executor='parallel', parallel_workers=8, event_handlers=None, ignore_user_meta=False, metas=['./colcon.meta'], base_paths=['.'], packages_ignore=None, packages_ignore_regex=None, paths=None, packages_up_to=None, packages_up_to_regex=None, packages_above=None, packages_above_and_dependencies=None, packages_above_depth=None, packages_select_by_dep=None, packages_skip_by_dep=None, packages_skip_up_to=None, packages_select_build_failed=False, packages_skip_build_finished=False, packages_select_test_failures=False, packages_skip_test_passed=False, packages_select=None, packages_skip=None, packages_select_regex=None, packages_skip_regex=None, packages_start=None, packages_end=None, allow_overriding=[], cmake_args=None, cmake_target=None, cmake_target_skip_unavailable=False, cmake_clean_cache=False, cmake_clean_first=False, cmake_force_configure=False, ament_cmake_args=None, catkin_cmake_args=None, catkin_skip_building_tests=False, verb_parser=<colcon_defaults.argument_parser.defaults.DefaultArgumentsDecorator object at 0x755ee7611e70>, verb_extension=<colcon_core.verb.build.BuildVerb object at 0x755ee77032e0>, main=<bound method BuildVerb.main of <colcon_core.verb.build.BuildVerb object at 0x755ee77032e0>>)
[0.296s] colcon.colcon_core.package_discovery Level 1 discover_packages(colcon_meta) check parameters
[0.297s] colcon.colcon_core.package_discovery Level 1 discover_packages(recursive) check parameters
[0.297s] colcon.colcon_core.package_discovery Level 1 discover_packages(ignore) check parameters
[0.297s] colcon.colcon_core.package_discovery Level 1 discover_packages(path) check parameters
[0.297s] colcon.colcon_core.package_discovery Level 1 discover_packages(colcon_meta) discover
[0.297s] colcon.colcon_core.package_discovery Level 1 discover_packages(recursive) discover
[0.297s] colcon.colcon_core.package_discovery INFO Crawling recursively for packages in '/home/mingadmirer/nuc_ws'
[0.297s] colcon.colcon_core.package_identification Level 1 _identify(.) by extensions ['ignore', 'ignore_ament_install']
[0.297s] colcon.colcon_core.package_identification Level 1 _identify(.) by extension 'ignore'
[0.297s] colcon.colcon_core.package_identification Level 1 _identify(.) by extension 'ignore_ament_install'
[0.297s] colcon.colcon_core.package_identification Level 1 _identify(.) by extensions ['colcon_pkg']
[0.297s] colcon.colcon_core.package_identification Level 1 _identify(.) by extension 'colcon_pkg'
[0.297s] colcon.colcon_core.package_identification Level 1 _identify(.) by extensions ['colcon_meta']
[0.297s] colcon.colcon_core.package_identification Level 1 _identify(.) by extension 'colcon_meta'
[0.297s] colcon.colcon_core.package_identification Level 1 _identify(.) by extensions ['ros']
[0.297s] colcon.colcon_core.package_identification Level 1 _identify(.) by extension 'ros'
[0.308s] colcon.colcon_core.package_identification Level 1 _identify(.) by extensions ['cmake', 'python']
[0.308s] colcon.colcon_core.package_identification Level 1 _identify(.) by extension 'cmake'
[0.308s] colcon.colcon_core.package_identification Level 1 _identify(.) by extension 'python'
[0.308s] colcon.colcon_core.package_identification Level 1 _identify(.) by extensions ['python_setup_py']
[0.308s] colcon.colcon_core.package_identification Level 1 _identify(.) by extension 'python_setup_py'
[0.308s] colcon.colcon_core.package_identification Level 1 _identify(build) by extensions ['ignore', 'ignore_ament_install']
[0.308s] colcon.colcon_core.package_identification Level 1 _identify(build) by extension 'ignore'
[0.308s] colcon.colcon_core.package_identification Level 1 _identify(build) ignored
[0.308s] colcon.colcon_core.package_identification Level 1 _identify(install) by extensions ['ignore', 'ignore_ament_install']
[0.308s] colcon.colcon_core.package_identification Level 1 _identify(install) by extension 'ignore'
[0.309s] colcon.colcon_core.package_identification Level 1 _identify(install) ignored
[0.309s] colcon.colcon_core.package_identification Level 1 _identify(log) by extensions ['ignore', 'ignore_ament_install']
[0.309s] colcon.colcon_core.package_identification Level 1 _identify(log) by extension 'ignore'
[0.309s] colcon.colcon_core.package_identification Level 1 _identify(log) ignored
[0.309s] colcon.colcon_core.package_identification Level 1 _identify(nuc_ws) by extensions ['ignore', 'ignore_ament_install']
[0.309s] colcon.colcon_core.package_identification Level 1 _identify(nuc_ws) by extension 'ignore'
[0.309s] colcon.colcon_core.package_identification Level 1 _identify(nuc_ws) by extension 'ignore_ament_install'
[0.309s] colcon.colcon_core.package_identification Level 1 _identify(nuc_ws) by extensions ['colcon_pkg']
[0.309s] colcon.colcon_core.package_identification Level 1 _identify(nuc_ws) by extension 'colcon_pkg'
[0.309s] colcon.colcon_core.package_identification Level 1 _identify(nuc_ws) by extensions ['colcon_meta']
[0.309s] colcon.colcon_core.package_identification Level 1 _identify(nuc_ws) by extension 'colcon_meta'
[0.309s] colcon.colcon_core.package_identification Level 1 _identify(nuc_ws) by extensions ['ros']
[0.309s] colcon.colcon_core.package_identification Level 1 _identify(nuc_ws) by extension 'ros'
[0.309s] colcon.colcon_core.package_identification Level 1 _identify(nuc_ws) by extensions ['cmake', 'python']
[0.309s] colcon.colcon_core.package_identification Level 1 _identify(nuc_ws) by extension 'cmake'
[0.309s] colcon.colcon_core.package_identification Level 1 _identify(nuc_ws) by extension 'python'
[0.309s] colcon.colcon_core.package_identification Level 1 _identify(nuc_ws) by extensions ['python_setup_py']
[0.309s] colcon.colcon_core.package_identification Level 1 _identify(nuc_ws) by extension 'python_setup_py'
[0.310s] colcon.colcon_core.package_identification Level 1 _identify(nuc_ws/framework) by extensions ['ignore', 'ignore_ament_install']
[0.310s] colcon.colcon_core.package_identification Level 1 _identify(nuc_ws/framework) by extension 'ignore'
[0.310s] colcon.colcon_core.package_identification Level 1 _identify(nuc_ws/framework) by extension 'ignore_ament_install'
[0.310s] colcon.colcon_core.package_identification Level 1 _identify(nuc_ws/framework) by extensions ['colcon_pkg']
[0.310s] colcon.colcon_core.package_identification Level 1 _identify(nuc_ws/framework) by extension 'colcon_pkg'
[0.310s] colcon.colcon_core.package_identification Level 1 _identify(nuc_ws/framework) by extensions ['colcon_meta']
[0.310s] colcon.colcon_core.package_identification Level 1 _identify(nuc_ws/framework) by extension 'colcon_meta'
[0.310s] colcon.colcon_core.package_identification Level 1 _identify(nuc_ws/framework) by extensions ['ros']
[0.310s] colcon.colcon_core.package_identification Level 1 _identify(nuc_ws/framework) by extension 'ros'
[0.310s] colcon.colcon_core.package_identification Level 1 _identify(nuc_ws/framework) by extensions ['cmake', 'python']
[0.310s] colcon.colcon_core.package_identification Level 1 _identify(nuc_ws/framework) by extension 'cmake'
[0.310s] colcon.colcon_core.package_identification Level 1 _identify(nuc_ws/framework) by extension 'python'
[0.310s] colcon.colcon_core.package_identification Level 1 _identify(nuc_ws/framework) by extensions ['python_setup_py']
[0.310s] colcon.colcon_core.package_identification Level 1 _identify(nuc_ws/framework) by extension 'python_setup_py'
[0.310s] colcon.colcon_core.package_identification Level 1 _identify(nuc_ws/framework/串口协议) by extensions ['ignore', 'ignore_ament_install']
[0.310s] colcon.colcon_core.package_identification Level 1 _identify(nuc_ws/framework/串口协议) by extension 'ignore'
[0.310s] colcon.colcon_core.package_identification Level 1 _identify(nuc_ws/framework/串口协议) by extension 'ignore_ament_install'
[0.310s] colcon.colcon_core.package_identification Level 1 _identify(nuc_ws/framework/串口协议) by extensions ['colcon_pkg']
[0.310s] colcon.colcon_core.package_identification Level 1 _identify(nuc_ws/framework/串口协议) by extension 'colcon_pkg'
[0.311s] colcon.colcon_core.package_identification Level 1 _identify(nuc_ws/framework/串口协议) by extensions ['colcon_meta']
[0.311s] colcon.colcon_core.package_identification Level 1 _identify(nuc_ws/framework/串口协议) by extension 'colcon_meta'
[0.311s] colcon.colcon_core.package_identification Level 1 _identify(nuc_ws/framework/串口协议) by extensions ['ros']
[0.311s] colcon.colcon_core.package_identification Level 1 _identify(nuc_ws/framework/串口协议) by extension 'ros'
[0.311s] colcon.colcon_core.package_identification Level 1 _identify(nuc_ws/framework/串口协议) by extensions ['cmake', 'python']
[0.311s] colcon.colcon_core.package_identification Level 1 _identify(nuc_ws/framework/串口协议) by extension 'cmake'
[0.311s] colcon.colcon_core.package_identification Level 1 _identify(nuc_ws/framework/串口协议) by extension 'python'
[0.311s] colcon.colcon_core.package_identification Level 1 _identify(nuc_ws/framework/串口协议) by extensions ['python_setup_py']
[0.311s] colcon.colcon_core.package_identification Level 1 _identify(nuc_ws/framework/串口协议) by extension 'python_setup_py'
[0.311s] colcon.colcon_core.package_identification Level 1 _identify(nuc_ws/requirements) by extensions ['ignore', 'ignore_ament_install']
[0.311s] colcon.colcon_core.package_identification Level 1 _identify(nuc_ws/requirements) by extension 'ignore'
[0.311s] colcon.colcon_core.package_identification Level 1 _identify(nuc_ws/requirements) by extension 'ignore_ament_install'
[0.311s] colcon.colcon_core.package_identification Level 1 _identify(nuc_ws/requirements) by extensions ['colcon_pkg']
[0.311s] colcon.colcon_core.package_identification Level 1 _identify(nuc_ws/requirements) by extension 'colcon_pkg'
[0.311s] colcon.colcon_core.package_identification Level 1 _identify(nuc_ws/requirements) by extensions ['colcon_meta']
[0.311s] colcon.colcon_core.package_identification Level 1 _identify(nuc_ws/requirements) by extension 'colcon_meta'
[0.311s] colcon.colcon_core.package_identification Level 1 _identify(nuc_ws/requirements) by extensions ['ros']
[0.311s] colcon.colcon_core.package_identification Level 1 _identify(nuc_ws/requirements) by extension 'ros'
[0.311s] colcon.colcon_core.package_identification Level 1 _identify(nuc_ws/requirements) by extensions ['cmake', 'python']
[0.311s] colcon.colcon_core.package_identification Level 1 _identify(nuc_ws/requirements) by extension 'cmake'
[0.312s] colcon.colcon_core.package_identification Level 1 _identify(nuc_ws/requirements) by extension 'python'
[0.312s] colcon.colcon_core.package_identification Level 1 _identify(nuc_ws/requirements) by extensions ['python_setup_py']
[0.312s] colcon.colcon_core.package_identification Level 1 _identify(nuc_ws/requirements) by extension 'python_setup_py'
[0.312s] colcon.colcon_core.package_identification Level 1 _identify(nuc_ws/src) by extensions ['ignore', 'ignore_ament_install']
[0.312s] colcon.colcon_core.package_identification Level 1 _identify(nuc_ws/src) by extension 'ignore'
[0.312s] colcon.colcon_core.package_identification Level 1 _identify(nuc_ws/src) by extension 'ignore_ament_install'
[0.312s] colcon.colcon_core.package_identification Level 1 _identify(nuc_ws/src) by extensions ['colcon_pkg']
[0.312s] colcon.colcon_core.package_identification Level 1 _identify(nuc_ws/src) by extension 'colcon_pkg'
[0.312s] colcon.colcon_core.package_identification Level 1 _identify(nuc_ws/src) by extensions ['colcon_meta']
[0.312s] colcon.colcon_core.package_identification Level 1 _identify(nuc_ws/src) by extension 'colcon_meta'
[0.312s] colcon.colcon_core.package_identification Level 1 _identify(nuc_ws/src) by extensions ['ros']
[0.312s] colcon.colcon_core.package_identification Level 1 _identify(nuc_ws/src) by extension 'ros'
[0.312s] colcon.colcon_core.package_identification Level 1 _identify(nuc_ws/src) by extensions ['cmake', 'python']
[0.312s] colcon.colcon_core.package_identification Level 1 _identify(nuc_ws/src) by extension 'cmake'
[0.312s] colcon.colcon_core.package_identification Level 1 _identify(nuc_ws/src) by extension 'python'
[0.312s] colcon.colcon_core.package_identification Level 1 _identify(nuc_ws/src) by extensions ['python_setup_py']
[0.312s] colcon.colcon_core.package_identification Level 1 _identify(nuc_ws/src) by extension 'python_setup_py'
[0.312s] colcon.colcon_core.package_identification Level 1 _identify(nuc_ws/src/nuc_ws) by extensions ['ignore', 'ignore_ament_install']
[0.312s] colcon.colcon_core.package_identification Level 1 _identify(nuc_ws/src/nuc_ws) by extension 'ignore'
[0.313s] colcon.colcon_core.package_identification Level 1 _identify(nuc_ws/src/nuc_ws) by extension 'ignore_ament_install'
[0.313s] colcon.colcon_core.package_identification Level 1 _identify(nuc_ws/src/nuc_ws) by extensions ['colcon_pkg']
[0.313s] colcon.colcon_core.package_identification Level 1 _identify(nuc_ws/src/nuc_ws) by extension 'colcon_pkg'
[0.313s] colcon.colcon_core.package_identification Level 1 _identify(nuc_ws/src/nuc_ws) by extensions ['colcon_meta']
[0.313s] colcon.colcon_core.package_identification Level 1 _identify(nuc_ws/src/nuc_ws) by extension 'colcon_meta'
[0.313s] colcon.colcon_core.package_identification Level 1 _identify(nuc_ws/src/nuc_ws) by extensions ['ros']
[0.313s] colcon.colcon_core.package_identification Level 1 _identify(nuc_ws/src/nuc_ws) by extension 'ros'
[0.313s] colcon.colcon_core.package_identification Level 1 _identify(nuc_ws/src/nuc_ws) by extensions ['cmake', 'python']
[0.313s] colcon.colcon_core.package_identification Level 1 _identify(nuc_ws/src/nuc_ws) by extension 'cmake'
[0.313s] colcon.colcon_core.package_identification Level 1 _identify(nuc_ws/src/nuc_ws) by extension 'python'
[0.313s] colcon.colcon_core.package_identification Level 1 _identify(nuc_ws/src/nuc_ws) by extensions ['python_setup_py']
[0.313s] colcon.colcon_core.package_identification Level 1 _identify(nuc_ws/src/nuc_ws) by extension 'python_setup_py'
[0.313s] colcon.colcon_core.package_identification Level 1 _identify(nuc_ws/src/nuc_ws/build) by extensions ['ignore', 'ignore_ament_install']
[0.313s] colcon.colcon_core.package_identification Level 1 _identify(nuc_ws/src/nuc_ws/build) by extension 'ignore'
[0.313s] colcon.colcon_core.package_identification Level 1 _identify(nuc_ws/src/nuc_ws/build) ignored
[0.313s] colcon.colcon_core.package_identification Level 1 _identify(nuc_ws/src/nuc_ws/install) by extensions ['ignore', 'ignore_ament_install']
[0.313s] colcon.colcon_core.package_identification Level 1 _identify(nuc_ws/src/nuc_ws/install) by extension 'ignore'
[0.313s] colcon.colcon_core.package_identification Level 1 _identify(nuc_ws/src/nuc_ws/install) ignored
[0.314s] colcon.colcon_core.package_identification Level 1 _identify(nuc_ws/src/nuc_ws/log) by extensions ['ignore', 'ignore_ament_install']
[0.314s] colcon.colcon_core.package_identification Level 1 _identify(nuc_ws/src/nuc_ws/log) by extension 'ignore'
[0.314s] colcon.colcon_core.package_identification Level 1 _identify(nuc_ws/src/nuc_ws/log) ignored
[0.314s] colcon.colcon_core.package_identification Level 1 _identify(nuc_ws/src/nuc_ws/src) by extensions ['ignore', 'ignore_ament_install']
[0.314s] colcon.colcon_core.package_identification Level 1 _identify(nuc_ws/src/nuc_ws/src) by extension 'ignore'
[0.314s] colcon.colcon_core.package_identification Level 1 _identify(nuc_ws/src/nuc_ws/src) by extension 'ignore_ament_install'
[0.314s] colcon.colcon_core.package_identification Level 1 _identify(nuc_ws/src/nuc_ws/src) by extensions ['colcon_pkg']
[0.314s] colcon.colcon_core.package_identification Level 1 _identify(nuc_ws/src/nuc_ws/src) by extension 'colcon_pkg'
[0.314s] colcon.colcon_core.package_identification Level 1 _identify(nuc_ws/src/nuc_ws/src) by extensions ['colcon_meta']
[0.314s] colcon.colcon_core.package_identification Level 1 _identify(nuc_ws/src/nuc_ws/src) by extension 'colcon_meta'
[0.314s] colcon.colcon_core.package_identification Level 1 _identify(nuc_ws/src/nuc_ws/src) by extensions ['ros']
[0.314s] colcon.colcon_core.package_identification Level 1 _identify(nuc_ws/src/nuc_ws/src) by extension 'ros'
[0.314s] colcon.colcon_core.package_identification Level 1 _identify(nuc_ws/src/nuc_ws/src) by extensions ['cmake', 'python']
[0.314s] colcon.colcon_core.package_identification Level 1 _identify(nuc_ws/src/nuc_ws/src) by extension 'cmake'
[0.314s] colcon.colcon_core.package_identification Level 1 _identify(nuc_ws/src/nuc_ws/src) by extension 'python'
[0.314s] colcon.colcon_core.package_identification Level 1 _identify(nuc_ws/src/nuc_ws/src) by extensions ['python_setup_py']
[0.314s] colcon.colcon_core.package_identification Level 1 _identify(nuc_ws/src/nuc_ws/src) by extension 'python_setup_py'
[0.314s] colcon.colcon_core.package_identification Level 1 _identify(nuc_ws/src/nuc_ws/src/detection_interfaces) by extensions ['ignore', 'ignore_ament_install']
[0.315s] colcon.colcon_core.package_identification Level 1 _identify(nuc_ws/src/nuc_ws/src/detection_interfaces) by extension 'ignore'
[0.315s] colcon.colcon_core.package_identification Level 1 _identify(nuc_ws/src/nuc_ws/src/detection_interfaces) by extension 'ignore_ament_install'
[0.315s] colcon.colcon_core.package_identification Level 1 _identify(nuc_ws/src/nuc_ws/src/detection_interfaces) by extensions ['colcon_pkg']
[0.315s] colcon.colcon_core.package_identification Level 1 _identify(nuc_ws/src/nuc_ws/src/detection_interfaces) by extension 'colcon_pkg'
[0.315s] colcon.colcon_core.package_identification Level 1 _identify(nuc_ws/src/nuc_ws/src/detection_interfaces) by extensions ['colcon_meta']
[0.315s] colcon.colcon_core.package_identification Level 1 _identify(nuc_ws/src/nuc_ws/src/detection_interfaces) by extension 'colcon_meta'
[0.315s] colcon.colcon_core.package_identification Level 1 _identify(nuc_ws/src/nuc_ws/src/detection_interfaces) by extensions ['ros']
[0.315s] colcon.colcon_core.package_identification Level 1 _identify(nuc_ws/src/nuc_ws/src/detection_interfaces) by extension 'ros'
[0.317s] colcon.colcon_core.package_identification DEBUG Package 'nuc_ws/src/nuc_ws/src/detection_interfaces' with type 'ros.ament_cmake' and name 'detection_interfaces'
[0.317s] colcon.colcon_core.package_identification Level 1 _identify(nuc_ws/src/nuc_ws/src/r2_mission) by extensions ['ignore', 'ignore_ament_install']
[0.317s] colcon.colcon_core.package_identification Level 1 _identify(nuc_ws/src/nuc_ws/src/r2_mission) by extension 'ignore'
[0.317s] colcon.colcon_core.package_identification Level 1 _identify(nuc_ws/src/nuc_ws/src/r2_mission) by extension 'ignore_ament_install'
[0.318s] colcon.colcon_core.package_identification Level 1 _identify(nuc_ws/src/nuc_ws/src/r2_mission) by extensions ['colcon_pkg']
[0.318s] colcon.colcon_core.package_identification Level 1 _identify(nuc_ws/src/nuc_ws/src/r2_mission) by extension 'colcon_pkg'
[0.318s] colcon.colcon_core.package_identification Level 1 _identify(nuc_ws/src/nuc_ws/src/r2_mission) by extensions ['colcon_meta']
[0.318s] colcon.colcon_core.package_identification Level 1 _identify(nuc_ws/src/nuc_ws/src/r2_mission) by extension 'colcon_meta'
[0.318s] colcon.colcon_core.package_identification Level 1 _identify(nuc_ws/src/nuc_ws/src/r2_mission) by extensions ['ros']
[0.318s] colcon.colcon_core.package_identification Level 1 _identify(nuc_ws/src/nuc_ws/src/r2_mission) by extension 'ros'
[0.318s] colcon.colcon_core.package_identification DEBUG Package 'nuc_ws/src/nuc_ws/src/r2_mission' with type 'ros.ament_cmake' and name 'r2_mission'
[0.319s] colcon.colcon_core.package_identification Level 1 _identify(nuc_ws/src/nuc_ws/src/r2_serial_driver) by extensions ['ignore', 'ignore_ament_install']
[0.319s] colcon.colcon_core.package_identification Level 1 _identify(nuc_ws/src/nuc_ws/src/r2_serial_driver) by extension 'ignore'
[0.319s] colcon.colcon_core.package_identification Level 1 _identify(nuc_ws/src/nuc_ws/src/r2_serial_driver) ignored
[0.319s] colcon.colcon_core.package_discovery Level 1 discover_packages(recursive) using defaults
[0.319s] colcon.colcon_core.package_discovery Level 1 discover_packages(ignore) discover
[0.319s] colcon.colcon_core.package_discovery Level 1 discover_packages(ignore) using defaults
[0.319s] colcon.colcon_core.package_discovery Level 1 discover_packages(path) discover
[0.319s] colcon.colcon_core.package_discovery Level 1 discover_packages(path) using defaults
[0.350s] colcon.colcon_core.package_discovery Level 1 discover_packages(prefix_path) check parameters
[0.350s] colcon.colcon_core.package_discovery Level 1 discover_packages(prefix_path) discover
[0.353s] colcon.colcon_installed_package_information.package_discovery DEBUG Found 277 installed packages in /opt/ros/humble
[0.354s] colcon.colcon_core.package_discovery Level 1 discover_packages(prefix_path) using defaults
[0.392s] colcon.colcon_core.verb Level 5 set package 'detection_interfaces' build argument 'cmake_args' from command line to 'None'
[0.392s] colcon.colcon_core.verb Level 5 set package 'detection_interfaces' build argument 'cmake_target' from command line to 'None'
[0.392s] colcon.colcon_core.verb Level 5 set package 'detection_interfaces' build argument 'cmake_target_skip_unavailable' from command line to 'False'
[0.392s] colcon.colcon_core.verb Level 5 set package 'detection_interfaces' build argument 'cmake_clean_cache' from command line to 'False'
[0.392s] colcon.colcon_core.verb Level 5 set package 'detection_interfaces' build argument 'cmake_clean_first' from command line to 'False'
[0.393s] colcon.colcon_core.verb Level 5 set package 'detection_interfaces' build argument 'cmake_force_configure' from command line to 'False'
[0.393s] colcon.colcon_core.verb Level 5 set package 'detection_interfaces' build argument 'ament_cmake_args' from command line to 'None'
[0.393s] colcon.colcon_core.verb Level 5 set package 'detection_interfaces' build argument 'catkin_cmake_args' from command line to 'None'
[0.393s] colcon.colcon_core.verb Level 5 set package 'detection_interfaces' build argument 'catkin_skip_building_tests' from command line to 'False'
[0.393s] colcon.colcon_core.verb DEBUG Building package 'detection_interfaces' with the following arguments: {'ament_cmake_args': None, 'build_base': '/home/mingadmirer/nuc_ws/build/detection_interfaces', 'catkin_cmake_args': None, 'catkin_skip_building_tests': False, 'cmake_args': None, 'cmake_clean_cache': False, 'cmake_clean_first': False, 'cmake_force_configure': False, 'cmake_target': None, 'cmake_target_skip_unavailable': False, 'install_base': '/home/mingadmirer/nuc_ws/install/detection_interfaces', 'merge_install': False, 'path': '/home/mingadmirer/nuc_ws/nuc_ws/src/nuc_ws/src/detection_interfaces', 'symlink_install': False, 'test_result_base': None}
[0.393s] colcon.colcon_core.verb Level 5 set package 'r2_mission' build argument 'cmake_args' from command line to 'None'
[0.393s] colcon.colcon_core.verb Level 5 set package 'r2_mission' build argument 'cmake_target' from command line to 'None'
[0.393s] colcon.colcon_core.verb Level 5 set package 'r2_mission' build argument 'cmake_target_skip_unavailable' from command line to 'False'
[0.393s] colcon.colcon_core.verb Level 5 set package 'r2_mission' build argument 'cmake_clean_cache' from command line to 'False'
[0.393s] colcon.colcon_core.verb Level 5 set package 'r2_mission' build argument 'cmake_clean_first' from command line to 'False'
[0.393s] colcon.colcon_core.verb Level 5 set package 'r2_mission' build argument 'cmake_force_configure' from command line to 'False'
[0.393s] colcon.colcon_core.verb Level 5 set package 'r2_mission' build argument 'ament_cmake_args' from command line to 'None'
[0.393s] colcon.colcon_core.verb Level 5 set package 'r2_mission' build argument 'catkin_cmake_args' from command line to 'None'
[0.393s] colcon.colcon_core.verb Level 5 set package 'r2_mission' build argument 'catkin_skip_building_tests' from command line to 'False'
[0.393s] colcon.colcon_core.verb DEBUG Building package 'r2_mission' with the following arguments: {'ament_cmake_args': None, 'build_base': '/home/mingadmirer/nuc_ws/build/r2_mission', 'catkin_cmake_args': None, 'catkin_skip_building_tests': False, 'cmake_args': None, 'cmake_clean_cache': False, 'cmake_clean_first': False, 'cmake_force_configure': False, 'cmake_target': None, 'cmake_target_skip_unavailable': False, 'install_base': '/home/mingadmirer/nuc_ws/install/r2_mission', 'merge_install': False, 'path': '/home/mingadmirer/nuc_ws/nuc_ws/src/nuc_ws/src/r2_mission', 'symlink_install': False, 'test_result_base': None}
[0.393s] colcon.colcon_core.executor INFO Executing jobs using 'parallel' executor
[0.394s] colcon.colcon_parallel_executor.executor.parallel DEBUG run_until_complete
[0.395s] colcon.colcon_ros.task.ament_cmake.build INFO Building ROS package in '/home/mingadmirer/nuc_ws/nuc_ws/src/nuc_ws/src/detection_interfaces' with build type 'ament_cmake'
[0.395s] colcon.colcon_cmake.task.cmake.build INFO Building CMake package in '/home/mingadmirer/nuc_ws/nuc_ws/src/nuc_ws/src/detection_interfaces'
[0.397s] colcon.colcon_core.plugin_system INFO Skipping extension 'colcon_core.shell.bat': Not used on non-Windows systems
[0.397s] colcon.colcon_core.shell INFO Skip shell extension 'powershell' for command environment: Not usable outside of PowerShell
[0.397s] colcon.colcon_core.shell DEBUG Skip shell extension 'dsv' for command environment
[0.405s] colcon.colcon_core.event_handler.log_command DEBUG Invoking command in '/home/mingadmirer/nuc_ws/build/detection_interfaces': CMAKE_PREFIX_PATH=/opt/ros/humble /usr/bin/cmake /home/mingadmirer/nuc_ws/nuc_ws/src/nuc_ws/src/detection_interfaces -DCMAKE_INSTALL_PREFIX=/home/mingadmirer/nuc_ws/install/detection_interfaces
[2.342s] colcon.colcon_core.event_handler.log_command DEBUG Invoked command in '/home/mingadmirer/nuc_ws/build/detection_interfaces' returned '0': CMAKE_PREFIX_PATH=/opt/ros/humble /usr/bin/cmake /home/mingadmirer/nuc_ws/nuc_ws/src/nuc_ws/src/detection_interfaces -DCMAKE_INSTALL_PREFIX=/home/mingadmirer/nuc_ws/install/detection_interfaces
[2.344s] colcon.colcon_core.event_handler.log_command DEBUG Invoking command in '/home/mingadmirer/nuc_ws/build/detection_interfaces': CMAKE_PREFIX_PATH=/opt/ros/humble /usr/bin/cmake --build /home/mingadmirer/nuc_ws/build/detection_interfaces -- -j8 -l8
[5.784s] colcon.colcon_core.event_handler.log_command DEBUG Invoked command in '/home/mingadmirer/nuc_ws/build/detection_interfaces' returned '0': CMAKE_PREFIX_PATH=/opt/ros/humble /usr/bin/cmake --build /home/mingadmirer/nuc_ws/build/detection_interfaces -- -j8 -l8
[5.794s] colcon.colcon_core.event_handler.log_command DEBUG Invoking command in '/home/mingadmirer/nuc_ws/build/detection_interfaces': CMAKE_PREFIX_PATH=/opt/ros/humble /usr/bin/cmake --install /home/mingadmirer/nuc_ws/build/detection_interfaces
[5.884s] colcon.colcon_core.environment Level 1 create_environment_scripts_only(detection_interfaces)
[5.885s] colcon.colcon_core.event_handler.log_command DEBUG Invoked command in '/home/mingadmirer/nuc_ws/build/detection_interfaces' returned '0': CMAKE_PREFIX_PATH=/opt/ros/humble /usr/bin/cmake --install /home/mingadmirer/nuc_ws/build/detection_interfaces
[5.887s] colcon.colcon_core.environment Level 1 checking '/home/mingadmirer/nuc_ws/install/detection_interfaces' for CMake module files
[5.887s] colcon.colcon_core.environment Level 1 checking '/home/mingadmirer/nuc_ws/install/detection_interfaces' for CMake config files
[5.888s] colcon.colcon_core.shell Level 1 create_environment_hook('detection_interfaces', 'cmake_prefix_path')
[5.888s] colcon.colcon_core.shell INFO Creating environment hook '/home/mingadmirer/nuc_ws/install/detection_interfaces/share/detection_interfaces/hook/cmake_prefix_path.ps1'
[5.889s] colcon.colcon_core.shell INFO Creating environment descriptor '/home/mingadmirer/nuc_ws/install/detection_interfaces/share/detection_interfaces/hook/cmake_prefix_path.dsv'
[5.889s] colcon.colcon_core.shell INFO Creating environment hook '/home/mingadmirer/nuc_ws/install/detection_interfaces/share/detection_interfaces/hook/cmake_prefix_path.sh'
[5.890s] colcon.colcon_core.environment Level 1 checking '/home/mingadmirer/nuc_ws/install/detection_interfaces/lib'
[5.890s] colcon.colcon_core.shell Level 1 create_environment_hook('detection_interfaces', 'ld_library_path_lib')
[5.890s] colcon.colcon_core.shell INFO Creating environment hook '/home/mingadmirer/nuc_ws/install/detection_interfaces/share/detection_interfaces/hook/ld_library_path_lib.ps1'
[5.891s] colcon.colcon_core.shell INFO Creating environment descriptor '/home/mingadmirer/nuc_ws/install/detection_interfaces/share/detection_interfaces/hook/ld_library_path_lib.dsv'
[5.891s] colcon.colcon_core.shell INFO Creating environment hook '/home/mingadmirer/nuc_ws/install/detection_interfaces/share/detection_interfaces/hook/ld_library_path_lib.sh'
[5.891s] colcon.colcon_core.environment Level 1 checking '/home/mingadmirer/nuc_ws/install/detection_interfaces/bin'
[5.891s] colcon.colcon_core.environment Level 1 checking '/home/mingadmirer/nuc_ws/install/detection_interfaces/lib/pkgconfig/detection_interfaces.pc'
[5.892s] colcon.colcon_core.environment Level 1 checking '/home/mingadmirer/nuc_ws/install/detection_interfaces/lib/python3.10/site-packages'
[5.892s] colcon.colcon_core.environment Level 1 checking '/home/mingadmirer/nuc_ws/install/detection_interfaces/bin'
[5.892s] colcon.colcon_core.shell INFO Creating package script '/home/mingadmirer/nuc_ws/install/detection_interfaces/share/detection_interfaces/package.ps1'
[5.893s] colcon.colcon_core.shell INFO Creating package descriptor '/home/mingadmirer/nuc_ws/install/detection_interfaces/share/detection_interfaces/package.dsv'
[5.894s] colcon.colcon_core.shell INFO Creating package script '/home/mingadmirer/nuc_ws/install/detection_interfaces/share/detection_interfaces/package.sh'
[5.895s] colcon.colcon_core.shell INFO Creating package script '/home/mingadmirer/nuc_ws/install/detection_interfaces/share/detection_interfaces/package.bash'
[5.895s] colcon.colcon_core.shell INFO Creating package script '/home/mingadmirer/nuc_ws/install/detection_interfaces/share/detection_interfaces/package.zsh'
[5.896s] colcon.colcon_core.environment Level 1 create_file_with_runtime_dependencies(/home/mingadmirer/nuc_ws/install/detection_interfaces/share/colcon-core/packages/detection_interfaces)
[5.897s] colcon.colcon_core.environment Level 1 create_environment_scripts_only(detection_interfaces)
[5.897s] colcon.colcon_core.environment Level 1 checking '/home/mingadmirer/nuc_ws/install/detection_interfaces' for CMake module files
[5.897s] colcon.colcon_core.environment Level 1 checking '/home/mingadmirer/nuc_ws/install/detection_interfaces' for CMake config files
[5.898s] colcon.colcon_core.shell Level 1 create_environment_hook('detection_interfaces', 'cmake_prefix_path')
[5.898s] colcon.colcon_core.shell INFO Creating environment hook '/home/mingadmirer/nuc_ws/install/detection_interfaces/share/detection_interfaces/hook/cmake_prefix_path.ps1'
[5.898s] colcon.colcon_core.shell INFO Creating environment descriptor '/home/mingadmirer/nuc_ws/install/detection_interfaces/share/detection_interfaces/hook/cmake_prefix_path.dsv'
[5.899s] colcon.colcon_core.shell INFO Creating environment hook '/home/mingadmirer/nuc_ws/install/detection_interfaces/share/detection_interfaces/hook/cmake_prefix_path.sh'
[5.899s] colcon.colcon_core.environment Level 1 checking '/home/mingadmirer/nuc_ws/install/detection_interfaces/lib'
[5.899s] colcon.colcon_core.shell Level 1 create_environment_hook('detection_interfaces', 'ld_library_path_lib')
[5.899s] colcon.colcon_core.shell INFO Creating environment hook '/home/mingadmirer/nuc_ws/install/detection_interfaces/share/detection_interfaces/hook/ld_library_path_lib.ps1'
[5.900s] colcon.colcon_core.shell INFO Creating environment descriptor '/home/mingadmirer/nuc_ws/install/detection_interfaces/share/detection_interfaces/hook/ld_library_path_lib.dsv'
[5.900s] colcon.colcon_core.shell INFO Creating environment hook '/home/mingadmirer/nuc_ws/install/detection_interfaces/share/detection_interfaces/hook/ld_library_path_lib.sh'
[5.900s] colcon.colcon_core.environment Level 1 checking '/home/mingadmirer/nuc_ws/install/detection_interfaces/bin'
[5.900s] colcon.colcon_core.environment Level 1 checking '/home/mingadmirer/nuc_ws/install/detection_interfaces/lib/pkgconfig/detection_interfaces.pc'
[5.901s] colcon.colcon_core.environment Level 1 checking '/home/mingadmirer/nuc_ws/install/detection_interfaces/lib/python3.10/site-packages'
[5.901s] colcon.colcon_core.environment Level 1 checking '/home/mingadmirer/nuc_ws/install/detection_interfaces/bin'
[5.901s] colcon.colcon_core.shell INFO Creating package script '/home/mingadmirer/nuc_ws/install/detection_interfaces/share/detection_interfaces/package.ps1'
[5.902s] colcon.colcon_core.shell INFO Creating package descriptor '/home/mingadmirer/nuc_ws/install/detection_interfaces/share/detection_interfaces/package.dsv'
[5.902s] colcon.colcon_core.shell INFO Creating package script '/home/mingadmirer/nuc_ws/install/detection_interfaces/share/detection_interfaces/package.sh'
[5.903s] colcon.colcon_core.shell INFO Creating package script '/home/mingadmirer/nuc_ws/install/detection_interfaces/share/detection_interfaces/package.bash'
[5.903s] colcon.colcon_core.shell INFO Creating package script '/home/mingadmirer/nuc_ws/install/detection_interfaces/share/detection_interfaces/package.zsh'
[5.904s] colcon.colcon_core.environment Level 1 create_file_with_runtime_dependencies(/home/mingadmirer/nuc_ws/install/detection_interfaces/share/colcon-core/packages/detection_interfaces)
[5.904s] colcon.colcon_ros.task.ament_cmake.build INFO Building ROS package in '/home/mingadmirer/nuc_ws/nuc_ws/src/nuc_ws/src/r2_mission' with build type 'ament_cmake'
[5.904s] colcon.colcon_cmake.task.cmake.build INFO Building CMake package in '/home/mingadmirer/nuc_ws/nuc_ws/src/nuc_ws/src/r2_mission'
[5.904s] colcon.colcon_core.shell INFO Skip shell extension 'powershell' for command environment: Not usable outside of PowerShell
[5.904s] colcon.colcon_core.shell DEBUG Skip shell extension 'dsv' for command environment
[5.913s] colcon.colcon_core.event_handler.log_command DEBUG Invoking command in '/home/mingadmirer/nuc_ws/build/r2_mission': AMENT_PREFIX_PATH=/home/mingadmirer/nuc_ws/install/detection_interfaces:${AMENT_PREFIX_PATH} CMAKE_PREFIX_PATH=/home/mingadmirer/nuc_ws/install/detection_interfaces:/opt/ros/humble LD_LIBRARY_PATH=/home/mingadmirer/nuc_ws/install/detection_interfaces/lib:${LD_LIBRARY_PATH} PYTHONPATH=/home/mingadmirer/nuc_ws/install/detection_interfaces/local/lib/python3.10/dist-packages:${PYTHONPATH} /usr/bin/cmake /home/mingadmirer/nuc_ws/nuc_ws/src/nuc_ws/src/r2_mission -DCMAKE_INSTALL_PREFIX=/home/mingadmirer/nuc_ws/install/r2_mission
[7.169s] colcon.colcon_core.event_handler.log_command DEBUG Invoked command in '/home/mingadmirer/nuc_ws/build/r2_mission' returned '0': AMENT_PREFIX_PATH=/home/mingadmirer/nuc_ws/install/detection_interfaces:${AMENT_PREFIX_PATH} CMAKE_PREFIX_PATH=/home/mingadmirer/nuc_ws/install/detection_interfaces:/opt/ros/humble LD_LIBRARY_PATH=/home/mingadmirer/nuc_ws/install/detection_interfaces/lib:${LD_LIBRARY_PATH} PYTHONPATH=/home/mingadmirer/nuc_ws/install/detection_interfaces/local/lib/python3.10/dist-packages:${PYTHONPATH} /usr/bin/cmake /home/mingadmirer/nuc_ws/nuc_ws/src/nuc_ws/src/r2_mission -DCMAKE_INSTALL_PREFIX=/home/mingadmirer/nuc_ws/install/r2_mission
[7.170s] colcon.colcon_core.event_handler.log_command DEBUG Invoking command in '/home/mingadmirer/nuc_ws/build/r2_mission': AMENT_PREFIX_PATH=/home/mingadmirer/nuc_ws/install/detection_interfaces:${AMENT_PREFIX_PATH} CMAKE_PREFIX_PATH=/home/mingadmirer/nuc_ws/install/detection_interfaces:/opt/ros/humble LD_LIBRARY_PATH=/home/mingadmirer/nuc_ws/install/detection_interfaces/lib:${LD_LIBRARY_PATH} PYTHONPATH=/home/mingadmirer/nuc_ws/install/detection_interfaces/local/lib/python3.10/dist-packages:${PYTHONPATH} /usr/bin/cmake --build /home/mingadmirer/nuc_ws/build/r2_mission -- -j8 -l8
[17.084s] colcon.colcon_core.event_handler.log_command DEBUG Invoked command in '/home/mingadmirer/nuc_ws/build/r2_mission' returned '0': AMENT_PREFIX_PATH=/home/mingadmirer/nuc_ws/install/detection_interfaces:${AMENT_PREFIX_PATH} CMAKE_PREFIX_PATH=/home/mingadmirer/nuc_ws/install/detection_interfaces:/opt/ros/humble LD_LIBRARY_PATH=/home/mingadmirer/nuc_ws/install/detection_interfaces/lib:${LD_LIBRARY_PATH} PYTHONPATH=/home/mingadmirer/nuc_ws/install/detection_interfaces/local/lib/python3.10/dist-packages:${PYTHONPATH} /usr/bin/cmake --build /home/mingadmirer/nuc_ws/build/r2_mission -- -j8 -l8
[17.085s] colcon.colcon_core.event_handler.log_command DEBUG Invoking command in '/home/mingadmirer/nuc_ws/build/r2_mission': AMENT_PREFIX_PATH=/home/mingadmirer/nuc_ws/install/detection_interfaces:${AMENT_PREFIX_PATH} CMAKE_PREFIX_PATH=/home/mingadmirer/nuc_ws/install/detection_interfaces:/opt/ros/humble LD_LIBRARY_PATH=/home/mingadmirer/nuc_ws/install/detection_interfaces/lib:${LD_LIBRARY_PATH} PYTHONPATH=/home/mingadmirer/nuc_ws/install/detection_interfaces/local/lib/python3.10/dist-packages:${PYTHONPATH} /usr/bin/cmake --install /home/mingadmirer/nuc_ws/build/r2_mission
[17.103s] colcon.colcon_core.environment Level 1 create_environment_scripts_only(r2_mission)
[17.103s] colcon.colcon_core.environment Level 1 checking '/home/mingadmirer/nuc_ws/install/r2_mission' for CMake module files
[17.104s] colcon.colcon_core.event_handler.log_command DEBUG Invoked command in '/home/mingadmirer/nuc_ws/build/r2_mission' returned '0': AMENT_PREFIX_PATH=/home/mingadmirer/nuc_ws/install/detection_interfaces:${AMENT_PREFIX_PATH} CMAKE_PREFIX_PATH=/home/mingadmirer/nuc_ws/install/detection_interfaces:/opt/ros/humble LD_LIBRARY_PATH=/home/mingadmirer/nuc_ws/install/detection_interfaces/lib:${LD_LIBRARY_PATH} PYTHONPATH=/home/mingadmirer/nuc_ws/install/detection_interfaces/local/lib/python3.10/dist-packages:${PYTHONPATH} /usr/bin/cmake --install /home/mingadmirer/nuc_ws/build/r2_mission
[17.104s] colcon.colcon_core.environment Level 1 checking '/home/mingadmirer/nuc_ws/install/r2_mission' for CMake config files
[17.105s] colcon.colcon_core.shell Level 1 create_environment_hook('r2_mission', 'cmake_prefix_path')
[17.105s] colcon.colcon_core.shell INFO Creating environment hook '/home/mingadmirer/nuc_ws/install/r2_mission/share/r2_mission/hook/cmake_prefix_path.ps1'
[17.105s] colcon.colcon_core.shell INFO Creating environment descriptor '/home/mingadmirer/nuc_ws/install/r2_mission/share/r2_mission/hook/cmake_prefix_path.dsv'
[17.106s] colcon.colcon_core.shell INFO Creating environment hook '/home/mingadmirer/nuc_ws/install/r2_mission/share/r2_mission/hook/cmake_prefix_path.sh'
[17.106s] colcon.colcon_core.environment Level 1 checking '/home/mingadmirer/nuc_ws/install/r2_mission/lib'
[17.106s] colcon.colcon_core.environment Level 1 checking '/home/mingadmirer/nuc_ws/install/r2_mission/bin'
[17.106s] colcon.colcon_core.environment Level 1 checking '/home/mingadmirer/nuc_ws/install/r2_mission/lib/pkgconfig/r2_mission.pc'
[17.106s] colcon.colcon_core.environment Level 1 checking '/home/mingadmirer/nuc_ws/install/r2_mission/lib/python3.10/site-packages'
[17.107s] colcon.colcon_core.environment Level 1 checking '/home/mingadmirer/nuc_ws/install/r2_mission/bin'
[17.107s] colcon.colcon_core.shell INFO Creating package script '/home/mingadmirer/nuc_ws/install/r2_mission/share/r2_mission/package.ps1'
[17.108s] colcon.colcon_core.shell INFO Creating package descriptor '/home/mingadmirer/nuc_ws/install/r2_mission/share/r2_mission/package.dsv'
[17.108s] colcon.colcon_core.shell INFO Creating package script '/home/mingadmirer/nuc_ws/install/r2_mission/share/r2_mission/package.sh'
[17.109s] colcon.colcon_core.shell INFO Creating package script '/home/mingadmirer/nuc_ws/install/r2_mission/share/r2_mission/package.bash'
[17.109s] colcon.colcon_core.shell INFO Creating package script '/home/mingadmirer/nuc_ws/install/r2_mission/share/r2_mission/package.zsh'
[17.109s] colcon.colcon_core.environment Level 1 create_file_with_runtime_dependencies(/home/mingadmirer/nuc_ws/install/r2_mission/share/colcon-core/packages/r2_mission)
[17.110s] colcon.colcon_core.environment Level 1 create_environment_scripts_only(r2_mission)
[17.110s] colcon.colcon_core.environment Level 1 checking '/home/mingadmirer/nuc_ws/install/r2_mission' for CMake module files
[17.111s] colcon.colcon_core.environment Level 1 checking '/home/mingadmirer/nuc_ws/install/r2_mission' for CMake config files
[17.111s] colcon.colcon_core.shell Level 1 create_environment_hook('r2_mission', 'cmake_prefix_path')
[17.111s] colcon.colcon_core.shell INFO Creating environment hook '/home/mingadmirer/nuc_ws/install/r2_mission/share/r2_mission/hook/cmake_prefix_path.ps1'
[17.112s] colcon.colcon_core.shell INFO Creating environment descriptor '/home/mingadmirer/nuc_ws/install/r2_mission/share/r2_mission/hook/cmake_prefix_path.dsv'
[17.112s] colcon.colcon_core.shell INFO Creating environment hook '/home/mingadmirer/nuc_ws/install/r2_mission/share/r2_mission/hook/cmake_prefix_path.sh'
[17.112s] colcon.colcon_core.environment Level 1 checking '/home/mingadmirer/nuc_ws/install/r2_mission/lib'
[17.112s] colcon.colcon_core.environment Level 1 checking '/home/mingadmirer/nuc_ws/install/r2_mission/bin'
[17.113s] colcon.colcon_core.environment Level 1 checking '/home/mingadmirer/nuc_ws/install/r2_mission/lib/pkgconfig/r2_mission.pc'
[17.113s] colcon.colcon_core.environment Level 1 checking '/home/mingadmirer/nuc_ws/install/r2_mission/lib/python3.10/site-packages'
[17.113s] colcon.colcon_core.environment Level 1 checking '/home/mingadmirer/nuc_ws/install/r2_mission/bin'
[17.113s] colcon.colcon_core.shell INFO Creating package script '/home/mingadmirer/nuc_ws/install/r2_mission/share/r2_mission/package.ps1'
[17.114s] colcon.colcon_core.shell INFO Creating package descriptor '/home/mingadmirer/nuc_ws/install/r2_mission/share/r2_mission/package.dsv'
[17.115s] colcon.colcon_core.shell INFO Creating package script '/home/mingadmirer/nuc_ws/install/r2_mission/share/r2_mission/package.sh'
[17.115s] colcon.colcon_core.shell INFO Creating package script '/home/mingadmirer/nuc_ws/install/r2_mission/share/r2_mission/package.bash'
[17.115s] colcon.colcon_core.shell INFO Creating package script '/home/mingadmirer/nuc_ws/install/r2_mission/share/r2_mission/package.zsh'
[17.116s] colcon.colcon_core.environment Level 1 create_file_with_runtime_dependencies(/home/mingadmirer/nuc_ws/install/r2_mission/share/colcon-core/packages/r2_mission)
[17.116s] colcon.colcon_parallel_executor.executor.parallel DEBUG closing loop
[17.116s] colcon.colcon_parallel_executor.executor.parallel DEBUG loop closed
[17.116s] colcon.colcon_parallel_executor.executor.parallel DEBUG run_until_complete finished with '0'
[17.116s] colcon.colcon_core.event_reactor DEBUG joining thread
[17.117s] colcon.colcon_core.event_reactor DEBUG joined thread
[17.117s] colcon.colcon_core.shell INFO Creating prefix script '/home/mingadmirer/nuc_ws/install/local_setup.ps1'
[17.118s] colcon.colcon_core.shell INFO Creating prefix util module '/home/mingadmirer/nuc_ws/install/_local_setup_util_ps1.py'
[17.119s] colcon.colcon_core.shell INFO Creating prefix chain script '/home/mingadmirer/nuc_ws/install/setup.ps1'
[17.120s] colcon.colcon_core.shell INFO Creating prefix script '/home/mingadmirer/nuc_ws/install/local_setup.sh'
[17.121s] colcon.colcon_core.shell INFO Creating prefix util module '/home/mingadmirer/nuc_ws/install/_local_setup_util_sh.py'
[17.121s] colcon.colcon_core.shell INFO Creating prefix chain script '/home/mingadmirer/nuc_ws/install/setup.sh'
[17.122s] colcon.colcon_core.shell INFO Creating prefix script '/home/mingadmirer/nuc_ws/install/local_setup.bash'
[17.123s] colcon.colcon_core.shell INFO Creating prefix chain script '/home/mingadmirer/nuc_ws/install/setup.bash'
[17.124s] colcon.colcon_core.shell INFO Creating prefix script '/home/mingadmirer/nuc_ws/install/local_setup.zsh'
[17.124s] colcon.colcon_core.shell INFO Creating prefix chain script '/home/mingadmirer/nuc_ws/install/setup.zsh'
