[0.011s] Invoking command in '/home/mingadmirer/nuc_ws/nuc_ws/src/nuc_ws/build/r2_mission': CMAKE_PREFIX_PATH=/home/mingadmirer/nuc_ws/nuc_ws/src/nuc_ws/install/detection_interfaces:/home/mingadmirer/nuc_ws/nuc_ws/src/nuc_ws/install/r2_mission:/opt/ros/humble /usr/bin/cmake --build /home/mingadmirer/nuc_ws/nuc_ws/src/nuc_ws/build/r2_mission -- -j8 -l8
[0.071s] [ 60%] Built target r2_serial_driver_core
[0.087s] [35m[1mConsolidate compiler generated dependencies of target r2_mission_node[0m
[0.111s] [100%] Built target r2_mission_node
[0.125s] Invoked command in '/home/mingadmirer/nuc_ws/nuc_ws/src/nuc_ws/build/r2_mission' returned '0': CMAKE_PREFIX_PATH=/home/mingadmirer/nuc_ws/nuc_ws/src/nuc_ws/install/detection_interfaces:/home/mingadmirer/nuc_ws/nuc_ws/src/nuc_ws/install/r2_mission:/opt/ros/humble /usr/bin/cmake --build /home/mingadmirer/nuc_ws/nuc_ws/src/nuc_ws/build/r2_mission -- -j8 -l8
[0.126s] Invoking command in '/home/mingadmirer/nuc_ws/nuc_ws/src/nuc_ws/build/r2_mission': CMAKE_PREFIX_PATH=/home/mingadmirer/nuc_ws/nuc_ws/src/nuc_ws/install/detection_interfaces:/home/mingadmirer/nuc_ws/nuc_ws/src/nuc_ws/install/r2_mission:/opt/ros/humble /usr/bin/cmake --install /home/mingadmirer/nuc_ws/nuc_ws/src/nuc_ws/build/r2_mission
[0.135s] -- Install configuration: ""
[0.136s] -- Up-to-date: /home/mingadmirer/nuc_ws/nuc_ws/src/nuc_ws/install/r2_mission/lib/r2_mission/r2_mission_node
[0.136s] -- Up-to-date: /home/mingadmirer/nuc_ws/nuc_ws/src/nuc_ws/install/r2_mission/share/r2_mission/launch
[0.136s] -- Up-to-date: /home/mingadmirer/nuc_ws/nuc_ws/src/nuc_ws/install/r2_mission/share/r2_mission/launch/bringup.launch.py
[0.137s] -- Up-to-date: /home/mingadmirer/nuc_ws/nuc_ws/src/nuc_ws/install/r2_mission/share/r2_mission/config
[0.137s] -- Up-to-date: /home/mingadmirer/nuc_ws/nuc_ws/src/nuc_ws/install/r2_mission/share/r2_mission/config/params.yaml
[0.137s] -- Up-to-date: /home/mingadmirer/nuc_ws/nuc_ws/src/nuc_ws/install/r2_mission/share/ament_index/resource_index/package_run_dependencies/r2_mission
[0.137s] -- Up-to-date: /home/mingadmirer/nuc_ws/nuc_ws/src/nuc_ws/install/r2_mission/share/ament_index/resource_index/parent_prefix_path/r2_mission
[0.137s] -- Up-to-date: /home/mingadmirer/nuc_ws/nuc_ws/src/nuc_ws/install/r2_mission/share/r2_mission/environment/ament_prefix_path.sh
[0.138s] -- Up-to-date: /home/mingadmirer/nuc_ws/nuc_ws/src/nuc_ws/install/r2_mission/share/r2_mission/environment/ament_prefix_path.dsv
[0.138s] -- Up-to-date: /home/mingadmirer/nuc_ws/nuc_ws/src/nuc_ws/install/r2_mission/share/r2_mission/environment/path.sh
[0.138s] -- Up-to-date: /home/mingadmirer/nuc_ws/nuc_ws/src/nuc_ws/install/r2_mission/share/r2_mission/environment/path.dsv
[0.138s] -- Up-to-date: /home/mingadmirer/nuc_ws/nuc_ws/src/nuc_ws/install/r2_mission/share/r2_mission/local_setup.bash
[0.138s] -- Up-to-date: /home/mingadmirer/nuc_ws/nuc_ws/src/nuc_ws/install/r2_mission/share/r2_mission/local_setup.sh
[0.138s] -- Up-to-date: /home/mingadmirer/nuc_ws/nuc_ws/src/nuc_ws/install/r2_mission/share/r2_mission/local_setup.zsh
[0.139s] -- Up-to-date: /home/mingadmirer/nuc_ws/nuc_ws/src/nuc_ws/install/r2_mission/share/r2_mission/local_setup.dsv
[0.139s] -- Installing: /home/mingadmirer/nuc_ws/nuc_ws/src/nuc_ws/install/r2_mission/share/r2_mission/package.dsv
[0.139s] -- Up-to-date: /home/mingadmirer/nuc_ws/nuc_ws/src/nuc_ws/install/r2_mission/share/ament_index/resource_index/packages/r2_mission
[0.139s] -- Up-to-date: /home/mingadmirer/nuc_ws/nuc_ws/src/nuc_ws/install/r2_mission/share/r2_mission/cmake/r2_missionConfig.cmake
[0.139s] -- Up-to-date: /home/mingadmirer/nuc_ws/nuc_ws/src/nuc_ws/install/r2_mission/share/r2_mission/cmake/r2_missionConfig-version.cmake
[0.139s] -- Up-to-date: /home/mingadmirer/nuc_ws/nuc_ws/src/nuc_ws/install/r2_mission/share/r2_mission/package.xml
[0.140s] -- Up-to-date: /home/mingadmirer/nuc_ws/nuc_ws/src/nuc_ws/install/r2_mission/lib/libr2_serial_driver_core.a
[0.141s] Invoked command in '/home/mingadmirer/nuc_ws/nuc_ws/src/nuc_ws/build/r2_mission' returned '0': CMAKE_PREFIX_PATH=/home/mingadmirer/nuc_ws/nuc_ws/src/nuc_ws/install/detection_interfaces:/home/mingadmirer/nuc_ws/nuc_ws/src/nuc_ws/install/r2_mission:/opt/ros/humble /usr/bin/cmake --install /home/mingadmirer/nuc_ws/nuc_ws/src/nuc_ws/build/r2_mission
