[ 60%] Built target r2_serial_driver_core
[35m[1mConsolidate compiler generated dependencies of target r2_mission_node[0m
[100%] Built target r2_mission_node
-- Install configuration: ""
-- Up-to-date: /home/mingadmirer/nuc_ws/install/r2_mission/lib/r2_mission/r2_mission_node
-- Up-to-date: /home/mingadmirer/nuc_ws/install/r2_mission/share/r2_mission/launch
-- Up-to-date: /home/mingadmirer/nuc_ws/install/r2_mission/share/r2_mission/launch/bringup.launch.py
-- Up-to-date: /home/mingadmirer/nuc_ws/install/r2_mission/share/r2_mission/config
-- Installing: /home/mingadmirer/nuc_ws/install/r2_mission/share/r2_mission/config/params.yaml
-- Up-to-date: /home/mingadmirer/nuc_ws/install/r2_mission/share/ament_index/resource_index/package_run_dependencies/r2_mission
-- Up-to-date: /home/mingadmirer/nuc_ws/install/r2_mission/share/ament_index/resource_index/parent_prefix_path/r2_mission
-- Up-to-date: /home/mingadmirer/nuc_ws/install/r2_mission/share/r2_mission/environment/ament_prefix_path.sh
-- Up-to-date: /home/mingadmirer/nuc_ws/install/r2_mission/share/r2_mission/environment/ament_prefix_path.dsv
-- Up-to-date: /home/mingadmirer/nuc_ws/install/r2_mission/share/r2_mission/environment/path.sh
-- Up-to-date: /home/mingadmirer/nuc_ws/install/r2_mission/share/r2_mission/environment/path.dsv
-- Up-to-date: /home/mingadmirer/nuc_ws/install/r2_mission/share/r2_mission/local_setup.bash
-- Up-to-date: /home/mingadmirer/nuc_ws/install/r2_mission/share/r2_mission/local_setup.sh
-- Up-to-date: /home/mingadmirer/nuc_ws/install/r2_mission/share/r2_mission/local_setup.zsh
-- Up-to-date: /home/mingadmirer/nuc_ws/install/r2_mission/share/r2_mission/local_setup.dsv
-- Installing: /home/mingadmirer/nuc_ws/install/r2_mission/share/r2_mission/package.dsv
-- Up-to-date: /home/mingadmirer/nuc_ws/install/r2_mission/share/ament_index/resource_index/packages/r2_mission
-- Up-to-date: /home/mingadmirer/nuc_ws/install/r2_mission/share/r2_mission/cmake/r2_missionConfig.cmake
-- Up-to-date: /home/mingadmirer/nuc_ws/install/r2_mission/share/r2_mission/cmake/r2_missionConfig-version.cmake
-- Up-to-date: /home/mingadmirer/nuc_ws/install/r2_mission/share/r2_mission/package.xml
-- Up-to-date: /home/mingadmirer/nuc_ws/install/r2_mission/lib/libr2_serial_driver_core.a
