[1.021s] DEBUG:colcon:Command line arguments: ['/usr/bin/colcon', 'build']
[1.021s] DEBUG:colcon:Parsed command line arguments: Namespace(log_base=None, log_level=None, verb_name='build', build_base='build', install_base='install', merge_install=False, symlink_install=False, test_result_base=None, continue_on_error=False, executor='parallel', parallel_workers=8, event_handlers=None, ignore_user_meta=False, metas=['./colcon.meta'], base_paths=['.'], packages_ignore=None, packages_ignore_regex=None, paths=None, packages_up_to=None, packages_up_to_regex=None, packages_above=None, packages_above_and_dependencies=None, packages_above_depth=None, packages_select_by_dep=None, packages_skip_by_dep=None, packages_skip_up_to=None, packages_select_build_failed=False, packages_skip_build_finished=False, packages_select_test_failures=False, packages_skip_test_passed=False, packages_select=None, packages_skip=None, packages_select_regex=None, packages_skip_regex=None, packages_start=None, packages_end=None, allow_overriding=[], cmake_args=None, cmake_target=None, cmake_target_skip_unavailable=False, cmake_clean_cache=False, cmake_clean_first=False, cmake_force_configure=False, ament_cmake_args=None, catkin_cmake_args=None, catkin_skip_building_tests=False, verb_parser=<colcon_defaults.argument_parser.defaults.DefaultArgumentsDecorator object at 0xffff8f3bfc40>, verb_extension=<colcon_core.verb.build.BuildVerb object at 0xffff8f3bf730>, main=<bound method BuildVerb.main of <colcon_core.verb.build.BuildVerb object at 0xffff8f3bf730>>)
[1.365s] Level 1:colcon.colcon_core.package_discovery:discover_packages(colcon_meta) check parameters
[1.366s] Level 1:colcon.colcon_core.package_discovery:discover_packages(recursive) check parameters
[1.367s] Level 1:colcon.colcon_core.package_discovery:discover_packages(ignore) check parameters
[1.367s] Level 1:colcon.colcon_core.package_discovery:discover_packages(path) check parameters
[1.367s] Level 1:colcon.colcon_core.package_discovery:discover_packages(colcon_meta) discover
[1.368s] Level 1:colcon.colcon_core.package_discovery:discover_packages(recursive) discover
[1.368s] INFO:colcon.colcon_core.package_discovery:Crawling recursively for packages in '/root/nuc_ws'
[1.369s] Level 1:colcon.colcon_core.package_identification:_identify(.) by extensions ['ignore', 'ignore_ament_install']
[1.370s] Level 1:colcon.colcon_core.package_identification:_identify(.) by extension 'ignore'
[1.371s] Level 1:colcon.colcon_core.package_identification:_identify(.) by extension 'ignore_ament_install'
[1.372s] Level 1:colcon.colcon_core.package_identification:_identify(.) by extensions ['colcon_pkg']
[1.372s] Level 1:colcon.colcon_core.package_identification:_identify(.) by extension 'colcon_pkg'
[1.372s] Level 1:colcon.colcon_core.package_identification:_identify(.) by extensions ['colcon_meta']
[1.373s] Level 1:colcon.colcon_core.package_identification:_identify(.) by extension 'colcon_meta'
[1.373s] Level 1:colcon.colcon_core.package_identification:_identify(.) by extensions ['ros']
[1.373s] Level 1:colcon.colcon_core.package_identification:_identify(.) by extension 'ros'
[1.503s] Level 1:colcon.colcon_core.package_identification:_identify(.) by extensions ['cmake', 'python']
[1.504s] Level 1:colcon.colcon_core.package_identification:_identify(.) by extension 'cmake'
[1.505s] Level 1:colcon.colcon_core.package_identification:_identify(.) by extension 'python'
[1.506s] Level 1:colcon.colcon_core.package_identification:_identify(.) by extensions ['python_setup_py']
[1.506s] Level 1:colcon.colcon_core.package_identification:_identify(.) by extension 'python_setup_py'
[1.508s] Level 1:colcon.colcon_core.package_identification:_identify(build) by extensions ['ignore', 'ignore_ament_install']
[1.509s] Level 1:colcon.colcon_core.package_identification:_identify(build) by extension 'ignore'
[1.510s] Level 1:colcon.colcon_core.package_identification:_identify(build) ignored
[1.511s] Level 1:colcon.colcon_core.package_identification:_identify(install) by extensions ['ignore', 'ignore_ament_install']
[1.512s] Level 1:colcon.colcon_core.package_identification:_identify(install) by extension 'ignore'
[1.513s] Level 1:colcon.colcon_core.package_identification:_identify(install) ignored
[1.514s] Level 1:colcon.colcon_core.package_identification:_identify(log) by extensions ['ignore', 'ignore_ament_install']
[1.515s] Level 1:colcon.colcon_core.package_identification:_identify(log) by extension 'ignore'
[1.516s] Level 1:colcon.colcon_core.package_identification:_identify(log) ignored
[1.517s] Level 1:colcon.colcon_core.package_identification:_identify(nuc_ws) by extensions ['ignore', 'ignore_ament_install']
[1.518s] Level 1:colcon.colcon_core.package_identification:_identify(nuc_ws) by extension 'ignore'
[1.519s] Level 1:colcon.colcon_core.package_identification:_identify(nuc_ws) by extension 'ignore_ament_install'
[1.520s] Level 1:colcon.colcon_core.package_identification:_identify(nuc_ws) by extensions ['colcon_pkg']
[1.520s] Level 1:colcon.colcon_core.package_identification:_identify(nuc_ws) by extension 'colcon_pkg'
[1.521s] Level 1:colcon.colcon_core.package_identification:_identify(nuc_ws) by extensions ['colcon_meta']
[1.522s] Level 1:colcon.colcon_core.package_identification:_identify(nuc_ws) by extension 'colcon_meta'
[1.523s] Level 1:colcon.colcon_core.package_identification:_identify(nuc_ws) by extensions ['ros']
[1.523s] Level 1:colcon.colcon_core.package_identification:_identify(nuc_ws) by extension 'ros'
[1.524s] Level 1:colcon.colcon_core.package_identification:_identify(nuc_ws) by extensions ['cmake', 'python']
[1.525s] Level 1:colcon.colcon_core.package_identification:_identify(nuc_ws) by extension 'cmake'
[1.525s] Level 1:colcon.colcon_core.package_identification:_identify(nuc_ws) by extension 'python'
[1.526s] Level 1:colcon.colcon_core.package_identification:_identify(nuc_ws) by extensions ['python_setup_py']
[1.527s] Level 1:colcon.colcon_core.package_identification:_identify(nuc_ws) by extension 'python_setup_py'
[1.528s] Level 1:colcon.colcon_core.package_identification:_identify(nuc_ws/framework) by extensions ['ignore', 'ignore_ament_install']
[1.529s] Level 1:colcon.colcon_core.package_identification:_identify(nuc_ws/framework) by extension 'ignore'
[1.529s] Level 1:colcon.colcon_core.package_identification:_identify(nuc_ws/framework) by extension 'ignore_ament_install'
[1.530s] Level 1:colcon.colcon_core.package_identification:_identify(nuc_ws/framework) by extensions ['colcon_pkg']
[1.531s] Level 1:colcon.colcon_core.package_identification:_identify(nuc_ws/framework) by extension 'colcon_pkg'
[1.532s] Level 1:colcon.colcon_core.package_identification:_identify(nuc_ws/framework) by extensions ['colcon_meta']
[1.532s] Level 1:colcon.colcon_core.package_identification:_identify(nuc_ws/framework) by extension 'colcon_meta'
[1.533s] Level 1:colcon.colcon_core.package_identification:_identify(nuc_ws/framework) by extensions ['ros']
[1.533s] Level 1:colcon.colcon_core.package_identification:_identify(nuc_ws/framework) by extension 'ros'
[1.534s] Level 1:colcon.colcon_core.package_identification:_identify(nuc_ws/framework) by extensions ['cmake', 'python']
[1.535s] Level 1:colcon.colcon_core.package_identification:_identify(nuc_ws/framework) by extension 'cmake'
[1.536s] Level 1:colcon.colcon_core.package_identification:_identify(nuc_ws/framework) by extension 'python'
[1.536s] Level 1:colcon.colcon_core.package_identification:_identify(nuc_ws/framework) by extensions ['python_setup_py']
[1.537s] Level 1:colcon.colcon_core.package_identification:_identify(nuc_ws/framework) by extension 'python_setup_py'
[1.539s] Level 1:colcon.colcon_core.package_identification:_identify(nuc_ws/src) by extensions ['ignore', 'ignore_ament_install']
[1.540s] Level 1:colcon.colcon_core.package_identification:_identify(nuc_ws/src) by extension 'ignore'
[1.540s] Level 1:colcon.colcon_core.package_identification:_identify(nuc_ws/src) by extension 'ignore_ament_install'
[1.541s] Level 1:colcon.colcon_core.package_identification:_identify(nuc_ws/src) by extensions ['colcon_pkg']
[1.542s] Level 1:colcon.colcon_core.package_identification:_identify(nuc_ws/src) by extension 'colcon_pkg'
[1.543s] Level 1:colcon.colcon_core.package_identification:_identify(nuc_ws/src) by extensions ['colcon_meta']
[1.543s] Level 1:colcon.colcon_core.package_identification:_identify(nuc_ws/src) by extension 'colcon_meta'
[1.544s] Level 1:colcon.colcon_core.package_identification:_identify(nuc_ws/src) by extensions ['ros']
[1.544s] Level 1:colcon.colcon_core.package_identification:_identify(nuc_ws/src) by extension 'ros'
[1.546s] Level 1:colcon.colcon_core.package_identification:_identify(nuc_ws/src) by extensions ['cmake', 'python']
[1.546s] Level 1:colcon.colcon_core.package_identification:_identify(nuc_ws/src) by extension 'cmake'
[1.547s] Level 1:colcon.colcon_core.package_identification:_identify(nuc_ws/src) by extension 'python'
[1.548s] Level 1:colcon.colcon_core.package_identification:_identify(nuc_ws/src) by extensions ['python_setup_py']
[1.549s] Level 1:colcon.colcon_core.package_identification:_identify(nuc_ws/src) by extension 'python_setup_py'
[1.550s] Level 1:colcon.colcon_core.package_identification:_identify(nuc_ws/src/nuc_ws) by extensions ['ignore', 'ignore_ament_install']
[1.551s] Level 1:colcon.colcon_core.package_identification:_identify(nuc_ws/src/nuc_ws) by extension 'ignore'
[1.552s] Level 1:colcon.colcon_core.package_identification:_identify(nuc_ws/src/nuc_ws) by extension 'ignore_ament_install'
[1.553s] Level 1:colcon.colcon_core.package_identification:_identify(nuc_ws/src/nuc_ws) by extensions ['colcon_pkg']
[1.554s] Level 1:colcon.colcon_core.package_identification:_identify(nuc_ws/src/nuc_ws) by extension 'colcon_pkg'
[1.555s] Level 1:colcon.colcon_core.package_identification:_identify(nuc_ws/src/nuc_ws) by extensions ['colcon_meta']
[1.556s] Level 1:colcon.colcon_core.package_identification:_identify(nuc_ws/src/nuc_ws) by extension 'colcon_meta'
[1.556s] Level 1:colcon.colcon_core.package_identification:_identify(nuc_ws/src/nuc_ws) by extensions ['ros']
[1.557s] Level 1:colcon.colcon_core.package_identification:_identify(nuc_ws/src/nuc_ws) by extension 'ros'
[1.558s] Level 1:colcon.colcon_core.package_identification:_identify(nuc_ws/src/nuc_ws) by extensions ['cmake', 'python']
[1.559s] Level 1:colcon.colcon_core.package_identification:_identify(nuc_ws/src/nuc_ws) by extension 'cmake'
[1.560s] Level 1:colcon.colcon_core.package_identification:_identify(nuc_ws/src/nuc_ws) by extension 'python'
[1.561s] Level 1:colcon.colcon_core.package_identification:_identify(nuc_ws/src/nuc_ws) by extensions ['python_setup_py']
[1.561s] Level 1:colcon.colcon_core.package_identification:_identify(nuc_ws/src/nuc_ws) by extension 'python_setup_py'
[1.563s] Level 1:colcon.colcon_core.package_identification:_identify(nuc_ws/src/nuc_ws/log) by extensions ['ignore', 'ignore_ament_install']
[1.564s] Level 1:colcon.colcon_core.package_identification:_identify(nuc_ws/src/nuc_ws/log) by extension 'ignore'
[1.565s] Level 1:colcon.colcon_core.package_identification:_identify(nuc_ws/src/nuc_ws/log) ignored
[1.566s] Level 1:colcon.colcon_core.package_identification:_identify(nuc_ws/src/nuc_ws/src) by extensions ['ignore', 'ignore_ament_install']
[1.568s] Level 1:colcon.colcon_core.package_identification:_identify(nuc_ws/src/nuc_ws/src) by extension 'ignore'
[1.569s] Level 1:colcon.colcon_core.package_identification:_identify(nuc_ws/src/nuc_ws/src) by extension 'ignore_ament_install'
[1.570s] Level 1:colcon.colcon_core.package_identification:_identify(nuc_ws/src/nuc_ws/src) by extensions ['colcon_pkg']
[1.570s] Level 1:colcon.colcon_core.package_identification:_identify(nuc_ws/src/nuc_ws/src) by extension 'colcon_pkg'
[1.571s] Level 1:colcon.colcon_core.package_identification:_identify(nuc_ws/src/nuc_ws/src) by extensions ['colcon_meta']
[1.572s] Level 1:colcon.colcon_core.package_identification:_identify(nuc_ws/src/nuc_ws/src) by extension 'colcon_meta'
[1.572s] Level 1:colcon.colcon_core.package_identification:_identify(nuc_ws/src/nuc_ws/src) by extensions ['ros']
[1.573s] Level 1:colcon.colcon_core.package_identification:_identify(nuc_ws/src/nuc_ws/src) by extension 'ros'
[1.574s] Level 1:colcon.colcon_core.package_identification:_identify(nuc_ws/src/nuc_ws/src) by extensions ['cmake', 'python']
[1.575s] Level 1:colcon.colcon_core.package_identification:_identify(nuc_ws/src/nuc_ws/src) by extension 'cmake'
[1.576s] Level 1:colcon.colcon_core.package_identification:_identify(nuc_ws/src/nuc_ws/src) by extension 'python'
[1.577s] Level 1:colcon.colcon_core.package_identification:_identify(nuc_ws/src/nuc_ws/src) by extensions ['python_setup_py']
[1.578s] Level 1:colcon.colcon_core.package_identification:_identify(nuc_ws/src/nuc_ws/src) by extension 'python_setup_py'
[1.579s] Level 1:colcon.colcon_core.package_identification:_identify(nuc_ws/src/nuc_ws/src/detection_interfaces) by extensions ['ignore', 'ignore_ament_install']
[1.581s] Level 1:colcon.colcon_core.package_identification:_identify(nuc_ws/src/nuc_ws/src/detection_interfaces) by extension 'ignore'
[1.581s] Level 1:colcon.colcon_core.package_identification:_identify(nuc_ws/src/nuc_ws/src/detection_interfaces) by extension 'ignore_ament_install'
[1.582s] Level 1:colcon.colcon_core.package_identification:_identify(nuc_ws/src/nuc_ws/src/detection_interfaces) by extensions ['colcon_pkg']
[1.583s] Level 1:colcon.colcon_core.package_identification:_identify(nuc_ws/src/nuc_ws/src/detection_interfaces) by extension 'colcon_pkg'
[1.584s] Level 1:colcon.colcon_core.package_identification:_identify(nuc_ws/src/nuc_ws/src/detection_interfaces) by extensions ['colcon_meta']
[1.584s] Level 1:colcon.colcon_core.package_identification:_identify(nuc_ws/src/nuc_ws/src/detection_interfaces) by extension 'colcon_meta'
[1.586s] Level 1:colcon.colcon_core.package_identification:_identify(nuc_ws/src/nuc_ws/src/detection_interfaces) by extensions ['ros']
[1.586s] Level 1:colcon.colcon_core.package_identification:_identify(nuc_ws/src/nuc_ws/src/detection_interfaces) by extension 'ros'
[1.605s] DEBUG:colcon.colcon_core.package_identification:Package 'nuc_ws/src/nuc_ws/src/detection_interfaces' with type 'ros.ament_cmake' and name 'detection_interfaces'
[1.606s] Level 1:colcon.colcon_core.package_identification:_identify(nuc_ws/src/nuc_ws/src/r2_mission) by extensions ['ignore', 'ignore_ament_install']
[1.607s] Level 1:colcon.colcon_core.package_identification:_identify(nuc_ws/src/nuc_ws/src/r2_mission) by extension 'ignore'
[1.607s] Level 1:colcon.colcon_core.package_identification:_identify(nuc_ws/src/nuc_ws/src/r2_mission) by extension 'ignore_ament_install'
[1.608s] Level 1:colcon.colcon_core.package_identification:_identify(nuc_ws/src/nuc_ws/src/r2_mission) by extensions ['colcon_pkg']
[1.608s] Level 1:colcon.colcon_core.package_identification:_identify(nuc_ws/src/nuc_ws/src/r2_mission) by extension 'colcon_pkg'
[1.609s] Level 1:colcon.colcon_core.package_identification:_identify(nuc_ws/src/nuc_ws/src/r2_mission) by extensions ['colcon_meta']
[1.609s] Level 1:colcon.colcon_core.package_identification:_identify(nuc_ws/src/nuc_ws/src/r2_mission) by extension 'colcon_meta'
[1.610s] Level 1:colcon.colcon_core.package_identification:_identify(nuc_ws/src/nuc_ws/src/r2_mission) by extensions ['ros']
[1.610s] Level 1:colcon.colcon_core.package_identification:_identify(nuc_ws/src/nuc_ws/src/r2_mission) by extension 'ros'
[1.617s] DEBUG:colcon.colcon_core.package_identification:Package 'nuc_ws/src/nuc_ws/src/r2_mission' with type 'ros.ament_cmake' and name 'r2_mission'
[1.618s] Level 1:colcon.colcon_core.package_identification:_identify(nuc_ws/src/nuc_ws/src/r2_serial_driver) by extensions ['ignore', 'ignore_ament_install']
[1.619s] Level 1:colcon.colcon_core.package_identification:_identify(nuc_ws/src/nuc_ws/src/r2_serial_driver) by extension 'ignore'
[1.620s] Level 1:colcon.colcon_core.package_identification:_identify(nuc_ws/src/nuc_ws/src/r2_serial_driver) ignored
[1.621s] Level 1:colcon.colcon_core.package_discovery:discover_packages(recursive) using defaults
[1.621s] Level 1:colcon.colcon_core.package_discovery:discover_packages(ignore) discover
[1.622s] Level 1:colcon.colcon_core.package_discovery:discover_packages(ignore) using defaults
[1.622s] Level 1:colcon.colcon_core.package_discovery:discover_packages(path) discover
[1.622s] Level 1:colcon.colcon_core.package_discovery:discover_packages(path) using defaults
[1.802s] Level 1:colcon.colcon_core.package_discovery:discover_packages(prefix_path) check parameters
[1.803s] Level 1:colcon.colcon_core.package_discovery:discover_packages(prefix_path) discover
[1.820s] DEBUG:colcon.colcon_installed_package_information.package_discovery:Found 2 installed packages in /root/nuc_ws/install
[1.824s] DEBUG:colcon.colcon_installed_package_information.package_discovery:Found 3 installed packages in /home/sunrise/yolov8_bpu_ws/install
[1.828s] DEBUG:colcon.colcon_installed_package_information.package_discovery:Found 58 installed packages in /opt/tros/humble
[1.840s] DEBUG:colcon.colcon_installed_package_information.package_discovery:Found 210 installed packages in /opt/ros/humble
[1.850s] Level 1:colcon.colcon_core.package_discovery:discover_packages(prefix_path) using defaults
[2.209s] Level 5:colcon.colcon_core.verb:set package 'detection_interfaces' build argument 'cmake_args' from command line to 'None'
[2.209s] Level 5:colcon.colcon_core.verb:set package 'detection_interfaces' build argument 'cmake_target' from command line to 'None'
[2.210s] Level 5:colcon.colcon_core.verb:set package 'detection_interfaces' build argument 'cmake_target_skip_unavailable' from command line to 'False'
[2.210s] Level 5:colcon.colcon_core.verb:set package 'detection_interfaces' build argument 'cmake_clean_cache' from command line to 'False'
[2.211s] Level 5:colcon.colcon_core.verb:set package 'detection_interfaces' build argument 'cmake_clean_first' from command line to 'False'
[2.211s] Level 5:colcon.colcon_core.verb:set package 'detection_interfaces' build argument 'cmake_force_configure' from command line to 'False'
[2.211s] Level 5:colcon.colcon_core.verb:set package 'detection_interfaces' build argument 'ament_cmake_args' from command line to 'None'
[2.212s] Level 5:colcon.colcon_core.verb:set package 'detection_interfaces' build argument 'catkin_cmake_args' from command line to 'None'
[2.212s] Level 5:colcon.colcon_core.verb:set package 'detection_interfaces' build argument 'catkin_skip_building_tests' from command line to 'False'
[2.212s] DEBUG:colcon.colcon_core.verb:Building package 'detection_interfaces' with the following arguments: {'ament_cmake_args': None, 'build_base': '/root/nuc_ws/build/detection_interfaces', 'catkin_cmake_args': None, 'catkin_skip_building_tests': False, 'cmake_args': None, 'cmake_clean_cache': False, 'cmake_clean_first': False, 'cmake_force_configure': False, 'cmake_target': None, 'cmake_target_skip_unavailable': False, 'install_base': '/root/nuc_ws/install/detection_interfaces', 'merge_install': False, 'path': '/root/nuc_ws/nuc_ws/src/nuc_ws/src/detection_interfaces', 'symlink_install': False, 'test_result_base': None}
[2.216s] Level 5:colcon.colcon_core.verb:set package 'r2_mission' build argument 'cmake_args' from command line to 'None'
[2.217s] Level 5:colcon.colcon_core.verb:set package 'r2_mission' build argument 'cmake_target' from command line to 'None'
[2.217s] Level 5:colcon.colcon_core.verb:set package 'r2_mission' build argument 'cmake_target_skip_unavailable' from command line to 'False'
[2.218s] Level 5:colcon.colcon_core.verb:set package 'r2_mission' build argument 'cmake_clean_cache' from command line to 'False'
[2.218s] Level 5:colcon.colcon_core.verb:set package 'r2_mission' build argument 'cmake_clean_first' from command line to 'False'
[2.219s] Level 5:colcon.colcon_core.verb:set package 'r2_mission' build argument 'cmake_force_configure' from command line to 'False'
[2.220s] Level 5:colcon.colcon_core.verb:set package 'r2_mission' build argument 'ament_cmake_args' from command line to 'None'
[2.220s] Level 5:colcon.colcon_core.verb:set package 'r2_mission' build argument 'catkin_cmake_args' from command line to 'None'
[2.221s] Level 5:colcon.colcon_core.verb:set package 'r2_mission' build argument 'catkin_skip_building_tests' from command line to 'False'
[2.221s] DEBUG:colcon.colcon_core.verb:Building package 'r2_mission' with the following arguments: {'ament_cmake_args': None, 'build_base': '/root/nuc_ws/build/r2_mission', 'catkin_cmake_args': None, 'catkin_skip_building_tests': False, 'cmake_args': None, 'cmake_clean_cache': False, 'cmake_clean_first': False, 'cmake_force_configure': False, 'cmake_target': None, 'cmake_target_skip_unavailable': False, 'install_base': '/root/nuc_ws/install/r2_mission', 'merge_install': False, 'path': '/root/nuc_ws/nuc_ws/src/nuc_ws/src/r2_mission', 'symlink_install': False, 'test_result_base': None}
[2.223s] INFO:colcon.colcon_core.executor:Executing jobs using 'parallel' executor
[2.232s] DEBUG:colcon.colcon_parallel_executor.executor.parallel:run_until_complete
[2.234s] INFO:colcon.colcon_ros.task.ament_cmake.build:Building ROS package in '/root/nuc_ws/nuc_ws/src/nuc_ws/src/detection_interfaces' with build type 'ament_cmake'
[2.235s] INFO:colcon.colcon_cmake.task.cmake.build:Building CMake package in '/root/nuc_ws/nuc_ws/src/nuc_ws/src/detection_interfaces'
[2.256s] INFO:colcon.colcon_core.plugin_system:Skipping extension 'colcon_core.shell.bat': Not used on non-Windows systems
[2.258s] INFO:colcon.colcon_core.shell:Skip shell extension 'powershell' for command environment: Not usable outside of PowerShell
[2.258s] DEBUG:colcon.colcon_core.shell:Skip shell extension 'dsv' for command environment
[2.318s] DEBUG:colcon.colcon_core.event_handler.log_command:Invoking command in '/root/nuc_ws/build/detection_interfaces': CMAKE_PREFIX_PATH=${CMAKE_PREFIX_PATH}:/home/sunrise/yolov8_bpu_ws/install/yolov8_bpu:/opt/tros/humble:/opt/ros/humble /usr/bin/cmake --build /root/nuc_ws/build/detection_interfaces -- -j8 -l8
[5.897s] DEBUG:colcon.colcon_core.event_handler.log_command:Invoked command in '/root/nuc_ws/build/detection_interfaces' returned '0': CMAKE_PREFIX_PATH=${CMAKE_PREFIX_PATH}:/home/sunrise/yolov8_bpu_ws/install/yolov8_bpu:/opt/tros/humble:/opt/ros/humble /usr/bin/cmake --build /root/nuc_ws/build/detection_interfaces -- -j8 -l8
[5.971s] DEBUG:colcon.colcon_core.event_handler.log_command:Invoking command in '/root/nuc_ws/build/detection_interfaces': CMAKE_PREFIX_PATH=${CMAKE_PREFIX_PATH}:/home/sunrise/yolov8_bpu_ws/install/yolov8_bpu:/opt/tros/humble:/opt/ros/humble /usr/bin/cmake --install /root/nuc_ws/build/detection_interfaces
[6.459s] Level 1:colcon.colcon_core.environment:create_environment_scripts_only(detection_interfaces)
[6.481s] Level 1:colcon.colcon_core.environment:checking '/root/nuc_ws/install/detection_interfaces' for CMake module files
[6.501s] Level 1:colcon.colcon_core.environment:checking '/root/nuc_ws/install/detection_interfaces' for CMake config files
[6.504s] Level 1:colcon.colcon_core.shell:create_environment_hook('detection_interfaces', 'cmake_prefix_path')
[6.506s] INFO:colcon.colcon_core.shell:Creating environment hook '/root/nuc_ws/install/detection_interfaces/share/detection_interfaces/hook/cmake_prefix_path.ps1'
[6.496s] DEBUG:colcon.colcon_core.event_handler.log_command:Invoked command in '/root/nuc_ws/build/detection_interfaces' returned '0': CMAKE_PREFIX_PATH=${CMAKE_PREFIX_PATH}:/home/sunrise/yolov8_bpu_ws/install/yolov8_bpu:/opt/tros/humble:/opt/ros/humble /usr/bin/cmake --install /root/nuc_ws/build/detection_interfaces
[6.516s] INFO:colcon.colcon_core.shell:Creating environment descriptor '/root/nuc_ws/install/detection_interfaces/share/detection_interfaces/hook/cmake_prefix_path.dsv'
[6.531s] INFO:colcon.colcon_core.shell:Creating environment hook '/root/nuc_ws/install/detection_interfaces/share/detection_interfaces/hook/cmake_prefix_path.sh'
[6.539s] Level 1:colcon.colcon_core.environment:checking '/root/nuc_ws/install/detection_interfaces/lib'
[6.541s] Level 1:colcon.colcon_core.shell:create_environment_hook('detection_interfaces', 'ld_library_path_lib')
[6.543s] INFO:colcon.colcon_core.shell:Creating environment hook '/root/nuc_ws/install/detection_interfaces/share/detection_interfaces/hook/ld_library_path_lib.ps1'
[6.548s] INFO:colcon.colcon_core.shell:Creating environment descriptor '/root/nuc_ws/install/detection_interfaces/share/detection_interfaces/hook/ld_library_path_lib.dsv'
[6.552s] INFO:colcon.colcon_core.shell:Creating environment hook '/root/nuc_ws/install/detection_interfaces/share/detection_interfaces/hook/ld_library_path_lib.sh'
[6.557s] Level 1:colcon.colcon_core.environment:checking '/root/nuc_ws/install/detection_interfaces/bin'
[6.558s] Level 1:colcon.colcon_core.environment:checking '/root/nuc_ws/install/detection_interfaces/lib/pkgconfig/detection_interfaces.pc'
[6.560s] Level 1:colcon.colcon_core.environment:checking '/root/nuc_ws/install/detection_interfaces/lib/python3.10/site-packages'
[6.563s] Level 1:colcon.colcon_core.environment:checking '/root/nuc_ws/install/detection_interfaces/bin'
[6.566s] INFO:colcon.colcon_core.shell:Creating package script '/root/nuc_ws/install/detection_interfaces/share/detection_interfaces/package.ps1'
[6.577s] INFO:colcon.colcon_core.shell:Creating package descriptor '/root/nuc_ws/install/detection_interfaces/share/detection_interfaces/package.dsv'
[6.583s] INFO:colcon.colcon_core.shell:Creating package script '/root/nuc_ws/install/detection_interfaces/share/detection_interfaces/package.sh'
[6.594s] INFO:colcon.colcon_core.shell:Creating package script '/root/nuc_ws/install/detection_interfaces/share/detection_interfaces/package.bash'
[6.602s] INFO:colcon.colcon_core.shell:Creating package script '/root/nuc_ws/install/detection_interfaces/share/detection_interfaces/package.zsh'
[6.609s] Level 1:colcon.colcon_core.environment:create_file_with_runtime_dependencies(/root/nuc_ws/install/detection_interfaces/share/colcon-core/packages/detection_interfaces)
[6.616s] Level 1:colcon.colcon_core.environment:create_environment_scripts_only(detection_interfaces)
[6.619s] Level 1:colcon.colcon_core.environment:checking '/root/nuc_ws/install/detection_interfaces' for CMake module files
[6.625s] Level 1:colcon.colcon_core.environment:checking '/root/nuc_ws/install/detection_interfaces' for CMake config files
[6.627s] Level 1:colcon.colcon_core.shell:create_environment_hook('detection_interfaces', 'cmake_prefix_path')
[6.630s] INFO:colcon.colcon_core.shell:Creating environment hook '/root/nuc_ws/install/detection_interfaces/share/detection_interfaces/hook/cmake_prefix_path.ps1'
[6.634s] INFO:colcon.colcon_core.shell:Creating environment descriptor '/root/nuc_ws/install/detection_interfaces/share/detection_interfaces/hook/cmake_prefix_path.dsv'
[6.638s] INFO:colcon.colcon_core.shell:Creating environment hook '/root/nuc_ws/install/detection_interfaces/share/detection_interfaces/hook/cmake_prefix_path.sh'
[6.643s] Level 1:colcon.colcon_core.environment:checking '/root/nuc_ws/install/detection_interfaces/lib'
[6.644s] Level 1:colcon.colcon_core.shell:create_environment_hook('detection_interfaces', 'ld_library_path_lib')
[6.646s] INFO:colcon.colcon_core.shell:Creating environment hook '/root/nuc_ws/install/detection_interfaces/share/detection_interfaces/hook/ld_library_path_lib.ps1'
[6.651s] INFO:colcon.colcon_core.shell:Creating environment descriptor '/root/nuc_ws/install/detection_interfaces/share/detection_interfaces/hook/ld_library_path_lib.dsv'
[6.654s] INFO:colcon.colcon_core.shell:Creating environment hook '/root/nuc_ws/install/detection_interfaces/share/detection_interfaces/hook/ld_library_path_lib.sh'
[6.659s] Level 1:colcon.colcon_core.environment:checking '/root/nuc_ws/install/detection_interfaces/bin'
[6.660s] Level 1:colcon.colcon_core.environment:checking '/root/nuc_ws/install/detection_interfaces/lib/pkgconfig/detection_interfaces.pc'
[6.662s] Level 1:colcon.colcon_core.environment:checking '/root/nuc_ws/install/detection_interfaces/lib/python3.10/site-packages'
[6.666s] Level 1:colcon.colcon_core.environment:checking '/root/nuc_ws/install/detection_interfaces/bin'
[6.669s] INFO:colcon.colcon_core.shell:Creating package script '/root/nuc_ws/install/detection_interfaces/share/detection_interfaces/package.ps1'
[6.678s] INFO:colcon.colcon_core.shell:Creating package descriptor '/root/nuc_ws/install/detection_interfaces/share/detection_interfaces/package.dsv'
[6.683s] INFO:colcon.colcon_core.shell:Creating package script '/root/nuc_ws/install/detection_interfaces/share/detection_interfaces/package.sh'
[6.689s] INFO:colcon.colcon_core.shell:Creating package script '/root/nuc_ws/install/detection_interfaces/share/detection_interfaces/package.bash'
[6.696s] INFO:colcon.colcon_core.shell:Creating package script '/root/nuc_ws/install/detection_interfaces/share/detection_interfaces/package.zsh'
[6.701s] Level 1:colcon.colcon_core.environment:create_file_with_runtime_dependencies(/root/nuc_ws/install/detection_interfaces/share/colcon-core/packages/detection_interfaces)
[6.708s] INFO:colcon.colcon_ros.task.ament_cmake.build:Building ROS package in '/root/nuc_ws/nuc_ws/src/nuc_ws/src/r2_mission' with build type 'ament_cmake'
[6.710s] INFO:colcon.colcon_cmake.task.cmake.build:Building CMake package in '/root/nuc_ws/nuc_ws/src/nuc_ws/src/r2_mission'
[6.712s] INFO:colcon.colcon_core.shell:Skip shell extension 'powershell' for command environment: Not usable outside of PowerShell
[6.713s] DEBUG:colcon.colcon_core.shell:Skip shell extension 'dsv' for command environment
[6.787s] DEBUG:colcon.colcon_core.event_handler.log_command:Invoking command in '/root/nuc_ws/build/r2_mission': CMAKE_PREFIX_PATH=/root/nuc_ws/install/detection_interfaces:/root/nuc_ws/install/r2_mission:/home/sunrise/yolov8_bpu_ws/install/astra_camera:/home/sunrise/yolov8_bpu_ws/install/astra_camera_msgs:/home/sunrise/yolov8_bpu_ws/install/yolov8_bpu:/opt/tros/humble:/opt/ros/humble LD_LIBRARY_PATH=/root/nuc_ws/install/detection_interfaces/lib:/home/sunrise/yolov8_bpu_ws/install/astra_camera/lib:/home/sunrise/yolov8_bpu_ws/install/astra_camera_msgs/lib:/opt/tros/humble/lib/aarch64-linux-gnu:/opt/tros/humble/lib:/opt/ros/humble/opt/rviz_ogre_vendor/lib:/opt/ros/humble/lib/aarch64-linux-gnu:/opt/ros/humble/lib:/usr/hobot/lib:/app/lib:/app/pub/lib:/middleware/lib:/middleware/pub/lib:/usr/hobot/lib/sensor:/system/lib:/system/usr/lib:/lib /usr/bin/cmake --build /root/nuc_ws/build/r2_mission -- -j8 -l8
[88.532s] DEBUG:colcon.colcon_core.event_handler.log_command:Invoked command in '/root/nuc_ws/build/r2_mission' returned '0': CMAKE_PREFIX_PATH=/root/nuc_ws/install/detection_interfaces:/root/nuc_ws/install/r2_mission:/home/sunrise/yolov8_bpu_ws/install/astra_camera:/home/sunrise/yolov8_bpu_ws/install/astra_camera_msgs:/home/sunrise/yolov8_bpu_ws/install/yolov8_bpu:/opt/tros/humble:/opt/ros/humble LD_LIBRARY_PATH=/root/nuc_ws/install/detection_interfaces/lib:/home/sunrise/yolov8_bpu_ws/install/astra_camera/lib:/home/sunrise/yolov8_bpu_ws/install/astra_camera_msgs/lib:/opt/tros/humble/lib/aarch64-linux-gnu:/opt/tros/humble/lib:/opt/ros/humble/opt/rviz_ogre_vendor/lib:/opt/ros/humble/lib/aarch64-linux-gnu:/opt/ros/humble/lib:/usr/hobot/lib:/app/lib:/app/pub/lib:/middleware/lib:/middleware/pub/lib:/usr/hobot/lib/sensor:/system/lib:/system/usr/lib:/lib /usr/bin/cmake --build /root/nuc_ws/build/r2_mission -- -j8 -l8
[88.542s] DEBUG:colcon.colcon_core.event_handler.log_command:Invoking command in '/root/nuc_ws/build/r2_mission': CMAKE_PREFIX_PATH=/root/nuc_ws/install/detection_interfaces:/root/nuc_ws/install/r2_mission:/home/sunrise/yolov8_bpu_ws/install/astra_camera:/home/sunrise/yolov8_bpu_ws/install/astra_camera_msgs:/home/sunrise/yolov8_bpu_ws/install/yolov8_bpu:/opt/tros/humble:/opt/ros/humble LD_LIBRARY_PATH=/root/nuc_ws/install/detection_interfaces/lib:/home/sunrise/yolov8_bpu_ws/install/astra_camera/lib:/home/sunrise/yolov8_bpu_ws/install/astra_camera_msgs/lib:/opt/tros/humble/lib/aarch64-linux-gnu:/opt/tros/humble/lib:/opt/ros/humble/opt/rviz_ogre_vendor/lib:/opt/ros/humble/lib/aarch64-linux-gnu:/opt/ros/humble/lib:/usr/hobot/lib:/app/lib:/app/pub/lib:/middleware/lib:/middleware/pub/lib:/usr/hobot/lib/sensor:/system/lib:/system/usr/lib:/lib /usr/bin/cmake --install /root/nuc_ws/build/r2_mission
[88.648s] Level 1:colcon.colcon_core.environment:create_environment_scripts_only(r2_mission)
[88.650s] Level 1:colcon.colcon_core.environment:checking '/root/nuc_ws/install/r2_mission' for CMake module files
[88.654s] DEBUG:colcon.colcon_core.event_handler.log_command:Invoked command in '/root/nuc_ws/build/r2_mission' returned '0': CMAKE_PREFIX_PATH=/root/nuc_ws/install/detection_interfaces:/root/nuc_ws/install/r2_mission:/home/sunrise/yolov8_bpu_ws/install/astra_camera:/home/sunrise/yolov8_bpu_ws/install/astra_camera_msgs:/home/sunrise/yolov8_bpu_ws/install/yolov8_bpu:/opt/tros/humble:/opt/ros/humble LD_LIBRARY_PATH=/root/nuc_ws/install/detection_interfaces/lib:/home/sunrise/yolov8_bpu_ws/install/astra_camera/lib:/home/sunrise/yolov8_bpu_ws/install/astra_camera_msgs/lib:/opt/tros/humble/lib/aarch64-linux-gnu:/opt/tros/humble/lib:/opt/ros/humble/opt/rviz_ogre_vendor/lib:/opt/ros/humble/lib/aarch64-linux-gnu:/opt/ros/humble/lib:/usr/hobot/lib:/app/lib:/app/pub/lib:/middleware/lib:/middleware/pub/lib:/usr/hobot/lib/sensor:/system/lib:/system/usr/lib:/lib /usr/bin/cmake --install /root/nuc_ws/build/r2_mission
[88.657s] Level 1:colcon.colcon_core.environment:checking '/root/nuc_ws/install/r2_mission' for CMake config files
[88.659s] Level 1:colcon.colcon_core.shell:create_environment_hook('r2_mission', 'cmake_prefix_path')
[88.661s] INFO:colcon.colcon_core.shell:Creating environment hook '/root/nuc_ws/install/r2_mission/share/r2_mission/hook/cmake_prefix_path.ps1'
[88.665s] INFO:colcon.colcon_core.shell:Creating environment descriptor '/root/nuc_ws/install/r2_mission/share/r2_mission/hook/cmake_prefix_path.dsv'
[88.668s] INFO:colcon.colcon_core.shell:Creating environment hook '/root/nuc_ws/install/r2_mission/share/r2_mission/hook/cmake_prefix_path.sh'
[88.673s] Level 1:colcon.colcon_core.environment:checking '/root/nuc_ws/install/r2_mission/lib'
[88.674s] Level 1:colcon.colcon_core.environment:checking '/root/nuc_ws/install/r2_mission/bin'
[88.675s] Level 1:colcon.colcon_core.environment:checking '/root/nuc_ws/install/r2_mission/lib/pkgconfig/r2_mission.pc'
[88.677s] Level 1:colcon.colcon_core.environment:checking '/root/nuc_ws/install/r2_mission/lib/python3.10/site-packages'
[88.680s] Level 1:colcon.colcon_core.environment:checking '/root/nuc_ws/install/r2_mission/bin'
[88.682s] INFO:colcon.colcon_core.shell:Creating package script '/root/nuc_ws/install/r2_mission/share/r2_mission/package.ps1'
[88.687s] INFO:colcon.colcon_core.shell:Creating package descriptor '/root/nuc_ws/install/r2_mission/share/r2_mission/package.dsv'
[88.692s] INFO:colcon.colcon_core.shell:Creating package script '/root/nuc_ws/install/r2_mission/share/r2_mission/package.sh'
[88.696s] INFO:colcon.colcon_core.shell:Creating package script '/root/nuc_ws/install/r2_mission/share/r2_mission/package.bash'
[88.699s] INFO:colcon.colcon_core.shell:Creating package script '/root/nuc_ws/install/r2_mission/share/r2_mission/package.zsh'
[88.703s] Level 1:colcon.colcon_core.environment:create_file_with_runtime_dependencies(/root/nuc_ws/install/r2_mission/share/colcon-core/packages/r2_mission)
[88.707s] Level 1:colcon.colcon_core.environment:create_environment_scripts_only(r2_mission)
[88.711s] Level 1:colcon.colcon_core.environment:checking '/root/nuc_ws/install/r2_mission' for CMake module files
[88.714s] Level 1:colcon.colcon_core.environment:checking '/root/nuc_ws/install/r2_mission' for CMake config files
[88.716s] Level 1:colcon.colcon_core.shell:create_environment_hook('r2_mission', 'cmake_prefix_path')
[88.719s] INFO:colcon.colcon_core.shell:Creating environment hook '/root/nuc_ws/install/r2_mission/share/r2_mission/hook/cmake_prefix_path.ps1'
[88.723s] INFO:colcon.colcon_core.shell:Creating environment descriptor '/root/nuc_ws/install/r2_mission/share/r2_mission/hook/cmake_prefix_path.dsv'
[88.726s] INFO:colcon.colcon_core.shell:Creating environment hook '/root/nuc_ws/install/r2_mission/share/r2_mission/hook/cmake_prefix_path.sh'
[88.731s] Level 1:colcon.colcon_core.environment:checking '/root/nuc_ws/install/r2_mission/lib'
[88.732s] Level 1:colcon.colcon_core.environment:checking '/root/nuc_ws/install/r2_mission/bin'
[88.732s] Level 1:colcon.colcon_core.environment:checking '/root/nuc_ws/install/r2_mission/lib/pkgconfig/r2_mission.pc'
[88.734s] Level 1:colcon.colcon_core.environment:checking '/root/nuc_ws/install/r2_mission/lib/python3.10/site-packages'
[88.737s] Level 1:colcon.colcon_core.environment:checking '/root/nuc_ws/install/r2_mission/bin'
[88.740s] INFO:colcon.colcon_core.shell:Creating package script '/root/nuc_ws/install/r2_mission/share/r2_mission/package.ps1'
[88.746s] INFO:colcon.colcon_core.shell:Creating package descriptor '/root/nuc_ws/install/r2_mission/share/r2_mission/package.dsv'
[88.750s] INFO:colcon.colcon_core.shell:Creating package script '/root/nuc_ws/install/r2_mission/share/r2_mission/package.sh'
[88.754s] INFO:colcon.colcon_core.shell:Creating package script '/root/nuc_ws/install/r2_mission/share/r2_mission/package.bash'
[88.758s] INFO:colcon.colcon_core.shell:Creating package script '/root/nuc_ws/install/r2_mission/share/r2_mission/package.zsh'
[88.763s] Level 1:colcon.colcon_core.environment:create_file_with_runtime_dependencies(/root/nuc_ws/install/r2_mission/share/colcon-core/packages/r2_mission)
[88.765s] DEBUG:colcon.colcon_parallel_executor.executor.parallel:closing loop
[88.767s] DEBUG:colcon.colcon_parallel_executor.executor.parallel:loop closed
[88.767s] DEBUG:colcon.colcon_parallel_executor.executor.parallel:run_until_complete finished with '0'
[88.768s] DEBUG:colcon.colcon_core.event_reactor:joining thread
[88.773s] DEBUG:colcon.colcon_core.event_reactor:joined thread
[88.775s] INFO:colcon.colcon_core.shell:Creating prefix script '/root/nuc_ws/install/local_setup.ps1'
[88.783s] INFO:colcon.colcon_core.shell:Creating prefix util module '/root/nuc_ws/install/_local_setup_util_ps1.py'
[88.796s] INFO:colcon.colcon_core.shell:Creating prefix chain script '/root/nuc_ws/install/setup.ps1'
[88.807s] INFO:colcon.colcon_core.shell:Creating prefix script '/root/nuc_ws/install/local_setup.sh'
[88.812s] INFO:colcon.colcon_core.shell:Creating prefix util module '/root/nuc_ws/install/_local_setup_util_sh.py'
[88.816s] INFO:colcon.colcon_core.shell:Creating prefix chain script '/root/nuc_ws/install/setup.sh'
[88.826s] INFO:colcon.colcon_core.shell:Creating prefix script '/root/nuc_ws/install/local_setup.bash'
[88.830s] INFO:colcon.colcon_core.shell:Creating prefix chain script '/root/nuc_ws/install/setup.bash'
[88.840s] INFO:colcon.colcon_core.shell:Creating prefix script '/root/nuc_ws/install/local_setup.zsh'
[88.845s] INFO:colcon.colcon_core.shell:Creating prefix chain script '/root/nuc_ws/install/setup.zsh'
