[0.010s] Invoking command in '/home/mingadmirer/nuc_ws/build/detection_interfaces': CMAKE_PREFIX_PATH=/opt/ros/humble /usr/bin/cmake /home/mingadmirer/nuc_ws/nuc_ws/src/nuc_ws/src/detection_interfaces -DCMAKE_INSTALL_PREFIX=/home/mingadmirer/nuc_ws/install/detection_interfaces
[0.114s] -- The C compiler identification is GNU 11.4.0
[0.195s] -- The CXX compiler identification is GNU 11.4.0
[0.205s] -- Detecting C compiler ABI info
[0.284s] -- Detecting C compiler ABI info - done
[0.293s] -- Check for working C compiler: /usr/bin/cc - skipped
[0.293s] -- Detecting C compile features
[0.294s] -- Detecting C compile features - done
[0.298s] -- Detecting CXX compiler ABI info
[0.389s] -- Detecting CXX compiler ABI info - done
[0.398s] -- Check for working CXX compiler: /usr/bin/c++ - skipped
[0.398s] -- Detecting CXX compile features
[0.399s] -- Detecting CXX compile features - done
[0.402s] -- Found ament_cmake: 1.3.14 (/opt/ros/humble/share/ament_cmake/cmake)
[0.562s] -- Found Python3: /usr/bin/python3 (found version "3.10.12") found components: Interpreter 
[0.666s] -- Found builtin_interfaces: 1.2.2 (/opt/ros/humble/share/builtin_interfaces/cmake)
[0.704s] -- Found rosidl_generator_c: 3.1.8 (/opt/ros/humble/share/rosidl_generator_c/cmake)
[0.709s] -- Found rosidl_adapter: 3.1.8 (/opt/ros/humble/share/rosidl_adapter/cmake)
[0.720s] -- Found rosidl_generator_cpp: 3.1.8 (/opt/ros/humble/share/rosidl_generator_cpp/cmake)
[0.734s] -- Using all available rosidl_typesupport_c: rosidl_typesupport_fastrtps_c;rosidl_typesupport_introspection_c
[0.755s] -- Using all available rosidl_typesupport_cpp: rosidl_typesupport_fastrtps_cpp;rosidl_typesupport_introspection_cpp
[0.774s] -- Found std_msgs: 4.9.1 (/opt/ros/humble/share/std_msgs/cmake)
[0.791s] -- Found rosidl_default_generators: 1.2.1 (/opt/ros/humble/share/rosidl_default_generators/cmake)
[1.092s] -- Found ament_cmake_ros: 0.10.0 (/opt/ros/humble/share/ament_cmake_ros/cmake)
[1.497s] -- Using all available rosidl_typesupport_c: rosidl_typesupport_fastrtps_c;rosidl_typesupport_introspection_c
[1.649s] -- Using all available rosidl_typesupport_cpp: rosidl_typesupport_fastrtps_cpp;rosidl_typesupport_introspection_cpp
[1.674s] -- Found PythonInterp: /usr/bin/python3 (found suitable version "3.10.12", minimum required is "3.6") 
[1.676s] -- Found python_cmake_module: 0.10.0 (/opt/ros/humble/share/python_cmake_module/cmake)
[1.704s] -- Found PythonLibs: /usr/lib/x86_64-linux-gnu/libpython3.10.so (found suitable version "3.10.12", minimum required is "3.5") 
[1.704s] -- Using PYTHON_EXECUTABLE: /usr/bin/python3
[1.704s] -- Using PYTHON_INCLUDE_DIRS: /usr/include/python3.10
[1.704s] -- Using PYTHON_LIBRARIES: /usr/lib/x86_64-linux-gnu/libpython3.10.so
[1.727s] -- Found PythonExtra: .so  
[1.868s] -- Configuring done
[1.924s] -- Generating done
[1.940s] -- Build files have been written to: /home/mingadmirer/nuc_ws/build/detection_interfaces
[1.947s] Invoked command in '/home/mingadmirer/nuc_ws/build/detection_interfaces' returned '0': CMAKE_PREFIX_PATH=/opt/ros/humble /usr/bin/cmake /home/mingadmirer/nuc_ws/nuc_ws/src/nuc_ws/src/detection_interfaces -DCMAKE_INSTALL_PREFIX=/home/mingadmirer/nuc_ws/install/detection_interfaces
[1.949s] Invoking command in '/home/mingadmirer/nuc_ws/build/detection_interfaces': CMAKE_PREFIX_PATH=/opt/ros/humble /usr/bin/cmake --build /home/mingadmirer/nuc_ws/build/detection_interfaces -- -j8 -l8
[1.993s] [  2%] Generating C code for ROS interfaces
[2.004s] [  7%] Generating C++ code for ROS interfaces
[2.004s] [  7%] Generating Rust code for ROS interfaces
[2.013s] [  7%] Built target ament_cmake_python_copy_detection_interfaces
[2.293s] running egg_info
[2.293s] creating detection_interfaces.egg-info
[2.294s] writing detection_interfaces.egg-info/PKG-INFO
[2.294s] writing dependency_links to detection_interfaces.egg-info/dependency_links.txt
[2.294s] writing top-level names to detection_interfaces.egg-info/top_level.txt
[2.294s] writing manifest file 'detection_interfaces.egg-info/SOURCES.txt'
[2.296s] reading manifest file 'detection_interfaces.egg-info/SOURCES.txt'
[2.297s] writing manifest file 'detection_interfaces.egg-info/SOURCES.txt'
[2.323s] [  7%] Built target ament_cmake_python_build_detection_interfaces_egg
[2.399s] [  7%] Built target detection_interfaces__rs
[2.473s] [  7%] Built target detection_interfaces__cpp
[2.484s] [ 10%] Generating C++ type support dispatch for ROS interfaces
[2.484s] [ 12%] Generating C++ type support for eProsima Fast-RTPS
[2.484s] [ 15%] Generating C++ introspection for ROS interfaces
[2.494s] [ 17%] Building C object CMakeFiles/detection_interfaces__rosidl_generator_c.dir/rosidl_generator_c/detection_interfaces/msg/detail/detection_result__functions.c.o
[2.498s] [ 20%] Building C object CMakeFiles/detection_interfaces__rosidl_generator_c.dir/rosidl_generator_c/detection_interfaces/msg/detail/detection_array__functions.c.o
[2.576s] [ 22%] Linking C shared library libdetection_interfaces__rosidl_generator_c.so
[2.618s] [ 22%] Built target detection_interfaces__rosidl_generator_c
[2.630s] [ 25%] Generating C type support for eProsima Fast-RTPS
[2.633s] [ 30%] Generating C type support dispatch for ROS interfaces
[2.633s] [ 30%] Generating C introspection for ROS interfaces
[2.882s] [ 35%] Building CXX object CMakeFiles/detection_interfaces__rosidl_typesupport_cpp.dir/rosidl_typesupport_cpp/detection_interfaces/msg/detection_array__type_support.cpp.o
[2.883s] [ 35%] Building CXX object CMakeFiles/detection_interfaces__rosidl_typesupport_cpp.dir/rosidl_typesupport_cpp/detection_interfaces/msg/detection_result__type_support.cpp.o
[2.937s] [ 37%] Building CXX object CMakeFiles/detection_interfaces__rosidl_typesupport_introspection_cpp.dir/rosidl_typesupport_introspection_cpp/detection_interfaces/msg/detail/detection_array__type_support.cpp.o
[2.937s] [ 40%] Building CXX object CMakeFiles/detection_interfaces__rosidl_typesupport_introspection_cpp.dir/rosidl_typesupport_introspection_cpp/detection_interfaces/msg/detail/detection_result__type_support.cpp.o
[3.171s] [ 42%] Building CXX object CMakeFiles/detection_interfaces__rosidl_typesupport_fastrtps_cpp.dir/rosidl_typesupport_fastrtps_cpp/detection_interfaces/msg/detail/dds_fastrtps/detection_result__type_support.cpp.o
[3.413s] [ 45%] Linking CXX shared library libdetection_interfaces__rosidl_typesupport_cpp.so
[3.439s] [ 47%] Building CXX object CMakeFiles/detection_interfaces__rosidl_typesupport_c.dir/rosidl_typesupport_c/detection_interfaces/msg/detection_result__type_support.cpp.o
[3.446s] [ 50%] Building CXX object CMakeFiles/detection_interfaces__rosidl_typesupport_c.dir/rosidl_typesupport_c/detection_interfaces/msg/detection_array__type_support.cpp.o
[3.472s] [ 52%] Building C object CMakeFiles/detection_interfaces__rosidl_typesupport_introspection_c.dir/rosidl_typesupport_introspection_c/detection_interfaces/msg/detail/detection_result__type_support.c.o
[3.483s] [ 55%] Building CXX object CMakeFiles/detection_interfaces__rosidl_typesupport_fastrtps_c.dir/rosidl_typesupport_fastrtps_c/detection_interfaces/msg/detail/detection_result__type_support_c.cpp.o
[3.504s] [ 57%] Building CXX object CMakeFiles/detection_interfaces__rosidl_typesupport_fastrtps_c.dir/rosidl_typesupport_fastrtps_c/detection_interfaces/msg/detail/detection_array__type_support_c.cpp.o
[3.510s] [ 60%] Linking CXX shared library libdetection_interfaces__rosidl_typesupport_c.so
[3.551s] [ 62%] Building C object CMakeFiles/detection_interfaces__rosidl_typesupport_introspection_c.dir/rosidl_typesupport_introspection_c/detection_interfaces/msg/detail/detection_array__type_support.c.o
[3.566s] [ 62%] Built target detection_interfaces__rosidl_typesupport_cpp
[3.585s] [ 65%] Building CXX object CMakeFiles/detection_interfaces__rosidl_typesupport_fastrtps_cpp.dir/rosidl_typesupport_fastrtps_cpp/detection_interfaces/msg/detail/dds_fastrtps/detection_array__type_support.cpp.o
[3.621s] [ 67%] Linking C shared library libdetection_interfaces__rosidl_typesupport_introspection_c.so
[3.625s] [ 67%] Built target detection_interfaces__rosidl_typesupport_c
[3.678s] [ 67%] Built target detection_interfaces__rosidl_typesupport_introspection_c
[3.826s] [ 70%] Linking CXX shared library libdetection_interfaces__rosidl_typesupport_introspection_cpp.so
[3.920s] [ 70%] Built target detection_interfaces__rosidl_typesupport_introspection_cpp
[4.046s] [ 72%] Linking CXX shared library libdetection_interfaces__rosidl_typesupport_fastrtps_c.so
[4.133s] [ 72%] Built target detection_interfaces__rosidl_typesupport_fastrtps_c
[4.206s] [ 75%] Linking CXX shared library libdetection_interfaces__rosidl_typesupport_fastrtps_cpp.so
[4.300s] [ 75%] Built target detection_interfaces__rosidl_typesupport_fastrtps_cpp
[4.322s] [ 75%] Built target detection_interfaces
[4.345s] [ 77%] Generating Python code for ROS interfaces
[4.973s] [ 77%] Built target detection_interfaces__py
[4.995s] [ 82%] Building C object CMakeFiles/detection_interfaces__rosidl_generator_py.dir/rosidl_generator_py/detection_interfaces/msg/_detection_result_s.c.o
[4.995s] [ 82%] Building C object CMakeFiles/detection_interfaces__rosidl_generator_py.dir/rosidl_generator_py/detection_interfaces/msg/_detection_array_s.c.o
[5.133s] [ 85%] Linking C shared library rosidl_generator_py/detection_interfaces/libdetection_interfaces__rosidl_generator_py.so
[5.180s] [ 85%] Built target detection_interfaces__rosidl_generator_py
[5.202s] [ 87%] Building C object CMakeFiles/detection_interfaces__rosidl_typesupport_fastrtps_c__pyext.dir/rosidl_generator_py/detection_interfaces/_detection_interfaces_s.ep.rosidl_typesupport_fastrtps_c.c.o
[5.203s] [ 90%] Building C object CMakeFiles/detection_interfaces__rosidl_typesupport_introspection_c__pyext.dir/rosidl_generator_py/detection_interfaces/_detection_interfaces_s.ep.rosidl_typesupport_introspection_c.c.o
[5.203s] [ 92%] Building C object CMakeFiles/detection_interfaces__rosidl_typesupport_c__pyext.dir/rosidl_generator_py/detection_interfaces/_detection_interfaces_s.ep.rosidl_typesupport_c.c.o
[5.330s] [100%] Linking C shared library rosidl_generator_py/detection_interfaces/detection_interfaces_s__rosidl_typesupport_fastrtps_c.cpython-310-x86_64-linux-gnu.so
[5.330s] [100%] Linking C shared library rosidl_generator_py/detection_interfaces/detection_interfaces_s__rosidl_typesupport_c.cpython-310-x86_64-linux-gnu.so
[5.330s] [100%] Linking C shared library rosidl_generator_py/detection_interfaces/detection_interfaces_s__rosidl_typesupport_introspection_c.cpython-310-x86_64-linux-gnu.so
[5.375s] [100%] Built target detection_interfaces__rosidl_typesupport_c__pyext
[5.376s] [100%] Built target detection_interfaces__rosidl_typesupport_fastrtps_c__pyext
[5.376s] [100%] Built target detection_interfaces__rosidl_typesupport_introspection_c__pyext
[5.388s] Invoked command in '/home/mingadmirer/nuc_ws/build/detection_interfaces' returned '0': CMAKE_PREFIX_PATH=/opt/ros/humble /usr/bin/cmake --build /home/mingadmirer/nuc_ws/build/detection_interfaces -- -j8 -l8
[5.399s] Invoking command in '/home/mingadmirer/nuc_ws/build/detection_interfaces': CMAKE_PREFIX_PATH=/opt/ros/humble /usr/bin/cmake --install /home/mingadmirer/nuc_ws/build/detection_interfaces
[5.408s] -- Install configuration: ""
[5.408s] -- Installing: /home/mingadmirer/nuc_ws/install/detection_interfaces/share/ament_index/resource_index/rosidl_interfaces/detection_interfaces
[5.408s] -- Installing: /home/mingadmirer/nuc_ws/install/detection_interfaces/include/detection_interfaces/detection_interfaces
[5.408s] -- Installing: /home/mingadmirer/nuc_ws/install/detection_interfaces/include/detection_interfaces/detection_interfaces/msg
[5.408s] -- Installing: /home/mingadmirer/nuc_ws/install/detection_interfaces/include/detection_interfaces/detection_interfaces/msg/detail
[5.409s] -- Installing: /home/mingadmirer/nuc_ws/install/detection_interfaces/include/detection_interfaces/detection_interfaces/msg/detail/detection_array__functions.h
[5.409s] -- Installing: /home/mingadmirer/nuc_ws/install/detection_interfaces/include/detection_interfaces/detection_interfaces/msg/detail/detection_result__functions.h
[5.409s] -- Installing: /home/mingadmirer/nuc_ws/install/detection_interfaces/include/detection_interfaces/detection_interfaces/msg/detail/detection_array__struct.h
[5.409s] -- Installing: /home/mingadmirer/nuc_ws/install/detection_interfaces/include/detection_interfaces/detection_interfaces/msg/detail/detection_result__type_support.h
[5.409s] -- Installing: /home/mingadmirer/nuc_ws/install/detection_interfaces/include/detection_interfaces/detection_interfaces/msg/detail/detection_array__type_support.h
[5.409s] -- Installing: /home/mingadmirer/nuc_ws/install/detection_interfaces/include/detection_interfaces/detection_interfaces/msg/detail/detection_result__functions.c
[5.409s] -- Installing: /home/mingadmirer/nuc_ws/install/detection_interfaces/include/detection_interfaces/detection_interfaces/msg/detail/detection_result__struct.h
[5.409s] -- Installing: /home/mingadmirer/nuc_ws/install/detection_interfaces/include/detection_interfaces/detection_interfaces/msg/detail/detection_array__functions.c
[5.410s] -- Installing: /home/mingadmirer/nuc_ws/install/detection_interfaces/include/detection_interfaces/detection_interfaces/msg/detection_result.h
[5.410s] -- Installing: /home/mingadmirer/nuc_ws/install/detection_interfaces/include/detection_interfaces/detection_interfaces/msg/detection_array.h
[5.410s] -- Installing: /home/mingadmirer/nuc_ws/install/detection_interfaces/include/detection_interfaces/detection_interfaces/msg/rosidl_generator_c__visibility_control.h
[5.410s] -- Installing: /home/mingadmirer/nuc_ws/install/detection_interfaces/share/detection_interfaces/environment/library_path.sh
[5.410s] -- Installing: /home/mingadmirer/nuc_ws/install/detection_interfaces/share/detection_interfaces/environment/library_path.dsv
[5.411s] -- Installing: /home/mingadmirer/nuc_ws/install/detection_interfaces/lib/libdetection_interfaces__rosidl_generator_c.so
[5.412s] -- Set runtime path of "/home/mingadmirer/nuc_ws/install/detection_interfaces/lib/libdetection_interfaces__rosidl_generator_c.so" to ""
[5.412s] -- Up-to-date: /home/mingadmirer/nuc_ws/install/detection_interfaces/include/detection_interfaces/detection_interfaces
[5.412s] -- Up-to-date: /home/mingadmirer/nuc_ws/install/detection_interfaces/include/detection_interfaces/detection_interfaces/msg
[5.412s] -- Up-to-date: /home/mingadmirer/nuc_ws/install/detection_interfaces/include/detection_interfaces/detection_interfaces/msg/detail
[5.412s] -- Installing: /home/mingadmirer/nuc_ws/install/detection_interfaces/include/detection_interfaces/detection_interfaces/msg/detail/detection_array__rosidl_typesupport_fastrtps_c.h
[5.412s] -- Installing: /home/mingadmirer/nuc_ws/install/detection_interfaces/include/detection_interfaces/detection_interfaces/msg/detail/detection_result__rosidl_typesupport_fastrtps_c.h
[5.412s] -- Installing: /home/mingadmirer/nuc_ws/install/detection_interfaces/include/detection_interfaces/detection_interfaces/msg/rosidl_typesupport_fastrtps_c__visibility_control.h
[5.413s] -- Installing: /home/mingadmirer/nuc_ws/install/detection_interfaces/lib/libdetection_interfaces__rosidl_typesupport_fastrtps_c.so
[5.413s] -- Set runtime path of "/home/mingadmirer/nuc_ws/install/detection_interfaces/lib/libdetection_interfaces__rosidl_typesupport_fastrtps_c.so" to ""
[5.413s] -- Up-to-date: /home/mingadmirer/nuc_ws/install/detection_interfaces/include/detection_interfaces/detection_interfaces
[5.413s] -- Up-to-date: /home/mingadmirer/nuc_ws/install/detection_interfaces/include/detection_interfaces/detection_interfaces/msg
[5.413s] -- Up-to-date: /home/mingadmirer/nuc_ws/install/detection_interfaces/include/detection_interfaces/detection_interfaces/msg/detail
[5.413s] -- Installing: /home/mingadmirer/nuc_ws/install/detection_interfaces/include/detection_interfaces/detection_interfaces/msg/detail/detection_result__traits.hpp
[5.414s] -- Installing: /home/mingadmirer/nuc_ws/install/detection_interfaces/include/detection_interfaces/detection_interfaces/msg/detail/detection_array__struct.hpp
[5.414s] -- Installing: /home/mingadmirer/nuc_ws/install/detection_interfaces/include/detection_interfaces/detection_interfaces/msg/detail/detection_result__struct.hpp
[5.414s] -- Installing: /home/mingadmirer/nuc_ws/install/detection_interfaces/include/detection_interfaces/detection_interfaces/msg/detail/detection_result__type_support.hpp
[5.414s] -- Installing: /home/mingadmirer/nuc_ws/install/detection_interfaces/include/detection_interfaces/detection_interfaces/msg/detail/detection_result__builder.hpp
[5.414s] -- Installing: /home/mingadmirer/nuc_ws/install/detection_interfaces/include/detection_interfaces/detection_interfaces/msg/detail/detection_array__traits.hpp
[5.414s] -- Installing: /home/mingadmirer/nuc_ws/install/detection_interfaces/include/detection_interfaces/detection_interfaces/msg/detail/detection_array__type_support.hpp
[5.414s] -- Installing: /home/mingadmirer/nuc_ws/install/detection_interfaces/include/detection_interfaces/detection_interfaces/msg/detail/detection_array__builder.hpp
[5.414s] -- Installing: /home/mingadmirer/nuc_ws/install/detection_interfaces/include/detection_interfaces/detection_interfaces/msg/rosidl_generator_cpp__visibility_control.hpp
[5.414s] -- Installing: /home/mingadmirer/nuc_ws/install/detection_interfaces/include/detection_interfaces/detection_interfaces/msg/detection_result.hpp
[5.415s] -- Installing: /home/mingadmirer/nuc_ws/install/detection_interfaces/include/detection_interfaces/detection_interfaces/msg/detection_array.hpp
[5.415s] -- Up-to-date: /home/mingadmirer/nuc_ws/install/detection_interfaces/include/detection_interfaces/detection_interfaces
[5.415s] -- Up-to-date: /home/mingadmirer/nuc_ws/install/detection_interfaces/include/detection_interfaces/detection_interfaces/msg
[5.415s] -- Up-to-date: /home/mingadmirer/nuc_ws/install/detection_interfaces/include/detection_interfaces/detection_interfaces/msg/detail
[5.415s] -- Installing: /home/mingadmirer/nuc_ws/install/detection_interfaces/include/detection_interfaces/detection_interfaces/msg/detail/dds_fastrtps
[5.415s] -- Installing: /home/mingadmirer/nuc_ws/install/detection_interfaces/include/detection_interfaces/detection_interfaces/msg/detail/detection_result__rosidl_typesupport_fastrtps_cpp.hpp
[5.415s] -- Installing: /home/mingadmirer/nuc_ws/install/detection_interfaces/include/detection_interfaces/detection_interfaces/msg/detail/detection_array__rosidl_typesupport_fastrtps_cpp.hpp
[5.415s] -- Installing: /home/mingadmirer/nuc_ws/install/detection_interfaces/include/detection_interfaces/detection_interfaces/msg/rosidl_typesupport_fastrtps_cpp__visibility_control.h
[5.416s] -- Installing: /home/mingadmirer/nuc_ws/install/detection_interfaces/lib/libdetection_interfaces__rosidl_typesupport_fastrtps_cpp.so
[5.417s] -- Set runtime path of "/home/mingadmirer/nuc_ws/install/detection_interfaces/lib/libdetection_interfaces__rosidl_typesupport_fastrtps_cpp.so" to ""
[5.417s] -- Up-to-date: /home/mingadmirer/nuc_ws/install/detection_interfaces/include/detection_interfaces/detection_interfaces
[5.417s] -- Up-to-date: /home/mingadmirer/nuc_ws/install/detection_interfaces/include/detection_interfaces/detection_interfaces/msg
[5.417s] -- Up-to-date: /home/mingadmirer/nuc_ws/install/detection_interfaces/include/detection_interfaces/detection_interfaces/msg/detail
[5.417s] -- Installing: /home/mingadmirer/nuc_ws/install/detection_interfaces/include/detection_interfaces/detection_interfaces/msg/detail/detection_result__type_support.c
[5.417s] -- Installing: /home/mingadmirer/nuc_ws/install/detection_interfaces/include/detection_interfaces/detection_interfaces/msg/detail/detection_array__rosidl_typesupport_introspection_c.h
[5.418s] -- Installing: /home/mingadmirer/nuc_ws/install/detection_interfaces/include/detection_interfaces/detection_interfaces/msg/detail/detection_result__rosidl_typesupport_introspection_c.h
[5.418s] -- Installing: /home/mingadmirer/nuc_ws/install/detection_interfaces/include/detection_interfaces/detection_interfaces/msg/detail/detection_array__type_support.c
[5.418s] -- Installing: /home/mingadmirer/nuc_ws/install/detection_interfaces/include/detection_interfaces/detection_interfaces/msg/rosidl_typesupport_introspection_c__visibility_control.h
[5.418s] -- Installing: /home/mingadmirer/nuc_ws/install/detection_interfaces/lib/libdetection_interfaces__rosidl_typesupport_introspection_c.so
[5.418s] -- Set runtime path of "/home/mingadmirer/nuc_ws/install/detection_interfaces/lib/libdetection_interfaces__rosidl_typesupport_introspection_c.so" to ""
[5.418s] -- Installing: /home/mingadmirer/nuc_ws/install/detection_interfaces/lib/libdetection_interfaces__rosidl_typesupport_c.so
[5.419s] -- Set runtime path of "/home/mingadmirer/nuc_ws/install/detection_interfaces/lib/libdetection_interfaces__rosidl_typesupport_c.so" to ""
[5.419s] -- Up-to-date: /home/mingadmirer/nuc_ws/install/detection_interfaces/include/detection_interfaces/detection_interfaces
[5.419s] -- Up-to-date: /home/mingadmirer/nuc_ws/install/detection_interfaces/include/detection_interfaces/detection_interfaces/msg
[5.419s] -- Up-to-date: /home/mingadmirer/nuc_ws/install/detection_interfaces/include/detection_interfaces/detection_interfaces/msg/detail
[5.419s] -- Installing: /home/mingadmirer/nuc_ws/install/detection_interfaces/include/detection_interfaces/detection_interfaces/msg/detail/detection_array__type_support.cpp
[5.420s] -- Installing: /home/mingadmirer/nuc_ws/install/detection_interfaces/include/detection_interfaces/detection_interfaces/msg/detail/detection_array__rosidl_typesupport_introspection_cpp.hpp
[5.420s] -- Installing: /home/mingadmirer/nuc_ws/install/detection_interfaces/include/detection_interfaces/detection_interfaces/msg/detail/detection_result__type_support.cpp
[5.420s] -- Installing: /home/mingadmirer/nuc_ws/install/detection_interfaces/include/detection_interfaces/detection_interfaces/msg/detail/detection_result__rosidl_typesupport_introspection_cpp.hpp
[5.420s] -- Installing: /home/mingadmirer/nuc_ws/install/detection_interfaces/lib/libdetection_interfaces__rosidl_typesupport_introspection_cpp.so
[5.421s] -- Set runtime path of "/home/mingadmirer/nuc_ws/install/detection_interfaces/lib/libdetection_interfaces__rosidl_typesupport_introspection_cpp.so" to ""
[5.421s] -- Installing: /home/mingadmirer/nuc_ws/install/detection_interfaces/lib/libdetection_interfaces__rosidl_typesupport_cpp.so
[5.422s] -- Set runtime path of "/home/mingadmirer/nuc_ws/install/detection_interfaces/lib/libdetection_interfaces__rosidl_typesupport_cpp.so" to ""
[5.422s] -- Installing: /home/mingadmirer/nuc_ws/install/detection_interfaces/share/detection_interfaces/environment/pythonpath.sh
[5.422s] -- Installing: /home/mingadmirer/nuc_ws/install/detection_interfaces/share/detection_interfaces/environment/pythonpath.dsv
[5.423s] -- Installing: /home/mingadmirer/nuc_ws/install/detection_interfaces/local/lib/python3.10/dist-packages/detection_interfaces-1.0.0-py3.10.egg-info
[5.423s] -- Installing: /home/mingadmirer/nuc_ws/install/detection_interfaces/local/lib/python3.10/dist-packages/detection_interfaces-1.0.0-py3.10.egg-info/top_level.txt
[5.423s] -- Installing: /home/mingadmirer/nuc_ws/install/detection_interfaces/local/lib/python3.10/dist-packages/detection_interfaces-1.0.0-py3.10.egg-info/dependency_links.txt
[5.423s] -- Installing: /home/mingadmirer/nuc_ws/install/detection_interfaces/local/lib/python3.10/dist-packages/detection_interfaces-1.0.0-py3.10.egg-info/SOURCES.txt
[5.423s] -- Installing: /home/mingadmirer/nuc_ws/install/detection_interfaces/local/lib/python3.10/dist-packages/detection_interfaces-1.0.0-py3.10.egg-info/PKG-INFO
[5.423s] -- Installing: /home/mingadmirer/nuc_ws/install/detection_interfaces/local/lib/python3.10/dist-packages/detection_interfaces
[5.423s] -- Installing: /home/mingadmirer/nuc_ws/install/detection_interfaces/local/lib/python3.10/dist-packages/detection_interfaces/_detection_interfaces_s.ep.rosidl_typesupport_fastrtps_c.c
[5.423s] -- Installing: /home/mingadmirer/nuc_ws/install/detection_interfaces/local/lib/python3.10/dist-packages/detection_interfaces/detection_interfaces_s__rosidl_typesupport_c.cpython-310-x86_64-linux-gnu.so
[5.423s] -- Installing: /home/mingadmirer/nuc_ws/install/detection_interfaces/local/lib/python3.10/dist-packages/detection_interfaces/detection_interfaces_s__rosidl_typesupport_fastrtps_c.cpython-310-x86_64-linux-gnu.so
[5.423s] -- Installing: /home/mingadmirer/nuc_ws/install/detection_interfaces/local/lib/python3.10/dist-packages/detection_interfaces/libdetection_interfaces__rosidl_generator_py.so
[5.424s] -- Installing: /home/mingadmirer/nuc_ws/install/detection_interfaces/local/lib/python3.10/dist-packages/detection_interfaces/msg
[5.424s] -- Installing: /home/mingadmirer/nuc_ws/install/detection_interfaces/local/lib/python3.10/dist-packages/detection_interfaces/msg/_detection_array_s.c
[5.424s] -- Installing: /home/mingadmirer/nuc_ws/install/detection_interfaces/local/lib/python3.10/dist-packages/detection_interfaces/msg/_detection_result.py
[5.424s] -- Installing: /home/mingadmirer/nuc_ws/install/detection_interfaces/local/lib/python3.10/dist-packages/detection_interfaces/msg/_detection_result_s.c
[5.424s] -- Installing: /home/mingadmirer/nuc_ws/install/detection_interfaces/local/lib/python3.10/dist-packages/detection_interfaces/msg/_detection_array.py
[5.425s] -- Installing: /home/mingadmirer/nuc_ws/install/detection_interfaces/local/lib/python3.10/dist-packages/detection_interfaces/msg/__init__.py
[5.425s] -- Installing: /home/mingadmirer/nuc_ws/install/detection_interfaces/local/lib/python3.10/dist-packages/detection_interfaces/_detection_interfaces_s.ep.rosidl_typesupport_c.c
[5.425s] -- Installing: /home/mingadmirer/nuc_ws/install/detection_interfaces/local/lib/python3.10/dist-packages/detection_interfaces/_detection_interfaces_s.ep.rosidl_typesupport_introspection_c.c
[5.425s] -- Installing: /home/mingadmirer/nuc_ws/install/detection_interfaces/local/lib/python3.10/dist-packages/detection_interfaces/detection_interfaces_s__rosidl_typesupport_introspection_c.cpython-310-x86_64-linux-gnu.so
[5.425s] -- Installing: /home/mingadmirer/nuc_ws/install/detection_interfaces/local/lib/python3.10/dist-packages/detection_interfaces/__init__.py
[5.469s] Listing '/home/mingadmirer/nuc_ws/install/detection_interfaces/local/lib/python3.10/dist-packages/detection_interfaces'...
[5.469s] Compiling '/home/mingadmirer/nuc_ws/install/detection_interfaces/local/lib/python3.10/dist-packages/detection_interfaces/__init__.py'...
[5.469s] Listing '/home/mingadmirer/nuc_ws/install/detection_interfaces/local/lib/python3.10/dist-packages/detection_interfaces/msg'...
[5.469s] Compiling '/home/mingadmirer/nuc_ws/install/detection_interfaces/local/lib/python3.10/dist-packages/detection_interfaces/msg/__init__.py'...
[5.469s] Compiling '/home/mingadmirer/nuc_ws/install/detection_interfaces/local/lib/python3.10/dist-packages/detection_interfaces/msg/_detection_array.py'...
[5.470s] Compiling '/home/mingadmirer/nuc_ws/install/detection_interfaces/local/lib/python3.10/dist-packages/detection_interfaces/msg/_detection_result.py'...
[5.474s] -- Installing: /home/mingadmirer/nuc_ws/install/detection_interfaces/local/lib/python3.10/dist-packages/detection_interfaces/detection_interfaces_s__rosidl_typesupport_fastrtps_c.cpython-310-x86_64-linux-gnu.so
[5.475s] -- Set runtime path of "/home/mingadmirer/nuc_ws/install/detection_interfaces/local/lib/python3.10/dist-packages/detection_interfaces/detection_interfaces_s__rosidl_typesupport_fastrtps_c.cpython-310-x86_64-linux-gnu.so" to ""
[5.475s] -- Installing: /home/mingadmirer/nuc_ws/install/detection_interfaces/local/lib/python3.10/dist-packages/detection_interfaces/detection_interfaces_s__rosidl_typesupport_introspection_c.cpython-310-x86_64-linux-gnu.so
[5.476s] -- Set runtime path of "/home/mingadmirer/nuc_ws/install/detection_interfaces/local/lib/python3.10/dist-packages/detection_interfaces/detection_interfaces_s__rosidl_typesupport_introspection_c.cpython-310-x86_64-linux-gnu.so" to ""
[5.476s] -- Installing: /home/mingadmirer/nuc_ws/install/detection_interfaces/local/lib/python3.10/dist-packages/detection_interfaces/detection_interfaces_s__rosidl_typesupport_c.cpython-310-x86_64-linux-gnu.so
[5.477s] -- Set runtime path of "/home/mingadmirer/nuc_ws/install/detection_interfaces/local/lib/python3.10/dist-packages/detection_interfaces/detection_interfaces_s__rosidl_typesupport_c.cpython-310-x86_64-linux-gnu.so" to ""
[5.477s] -- Installing: /home/mingadmirer/nuc_ws/install/detection_interfaces/lib/libdetection_interfaces__rosidl_generator_py.so
[5.478s] -- Set runtime path of "/home/mingadmirer/nuc_ws/install/detection_interfaces/lib/libdetection_interfaces__rosidl_generator_py.so" to ""
[5.478s] -- Installing: /home/mingadmirer/nuc_ws/install/detection_interfaces/share/ament_index/resource_index/rust_packages/detection_interfaces
[5.478s] -- Installing: /home/mingadmirer/nuc_ws/install/detection_interfaces/share/detection_interfaces/rust
[5.479s] -- Installing: /home/mingadmirer/nuc_ws/install/detection_interfaces/share/detection_interfaces/rust/src
[5.479s] -- Installing: /home/mingadmirer/nuc_ws/install/detection_interfaces/share/detection_interfaces/rust/src/msg
[5.479s] -- Installing: /home/mingadmirer/nuc_ws/install/detection_interfaces/share/detection_interfaces/rust/src/msg/rmw.rs
[5.479s] -- Installing: /home/mingadmirer/nuc_ws/install/detection_interfaces/share/detection_interfaces/rust/src/lib.rs
[5.479s] -- Installing: /home/mingadmirer/nuc_ws/install/detection_interfaces/share/detection_interfaces/rust/src/msg.rs
[5.479s] -- Installing: /home/mingadmirer/nuc_ws/install/detection_interfaces/share/detection_interfaces/rust/Cargo.toml
[5.479s] -- Installing: /home/mingadmirer/nuc_ws/install/detection_interfaces/share/detection_interfaces/rust/build.rs
[5.479s] -- Installing: /home/mingadmirer/nuc_ws/install/detection_interfaces/share/detection_interfaces/msg/DetectionResult.idl
[5.479s] -- Installing: /home/mingadmirer/nuc_ws/install/detection_interfaces/share/detection_interfaces/msg/DetectionArray.idl
[5.479s] -- Installing: /home/mingadmirer/nuc_ws/install/detection_interfaces/share/detection_interfaces/msg/DetectionResult.msg
[5.480s] -- Installing: /home/mingadmirer/nuc_ws/install/detection_interfaces/share/detection_interfaces/msg/DetectionArray.msg
[5.480s] -- Installing: /home/mingadmirer/nuc_ws/install/detection_interfaces/share/ament_index/resource_index/package_run_dependencies/detection_interfaces
[5.480s] -- Installing: /home/mingadmirer/nuc_ws/install/detection_interfaces/share/ament_index/resource_index/parent_prefix_path/detection_interfaces
[5.480s] -- Installing: /home/mingadmirer/nuc_ws/install/detection_interfaces/share/detection_interfaces/environment/ament_prefix_path.sh
[5.481s] -- Installing: /home/mingadmirer/nuc_ws/install/detection_interfaces/share/detection_interfaces/environment/ament_prefix_path.dsv
[5.481s] -- Installing: /home/mingadmirer/nuc_ws/install/detection_interfaces/share/detection_interfaces/environment/path.sh
[5.481s] -- Installing: /home/mingadmirer/nuc_ws/install/detection_interfaces/share/detection_interfaces/environment/path.dsv
[5.481s] -- Installing: /home/mingadmirer/nuc_ws/install/detection_interfaces/share/detection_interfaces/local_setup.bash
[5.481s] -- Installing: /home/mingadmirer/nuc_ws/install/detection_interfaces/share/detection_interfaces/local_setup.sh
[5.481s] -- Installing: /home/mingadmirer/nuc_ws/install/detection_interfaces/share/detection_interfaces/local_setup.zsh
[5.482s] -- Installing: /home/mingadmirer/nuc_ws/install/detection_interfaces/share/detection_interfaces/local_setup.dsv
[5.482s] -- Installing: /home/mingadmirer/nuc_ws/install/detection_interfaces/share/detection_interfaces/package.dsv
[5.482s] -- Installing: /home/mingadmirer/nuc_ws/install/detection_interfaces/share/ament_index/resource_index/packages/detection_interfaces
[5.483s] -- Installing: /home/mingadmirer/nuc_ws/install/detection_interfaces/share/detection_interfaces/cmake/export_detection_interfaces__rosidl_generator_cExport.cmake
[5.483s] -- Installing: /home/mingadmirer/nuc_ws/install/detection_interfaces/share/detection_interfaces/cmake/export_detection_interfaces__rosidl_generator_cExport-noconfig.cmake
[5.483s] -- Installing: /home/mingadmirer/nuc_ws/install/detection_interfaces/share/detection_interfaces/cmake/export_detection_interfaces__rosidl_typesupport_fastrtps_cExport.cmake
[5.483s] -- Installing: /home/mingadmirer/nuc_ws/install/detection_interfaces/share/detection_interfaces/cmake/export_detection_interfaces__rosidl_typesupport_fastrtps_cExport-noconfig.cmake
[5.483s] -- Installing: /home/mingadmirer/nuc_ws/install/detection_interfaces/share/detection_interfaces/cmake/export_detection_interfaces__rosidl_generator_cppExport.cmake
[5.483s] -- Installing: /home/mingadmirer/nuc_ws/install/detection_interfaces/share/detection_interfaces/cmake/export_detection_interfaces__rosidl_typesupport_fastrtps_cppExport.cmake
[5.484s] -- Installing: /home/mingadmirer/nuc_ws/install/detection_interfaces/share/detection_interfaces/cmake/export_detection_interfaces__rosidl_typesupport_fastrtps_cppExport-noconfig.cmake
[5.484s] -- Installing: /home/mingadmirer/nuc_ws/install/detection_interfaces/share/detection_interfaces/cmake/detection_interfaces__rosidl_typesupport_introspection_cExport.cmake
[5.484s] -- Installing: /home/mingadmirer/nuc_ws/install/detection_interfaces/share/detection_interfaces/cmake/detection_interfaces__rosidl_typesupport_introspection_cExport-noconfig.cmake
[5.484s] -- Installing: /home/mingadmirer/nuc_ws/install/detection_interfaces/share/detection_interfaces/cmake/detection_interfaces__rosidl_typesupport_cExport.cmake
[5.484s] -- Installing: /home/mingadmirer/nuc_ws/install/detection_interfaces/share/detection_interfaces/cmake/detection_interfaces__rosidl_typesupport_cExport-noconfig.cmake
[5.484s] -- Installing: /home/mingadmirer/nuc_ws/install/detection_interfaces/share/detection_interfaces/cmake/detection_interfaces__rosidl_typesupport_introspection_cppExport.cmake
[5.485s] -- Installing: /home/mingadmirer/nuc_ws/install/detection_interfaces/share/detection_interfaces/cmake/detection_interfaces__rosidl_typesupport_introspection_cppExport-noconfig.cmake
[5.485s] -- Installing: /home/mingadmirer/nuc_ws/install/detection_interfaces/share/detection_interfaces/cmake/detection_interfaces__rosidl_typesupport_cppExport.cmake
[5.485s] -- Installing: /home/mingadmirer/nuc_ws/install/detection_interfaces/share/detection_interfaces/cmake/detection_interfaces__rosidl_typesupport_cppExport-noconfig.cmake
[5.485s] -- Installing: /home/mingadmirer/nuc_ws/install/detection_interfaces/share/detection_interfaces/cmake/export_detection_interfaces__rosidl_generator_pyExport.cmake
[5.485s] -- Installing: /home/mingadmirer/nuc_ws/install/detection_interfaces/share/detection_interfaces/cmake/export_detection_interfaces__rosidl_generator_pyExport-noconfig.cmake
[5.486s] -- Installing: /home/mingadmirer/nuc_ws/install/detection_interfaces/share/detection_interfaces/cmake/rosidl_cmake-extras.cmake
[5.486s] -- Installing: /home/mingadmirer/nuc_ws/install/detection_interfaces/share/detection_interfaces/cmake/ament_cmake_export_dependencies-extras.cmake
[5.486s] -- Installing: /home/mingadmirer/nuc_ws/install/detection_interfaces/share/detection_interfaces/cmake/ament_cmake_export_include_directories-extras.cmake
[5.486s] -- Installing: /home/mingadmirer/nuc_ws/install/detection_interfaces/share/detection_interfaces/cmake/ament_cmake_export_libraries-extras.cmake
[5.486s] -- Installing: /home/mingadmirer/nuc_ws/install/detection_interfaces/share/detection_interfaces/cmake/ament_cmake_export_targets-extras.cmake
[5.486s] -- Installing: /home/mingadmirer/nuc_ws/install/detection_interfaces/share/detection_interfaces/cmake/rosidl_cmake_export_typesupport_targets-extras.cmake
[5.486s] -- Installing: /home/mingadmirer/nuc_ws/install/detection_interfaces/share/detection_interfaces/cmake/rosidl_cmake_export_typesupport_libraries-extras.cmake
[5.487s] -- Installing: /home/mingadmirer/nuc_ws/install/detection_interfaces/share/detection_interfaces/cmake/detection_interfacesConfig.cmake
[5.487s] -- Installing: /home/mingadmirer/nuc_ws/install/detection_interfaces/share/detection_interfaces/cmake/detection_interfacesConfig-version.cmake
[5.487s] -- Installing: /home/mingadmirer/nuc_ws/install/detection_interfaces/share/detection_interfaces/package.xml
[5.489s] Invoked command in '/home/mingadmirer/nuc_ws/build/detection_interfaces' returned '0': CMAKE_PREFIX_PATH=/opt/ros/humble /usr/bin/cmake --install /home/mingadmirer/nuc_ws/build/detection_interfaces
