[0.067s] Invoking command in '/root/nuc_ws/build/r2_mission': CMAKE_PREFIX_PATH=/root/nuc_ws/install/detection_interfaces:/root/nuc_ws/install/r2_mission:/home/sunrise/yolov8_bpu_ws/install/astra_camera:/home/sunrise/yolov8_bpu_ws/install/astra_camera_msgs:/home/sunrise/yolov8_bpu_ws/install/yolov8_bpu:/opt/tros/humble:/opt/ros/humble LD_LIBRARY_PATH=/root/nuc_ws/install/detection_interfaces/lib:/home/sunrise/yolov8_bpu_ws/install/astra_camera/lib:/home/sunrise/yolov8_bpu_ws/install/astra_camera_msgs/lib:/opt/tros/humble/lib/aarch64-linux-gnu:/opt/tros/humble/lib:/opt/ros/humble/opt/rviz_ogre_vendor/lib:/opt/ros/humble/lib/aarch64-linux-gnu:/opt/ros/humble/lib:/usr/hobot/lib:/app/lib:/app/pub/lib:/middleware/lib:/middleware/pub/lib:/usr/hobot/lib/sensor:/system/lib:/system/usr/lib:/lib /usr/bin/cmake --build /root/nuc_ws/build/r2_mission -- -j8 -l8
[0.338s] [ 42%] Built target r2_serial_driver_core
[0.406s] [35m[1mConsolidate compiler generated dependencies of target r2_mission_node[0m
[0.408s] [35m[1mConsolidate compiler generated dependencies of target blue_mission_node[0m
[0.517s] [ 71%] Built target r2_mission_node
[0.518s] [100%] Built target blue_mission_node
[0.575s] Invoked command in '/root/nuc_ws/build/r2_mission' returned '0': CMAKE_PREFIX_PATH=/root/nuc_ws/install/detection_interfaces:/root/nuc_ws/install/r2_mission:/home/sunrise/yolov8_bpu_ws/install/astra_camera:/home/sunrise/yolov8_bpu_ws/install/astra_camera_msgs:/home/sunrise/yolov8_bpu_ws/install/yolov8_bpu:/opt/tros/humble:/opt/ros/humble LD_LIBRARY_PATH=/root/nuc_ws/install/detection_interfaces/lib:/home/sunrise/yolov8_bpu_ws/install/astra_camera/lib:/home/sunrise/yolov8_bpu_ws/install/astra_camera_msgs/lib:/opt/tros/humble/lib/aarch64-linux-gnu:/opt/tros/humble/lib:/opt/ros/humble/opt/rviz_ogre_vendor/lib:/opt/ros/humble/lib/aarch64-linux-gnu:/opt/ros/humble/lib:/usr/hobot/lib:/app/lib:/app/pub/lib:/middleware/lib:/middleware/pub/lib:/usr/hobot/lib/sensor:/system/lib:/system/usr/lib:/lib /usr/bin/cmake --build /root/nuc_ws/build/r2_mission -- -j8 -l8
[0.586s] Invoking command in '/root/nuc_ws/build/r2_mission': CMAKE_PREFIX_PATH=/root/nuc_ws/install/detection_interfaces:/root/nuc_ws/install/r2_mission:/home/sunrise/yolov8_bpu_ws/install/astra_camera:/home/sunrise/yolov8_bpu_ws/install/astra_camera_msgs:/home/sunrise/yolov8_bpu_ws/install/yolov8_bpu:/opt/tros/humble:/opt/ros/humble LD_LIBRARY_PATH=/root/nuc_ws/install/detection_interfaces/lib:/home/sunrise/yolov8_bpu_ws/install/astra_camera/lib:/home/sunrise/yolov8_bpu_ws/install/astra_camera_msgs/lib:/opt/tros/humble/lib/aarch64-linux-gnu:/opt/tros/humble/lib:/opt/ros/humble/opt/rviz_ogre_vendor/lib:/opt/ros/humble/lib/aarch64-linux-gnu:/opt/ros/humble/lib:/usr/hobot/lib:/app/lib:/app/pub/lib:/middleware/lib:/middleware/pub/lib:/usr/hobot/lib/sensor:/system/lib:/system/usr/lib:/lib /usr/bin/cmake --install /root/nuc_ws/build/r2_mission
[0.626s] -- Install configuration: ""
[0.628s] -- Up-to-date: /root/nuc_ws/install/r2_mission/lib/r2_mission/r2_mission_node
[0.630s] -- Up-to-date: /root/nuc_ws/install/r2_mission/lib/r2_mission/blue_mission_node
[0.632s] -- Up-to-date: /root/nuc_ws/install/r2_mission/share/r2_mission/launch
[0.633s] -- Up-to-date: /root/nuc_ws/install/r2_mission/share/r2_mission/launch/bringup.launch.py
[0.633s] -- Up-to-date: /root/nuc_ws/install/r2_mission/share/r2_mission/launch/bluebringup.launch.py
[0.634s] -- Up-to-date: /root/nuc_ws/install/r2_mission/share/r2_mission/config
[0.635s] -- Installing: /root/nuc_ws/install/r2_mission/share/r2_mission/config/params.yaml
[0.639s] -- Up-to-date: /root/nuc_ws/install/r2_mission/share/ament_index/resource_index/package_run_dependencies/r2_mission
[0.640s] -- Up-to-date: /root/nuc_ws/install/r2_mission/share/ament_index/resource_index/parent_prefix_path/r2_mission
[0.641s] -- Up-to-date: /root/nuc_ws/install/r2_mission/share/r2_mission/environment/ament_prefix_path.sh
[0.645s] -- Up-to-date: /root/nuc_ws/install/r2_mission/share/r2_mission/environment/ament_prefix_path.dsv
[0.650s] -- Up-to-date: /root/nuc_ws/install/r2_mission/share/r2_mission/environment/path.sh
[0.652s] -- Up-to-date: /root/nuc_ws/install/r2_mission/share/r2_mission/environment/path.dsv
[0.657s] -- Up-to-date: /root/nuc_ws/install/r2_mission/share/r2_mission/local_setup.bash
[0.658s] -- Up-to-date: /root/nuc_ws/install/r2_mission/share/r2_mission/local_setup.sh
[0.659s] -- Up-to-date: /root/nuc_ws/install/r2_mission/share/r2_mission/local_setup.zsh
[0.660s] -- Up-to-date: /root/nuc_ws/install/r2_mission/share/r2_mission/local_setup.dsv
[0.661s] -- Installing: /root/nuc_ws/install/r2_mission/share/r2_mission/package.dsv
[0.662s] -- Up-to-date: /root/nuc_ws/install/r2_mission/share/ament_index/resource_index/packages/r2_mission
[0.663s] -- Up-to-date: /root/nuc_ws/install/r2_mission/share/r2_mission/cmake/r2_missionConfig.cmake
[0.664s] -- Up-to-date: /root/nuc_ws/install/r2_mission/share/r2_mission/cmake/r2_missionConfig-version.cmake
[0.666s] -- Up-to-date: /root/nuc_ws/install/r2_mission/share/r2_mission/package.xml
[0.667s] -- Up-to-date: /root/nuc_ws/install/r2_mission/lib/libr2_serial_driver_core.a
[0.669s] Invoked command in '/root/nuc_ws/build/r2_mission' returned '0': CMAKE_PREFIX_PATH=/root/nuc_ws/install/detection_interfaces:/root/nuc_ws/install/r2_mission:/home/sunrise/yolov8_bpu_ws/install/astra_camera:/home/sunrise/yolov8_bpu_ws/install/astra_camera_msgs:/home/sunrise/yolov8_bpu_ws/install/yolov8_bpu:/opt/tros/humble:/opt/ros/humble LD_LIBRARY_PATH=/root/nuc_ws/install/detection_interfaces/lib:/home/sunrise/yolov8_bpu_ws/install/astra_camera/lib:/home/sunrise/yolov8_bpu_ws/install/astra_camera_msgs/lib:/opt/tros/humble/lib/aarch64-linux-gnu:/opt/tros/humble/lib:/opt/ros/humble/opt/rviz_ogre_vendor/lib:/opt/ros/humble/lib/aarch64-linux-gnu:/opt/ros/humble/lib:/usr/hobot/lib:/app/lib:/app/pub/lib:/middleware/lib:/middleware/pub/lib:/usr/hobot/lib/sensor:/system/lib:/system/usr/lib:/lib /usr/bin/cmake --install /root/nuc_ws/build/r2_mission
