-- Found ament_cmake: 1.3.12 (/opt/ros/humble/share/ament_cmake/cmake)
-- Found rclcpp: 16.0.14 (/opt/ros/humble/share/rclcpp/cmake)
-- Found rosidl_generator_c: 3.1.7 (/opt/ros/humble/share/rosidl_generator_c/cmake)
-- Found rosidl_adapter: 3.1.7 (/opt/ros/humble/share/rosidl_adapter/cmake)
-- Found rosidl_generator_cpp: 3.1.7 (/opt/ros/humble/share/rosidl_generator_cpp/cmake)
-- Using all available rosidl_typesupport_c: rosidl_typesupport_fastrtps_c;rosidl_typesupport_introspection_c
-- Using all available rosidl_typesupport_cpp: rosidl_typesupport_fastrtps_cpp;rosidl_typesupport_introspection_cpp
-- Found rmw_implementation_cmake: 6.1.2 (/opt/ros/humble/share/rmw_implementation_cmake/cmake)
-- Found rmw_fastrtps_cpp: 6.2.8 (/opt/ros/humble/share/rmw_fastrtps_cpp/cmake)
-- Using RMW implementation 'rmw_fastrtps_cpp' as default
-- Found detection_interfaces: 1.0.0 (/root/nuc_ws/install/detection_interfaces/share/detection_interfaces/cmake)
-- Configuring done
-- Generating done
-- Build files have been written to: /root/nuc_ws/build/r2_mission
[35m[1mConsolidate compiler generated dependencies of target r2_serial_driver_core[0m
[ 42%] Built target r2_serial_driver_core
[35m[1mConsolidate compiler generated dependencies of target r2_mission_node[0m
[ 57%] [32mBuilding CXX object CMakeFiles/r2_mission_node.dir/src/mission_node.cpp.o[0m
[ 71%] [32m[1mLinking CXX executable r2_mission_node[0m
[ 71%] Built target r2_mission_node
[35m[1mConsolidate compiler generated dependencies of target blue_mission_node[0m
[100%] Built target blue_mission_node
-- Install configuration: ""
-- Installing: /root/nuc_ws/install/r2_mission/lib/r2_mission/r2_mission_node
-- Set runtime path of "/root/nuc_ws/install/r2_mission/lib/r2_mission/r2_mission_node" to ""
-- Up-to-date: /root/nuc_ws/install/r2_mission/lib/r2_mission/blue_mission_node
-- Up-to-date: /root/nuc_ws/install/r2_mission/share/r2_mission/launch
-- Up-to-date: /root/nuc_ws/install/r2_mission/share/r2_mission/launch/bringup.launch.py
-- Up-to-date: /root/nuc_ws/install/r2_mission/share/r2_mission/launch/bluebringup.launch.py
-- Up-to-date: /root/nuc_ws/install/r2_mission/share/r2_mission/config
-- Up-to-date: /root/nuc_ws/install/r2_mission/share/r2_mission/config/params.yaml
-- Up-to-date: /root/nuc_ws/install/r2_mission/share/r2_mission/config/params_blue.yaml
-- Up-to-date: /root/nuc_ws/install/r2_mission/share/ament_index/resource_index/package_run_dependencies/r2_mission
-- Installing: /root/nuc_ws/install/r2_mission/share/ament_index/resource_index/parent_prefix_path/r2_mission
-- Up-to-date: /root/nuc_ws/install/r2_mission/share/r2_mission/environment/ament_prefix_path.sh
-- Installing: /root/nuc_ws/install/r2_mission/share/r2_mission/environment/ament_prefix_path.dsv
-- Up-to-date: /root/nuc_ws/install/r2_mission/share/r2_mission/environment/path.sh
-- Installing: /root/nuc_ws/install/r2_mission/share/r2_mission/environment/path.dsv
-- Up-to-date: /root/nuc_ws/install/r2_mission/share/r2_mission/local_setup.bash
-- Up-to-date: /root/nuc_ws/install/r2_mission/share/r2_mission/local_setup.sh
-- Up-to-date: /root/nuc_ws/install/r2_mission/share/r2_mission/local_setup.zsh
-- Installing: /root/nuc_ws/install/r2_mission/share/r2_mission/local_setup.dsv
-- Installing: /root/nuc_ws/install/r2_mission/share/r2_mission/package.dsv
-- Up-to-date: /root/nuc_ws/install/r2_mission/share/ament_index/resource_index/packages/r2_mission
-- Up-to-date: /root/nuc_ws/install/r2_mission/share/r2_mission/cmake/r2_missionConfig.cmake
-- Up-to-date: /root/nuc_ws/install/r2_mission/share/r2_mission/cmake/r2_missionConfig-version.cmake
-- Up-to-date: /root/nuc_ws/install/r2_mission/share/r2_mission/package.xml
-- Up-to-date: /root/nuc_ws/install/r2_mission/lib/libr2_serial_driver_core.a
