[1.754s] Invoking command in '/root/nuc_ws/build/r2_mission': AMENT_PREFIX_PATH=/root/nuc_ws/install/detection_interfaces:${AMENT_PREFIX_PATH} CMAKE_PREFIX_PATH=/root/nuc_ws/install/detection_interfaces:/home/sunrise/yolov8_bpu_ws/install/astra_camera:/home/sunrise/yolov8_bpu_ws/install/astra_camera_msgs:/home/sunrise/yolov8_bpu_ws/install/yolov8_bpu:/opt/tros/humble:/opt/ros/humble LD_LIBRARY_PATH=/root/nuc_ws/install/detection_interfaces/lib:/home/sunrise/yolov8_bpu_ws/install/astra_camera/lib:/home/sunrise/yolov8_bpu_ws/install/astra_camera_msgs/lib:/opt/tros/humble/lib/aarch64-linux-gnu:/opt/tros/humble/lib:/opt/ros/humble/opt/rviz_ogre_vendor/lib:/opt/ros/humble/lib/aarch64-linux-gnu:/opt/ros/humble/lib:/usr/hobot/lib:/app/lib:/app/pub/lib:/middleware/lib:/middleware/pub/lib:/usr/hobot/lib/sensor:/system/lib:/system/usr/lib:/lib PYTHONPATH=/root/nuc_ws/install/detection_interfaces/local/lib/python3.10/dist-packages:${PYTHONPATH} /usr/bin/cmake /root/nuc_ws/nuc_ws/src/nuc_ws/src/r2_mission -DCMAKE_C_COMPILER_LAUNCHER=ccache -DCMAKE_CXX_COMPILER_LAUNCHER=ccache -DCMAKE_INSTALL_PREFIX=/root/nuc_ws/install/r2_mission
[1.835s] -- Found ament_cmake: 1.3.12 (/opt/ros/humble/share/ament_cmake/cmake)
[2.972s] -- Found rclcpp: 16.0.14 (/opt/ros/humble/share/rclcpp/cmake)
[3.157s] -- Found rosidl_generator_c: 3.1.7 (/opt/ros/humble/share/rosidl_generator_c/cmake)
[3.176s] -- Found rosidl_adapter: 3.1.7 (/opt/ros/humble/share/rosidl_adapter/cmake)
[3.216s] -- Found rosidl_generator_cpp: 3.1.7 (/opt/ros/humble/share/rosidl_generator_cpp/cmake)
[3.290s] -- Using all available rosidl_typesupport_c: rosidl_typesupport_fastrtps_c;rosidl_typesupport_introspection_c
[3.393s] -- Using all available rosidl_typesupport_cpp: rosidl_typesupport_fastrtps_cpp;rosidl_typesupport_introspection_cpp
[3.617s] -- Found rmw_implementation_cmake: 6.1.2 (/opt/ros/humble/share/rmw_implementation_cmake/cmake)
[3.627s] -- Found rmw_fastrtps_cpp: 6.2.8 (/opt/ros/humble/share/rmw_fastrtps_cpp/cmake)
[4.193s] -- Using RMW implementation 'rmw_fastrtps_cpp' as default
[4.554s] -- Found detection_interfaces: 1.0.0 (/root/nuc_ws/install/detection_interfaces/share/detection_interfaces/cmake)
[5.255s] -- Configuring done
[5.363s] -- Generating done
[5.409s] -- Build files have been written to: /root/nuc_ws/build/r2_mission
[5.492s] Invoked command in '/root/nuc_ws/build/r2_mission' returned '0': AMENT_PREFIX_PATH=/root/nuc_ws/install/detection_interfaces:${AMENT_PREFIX_PATH} CMAKE_PREFIX_PATH=/root/nuc_ws/install/detection_interfaces:/home/sunrise/yolov8_bpu_ws/install/astra_camera:/home/sunrise/yolov8_bpu_ws/install/astra_camera_msgs:/home/sunrise/yolov8_bpu_ws/install/yolov8_bpu:/opt/tros/humble:/opt/ros/humble LD_LIBRARY_PATH=/root/nuc_ws/install/detection_interfaces/lib:/home/sunrise/yolov8_bpu_ws/install/astra_camera/lib:/home/sunrise/yolov8_bpu_ws/install/astra_camera_msgs/lib:/opt/tros/humble/lib/aarch64-linux-gnu:/opt/tros/humble/lib:/opt/ros/humble/opt/rviz_ogre_vendor/lib:/opt/ros/humble/lib/aarch64-linux-gnu:/opt/ros/humble/lib:/usr/hobot/lib:/app/lib:/app/pub/lib:/middleware/lib:/middleware/pub/lib:/usr/hobot/lib/sensor:/system/lib:/system/usr/lib:/lib PYTHONPATH=/root/nuc_ws/install/detection_interfaces/local/lib/python3.10/dist-packages:${PYTHONPATH} /usr/bin/cmake /root/nuc_ws/nuc_ws/src/nuc_ws/src/r2_mission -DCMAKE_C_COMPILER_LAUNCHER=ccache -DCMAKE_CXX_COMPILER_LAUNCHER=ccache -DCMAKE_INSTALL_PREFIX=/root/nuc_ws/install/r2_mission
[5.502s] Invoking command in '/root/nuc_ws/build/r2_mission': AMENT_PREFIX_PATH=/root/nuc_ws/install/detection_interfaces:${AMENT_PREFIX_PATH} CMAKE_PREFIX_PATH=/root/nuc_ws/install/detection_interfaces:/home/sunrise/yolov8_bpu_ws/install/astra_camera:/home/sunrise/yolov8_bpu_ws/install/astra_camera_msgs:/home/sunrise/yolov8_bpu_ws/install/yolov8_bpu:/opt/tros/humble:/opt/ros/humble LD_LIBRARY_PATH=/root/nuc_ws/install/detection_interfaces/lib:/home/sunrise/yolov8_bpu_ws/install/astra_camera/lib:/home/sunrise/yolov8_bpu_ws/install/astra_camera_msgs/lib:/opt/tros/humble/lib/aarch64-linux-gnu:/opt/tros/humble/lib:/opt/ros/humble/opt/rviz_ogre_vendor/lib:/opt/ros/humble/lib/aarch64-linux-gnu:/opt/ros/humble/lib:/usr/hobot/lib:/app/lib:/app/pub/lib:/middleware/lib:/middleware/pub/lib:/usr/hobot/lib/sensor:/system/lib:/system/usr/lib:/lib PYTHONPATH=/root/nuc_ws/install/detection_interfaces/local/lib/python3.10/dist-packages:${PYTHONPATH} /usr/bin/cmake --build /root/nuc_ws/build/r2_mission -- -j8 -l8
[5.710s] [35m[1mConsolidate compiler generated dependencies of target r2_serial_driver_core[0m
[5.789s] [ 42%] Built target r2_serial_driver_core
[5.847s] [35m[1mConsolidate compiler generated dependencies of target r2_mission_node[0m
[5.954s] [ 57%] [32mBuilding CXX object CMakeFiles/r2_mission_node.dir/src/mission_node.cpp.o[0m
[80.145s] [ 71%] [32m[1mLinking CXX executable r2_mission_node[0m
[83.923s] [ 71%] Built target r2_mission_node
[83.982s] [35m[1mConsolidate compiler generated dependencies of target blue_mission_node[0m
[84.088s] [100%] Built target blue_mission_node
[84.147s] Invoked command in '/root/nuc_ws/build/r2_mission' returned '0': AMENT_PREFIX_PATH=/root/nuc_ws/install/detection_interfaces:${AMENT_PREFIX_PATH} CMAKE_PREFIX_PATH=/root/nuc_ws/install/detection_interfaces:/home/sunrise/yolov8_bpu_ws/install/astra_camera:/home/sunrise/yolov8_bpu_ws/install/astra_camera_msgs:/home/sunrise/yolov8_bpu_ws/install/yolov8_bpu:/opt/tros/humble:/opt/ros/humble LD_LIBRARY_PATH=/root/nuc_ws/install/detection_interfaces/lib:/home/sunrise/yolov8_bpu_ws/install/astra_camera/lib:/home/sunrise/yolov8_bpu_ws/install/astra_camera_msgs/lib:/opt/tros/humble/lib/aarch64-linux-gnu:/opt/tros/humble/lib:/opt/ros/humble/opt/rviz_ogre_vendor/lib:/opt/ros/humble/lib/aarch64-linux-gnu:/opt/ros/humble/lib:/usr/hobot/lib:/app/lib:/app/pub/lib:/middleware/lib:/middleware/pub/lib:/usr/hobot/lib/sensor:/system/lib:/system/usr/lib:/lib PYTHONPATH=/root/nuc_ws/install/detection_interfaces/local/lib/python3.10/dist-packages:${PYTHONPATH} /usr/bin/cmake --build /root/nuc_ws/build/r2_mission -- -j8 -l8
[84.205s] Invoking command in '/root/nuc_ws/build/r2_mission': AMENT_PREFIX_PATH=/root/nuc_ws/install/detection_interfaces:${AMENT_PREFIX_PATH} CMAKE_PREFIX_PATH=/root/nuc_ws/install/detection_interfaces:/home/sunrise/yolov8_bpu_ws/install/astra_camera:/home/sunrise/yolov8_bpu_ws/install/astra_camera_msgs:/home/sunrise/yolov8_bpu_ws/install/yolov8_bpu:/opt/tros/humble:/opt/ros/humble LD_LIBRARY_PATH=/root/nuc_ws/install/detection_interfaces/lib:/home/sunrise/yolov8_bpu_ws/install/astra_camera/lib:/home/sunrise/yolov8_bpu_ws/install/astra_camera_msgs/lib:/opt/tros/humble/lib/aarch64-linux-gnu:/opt/tros/humble/lib:/opt/ros/humble/opt/rviz_ogre_vendor/lib:/opt/ros/humble/lib/aarch64-linux-gnu:/opt/ros/humble/lib:/usr/hobot/lib:/app/lib:/app/pub/lib:/middleware/lib:/middleware/pub/lib:/usr/hobot/lib/sensor:/system/lib:/system/usr/lib:/lib PYTHONPATH=/root/nuc_ws/install/detection_interfaces/local/lib/python3.10/dist-packages:${PYTHONPATH} /usr/bin/cmake --install /root/nuc_ws/build/r2_mission
[84.244s] -- Install configuration: ""
[84.245s] -- Installing: /root/nuc_ws/install/r2_mission/lib/r2_mission/r2_mission_node
[84.280s] -- Set runtime path of "/root/nuc_ws/install/r2_mission/lib/r2_mission/r2_mission_node" to ""
[84.281s] -- Up-to-date: /root/nuc_ws/install/r2_mission/lib/r2_mission/blue_mission_node
[84.282s] -- Up-to-date: /root/nuc_ws/install/r2_mission/share/r2_mission/launch
[84.283s] -- Up-to-date: /root/nuc_ws/install/r2_mission/share/r2_mission/launch/bringup.launch.py
[84.284s] -- Up-to-date: /root/nuc_ws/install/r2_mission/share/r2_mission/launch/bluebringup.launch.py
[84.286s] -- Up-to-date: /root/nuc_ws/install/r2_mission/share/r2_mission/config
[84.288s] -- Up-to-date: /root/nuc_ws/install/r2_mission/share/r2_mission/config/params.yaml
[84.289s] -- Up-to-date: /root/nuc_ws/install/r2_mission/share/r2_mission/config/params_blue.yaml
[84.290s] -- Up-to-date: /root/nuc_ws/install/r2_mission/share/ament_index/resource_index/package_run_dependencies/r2_mission
[84.292s] -- Installing: /root/nuc_ws/install/r2_mission/share/ament_index/resource_index/parent_prefix_path/r2_mission
[84.294s] -- Up-to-date: /root/nuc_ws/install/r2_mission/share/r2_mission/environment/ament_prefix_path.sh
[84.295s] -- Installing: /root/nuc_ws/install/r2_mission/share/r2_mission/environment/ament_prefix_path.dsv
[84.296s] -- Up-to-date: /root/nuc_ws/install/r2_mission/share/r2_mission/environment/path.sh
[84.297s] -- Installing: /root/nuc_ws/install/r2_mission/share/r2_mission/environment/path.dsv
[84.298s] -- Up-to-date: /root/nuc_ws/install/r2_mission/share/r2_mission/local_setup.bash
[84.299s] -- Up-to-date: /root/nuc_ws/install/r2_mission/share/r2_mission/local_setup.sh
[84.301s] -- Up-to-date: /root/nuc_ws/install/r2_mission/share/r2_mission/local_setup.zsh
[84.303s] -- Installing: /root/nuc_ws/install/r2_mission/share/r2_mission/local_setup.dsv
[84.306s] -- Installing: /root/nuc_ws/install/r2_mission/share/r2_mission/package.dsv
[84.308s] -- Up-to-date: /root/nuc_ws/install/r2_mission/share/ament_index/resource_index/packages/r2_mission
[84.309s] -- Up-to-date: /root/nuc_ws/install/r2_mission/share/r2_mission/cmake/r2_missionConfig.cmake
[84.310s] -- Up-to-date: /root/nuc_ws/install/r2_mission/share/r2_mission/cmake/r2_missionConfig-version.cmake
[84.312s] -- Up-to-date: /root/nuc_ws/install/r2_mission/share/r2_mission/package.xml
[84.313s] -- Up-to-date: /root/nuc_ws/install/r2_mission/lib/libr2_serial_driver_core.a
[84.315s] Invoked command in '/root/nuc_ws/build/r2_mission' returned '0': AMENT_PREFIX_PATH=/root/nuc_ws/install/detection_interfaces:${AMENT_PREFIX_PATH} CMAKE_PREFIX_PATH=/root/nuc_ws/install/detection_interfaces:/home/sunrise/yolov8_bpu_ws/install/astra_camera:/home/sunrise/yolov8_bpu_ws/install/astra_camera_msgs:/home/sunrise/yolov8_bpu_ws/install/yolov8_bpu:/opt/tros/humble:/opt/ros/humble LD_LIBRARY_PATH=/root/nuc_ws/install/detection_interfaces/lib:/home/sunrise/yolov8_bpu_ws/install/astra_camera/lib:/home/sunrise/yolov8_bpu_ws/install/astra_camera_msgs/lib:/opt/tros/humble/lib/aarch64-linux-gnu:/opt/tros/humble/lib:/opt/ros/humble/opt/rviz_ogre_vendor/lib:/opt/ros/humble/lib/aarch64-linux-gnu:/opt/ros/humble/lib:/usr/hobot/lib:/app/lib:/app/pub/lib:/middleware/lib:/middleware/pub/lib:/usr/hobot/lib/sensor:/system/lib:/system/usr/lib:/lib PYTHONPATH=/root/nuc_ws/install/detection_interfaces/local/lib/python3.10/dist-packages:${PYTHONPATH} /usr/bin/cmake --install /root/nuc_ws/build/r2_mission
