[0.009s] Invoking command in '/home/mingadmirer/nuc_ws/nuc_ws/src/nuc_ws/build/r2_mission': AMENT_PREFIX_PATH=/home/mingadmirer/nuc_ws/nuc_ws/src/nuc_ws/install/detection_interfaces:${AMENT_PREFIX_PATH} CMAKE_PREFIX_PATH=/home/mingadmirer/nuc_ws/nuc_ws/src/nuc_ws/install/detection_interfaces:/opt/ros/humble LD_LIBRARY_PATH=/home/mingadmirer/nuc_ws/nuc_ws/src/nuc_ws/install/detection_interfaces/lib:${LD_LIBRARY_PATH} PYTHONPATH=/home/mingadmirer/nuc_ws/nuc_ws/src/nuc_ws/install/detection_interfaces/local/lib/python3.10/dist-packages:${PYTHONPATH} /usr/bin/cmake /home/mingadmirer/nuc_ws/nuc_ws/src/nuc_ws/src/r2_mission -DCMAKE_INSTALL_PREFIX=/home/mingadmirer/nuc_ws/nuc_ws/src/nuc_ws/install/r2_mission
[0.067s] -- The C compiler identification is GNU 11.4.0
[0.132s] -- The CXX compiler identification is GNU 11.4.0
[0.140s] -- Detecting C compiler ABI info
[0.221s] -- Detecting C compiler ABI info - done
[0.230s] -- Check for working C compiler: /usr/bin/cc - skipped
[0.230s] -- Detecting C compile features
[0.231s] -- Detecting C compile features - done
[0.235s] -- Detecting CXX compiler ABI info
[0.338s] -- Detecting CXX compiler ABI info - done
[0.347s] -- Check for working CXX compiler: /usr/bin/c++ - skipped
[0.347s] -- Detecting CXX compile features
[0.348s] -- Detecting CXX compile features - done
[0.351s] -- Found ament_cmake: 1.3.14 (/opt/ros/humble/share/ament_cmake/cmake)
[0.518s] -- Found Python3: /usr/bin/python3 (found version "3.10.12") found components: Interpreter 
[0.608s] -- Found rclcpp: 16.0.19 (/opt/ros/humble/share/rclcpp/cmake)
[0.649s] -- Found rosidl_generator_c: 3.1.8 (/opt/ros/humble/share/rosidl_generator_c/cmake)
[0.654s] -- Found rosidl_adapter: 3.1.8 (/opt/ros/humble/share/rosidl_adapter/cmake)
[0.663s] -- Found rosidl_generator_cpp: 3.1.8 (/opt/ros/humble/share/rosidl_generator_cpp/cmake)
[0.675s] -- Using all available rosidl_typesupport_c: rosidl_typesupport_fastrtps_c;rosidl_typesupport_introspection_c
[0.691s] -- Using all available rosidl_typesupport_cpp: rosidl_typesupport_fastrtps_cpp;rosidl_typesupport_introspection_cpp
[0.736s] -- Found rmw_implementation_cmake: 6.1.2 (/opt/ros/humble/share/rmw_implementation_cmake/cmake)
[0.739s] -- Found rmw_fastrtps_cpp: 6.2.10 (/opt/ros/humble/share/rmw_fastrtps_cpp/cmake)
[0.835s] -- Found OpenSSL: /usr/lib/x86_64-linux-gnu/libcrypto.so (found version "3.0.2")  
[0.862s] -- Found FastRTPS: /opt/ros/humble/include  
[0.903s] -- Using RMW implementation 'rmw_fastrtps_cpp' as default
[0.912s] -- Looking for pthread.h
[0.996s] -- Looking for pthread.h - found
[0.997s] -- Performing Test CMAKE_HAVE_LIBC_PTHREAD
[1.089s] -- Performing Test CMAKE_HAVE_LIBC_PTHREAD - Success
[1.091s] -- Found Threads: TRUE  
[1.155s] -- Found detection_interfaces: 1.0.0 (/home/mingadmirer/nuc_ws/nuc_ws/src/nuc_ws/install/detection_interfaces/share/detection_interfaces/cmake)
[1.247s] -- Configuring done
[1.263s] -- Generating done
[1.268s] -- Build files have been written to: /home/mingadmirer/nuc_ws/nuc_ws/src/nuc_ws/build/r2_mission
[1.278s] Invoked command in '/home/mingadmirer/nuc_ws/nuc_ws/src/nuc_ws/build/r2_mission' returned '0': AMENT_PREFIX_PATH=/home/mingadmirer/nuc_ws/nuc_ws/src/nuc_ws/install/detection_interfaces:${AMENT_PREFIX_PATH} CMAKE_PREFIX_PATH=/home/mingadmirer/nuc_ws/nuc_ws/src/nuc_ws/install/detection_interfaces:/opt/ros/humble LD_LIBRARY_PATH=/home/mingadmirer/nuc_ws/nuc_ws/src/nuc_ws/install/detection_interfaces/lib:${LD_LIBRARY_PATH} PYTHONPATH=/home/mingadmirer/nuc_ws/nuc_ws/src/nuc_ws/install/detection_interfaces/local/lib/python3.10/dist-packages:${PYTHONPATH} /usr/bin/cmake /home/mingadmirer/nuc_ws/nuc_ws/src/nuc_ws/src/r2_mission -DCMAKE_INSTALL_PREFIX=/home/mingadmirer/nuc_ws/nuc_ws/src/nuc_ws/install/r2_mission
[1.279s] Invoking command in '/home/mingadmirer/nuc_ws/nuc_ws/src/nuc_ws/build/r2_mission': AMENT_PREFIX_PATH=/home/mingadmirer/nuc_ws/nuc_ws/src/nuc_ws/install/detection_interfaces:${AMENT_PREFIX_PATH} CMAKE_PREFIX_PATH=/home/mingadmirer/nuc_ws/nuc_ws/src/nuc_ws/install/detection_interfaces:/opt/ros/humble LD_LIBRARY_PATH=/home/mingadmirer/nuc_ws/nuc_ws/src/nuc_ws/install/detection_interfaces/lib:${LD_LIBRARY_PATH} PYTHONPATH=/home/mingadmirer/nuc_ws/nuc_ws/src/nuc_ws/install/detection_interfaces/local/lib/python3.10/dist-packages:${PYTHONPATH} /usr/bin/cmake --build /home/mingadmirer/nuc_ws/nuc_ws/src/nuc_ws/build/r2_mission -- -j8 -l8
[1.336s] [ 20%] Building CXX object r2_serial_driver/CMakeFiles/r2_serial_driver_core.dir/src/serial_interface.cpp.o
[1.336s] [ 40%] Building CXX object r2_serial_driver/CMakeFiles/r2_serial_driver_core.dir/src/command_encoder.cpp.o
[1.610s] [ 60%] Linking CXX static library libr2_serial_driver_core.a
[1.646s] [ 60%] Built target r2_serial_driver_core
[1.669s] [ 80%] Building CXX object CMakeFiles/r2_mission_node.dir/src/mission_node.cpp.o
[10.755s] [100%] Linking CXX executable r2_mission_node
[11.194s] [100%] Built target r2_mission_node
[11.206s] Invoked command in '/home/mingadmirer/nuc_ws/nuc_ws/src/nuc_ws/build/r2_mission' returned '0': AMENT_PREFIX_PATH=/home/mingadmirer/nuc_ws/nuc_ws/src/nuc_ws/install/detection_interfaces:${AMENT_PREFIX_PATH} CMAKE_PREFIX_PATH=/home/mingadmirer/nuc_ws/nuc_ws/src/nuc_ws/install/detection_interfaces:/opt/ros/humble LD_LIBRARY_PATH=/home/mingadmirer/nuc_ws/nuc_ws/src/nuc_ws/install/detection_interfaces/lib:${LD_LIBRARY_PATH} PYTHONPATH=/home/mingadmirer/nuc_ws/nuc_ws/src/nuc_ws/install/detection_interfaces/local/lib/python3.10/dist-packages:${PYTHONPATH} /usr/bin/cmake --build /home/mingadmirer/nuc_ws/nuc_ws/src/nuc_ws/build/r2_mission -- -j8 -l8
[11.207s] Invoking command in '/home/mingadmirer/nuc_ws/nuc_ws/src/nuc_ws/build/r2_mission': AMENT_PREFIX_PATH=/home/mingadmirer/nuc_ws/nuc_ws/src/nuc_ws/install/detection_interfaces:${AMENT_PREFIX_PATH} CMAKE_PREFIX_PATH=/home/mingadmirer/nuc_ws/nuc_ws/src/nuc_ws/install/detection_interfaces:/opt/ros/humble LD_LIBRARY_PATH=/home/mingadmirer/nuc_ws/nuc_ws/src/nuc_ws/install/detection_interfaces/lib:${LD_LIBRARY_PATH} PYTHONPATH=/home/mingadmirer/nuc_ws/nuc_ws/src/nuc_ws/install/detection_interfaces/local/lib/python3.10/dist-packages:${PYTHONPATH} /usr/bin/cmake --install /home/mingadmirer/nuc_ws/nuc_ws/src/nuc_ws/build/r2_mission
[11.217s] -- Install configuration: ""
[11.217s] -- Installing: /home/mingadmirer/nuc_ws/nuc_ws/src/nuc_ws/install/r2_mission/lib/r2_mission/r2_mission_node
[11.222s] -- Set runtime path of "/home/mingadmirer/nuc_ws/nuc_ws/src/nuc_ws/install/r2_mission/lib/r2_mission/r2_mission_node" to ""
[11.222s] -- Installing: /home/mingadmirer/nuc_ws/nuc_ws/src/nuc_ws/install/r2_mission/share/r2_mission/launch
[11.223s] -- Installing: /home/mingadmirer/nuc_ws/nuc_ws/src/nuc_ws/install/r2_mission/share/r2_mission/launch/bringup.launch.py
[11.223s] -- Installing: /home/mingadmirer/nuc_ws/nuc_ws/src/nuc_ws/install/r2_mission/share/r2_mission/config
[11.223s] -- Installing: /home/mingadmirer/nuc_ws/nuc_ws/src/nuc_ws/install/r2_mission/share/r2_mission/config/params.yaml
[11.223s] -- Installing: /home/mingadmirer/nuc_ws/nuc_ws/src/nuc_ws/install/r2_mission/share/ament_index/resource_index/package_run_dependencies/r2_mission
[11.223s] -- Installing: /home/mingadmirer/nuc_ws/nuc_ws/src/nuc_ws/install/r2_mission/share/ament_index/resource_index/parent_prefix_path/r2_mission
[11.223s] -- Installing: /home/mingadmirer/nuc_ws/nuc_ws/src/nuc_ws/install/r2_mission/share/r2_mission/environment/ament_prefix_path.sh
[11.224s] -- Installing: /home/mingadmirer/nuc_ws/nuc_ws/src/nuc_ws/install/r2_mission/share/r2_mission/environment/ament_prefix_path.dsv
[11.224s] -- Installing: /home/mingadmirer/nuc_ws/nuc_ws/src/nuc_ws/install/r2_mission/share/r2_mission/environment/path.sh
[11.224s] -- Installing: /home/mingadmirer/nuc_ws/nuc_ws/src/nuc_ws/install/r2_mission/share/r2_mission/environment/path.dsv
[11.224s] -- Installing: /home/mingadmirer/nuc_ws/nuc_ws/src/nuc_ws/install/r2_mission/share/r2_mission/local_setup.bash
[11.224s] -- Installing: /home/mingadmirer/nuc_ws/nuc_ws/src/nuc_ws/install/r2_mission/share/r2_mission/local_setup.sh
[11.224s] -- Installing: /home/mingadmirer/nuc_ws/nuc_ws/src/nuc_ws/install/r2_mission/share/r2_mission/local_setup.zsh
[11.225s] -- Installing: /home/mingadmirer/nuc_ws/nuc_ws/src/nuc_ws/install/r2_mission/share/r2_mission/local_setup.dsv
[11.225s] -- Installing: /home/mingadmirer/nuc_ws/nuc_ws/src/nuc_ws/install/r2_mission/share/r2_mission/package.dsv
[11.225s] -- Installing: /home/mingadmirer/nuc_ws/nuc_ws/src/nuc_ws/install/r2_mission/share/ament_index/resource_index/packages/r2_mission
[11.226s] -- Installing: /home/mingadmirer/nuc_ws/nuc_ws/src/nuc_ws/install/r2_mission/share/r2_mission/cmake/r2_missionConfig.cmake
[11.226s] -- Installing: /home/mingadmirer/nuc_ws/nuc_ws/src/nuc_ws/install/r2_mission/share/r2_mission/cmake/r2_missionConfig-version.cmake
[11.226s] -- Installing: /home/mingadmirer/nuc_ws/nuc_ws/src/nuc_ws/install/r2_mission/share/r2_mission/package.xml
[11.226s] -- Installing: /home/mingadmirer/nuc_ws/nuc_ws/src/nuc_ws/install/r2_mission/lib/libr2_serial_driver_core.a
[11.229s] Invoked command in '/home/mingadmirer/nuc_ws/nuc_ws/src/nuc_ws/build/r2_mission' returned '0': AMENT_PREFIX_PATH=/home/mingadmirer/nuc_ws/nuc_ws/src/nuc_ws/install/detection_interfaces:${AMENT_PREFIX_PATH} CMAKE_PREFIX_PATH=/home/mingadmirer/nuc_ws/nuc_ws/src/nuc_ws/install/detection_interfaces:/opt/ros/humble LD_LIBRARY_PATH=/home/mingadmirer/nuc_ws/nuc_ws/src/nuc_ws/install/detection_interfaces/lib:${LD_LIBRARY_PATH} PYTHONPATH=/home/mingadmirer/nuc_ws/nuc_ws/src/nuc_ws/install/detection_interfaces/local/lib/python3.10/dist-packages:${PYTHONPATH} /usr/bin/cmake --install /home/mingadmirer/nuc_ws/nuc_ws/src/nuc_ws/build/r2_mission
