[0.995s] DEBUG:colcon:Command line arguments: ['/usr/bin/colcon', 'build']
[0.996s] DEBUG:colcon:Parsed command line arguments: Namespace(log_base=None, log_level=None, verb_name='build', build_base='build', install_base='install', merge_install=False, symlink_install=False, test_result_base=None, continue_on_error=False, executor='parallel', parallel_workers=8, event_handlers=None, ignore_user_meta=False, metas=['./colcon.meta'], base_paths=['.'], packages_ignore=None, packages_ignore_regex=None, paths=None, packages_up_to=None, packages_up_to_regex=None, packages_above=None, packages_above_and_dependencies=None, packages_above_depth=None, packages_select_by_dep=None, packages_skip_by_dep=None, packages_skip_up_to=None, packages_select_build_failed=False, packages_skip_build_finished=False, packages_select_test_failures=False, packages_skip_test_passed=False, packages_select=None, packages_skip=None, packages_select_regex=None, packages_skip_regex=None, packages_start=None, packages_end=None, allow_overriding=[], cmake_args=None, cmake_target=None, cmake_target_skip_unavailable=False, cmake_clean_cache=False, cmake_clean_first=False, cmake_force_configure=False, ament_cmake_args=None, catkin_cmake_args=None, catkin_skip_building_tests=False, verb_parser=<colcon_defaults.argument_parser.defaults.DefaultArgumentsDecorator object at 0xffff8163fc40>, verb_extension=<colcon_core.verb.build.BuildVerb object at 0xffff8163f730>, main=<bound method BuildVerb.main of <colcon_core.verb.build.BuildVerb object at 0xffff8163f730>>)
[1.345s] Level 1:colcon.colcon_core.package_discovery:discover_packages(colcon_meta) check parameters
[1.345s] Level 1:colcon.colcon_core.package_discovery:discover_packages(recursive) check parameters
[1.346s] Level 1:colcon.colcon_core.package_discovery:discover_packages(ignore) check parameters
[1.346s] Level 1:colcon.colcon_core.package_discovery:discover_packages(path) check parameters
[1.347s] Level 1:colcon.colcon_core.package_discovery:discover_packages(colcon_meta) discover
[1.348s] Level 1:colcon.colcon_core.package_discovery:discover_packages(recursive) discover
[1.348s] INFO:colcon.colcon_core.package_discovery:Crawling recursively for packages in '/root/nuc_ws'
[1.349s] Level 1:colcon.colcon_core.package_identification:_identify(.) by extensions ['ignore', 'ignore_ament_install']
[1.350s] Level 1:colcon.colcon_core.package_identification:_identify(.) by extension 'ignore'
[1.350s] Level 1:colcon.colcon_core.package_identification:_identify(.) by extension 'ignore_ament_install'
[1.351s] Level 1:colcon.colcon_core.package_identification:_identify(.) by extensions ['colcon_pkg']
[1.351s] Level 1:colcon.colcon_core.package_identification:_identify(.) by extension 'colcon_pkg'
[1.352s] Level 1:colcon.colcon_core.package_identification:_identify(.) by extensions ['colcon_meta']
[1.352s] Level 1:colcon.colcon_core.package_identification:_identify(.) by extension 'colcon_meta'
[1.352s] Level 1:colcon.colcon_core.package_identification:_identify(.) by extensions ['ros']
[1.352s] Level 1:colcon.colcon_core.package_identification:_identify(.) by extension 'ros'
[1.475s] Level 1:colcon.colcon_core.package_identification:_identify(.) by extensions ['cmake', 'python']
[1.476s] Level 1:colcon.colcon_core.package_identification:_identify(.) by extension 'cmake'
[1.477s] Level 1:colcon.colcon_core.package_identification:_identify(.) by extension 'python'
[1.477s] Level 1:colcon.colcon_core.package_identification:_identify(.) by extensions ['python_setup_py']
[1.478s] Level 1:colcon.colcon_core.package_identification:_identify(.) by extension 'python_setup_py'
[1.479s] Level 1:colcon.colcon_core.package_identification:_identify(build) by extensions ['ignore', 'ignore_ament_install']
[1.479s] Level 1:colcon.colcon_core.package_identification:_identify(build) by extension 'ignore'
[1.480s] Level 1:colcon.colcon_core.package_identification:_identify(build) ignored
[1.481s] Level 1:colcon.colcon_core.package_identification:_identify(install) by extensions ['ignore', 'ignore_ament_install']
[1.482s] Level 1:colcon.colcon_core.package_identification:_identify(install) by extension 'ignore'
[1.483s] Level 1:colcon.colcon_core.package_identification:_identify(install) ignored
[1.484s] Level 1:colcon.colcon_core.package_identification:_identify(log) by extensions ['ignore', 'ignore_ament_install']
[1.485s] Level 1:colcon.colcon_core.package_identification:_identify(log) by extension 'ignore'
[1.485s] Level 1:colcon.colcon_core.package_identification:_identify(log) ignored
[1.486s] Level 1:colcon.colcon_core.package_identification:_identify(nuc_ws) by extensions ['ignore', 'ignore_ament_install']
[1.487s] Level 1:colcon.colcon_core.package_identification:_identify(nuc_ws) by extension 'ignore'
[1.487s] Level 1:colcon.colcon_core.package_identification:_identify(nuc_ws) by extension 'ignore_ament_install'
[1.488s] Level 1:colcon.colcon_core.package_identification:_identify(nuc_ws) by extensions ['colcon_pkg']
[1.489s] Level 1:colcon.colcon_core.package_identification:_identify(nuc_ws) by extension 'colcon_pkg'
[1.490s] Level 1:colcon.colcon_core.package_identification:_identify(nuc_ws) by extensions ['colcon_meta']
[1.490s] Level 1:colcon.colcon_core.package_identification:_identify(nuc_ws) by extension 'colcon_meta'
[1.491s] Level 1:colcon.colcon_core.package_identification:_identify(nuc_ws) by extensions ['ros']
[1.491s] Level 1:colcon.colcon_core.package_identification:_identify(nuc_ws) by extension 'ros'
[1.492s] Level 1:colcon.colcon_core.package_identification:_identify(nuc_ws) by extensions ['cmake', 'python']
[1.492s] Level 1:colcon.colcon_core.package_identification:_identify(nuc_ws) by extension 'cmake'
[1.493s] Level 1:colcon.colcon_core.package_identification:_identify(nuc_ws) by extension 'python'
[1.493s] Level 1:colcon.colcon_core.package_identification:_identify(nuc_ws) by extensions ['python_setup_py']
[1.493s] Level 1:colcon.colcon_core.package_identification:_identify(nuc_ws) by extension 'python_setup_py'
[1.494s] Level 1:colcon.colcon_core.package_identification:_identify(nuc_ws/framework) by extensions ['ignore', 'ignore_ament_install']
[1.495s] Level 1:colcon.colcon_core.package_identification:_identify(nuc_ws/framework) by extension 'ignore'
[1.496s] Level 1:colcon.colcon_core.package_identification:_identify(nuc_ws/framework) by extension 'ignore_ament_install'
[1.497s] Level 1:colcon.colcon_core.package_identification:_identify(nuc_ws/framework) by extensions ['colcon_pkg']
[1.497s] Level 1:colcon.colcon_core.package_identification:_identify(nuc_ws/framework) by extension 'colcon_pkg'
[1.498s] Level 1:colcon.colcon_core.package_identification:_identify(nuc_ws/framework) by extensions ['colcon_meta']
[1.498s] Level 1:colcon.colcon_core.package_identification:_identify(nuc_ws/framework) by extension 'colcon_meta'
[1.498s] Level 1:colcon.colcon_core.package_identification:_identify(nuc_ws/framework) by extensions ['ros']
[1.499s] Level 1:colcon.colcon_core.package_identification:_identify(nuc_ws/framework) by extension 'ros'
[1.499s] Level 1:colcon.colcon_core.package_identification:_identify(nuc_ws/framework) by extensions ['cmake', 'python']
[1.500s] Level 1:colcon.colcon_core.package_identification:_identify(nuc_ws/framework) by extension 'cmake'
[1.500s] Level 1:colcon.colcon_core.package_identification:_identify(nuc_ws/framework) by extension 'python'
[1.501s] Level 1:colcon.colcon_core.package_identification:_identify(nuc_ws/framework) by extensions ['python_setup_py']
[1.501s] Level 1:colcon.colcon_core.package_identification:_identify(nuc_ws/framework) by extension 'python_setup_py'
[1.502s] Level 1:colcon.colcon_core.package_identification:_identify(nuc_ws/src) by extensions ['ignore', 'ignore_ament_install']
[1.502s] Level 1:colcon.colcon_core.package_identification:_identify(nuc_ws/src) by extension 'ignore'
[1.503s] Level 1:colcon.colcon_core.package_identification:_identify(nuc_ws/src) by extension 'ignore_ament_install'
[1.503s] Level 1:colcon.colcon_core.package_identification:_identify(nuc_ws/src) by extensions ['colcon_pkg']
[1.504s] Level 1:colcon.colcon_core.package_identification:_identify(nuc_ws/src) by extension 'colcon_pkg'
[1.504s] Level 1:colcon.colcon_core.package_identification:_identify(nuc_ws/src) by extensions ['colcon_meta']
[1.504s] Level 1:colcon.colcon_core.package_identification:_identify(nuc_ws/src) by extension 'colcon_meta'
[1.505s] Level 1:colcon.colcon_core.package_identification:_identify(nuc_ws/src) by extensions ['ros']
[1.505s] Level 1:colcon.colcon_core.package_identification:_identify(nuc_ws/src) by extension 'ros'
[1.506s] Level 1:colcon.colcon_core.package_identification:_identify(nuc_ws/src) by extensions ['cmake', 'python']
[1.506s] Level 1:colcon.colcon_core.package_identification:_identify(nuc_ws/src) by extension 'cmake'
[1.506s] Level 1:colcon.colcon_core.package_identification:_identify(nuc_ws/src) by extension 'python'
[1.507s] Level 1:colcon.colcon_core.package_identification:_identify(nuc_ws/src) by extensions ['python_setup_py']
[1.507s] Level 1:colcon.colcon_core.package_identification:_identify(nuc_ws/src) by extension 'python_setup_py'
[1.508s] Level 1:colcon.colcon_core.package_identification:_identify(nuc_ws/src/nuc_ws) by extensions ['ignore', 'ignore_ament_install']
[1.509s] Level 1:colcon.colcon_core.package_identification:_identify(nuc_ws/src/nuc_ws) by extension 'ignore'
[1.510s] Level 1:colcon.colcon_core.package_identification:_identify(nuc_ws/src/nuc_ws) by extension 'ignore_ament_install'
[1.511s] Level 1:colcon.colcon_core.package_identification:_identify(nuc_ws/src/nuc_ws) by extensions ['colcon_pkg']
[1.511s] Level 1:colcon.colcon_core.package_identification:_identify(nuc_ws/src/nuc_ws) by extension 'colcon_pkg'
[1.512s] Level 1:colcon.colcon_core.package_identification:_identify(nuc_ws/src/nuc_ws) by extensions ['colcon_meta']
[1.512s] Level 1:colcon.colcon_core.package_identification:_identify(nuc_ws/src/nuc_ws) by extension 'colcon_meta'
[1.513s] Level 1:colcon.colcon_core.package_identification:_identify(nuc_ws/src/nuc_ws) by extensions ['ros']
[1.513s] Level 1:colcon.colcon_core.package_identification:_identify(nuc_ws/src/nuc_ws) by extension 'ros'
[1.514s] Level 1:colcon.colcon_core.package_identification:_identify(nuc_ws/src/nuc_ws) by extensions ['cmake', 'python']
[1.514s] Level 1:colcon.colcon_core.package_identification:_identify(nuc_ws/src/nuc_ws) by extension 'cmake'
[1.515s] Level 1:colcon.colcon_core.package_identification:_identify(nuc_ws/src/nuc_ws) by extension 'python'
[1.515s] Level 1:colcon.colcon_core.package_identification:_identify(nuc_ws/src/nuc_ws) by extensions ['python_setup_py']
[1.516s] Level 1:colcon.colcon_core.package_identification:_identify(nuc_ws/src/nuc_ws) by extension 'python_setup_py'
[1.517s] Level 1:colcon.colcon_core.package_identification:_identify(nuc_ws/src/nuc_ws/log) by extensions ['ignore', 'ignore_ament_install']
[1.518s] Level 1:colcon.colcon_core.package_identification:_identify(nuc_ws/src/nuc_ws/log) by extension 'ignore'
[1.518s] Level 1:colcon.colcon_core.package_identification:_identify(nuc_ws/src/nuc_ws/log) ignored
[1.519s] Level 1:colcon.colcon_core.package_identification:_identify(nuc_ws/src/nuc_ws/src) by extensions ['ignore', 'ignore_ament_install']
[1.520s] Level 1:colcon.colcon_core.package_identification:_identify(nuc_ws/src/nuc_ws/src) by extension 'ignore'
[1.521s] Level 1:colcon.colcon_core.package_identification:_identify(nuc_ws/src/nuc_ws/src) by extension 'ignore_ament_install'
[1.522s] Level 1:colcon.colcon_core.package_identification:_identify(nuc_ws/src/nuc_ws/src) by extensions ['colcon_pkg']
[1.522s] Level 1:colcon.colcon_core.package_identification:_identify(nuc_ws/src/nuc_ws/src) by extension 'colcon_pkg'
[1.523s] Level 1:colcon.colcon_core.package_identification:_identify(nuc_ws/src/nuc_ws/src) by extensions ['colcon_meta']
[1.524s] Level 1:colcon.colcon_core.package_identification:_identify(nuc_ws/src/nuc_ws/src) by extension 'colcon_meta'
[1.525s] Level 1:colcon.colcon_core.package_identification:_identify(nuc_ws/src/nuc_ws/src) by extensions ['ros']
[1.525s] Level 1:colcon.colcon_core.package_identification:_identify(nuc_ws/src/nuc_ws/src) by extension 'ros'
[1.526s] Level 1:colcon.colcon_core.package_identification:_identify(nuc_ws/src/nuc_ws/src) by extensions ['cmake', 'python']
[1.527s] Level 1:colcon.colcon_core.package_identification:_identify(nuc_ws/src/nuc_ws/src) by extension 'cmake'
[1.528s] Level 1:colcon.colcon_core.package_identification:_identify(nuc_ws/src/nuc_ws/src) by extension 'python'
[1.528s] Level 1:colcon.colcon_core.package_identification:_identify(nuc_ws/src/nuc_ws/src) by extensions ['python_setup_py']
[1.529s] Level 1:colcon.colcon_core.package_identification:_identify(nuc_ws/src/nuc_ws/src) by extension 'python_setup_py'
[1.530s] Level 1:colcon.colcon_core.package_identification:_identify(nuc_ws/src/nuc_ws/src/detection_interfaces) by extensions ['ignore', 'ignore_ament_install']
[1.530s] Level 1:colcon.colcon_core.package_identification:_identify(nuc_ws/src/nuc_ws/src/detection_interfaces) by extension 'ignore'
[1.531s] Level 1:colcon.colcon_core.package_identification:_identify(nuc_ws/src/nuc_ws/src/detection_interfaces) by extension 'ignore_ament_install'
[1.532s] Level 1:colcon.colcon_core.package_identification:_identify(nuc_ws/src/nuc_ws/src/detection_interfaces) by extensions ['colcon_pkg']
[1.532s] Level 1:colcon.colcon_core.package_identification:_identify(nuc_ws/src/nuc_ws/src/detection_interfaces) by extension 'colcon_pkg'
[1.533s] Level 1:colcon.colcon_core.package_identification:_identify(nuc_ws/src/nuc_ws/src/detection_interfaces) by extensions ['colcon_meta']
[1.533s] Level 1:colcon.colcon_core.package_identification:_identify(nuc_ws/src/nuc_ws/src/detection_interfaces) by extension 'colcon_meta'
[1.534s] Level 1:colcon.colcon_core.package_identification:_identify(nuc_ws/src/nuc_ws/src/detection_interfaces) by extensions ['ros']
[1.535s] Level 1:colcon.colcon_core.package_identification:_identify(nuc_ws/src/nuc_ws/src/detection_interfaces) by extension 'ros'
[1.551s] DEBUG:colcon.colcon_core.package_identification:Package 'nuc_ws/src/nuc_ws/src/detection_interfaces' with type 'ros.ament_cmake' and name 'detection_interfaces'
[1.553s] Level 1:colcon.colcon_core.package_identification:_identify(nuc_ws/src/nuc_ws/src/r2_mission) by extensions ['ignore', 'ignore_ament_install']
[1.554s] Level 1:colcon.colcon_core.package_identification:_identify(nuc_ws/src/nuc_ws/src/r2_mission) by extension 'ignore'
[1.555s] Level 1:colcon.colcon_core.package_identification:_identify(nuc_ws/src/nuc_ws/src/r2_mission) by extension 'ignore_ament_install'
[1.555s] Level 1:colcon.colcon_core.package_identification:_identify(nuc_ws/src/nuc_ws/src/r2_mission) by extensions ['colcon_pkg']
[1.556s] Level 1:colcon.colcon_core.package_identification:_identify(nuc_ws/src/nuc_ws/src/r2_mission) by extension 'colcon_pkg'
[1.556s] Level 1:colcon.colcon_core.package_identification:_identify(nuc_ws/src/nuc_ws/src/r2_mission) by extensions ['colcon_meta']
[1.557s] Level 1:colcon.colcon_core.package_identification:_identify(nuc_ws/src/nuc_ws/src/r2_mission) by extension 'colcon_meta'
[1.558s] Level 1:colcon.colcon_core.package_identification:_identify(nuc_ws/src/nuc_ws/src/r2_mission) by extensions ['ros']
[1.558s] Level 1:colcon.colcon_core.package_identification:_identify(nuc_ws/src/nuc_ws/src/r2_mission) by extension 'ros'
[1.565s] DEBUG:colcon.colcon_core.package_identification:Package 'nuc_ws/src/nuc_ws/src/r2_mission' with type 'ros.ament_cmake' and name 'r2_mission'
[1.566s] Level 1:colcon.colcon_core.package_identification:_identify(nuc_ws/src/nuc_ws/src/r2_serial_driver) by extensions ['ignore', 'ignore_ament_install']
[1.567s] Level 1:colcon.colcon_core.package_identification:_identify(nuc_ws/src/nuc_ws/src/r2_serial_driver) by extension 'ignore'
[1.567s] Level 1:colcon.colcon_core.package_identification:_identify(nuc_ws/src/nuc_ws/src/r2_serial_driver) ignored
[1.568s] Level 1:colcon.colcon_core.package_discovery:discover_packages(recursive) using defaults
[1.568s] Level 1:colcon.colcon_core.package_discovery:discover_packages(ignore) discover
[1.569s] Level 1:colcon.colcon_core.package_discovery:discover_packages(ignore) using defaults
[1.569s] Level 1:colcon.colcon_core.package_discovery:discover_packages(path) discover
[1.569s] Level 1:colcon.colcon_core.package_discovery:discover_packages(path) using defaults
[1.746s] Level 1:colcon.colcon_core.package_discovery:discover_packages(prefix_path) check parameters
[1.746s] Level 1:colcon.colcon_core.package_discovery:discover_packages(prefix_path) discover
[1.764s] DEBUG:colcon.colcon_installed_package_information.package_discovery:Found 2 installed packages in /root/nuc_ws/install
[1.769s] DEBUG:colcon.colcon_installed_package_information.package_discovery:Found 3 installed packages in /home/sunrise/yolov8_bpu_ws/install
[1.773s] DEBUG:colcon.colcon_installed_package_information.package_discovery:Found 58 installed packages in /opt/tros/humble
[1.783s] DEBUG:colcon.colcon_installed_package_information.package_discovery:Found 210 installed packages in /opt/ros/humble
[1.793s] Level 1:colcon.colcon_core.package_discovery:discover_packages(prefix_path) using defaults
[2.124s] Level 5:colcon.colcon_core.verb:set package 'detection_interfaces' build argument 'cmake_args' from command line to 'None'
[2.124s] Level 5:colcon.colcon_core.verb:set package 'detection_interfaces' build argument 'cmake_target' from command line to 'None'
[2.125s] Level 5:colcon.colcon_core.verb:set package 'detection_interfaces' build argument 'cmake_target_skip_unavailable' from command line to 'False'
[2.125s] Level 5:colcon.colcon_core.verb:set package 'detection_interfaces' build argument 'cmake_clean_cache' from command line to 'False'
[2.126s] Level 5:colcon.colcon_core.verb:set package 'detection_interfaces' build argument 'cmake_clean_first' from command line to 'False'
[2.126s] Level 5:colcon.colcon_core.verb:set package 'detection_interfaces' build argument 'cmake_force_configure' from command line to 'False'
[2.127s] Level 5:colcon.colcon_core.verb:set package 'detection_interfaces' build argument 'ament_cmake_args' from command line to 'None'
[2.127s] Level 5:colcon.colcon_core.verb:set package 'detection_interfaces' build argument 'catkin_cmake_args' from command line to 'None'
[2.128s] Level 5:colcon.colcon_core.verb:set package 'detection_interfaces' build argument 'catkin_skip_building_tests' from command line to 'False'
[2.128s] DEBUG:colcon.colcon_core.verb:Building package 'detection_interfaces' with the following arguments: {'ament_cmake_args': None, 'build_base': '/root/nuc_ws/build/detection_interfaces', 'catkin_cmake_args': None, 'catkin_skip_building_tests': False, 'cmake_args': None, 'cmake_clean_cache': False, 'cmake_clean_first': False, 'cmake_force_configure': False, 'cmake_target': None, 'cmake_target_skip_unavailable': False, 'install_base': '/root/nuc_ws/install/detection_interfaces', 'merge_install': False, 'path': '/root/nuc_ws/nuc_ws/src/nuc_ws/src/detection_interfaces', 'symlink_install': False, 'test_result_base': None}
[2.132s] Level 5:colcon.colcon_core.verb:set package 'r2_mission' build argument 'cmake_args' from command line to 'None'
[2.133s] Level 5:colcon.colcon_core.verb:set package 'r2_mission' build argument 'cmake_target' from command line to 'None'
[2.133s] Level 5:colcon.colcon_core.verb:set package 'r2_mission' build argument 'cmake_target_skip_unavailable' from command line to 'False'
[2.134s] Level 5:colcon.colcon_core.verb:set package 'r2_mission' build argument 'cmake_clean_cache' from command line to 'False'
[2.134s] Level 5:colcon.colcon_core.verb:set package 'r2_mission' build argument 'cmake_clean_first' from command line to 'False'
[2.134s] Level 5:colcon.colcon_core.verb:set package 'r2_mission' build argument 'cmake_force_configure' from command line to 'False'
[2.135s] Level 5:colcon.colcon_core.verb:set package 'r2_mission' build argument 'ament_cmake_args' from command line to 'None'
[2.135s] Level 5:colcon.colcon_core.verb:set package 'r2_mission' build argument 'catkin_cmake_args' from command line to 'None'
[2.136s] Level 5:colcon.colcon_core.verb:set package 'r2_mission' build argument 'catkin_skip_building_tests' from command line to 'False'
[2.137s] DEBUG:colcon.colcon_core.verb:Building package 'r2_mission' with the following arguments: {'ament_cmake_args': None, 'build_base': '/root/nuc_ws/build/r2_mission', 'catkin_cmake_args': None, 'catkin_skip_building_tests': False, 'cmake_args': None, 'cmake_clean_cache': False, 'cmake_clean_first': False, 'cmake_force_configure': False, 'cmake_target': None, 'cmake_target_skip_unavailable': False, 'install_base': '/root/nuc_ws/install/r2_mission', 'merge_install': False, 'path': '/root/nuc_ws/nuc_ws/src/nuc_ws/src/r2_mission', 'symlink_install': False, 'test_result_base': None}
[2.139s] INFO:colcon.colcon_core.executor:Executing jobs using 'parallel' executor
[2.146s] DEBUG:colcon.colcon_parallel_executor.executor.parallel:run_until_complete
[2.149s] INFO:colcon.colcon_ros.task.ament_cmake.build:Building ROS package in '/root/nuc_ws/nuc_ws/src/nuc_ws/src/detection_interfaces' with build type 'ament_cmake'
[2.150s] INFO:colcon.colcon_cmake.task.cmake.build:Building CMake package in '/root/nuc_ws/nuc_ws/src/nuc_ws/src/detection_interfaces'
[2.168s] INFO:colcon.colcon_core.plugin_system:Skipping extension 'colcon_core.shell.bat': Not used on non-Windows systems
[2.170s] INFO:colcon.colcon_core.shell:Skip shell extension 'powershell' for command environment: Not usable outside of PowerShell
[2.170s] DEBUG:colcon.colcon_core.shell:Skip shell extension 'dsv' for command environment
[2.231s] DEBUG:colcon.colcon_core.event_handler.log_command:Invoking command in '/root/nuc_ws/build/detection_interfaces': CMAKE_PREFIX_PATH=${CMAKE_PREFIX_PATH}:/home/sunrise/yolov8_bpu_ws/install/yolov8_bpu:/opt/tros/humble:/opt/ros/humble /usr/bin/cmake --build /root/nuc_ws/build/detection_interfaces -- -j8 -l8
[6.002s] DEBUG:colcon.colcon_core.event_handler.log_command:Invoked command in '/root/nuc_ws/build/detection_interfaces' returned '0': CMAKE_PREFIX_PATH=${CMAKE_PREFIX_PATH}:/home/sunrise/yolov8_bpu_ws/install/yolov8_bpu:/opt/tros/humble:/opt/ros/humble /usr/bin/cmake --build /root/nuc_ws/build/detection_interfaces -- -j8 -l8
[6.056s] DEBUG:colcon.colcon_core.event_handler.log_command:Invoking command in '/root/nuc_ws/build/detection_interfaces': CMAKE_PREFIX_PATH=${CMAKE_PREFIX_PATH}:/home/sunrise/yolov8_bpu_ws/install/yolov8_bpu:/opt/tros/humble:/opt/ros/humble /usr/bin/cmake --install /root/nuc_ws/build/detection_interfaces
[6.572s] Level 1:colcon.colcon_core.environment:create_environment_scripts_only(detection_interfaces)
[6.585s] DEBUG:colcon.colcon_core.event_handler.log_command:Invoked command in '/root/nuc_ws/build/detection_interfaces' returned '0': CMAKE_PREFIX_PATH=${CMAKE_PREFIX_PATH}:/home/sunrise/yolov8_bpu_ws/install/yolov8_bpu:/opt/tros/humble:/opt/ros/humble /usr/bin/cmake --install /root/nuc_ws/build/detection_interfaces
[6.599s] Level 1:colcon.colcon_core.environment:checking '/root/nuc_ws/install/detection_interfaces' for CMake module files
[6.605s] Level 1:colcon.colcon_core.environment:checking '/root/nuc_ws/install/detection_interfaces' for CMake config files
[6.608s] Level 1:colcon.colcon_core.shell:create_environment_hook('detection_interfaces', 'cmake_prefix_path')
[6.610s] INFO:colcon.colcon_core.shell:Creating environment hook '/root/nuc_ws/install/detection_interfaces/share/detection_interfaces/hook/cmake_prefix_path.ps1'
[6.618s] INFO:colcon.colcon_core.shell:Creating environment descriptor '/root/nuc_ws/install/detection_interfaces/share/detection_interfaces/hook/cmake_prefix_path.dsv'
[6.622s] INFO:colcon.colcon_core.shell:Creating environment hook '/root/nuc_ws/install/detection_interfaces/share/detection_interfaces/hook/cmake_prefix_path.sh'
[6.630s] Level 1:colcon.colcon_core.environment:checking '/root/nuc_ws/install/detection_interfaces/lib'
[6.632s] Level 1:colcon.colcon_core.shell:create_environment_hook('detection_interfaces', 'ld_library_path_lib')
[6.634s] INFO:colcon.colcon_core.shell:Creating environment hook '/root/nuc_ws/install/detection_interfaces/share/detection_interfaces/hook/ld_library_path_lib.ps1'
[6.638s] INFO:colcon.colcon_core.shell:Creating environment descriptor '/root/nuc_ws/install/detection_interfaces/share/detection_interfaces/hook/ld_library_path_lib.dsv'
[6.642s] INFO:colcon.colcon_core.shell:Creating environment hook '/root/nuc_ws/install/detection_interfaces/share/detection_interfaces/hook/ld_library_path_lib.sh'
[6.647s] Level 1:colcon.colcon_core.environment:checking '/root/nuc_ws/install/detection_interfaces/bin'
[6.648s] Level 1:colcon.colcon_core.environment:checking '/root/nuc_ws/install/detection_interfaces/lib/pkgconfig/detection_interfaces.pc'
[6.650s] Level 1:colcon.colcon_core.environment:checking '/root/nuc_ws/install/detection_interfaces/lib/python3.10/site-packages'
[6.653s] Level 1:colcon.colcon_core.environment:checking '/root/nuc_ws/install/detection_interfaces/bin'
[6.658s] INFO:colcon.colcon_core.shell:Creating package script '/root/nuc_ws/install/detection_interfaces/share/detection_interfaces/package.ps1'
[6.669s] INFO:colcon.colcon_core.shell:Creating package descriptor '/root/nuc_ws/install/detection_interfaces/share/detection_interfaces/package.dsv'
[6.677s] INFO:colcon.colcon_core.shell:Creating package script '/root/nuc_ws/install/detection_interfaces/share/detection_interfaces/package.sh'
[6.684s] INFO:colcon.colcon_core.shell:Creating package script '/root/nuc_ws/install/detection_interfaces/share/detection_interfaces/package.bash'
[6.691s] INFO:colcon.colcon_core.shell:Creating package script '/root/nuc_ws/install/detection_interfaces/share/detection_interfaces/package.zsh'
[6.700s] Level 1:colcon.colcon_core.environment:create_file_with_runtime_dependencies(/root/nuc_ws/install/detection_interfaces/share/colcon-core/packages/detection_interfaces)
[6.706s] Level 1:colcon.colcon_core.environment:create_environment_scripts_only(detection_interfaces)
[6.709s] Level 1:colcon.colcon_core.environment:checking '/root/nuc_ws/install/detection_interfaces' for CMake module files
[6.714s] Level 1:colcon.colcon_core.environment:checking '/root/nuc_ws/install/detection_interfaces' for CMake config files
[6.717s] Level 1:colcon.colcon_core.shell:create_environment_hook('detection_interfaces', 'cmake_prefix_path')
[6.720s] INFO:colcon.colcon_core.shell:Creating environment hook '/root/nuc_ws/install/detection_interfaces/share/detection_interfaces/hook/cmake_prefix_path.ps1'
[6.725s] INFO:colcon.colcon_core.shell:Creating environment descriptor '/root/nuc_ws/install/detection_interfaces/share/detection_interfaces/hook/cmake_prefix_path.dsv'
[6.730s] INFO:colcon.colcon_core.shell:Creating environment hook '/root/nuc_ws/install/detection_interfaces/share/detection_interfaces/hook/cmake_prefix_path.sh'
[6.735s] Level 1:colcon.colcon_core.environment:checking '/root/nuc_ws/install/detection_interfaces/lib'
[6.736s] Level 1:colcon.colcon_core.shell:create_environment_hook('detection_interfaces', 'ld_library_path_lib')
[6.738s] INFO:colcon.colcon_core.shell:Creating environment hook '/root/nuc_ws/install/detection_interfaces/share/detection_interfaces/hook/ld_library_path_lib.ps1'
[6.742s] INFO:colcon.colcon_core.shell:Creating environment descriptor '/root/nuc_ws/install/detection_interfaces/share/detection_interfaces/hook/ld_library_path_lib.dsv'
[6.745s] INFO:colcon.colcon_core.shell:Creating environment hook '/root/nuc_ws/install/detection_interfaces/share/detection_interfaces/hook/ld_library_path_lib.sh'
[6.749s] Level 1:colcon.colcon_core.environment:checking '/root/nuc_ws/install/detection_interfaces/bin'
[6.750s] Level 1:colcon.colcon_core.environment:checking '/root/nuc_ws/install/detection_interfaces/lib/pkgconfig/detection_interfaces.pc'
[6.752s] Level 1:colcon.colcon_core.environment:checking '/root/nuc_ws/install/detection_interfaces/lib/python3.10/site-packages'
[6.755s] Level 1:colcon.colcon_core.environment:checking '/root/nuc_ws/install/detection_interfaces/bin'
[6.758s] INFO:colcon.colcon_core.shell:Creating package script '/root/nuc_ws/install/detection_interfaces/share/detection_interfaces/package.ps1'
[6.765s] INFO:colcon.colcon_core.shell:Creating package descriptor '/root/nuc_ws/install/detection_interfaces/share/detection_interfaces/package.dsv'
[6.771s] INFO:colcon.colcon_core.shell:Creating package script '/root/nuc_ws/install/detection_interfaces/share/detection_interfaces/package.sh'
[6.776s] INFO:colcon.colcon_core.shell:Creating package script '/root/nuc_ws/install/detection_interfaces/share/detection_interfaces/package.bash'
[6.780s] INFO:colcon.colcon_core.shell:Creating package script '/root/nuc_ws/install/detection_interfaces/share/detection_interfaces/package.zsh'
[6.785s] Level 1:colcon.colcon_core.environment:create_file_with_runtime_dependencies(/root/nuc_ws/install/detection_interfaces/share/colcon-core/packages/detection_interfaces)
[6.790s] INFO:colcon.colcon_ros.task.ament_cmake.build:Building ROS package in '/root/nuc_ws/nuc_ws/src/nuc_ws/src/r2_mission' with build type 'ament_cmake'
[6.793s] INFO:colcon.colcon_cmake.task.cmake.build:Building CMake package in '/root/nuc_ws/nuc_ws/src/nuc_ws/src/r2_mission'
[6.795s] INFO:colcon.colcon_core.shell:Skip shell extension 'powershell' for command environment: Not usable outside of PowerShell
[6.795s] DEBUG:colcon.colcon_core.shell:Skip shell extension 'dsv' for command environment
[6.899s] DEBUG:colcon.colcon_core.event_handler.log_command:Invoking command in '/root/nuc_ws/build/r2_mission': CMAKE_PREFIX_PATH=/root/nuc_ws/install/detection_interfaces:/root/nuc_ws/install/r2_mission:/home/sunrise/yolov8_bpu_ws/install/astra_camera:/home/sunrise/yolov8_bpu_ws/install/astra_camera_msgs:/home/sunrise/yolov8_bpu_ws/install/yolov8_bpu:/opt/tros/humble:/opt/ros/humble LD_LIBRARY_PATH=/root/nuc_ws/install/detection_interfaces/lib:/home/sunrise/yolov8_bpu_ws/install/astra_camera/lib:/home/sunrise/yolov8_bpu_ws/install/astra_camera_msgs/lib:/opt/tros/humble/lib/aarch64-linux-gnu:/opt/tros/humble/lib:/opt/ros/humble/opt/rviz_ogre_vendor/lib:/opt/ros/humble/lib/aarch64-linux-gnu:/opt/ros/humble/lib:/usr/hobot/lib:/app/lib:/app/pub/lib:/middleware/lib:/middleware/pub/lib:/usr/hobot/lib/sensor:/system/lib:/system/usr/lib:/lib /usr/bin/cmake --build /root/nuc_ws/build/r2_mission -- -j8 -l8
[7.560s] DEBUG:colcon.colcon_core.event_handler.log_command:Invoked command in '/root/nuc_ws/build/r2_mission' returned '0': CMAKE_PREFIX_PATH=/root/nuc_ws/install/detection_interfaces:/root/nuc_ws/install/r2_mission:/home/sunrise/yolov8_bpu_ws/install/astra_camera:/home/sunrise/yolov8_bpu_ws/install/astra_camera_msgs:/home/sunrise/yolov8_bpu_ws/install/yolov8_bpu:/opt/tros/humble:/opt/ros/humble LD_LIBRARY_PATH=/root/nuc_ws/install/detection_interfaces/lib:/home/sunrise/yolov8_bpu_ws/install/astra_camera/lib:/home/sunrise/yolov8_bpu_ws/install/astra_camera_msgs/lib:/opt/tros/humble/lib/aarch64-linux-gnu:/opt/tros/humble/lib:/opt/ros/humble/opt/rviz_ogre_vendor/lib:/opt/ros/humble/lib/aarch64-linux-gnu:/opt/ros/humble/lib:/usr/hobot/lib:/app/lib:/app/pub/lib:/middleware/lib:/middleware/pub/lib:/usr/hobot/lib/sensor:/system/lib:/system/usr/lib:/lib /usr/bin/cmake --build /root/nuc_ws/build/r2_mission -- -j8 -l8
[7.563s] DEBUG:colcon.colcon_core.event_handler.log_command:Invoking command in '/root/nuc_ws/build/r2_mission': CMAKE_PREFIX_PATH=/root/nuc_ws/install/detection_interfaces:/root/nuc_ws/install/r2_mission:/home/sunrise/yolov8_bpu_ws/install/astra_camera:/home/sunrise/yolov8_bpu_ws/install/astra_camera_msgs:/home/sunrise/yolov8_bpu_ws/install/yolov8_bpu:/opt/tros/humble:/opt/ros/humble LD_LIBRARY_PATH=/root/nuc_ws/install/detection_interfaces/lib:/home/sunrise/yolov8_bpu_ws/install/astra_camera/lib:/home/sunrise/yolov8_bpu_ws/install/astra_camera_msgs/lib:/opt/tros/humble/lib/aarch64-linux-gnu:/opt/tros/humble/lib:/opt/ros/humble/opt/rviz_ogre_vendor/lib:/opt/ros/humble/lib/aarch64-linux-gnu:/opt/ros/humble/lib:/usr/hobot/lib:/app/lib:/app/pub/lib:/middleware/lib:/middleware/pub/lib:/usr/hobot/lib/sensor:/system/lib:/system/usr/lib:/lib /usr/bin/cmake --install /root/nuc_ws/build/r2_mission
[7.651s] Level 1:colcon.colcon_core.environment:create_environment_scripts_only(r2_mission)
[7.654s] Level 1:colcon.colcon_core.environment:checking '/root/nuc_ws/install/r2_mission' for CMake module files
[7.658s] Level 1:colcon.colcon_core.environment:checking '/root/nuc_ws/install/r2_mission' for CMake config files
[7.660s] Level 1:colcon.colcon_core.shell:create_environment_hook('r2_mission', 'cmake_prefix_path')
[7.662s] INFO:colcon.colcon_core.shell:Creating environment hook '/root/nuc_ws/install/r2_mission/share/r2_mission/hook/cmake_prefix_path.ps1'
[7.673s] DEBUG:colcon.colcon_core.event_handler.log_command:Invoked command in '/root/nuc_ws/build/r2_mission' returned '0': CMAKE_PREFIX_PATH=/root/nuc_ws/install/detection_interfaces:/root/nuc_ws/install/r2_mission:/home/sunrise/yolov8_bpu_ws/install/astra_camera:/home/sunrise/yolov8_bpu_ws/install/astra_camera_msgs:/home/sunrise/yolov8_bpu_ws/install/yolov8_bpu:/opt/tros/humble:/opt/ros/humble LD_LIBRARY_PATH=/root/nuc_ws/install/detection_interfaces/lib:/home/sunrise/yolov8_bpu_ws/install/astra_camera/lib:/home/sunrise/yolov8_bpu_ws/install/astra_camera_msgs/lib:/opt/tros/humble/lib/aarch64-linux-gnu:/opt/tros/humble/lib:/opt/ros/humble/opt/rviz_ogre_vendor/lib:/opt/ros/humble/lib/aarch64-linux-gnu:/opt/ros/humble/lib:/usr/hobot/lib:/app/lib:/app/pub/lib:/middleware/lib:/middleware/pub/lib:/usr/hobot/lib/sensor:/system/lib:/system/usr/lib:/lib /usr/bin/cmake --install /root/nuc_ws/build/r2_mission
[7.675s] INFO:colcon.colcon_core.shell:Creating environment descriptor '/root/nuc_ws/install/r2_mission/share/r2_mission/hook/cmake_prefix_path.dsv'
[7.679s] INFO:colcon.colcon_core.shell:Creating environment hook '/root/nuc_ws/install/r2_mission/share/r2_mission/hook/cmake_prefix_path.sh'
[7.685s] Level 1:colcon.colcon_core.environment:checking '/root/nuc_ws/install/r2_mission/lib'
[7.686s] Level 1:colcon.colcon_core.environment:checking '/root/nuc_ws/install/r2_mission/bin'
[7.687s] Level 1:colcon.colcon_core.environment:checking '/root/nuc_ws/install/r2_mission/lib/pkgconfig/r2_mission.pc'
[7.689s] Level 1:colcon.colcon_core.environment:checking '/root/nuc_ws/install/r2_mission/lib/python3.10/site-packages'
[7.692s] Level 1:colcon.colcon_core.environment:checking '/root/nuc_ws/install/r2_mission/bin'
[7.695s] INFO:colcon.colcon_core.shell:Creating package script '/root/nuc_ws/install/r2_mission/share/r2_mission/package.ps1'
[7.701s] INFO:colcon.colcon_core.shell:Creating package descriptor '/root/nuc_ws/install/r2_mission/share/r2_mission/package.dsv'
[7.705s] INFO:colcon.colcon_core.shell:Creating package script '/root/nuc_ws/install/r2_mission/share/r2_mission/package.sh'
[7.712s] INFO:colcon.colcon_core.shell:Creating package script '/root/nuc_ws/install/r2_mission/share/r2_mission/package.bash'
[7.716s] INFO:colcon.colcon_core.shell:Creating package script '/root/nuc_ws/install/r2_mission/share/r2_mission/package.zsh'
[7.722s] Level 1:colcon.colcon_core.environment:create_file_with_runtime_dependencies(/root/nuc_ws/install/r2_mission/share/colcon-core/packages/r2_mission)
[7.730s] Level 1:colcon.colcon_core.environment:create_environment_scripts_only(r2_mission)
[7.733s] Level 1:colcon.colcon_core.environment:checking '/root/nuc_ws/install/r2_mission' for CMake module files
[7.742s] Level 1:colcon.colcon_core.environment:checking '/root/nuc_ws/install/r2_mission' for CMake config files
[7.744s] Level 1:colcon.colcon_core.shell:create_environment_hook('r2_mission', 'cmake_prefix_path')
[7.746s] INFO:colcon.colcon_core.shell:Creating environment hook '/root/nuc_ws/install/r2_mission/share/r2_mission/hook/cmake_prefix_path.ps1'
[7.754s] INFO:colcon.colcon_core.shell:Creating environment descriptor '/root/nuc_ws/install/r2_mission/share/r2_mission/hook/cmake_prefix_path.dsv'
[7.758s] INFO:colcon.colcon_core.shell:Creating environment hook '/root/nuc_ws/install/r2_mission/share/r2_mission/hook/cmake_prefix_path.sh'
[7.763s] Level 1:colcon.colcon_core.environment:checking '/root/nuc_ws/install/r2_mission/lib'
[7.764s] Level 1:colcon.colcon_core.environment:checking '/root/nuc_ws/install/r2_mission/bin'
[7.765s] Level 1:colcon.colcon_core.environment:checking '/root/nuc_ws/install/r2_mission/lib/pkgconfig/r2_mission.pc'
[7.768s] Level 1:colcon.colcon_core.environment:checking '/root/nuc_ws/install/r2_mission/lib/python3.10/site-packages'
[7.771s] Level 1:colcon.colcon_core.environment:checking '/root/nuc_ws/install/r2_mission/bin'
[7.774s] INFO:colcon.colcon_core.shell:Creating package script '/root/nuc_ws/install/r2_mission/share/r2_mission/package.ps1'
[7.780s] INFO:colcon.colcon_core.shell:Creating package descriptor '/root/nuc_ws/install/r2_mission/share/r2_mission/package.dsv'
[7.785s] INFO:colcon.colcon_core.shell:Creating package script '/root/nuc_ws/install/r2_mission/share/r2_mission/package.sh'
[7.790s] INFO:colcon.colcon_core.shell:Creating package script '/root/nuc_ws/install/r2_mission/share/r2_mission/package.bash'
[7.794s] INFO:colcon.colcon_core.shell:Creating package script '/root/nuc_ws/install/r2_mission/share/r2_mission/package.zsh'
[7.799s] Level 1:colcon.colcon_core.environment:create_file_with_runtime_dependencies(/root/nuc_ws/install/r2_mission/share/colcon-core/packages/r2_mission)
[7.802s] DEBUG:colcon.colcon_parallel_executor.executor.parallel:closing loop
[7.804s] DEBUG:colcon.colcon_parallel_executor.executor.parallel:loop closed
[7.804s] DEBUG:colcon.colcon_parallel_executor.executor.parallel:run_until_complete finished with '0'
[7.806s] DEBUG:colcon.colcon_core.event_reactor:joining thread
[7.814s] DEBUG:colcon.colcon_core.event_reactor:joined thread
[7.817s] INFO:colcon.colcon_core.shell:Creating prefix script '/root/nuc_ws/install/local_setup.ps1'
[7.827s] INFO:colcon.colcon_core.shell:Creating prefix util module '/root/nuc_ws/install/_local_setup_util_ps1.py'
[7.840s] INFO:colcon.colcon_core.shell:Creating prefix chain script '/root/nuc_ws/install/setup.ps1'
[7.851s] INFO:colcon.colcon_core.shell:Creating prefix script '/root/nuc_ws/install/local_setup.sh'
[7.857s] INFO:colcon.colcon_core.shell:Creating prefix util module '/root/nuc_ws/install/_local_setup_util_sh.py'
[7.863s] INFO:colcon.colcon_core.shell:Creating prefix chain script '/root/nuc_ws/install/setup.sh'
[7.875s] INFO:colcon.colcon_core.shell:Creating prefix script '/root/nuc_ws/install/local_setup.bash'
[7.880s] INFO:colcon.colcon_core.shell:Creating prefix chain script '/root/nuc_ws/install/setup.bash'
[7.891s] INFO:colcon.colcon_core.shell:Creating prefix script '/root/nuc_ws/install/local_setup.zsh'
[7.896s] INFO:colcon.colcon_core.shell:Creating prefix chain script '/root/nuc_ws/install/setup.zsh'
