[0.079s] Invoking command in '/root/nuc_ws/build/r2_mission': CMAKE_PREFIX_PATH=/root/nuc_ws/install/detection_interfaces:/root/nuc_ws/install/r2_mission:/home/sunrise/yolov8_bpu_ws/install/astra_camera:/home/sunrise/yolov8_bpu_ws/install/astra_camera_msgs:/home/sunrise/yolov8_bpu_ws/install/yolov8_bpu:/opt/tros/humble:/opt/ros/humble LD_LIBRARY_PATH=/root/nuc_ws/install/detection_interfaces/lib:/home/sunrise/yolov8_bpu_ws/install/astra_camera/lib:/home/sunrise/yolov8_bpu_ws/install/astra_camera_msgs/lib:/opt/tros/humble/lib/aarch64-linux-gnu:/opt/tros/humble/lib:/opt/ros/humble/opt/rviz_ogre_vendor/lib:/opt/ros/humble/lib/aarch64-linux-gnu:/opt/ros/humble/lib:/usr/hobot/lib:/app/lib:/app/pub/lib:/middleware/lib:/middleware/pub/lib:/usr/hobot/lib/sensor:/system/lib:/system/usr/lib:/lib /usr/bin/cmake /root/nuc_ws/nuc_ws/src/nuc_ws/src/r2_mission -DCMAKE_C_COMPILER_LAUNCHER=ccache -DCMAKE_CXX_COMPILER_LAUNCHER=ccache -DCMAKE_INSTALL_PREFIX=/root/nuc_ws/install/r2_mission
[0.178s] -- Found ament_cmake: 1.3.12 (/opt/ros/humble/share/ament_cmake/cmake)
[1.515s] -- Found rclcpp: 16.0.14 (/opt/ros/humble/share/rclcpp/cmake)
[1.790s] -- Found rosidl_generator_c: 3.1.7 (/opt/ros/humble/share/rosidl_generator_c/cmake)
[1.814s] -- Found rosidl_adapter: 3.1.7 (/opt/ros/humble/share/rosidl_adapter/cmake)
[1.872s] -- Found rosidl_generator_cpp: 3.1.7 (/opt/ros/humble/share/rosidl_generator_cpp/cmake)
[1.968s] -- Using all available rosidl_typesupport_c: rosidl_typesupport_fastrtps_c;rosidl_typesupport_introspection_c
[2.093s] -- Using all available rosidl_typesupport_cpp: rosidl_typesupport_fastrtps_cpp;rosidl_typesupport_introspection_cpp
[2.422s] -- Found rmw_implementation_cmake: 6.1.2 (/opt/ros/humble/share/rmw_implementation_cmake/cmake)
[2.441s] -- Found rmw_fastrtps_cpp: 6.2.8 (/opt/ros/humble/share/rmw_fastrtps_cpp/cmake)
[3.198s] -- Using RMW implementation 'rmw_fastrtps_cpp' as default
[3.704s] -- Found detection_interfaces: 1.0.0 (/root/nuc_ws/install/detection_interfaces/share/detection_interfaces/cmake)
[4.506s] -- Configuring done
[4.626s] -- Generating done
[4.675s] -- Build files have been written to: /root/nuc_ws/build/r2_mission
[4.745s] Invoked command in '/root/nuc_ws/build/r2_mission' returned '0': CMAKE_PREFIX_PATH=/root/nuc_ws/install/detection_interfaces:/root/nuc_ws/install/r2_mission:/home/sunrise/yolov8_bpu_ws/install/astra_camera:/home/sunrise/yolov8_bpu_ws/install/astra_camera_msgs:/home/sunrise/yolov8_bpu_ws/install/yolov8_bpu:/opt/tros/humble:/opt/ros/humble LD_LIBRARY_PATH=/root/nuc_ws/install/detection_interfaces/lib:/home/sunrise/yolov8_bpu_ws/install/astra_camera/lib:/home/sunrise/yolov8_bpu_ws/install/astra_camera_msgs/lib:/opt/tros/humble/lib/aarch64-linux-gnu:/opt/tros/humble/lib:/opt/ros/humble/opt/rviz_ogre_vendor/lib:/opt/ros/humble/lib/aarch64-linux-gnu:/opt/ros/humble/lib:/usr/hobot/lib:/app/lib:/app/pub/lib:/middleware/lib:/middleware/pub/lib:/usr/hobot/lib/sensor:/system/lib:/system/usr/lib:/lib /usr/bin/cmake /root/nuc_ws/nuc_ws/src/nuc_ws/src/r2_mission -DCMAKE_C_COMPILER_LAUNCHER=ccache -DCMAKE_CXX_COMPILER_LAUNCHER=ccache -DCMAKE_INSTALL_PREFIX=/root/nuc_ws/install/r2_mission
[4.756s] Invoking command in '/root/nuc_ws/build/r2_mission': CMAKE_PREFIX_PATH=/root/nuc_ws/install/detection_interfaces:/root/nuc_ws/install/r2_mission:/home/sunrise/yolov8_bpu_ws/install/astra_camera:/home/sunrise/yolov8_bpu_ws/install/astra_camera_msgs:/home/sunrise/yolov8_bpu_ws/install/yolov8_bpu:/opt/tros/humble:/opt/ros/humble LD_LIBRARY_PATH=/root/nuc_ws/install/detection_interfaces/lib:/home/sunrise/yolov8_bpu_ws/install/astra_camera/lib:/home/sunrise/yolov8_bpu_ws/install/astra_camera_msgs/lib:/opt/tros/humble/lib/aarch64-linux-gnu:/opt/tros/humble/lib:/opt/ros/humble/opt/rviz_ogre_vendor/lib:/opt/ros/humble/lib/aarch64-linux-gnu:/opt/ros/humble/lib:/usr/hobot/lib:/app/lib:/app/pub/lib:/middleware/lib:/middleware/pub/lib:/usr/hobot/lib/sensor:/system/lib:/system/usr/lib:/lib /usr/bin/cmake --build /root/nuc_ws/build/r2_mission -- -j8 -l8
[5.010s] Consolidate compiler generated dependencies of target r2_serial_driver_core
[5.075s] [ 14%] Linking CXX static library libr2_serial_driver_core.a
[5.301s] [ 42%] Built target r2_serial_driver_core
[5.400s] Consolidate compiler generated dependencies of target r2_mission_node
[5.416s] Consolidate compiler generated dependencies of target blue_mission_node
[5.509s] [ 57%] Linking CXX executable r2_mission_node
[5.527s] [ 71%] Linking CXX executable blue_mission_node
[9.695s] [ 85%] Built target blue_mission_node
[9.741s] [100%] Built target r2_mission_node
[9.813s] Invoked command in '/root/nuc_ws/build/r2_mission' returned '0': CMAKE_PREFIX_PATH=/root/nuc_ws/install/detection_interfaces:/root/nuc_ws/install/r2_mission:/home/sunrise/yolov8_bpu_ws/install/astra_camera:/home/sunrise/yolov8_bpu_ws/install/astra_camera_msgs:/home/sunrise/yolov8_bpu_ws/install/yolov8_bpu:/opt/tros/humble:/opt/ros/humble LD_LIBRARY_PATH=/root/nuc_ws/install/detection_interfaces/lib:/home/sunrise/yolov8_bpu_ws/install/astra_camera/lib:/home/sunrise/yolov8_bpu_ws/install/astra_camera_msgs/lib:/opt/tros/humble/lib/aarch64-linux-gnu:/opt/tros/humble/lib:/opt/ros/humble/opt/rviz_ogre_vendor/lib:/opt/ros/humble/lib/aarch64-linux-gnu:/opt/ros/humble/lib:/usr/hobot/lib:/app/lib:/app/pub/lib:/middleware/lib:/middleware/pub/lib:/usr/hobot/lib/sensor:/system/lib:/system/usr/lib:/lib /usr/bin/cmake --build /root/nuc_ws/build/r2_mission -- -j8 -l8
[9.858s] Invoking command in '/root/nuc_ws/build/r2_mission': CMAKE_PREFIX_PATH=/root/nuc_ws/install/detection_interfaces:/root/nuc_ws/install/r2_mission:/home/sunrise/yolov8_bpu_ws/install/astra_camera:/home/sunrise/yolov8_bpu_ws/install/astra_camera_msgs:/home/sunrise/yolov8_bpu_ws/install/yolov8_bpu:/opt/tros/humble:/opt/ros/humble LD_LIBRARY_PATH=/root/nuc_ws/install/detection_interfaces/lib:/home/sunrise/yolov8_bpu_ws/install/astra_camera/lib:/home/sunrise/yolov8_bpu_ws/install/astra_camera_msgs/lib:/opt/tros/humble/lib/aarch64-linux-gnu:/opt/tros/humble/lib:/opt/ros/humble/opt/rviz_ogre_vendor/lib:/opt/ros/humble/lib/aarch64-linux-gnu:/opt/ros/humble/lib:/usr/hobot/lib:/app/lib:/app/pub/lib:/middleware/lib:/middleware/pub/lib:/usr/hobot/lib/sensor:/system/lib:/system/usr/lib:/lib /usr/bin/cmake --install /root/nuc_ws/build/r2_mission
[9.905s] -- Install configuration: ""
[9.907s] -- Installing: /root/nuc_ws/install/r2_mission/lib/r2_mission/r2_mission_node
[9.946s] -- Set runtime path of "/root/nuc_ws/install/r2_mission/lib/r2_mission/r2_mission_node" to ""
[9.946s] -- Installing: /root/nuc_ws/install/r2_mission/lib/r2_mission/blue_mission_node
[9.987s] -- Set runtime path of "/root/nuc_ws/install/r2_mission/lib/r2_mission/blue_mission_node" to ""
[9.988s] -- Up-to-date: /root/nuc_ws/install/r2_mission/share/r2_mission/launch
[9.989s] -- Up-to-date: /root/nuc_ws/install/r2_mission/share/r2_mission/launch/bringup.launch.py
[9.990s] -- Up-to-date: /root/nuc_ws/install/r2_mission/share/r2_mission/launch/bluebringup.launch.py
[9.991s] -- Up-to-date: /root/nuc_ws/install/r2_mission/share/r2_mission/config
[9.992s] -- Up-to-date: /root/nuc_ws/install/r2_mission/share/r2_mission/config/params.yaml
[9.992s] -- Up-to-date: /root/nuc_ws/install/r2_mission/share/ament_index/resource_index/package_run_dependencies/r2_mission
[9.993s] -- Installing: /root/nuc_ws/install/r2_mission/share/ament_index/resource_index/parent_prefix_path/r2_mission
[9.994s] -- Up-to-date: /root/nuc_ws/install/r2_mission/share/r2_mission/environment/ament_prefix_path.sh
[9.995s] -- Installing: /root/nuc_ws/install/r2_mission/share/r2_mission/environment/ament_prefix_path.dsv
[9.997s] -- Up-to-date: /root/nuc_ws/install/r2_mission/share/r2_mission/environment/path.sh
[9.998s] -- Installing: /root/nuc_ws/install/r2_mission/share/r2_mission/environment/path.dsv
[9.999s] -- Up-to-date: /root/nuc_ws/install/r2_mission/share/r2_mission/local_setup.bash
[10.000s] -- Up-to-date: /root/nuc_ws/install/r2_mission/share/r2_mission/local_setup.sh
[10.000s] -- Up-to-date: /root/nuc_ws/install/r2_mission/share/r2_mission/local_setup.zsh
[10.001s] -- Installing: /root/nuc_ws/install/r2_mission/share/r2_mission/local_setup.dsv
[10.001s] -- Installing: /root/nuc_ws/install/r2_mission/share/r2_mission/package.dsv
[10.002s] -- Up-to-date: /root/nuc_ws/install/r2_mission/share/ament_index/resource_index/packages/r2_mission
[10.002s] -- Up-to-date: /root/nuc_ws/install/r2_mission/share/r2_mission/cmake/r2_missionConfig.cmake
[10.003s] -- Up-to-date: /root/nuc_ws/install/r2_mission/share/r2_mission/cmake/r2_missionConfig-version.cmake
[10.005s] -- Up-to-date: /root/nuc_ws/install/r2_mission/share/r2_mission/package.xml
[10.008s] -- Installing: /root/nuc_ws/install/r2_mission/lib/libr2_serial_driver_core.a
[10.010s] Invoked command in '/root/nuc_ws/build/r2_mission' returned '0': CMAKE_PREFIX_PATH=/root/nuc_ws/install/detection_interfaces:/root/nuc_ws/install/r2_mission:/home/sunrise/yolov8_bpu_ws/install/astra_camera:/home/sunrise/yolov8_bpu_ws/install/astra_camera_msgs:/home/sunrise/yolov8_bpu_ws/install/yolov8_bpu:/opt/tros/humble:/opt/ros/humble LD_LIBRARY_PATH=/root/nuc_ws/install/detection_interfaces/lib:/home/sunrise/yolov8_bpu_ws/install/astra_camera/lib:/home/sunrise/yolov8_bpu_ws/install/astra_camera_msgs/lib:/opt/tros/humble/lib/aarch64-linux-gnu:/opt/tros/humble/lib:/opt/ros/humble/opt/rviz_ogre_vendor/lib:/opt/ros/humble/lib/aarch64-linux-gnu:/opt/ros/humble/lib:/usr/hobot/lib:/app/lib:/app/pub/lib:/middleware/lib:/middleware/pub/lib:/usr/hobot/lib/sensor:/system/lib:/system/usr/lib:/lib /usr/bin/cmake --install /root/nuc_ws/build/r2_mission
