-- The C compiler identification is GNU 11.4.0
-- The CXX compiler identification is GNU 11.4.0
-- Detecting C compiler ABI info
-- Detecting C compiler ABI info - done
-- Check for working C compiler: /usr/bin/cc - skipped
-- Detecting C compile features
-- Detecting C compile features - done
-- Detecting CXX compiler ABI info
-- Detecting CXX compiler ABI info - done
-- Check for working CXX compiler: /usr/bin/c++ - skipped
-- Detecting CXX compile features
-- Detecting CXX compile features - done
-- Found ament_cmake: 1.3.14 (/opt/ros/humble/share/ament_cmake/cmake)
-- Found Python3: /usr/bin/python3 (found version "3.10.12") found components: Interpreter 
-- Found rclcpp: 16.0.19 (/opt/ros/humble/share/rclcpp/cmake)
-- Found rosidl_generator_c: 3.1.8 (/opt/ros/humble/share/rosidl_generator_c/cmake)
-- Found rosidl_adapter: 3.1.8 (/opt/ros/humble/share/rosidl_adapter/cmake)
-- Found rosidl_generator_cpp: 3.1.8 (/opt/ros/humble/share/rosidl_generator_cpp/cmake)
-- Using all available rosidl_typesupport_c: rosidl_typesupport_fastrtps_c;rosidl_typesupport_introspection_c
-- Using all available rosidl_typesupport_cpp: rosidl_typesupport_fastrtps_cpp;rosidl_typesupport_introspection_cpp
-- Found rmw_implementation_cmake: 6.1.2 (/opt/ros/humble/share/rmw_implementation_cmake/cmake)
-- Found rmw_fastrtps_cpp: 6.2.10 (/opt/ros/humble/share/rmw_fastrtps_cpp/cmake)
-- Found OpenSSL: /usr/lib/x86_64-linux-gnu/libcrypto.so (found version "3.0.2")  
-- Found FastRTPS: /opt/ros/humble/include  
-- Using RMW implementation 'rmw_fastrtps_cpp' as default
-- Looking for pthread.h
-- Looking for pthread.h - found
-- Performing Test CMAKE_HAVE_LIBC_PTHREAD
-- Performing Test CMAKE_HAVE_LIBC_PTHREAD - Success
-- Found Threads: TRUE  
-- Found detection_interfaces: 1.0.0 (/home/mingadmirer/nuc_ws/install/detection_interfaces/share/detection_interfaces/cmake)
-- Configuring done
-- Generating done
-- Build files have been written to: /home/mingadmirer/nuc_ws/build/r2_mission
Consolidate compiler generated dependencies of target r2_serial_driver_core
[ 60%] Built target r2_serial_driver_core
Consolidate compiler generated dependencies of target r2_mission_node
[100%] Built target r2_mission_node
-- Install configuration: ""
-- Up-to-date: /home/mingadmirer/nuc_ws/install/r2_mission/lib/r2_mission/r2_mission_node
-- Up-to-date: /home/mingadmirer/nuc_ws/install/r2_mission/share/r2_mission/launch
-- Up-to-date: /home/mingadmirer/nuc_ws/install/r2_mission/share/r2_mission/launch/bringup.launch.py
-- Up-to-date: /home/mingadmirer/nuc_ws/install/r2_mission/share/r2_mission/config
-- Up-to-date: /home/mingadmirer/nuc_ws/install/r2_mission/share/r2_mission/config/params.yaml
-- Up-to-date: /home/mingadmirer/nuc_ws/install/r2_mission/share/ament_index/resource_index/package_run_dependencies/r2_mission
-- Up-to-date: /home/mingadmirer/nuc_ws/install/r2_mission/share/ament_index/resource_index/parent_prefix_path/r2_mission
-- Up-to-date: /home/mingadmirer/nuc_ws/install/r2_mission/share/r2_mission/environment/ament_prefix_path.sh
-- Installing: /home/mingadmirer/nuc_ws/install/r2_mission/share/r2_mission/environment/ament_prefix_path.dsv
-- Up-to-date: /home/mingadmirer/nuc_ws/install/r2_mission/share/r2_mission/environment/path.sh
-- Installing: /home/mingadmirer/nuc_ws/install/r2_mission/share/r2_mission/environment/path.dsv
-- Up-to-date: /home/mingadmirer/nuc_ws/install/r2_mission/share/r2_mission/local_setup.bash
-- Up-to-date: /home/mingadmirer/nuc_ws/install/r2_mission/share/r2_mission/local_setup.sh
-- Up-to-date: /home/mingadmirer/nuc_ws/install/r2_mission/share/r2_mission/local_setup.zsh
-- Installing: /home/mingadmirer/nuc_ws/install/r2_mission/share/r2_mission/local_setup.dsv
-- Installing: /home/mingadmirer/nuc_ws/install/r2_mission/share/r2_mission/package.dsv
-- Up-to-date: /home/mingadmirer/nuc_ws/install/r2_mission/share/ament_index/resource_index/packages/r2_mission
-- Up-to-date: /home/mingadmirer/nuc_ws/install/r2_mission/share/r2_mission/cmake/r2_missionConfig.cmake
-- Up-to-date: /home/mingadmirer/nuc_ws/install/r2_mission/share/r2_mission/cmake/r2_missionConfig-version.cmake
-- Up-to-date: /home/mingadmirer/nuc_ws/install/r2_mission/share/r2_mission/package.xml
-- Up-to-date: /home/mingadmirer/nuc_ws/install/r2_mission/lib/libr2_serial_driver_core.a
