[0.009s] Invoking command in '/home/mingadmirer/nuc_ws/build/r2_mission': AMENT_PREFIX_PATH=/home/mingadmirer/nuc_ws/install/detection_interfaces:${AMENT_PREFIX_PATH} CMAKE_PREFIX_PATH=/home/mingadmirer/nuc_ws/install/detection_interfaces:/opt/ros/humble LD_LIBRARY_PATH=/home/mingadmirer/nuc_ws/install/detection_interfaces/lib:${LD_LIBRARY_PATH} PYTHONPATH=/home/mingadmirer/nuc_ws/install/detection_interfaces/local/lib/python3.10/dist-packages:${PYTHONPATH} /usr/bin/cmake /home/mingadmirer/nuc_ws/nuc_ws/src/nuc_ws/src/r2_mission -DCMAKE_INSTALL_PREFIX=/home/mingadmirer/nuc_ws/install/r2_mission
[0.074s] -- The C compiler identification is GNU 11.4.0
[0.146s] -- The CXX compiler identification is GNU 11.4.0
[0.158s] -- Detecting C compiler ABI info
[0.241s] -- Detecting C compiler ABI info - done
[0.250s] -- Check for working C compiler: /usr/bin/cc - skipped
[0.251s] -- Detecting C compile features
[0.251s] -- Detecting C compile features - done
[0.255s] -- Detecting CXX compiler ABI info
[0.343s] -- Detecting CXX compiler ABI info - done
[0.354s] -- Check for working CXX compiler: /usr/bin/c++ - skipped
[0.354s] -- Detecting CXX compile features
[0.355s] -- Detecting CXX compile features - done
[0.358s] -- Found ament_cmake: 1.3.14 (/opt/ros/humble/share/ament_cmake/cmake)
[0.527s] -- Found Python3: /usr/bin/python3 (found version "3.10.12") found components: Interpreter 
[0.624s] -- Found rclcpp: 16.0.19 (/opt/ros/humble/share/rclcpp/cmake)
[0.671s] -- Found rosidl_generator_c: 3.1.8 (/opt/ros/humble/share/rosidl_generator_c/cmake)
[0.677s] -- Found rosidl_adapter: 3.1.8 (/opt/ros/humble/share/rosidl_adapter/cmake)
[0.687s] -- Found rosidl_generator_cpp: 3.1.8 (/opt/ros/humble/share/rosidl_generator_cpp/cmake)
[0.702s] -- Using all available rosidl_typesupport_c: rosidl_typesupport_fastrtps_c;rosidl_typesupport_introspection_c
[0.723s] -- Using all available rosidl_typesupport_cpp: rosidl_typesupport_fastrtps_cpp;rosidl_typesupport_introspection_cpp
[0.778s] -- Found rmw_implementation_cmake: 6.1.2 (/opt/ros/humble/share/rmw_implementation_cmake/cmake)
[0.781s] -- Found rmw_fastrtps_cpp: 6.2.10 (/opt/ros/humble/share/rmw_fastrtps_cpp/cmake)
[0.890s] -- Found OpenSSL: /usr/lib/x86_64-linux-gnu/libcrypto.so (found version "3.0.2")  
[0.922s] -- Found FastRTPS: /opt/ros/humble/include  
[0.970s] -- Using RMW implementation 'rmw_fastrtps_cpp' as default
[0.983s] -- Looking for pthread.h
[1.086s] -- Looking for pthread.h - found
[1.086s] -- Performing Test CMAKE_HAVE_LIBC_PTHREAD
[1.186s] -- Performing Test CMAKE_HAVE_LIBC_PTHREAD - Success
[1.188s] -- Found Threads: TRUE  
[1.265s] -- Found detection_interfaces: 1.0.0 (/home/mingadmirer/nuc_ws/install/detection_interfaces/share/detection_interfaces/cmake)
[1.388s] -- Configuring done
[1.409s] -- Generating done
[1.416s] -- Build files have been written to: /home/mingadmirer/nuc_ws/build/r2_mission
[1.427s] Invoked command in '/home/mingadmirer/nuc_ws/build/r2_mission' returned '0': AMENT_PREFIX_PATH=/home/mingadmirer/nuc_ws/install/detection_interfaces:${AMENT_PREFIX_PATH} CMAKE_PREFIX_PATH=/home/mingadmirer/nuc_ws/install/detection_interfaces:/opt/ros/humble LD_LIBRARY_PATH=/home/mingadmirer/nuc_ws/install/detection_interfaces/lib:${LD_LIBRARY_PATH} PYTHONPATH=/home/mingadmirer/nuc_ws/install/detection_interfaces/local/lib/python3.10/dist-packages:${PYTHONPATH} /usr/bin/cmake /home/mingadmirer/nuc_ws/nuc_ws/src/nuc_ws/src/r2_mission -DCMAKE_INSTALL_PREFIX=/home/mingadmirer/nuc_ws/install/r2_mission
[1.428s] Invoking command in '/home/mingadmirer/nuc_ws/build/r2_mission': AMENT_PREFIX_PATH=/home/mingadmirer/nuc_ws/install/detection_interfaces:${AMENT_PREFIX_PATH} CMAKE_PREFIX_PATH=/home/mingadmirer/nuc_ws/install/detection_interfaces:/opt/ros/humble LD_LIBRARY_PATH=/home/mingadmirer/nuc_ws/install/detection_interfaces/lib:${LD_LIBRARY_PATH} PYTHONPATH=/home/mingadmirer/nuc_ws/install/detection_interfaces/local/lib/python3.10/dist-packages:${PYTHONPATH} /usr/bin/cmake --build /home/mingadmirer/nuc_ws/build/r2_mission -- -j8 -l8
[1.480s] Consolidate compiler generated dependencies of target r2_serial_driver_core
[1.494s] [ 60%] Built target r2_serial_driver_core
[1.514s] Consolidate compiler generated dependencies of target r2_mission_node
[1.530s] [100%] Built target r2_mission_node
[1.542s] Invoked command in '/home/mingadmirer/nuc_ws/build/r2_mission' returned '0': AMENT_PREFIX_PATH=/home/mingadmirer/nuc_ws/install/detection_interfaces:${AMENT_PREFIX_PATH} CMAKE_PREFIX_PATH=/home/mingadmirer/nuc_ws/install/detection_interfaces:/opt/ros/humble LD_LIBRARY_PATH=/home/mingadmirer/nuc_ws/install/detection_interfaces/lib:${LD_LIBRARY_PATH} PYTHONPATH=/home/mingadmirer/nuc_ws/install/detection_interfaces/local/lib/python3.10/dist-packages:${PYTHONPATH} /usr/bin/cmake --build /home/mingadmirer/nuc_ws/build/r2_mission -- -j8 -l8
[1.544s] Invoking command in '/home/mingadmirer/nuc_ws/build/r2_mission': AMENT_PREFIX_PATH=/home/mingadmirer/nuc_ws/install/detection_interfaces:${AMENT_PREFIX_PATH} CMAKE_PREFIX_PATH=/home/mingadmirer/nuc_ws/install/detection_interfaces:/opt/ros/humble LD_LIBRARY_PATH=/home/mingadmirer/nuc_ws/install/detection_interfaces/lib:${LD_LIBRARY_PATH} PYTHONPATH=/home/mingadmirer/nuc_ws/install/detection_interfaces/local/lib/python3.10/dist-packages:${PYTHONPATH} /usr/bin/cmake --install /home/mingadmirer/nuc_ws/build/r2_mission
[1.552s] -- Install configuration: ""
[1.553s] -- Up-to-date: /home/mingadmirer/nuc_ws/install/r2_mission/lib/r2_mission/r2_mission_node
[1.553s] -- Up-to-date: /home/mingadmirer/nuc_ws/install/r2_mission/share/r2_mission/launch
[1.553s] -- Up-to-date: /home/mingadmirer/nuc_ws/install/r2_mission/share/r2_mission/launch/bringup.launch.py
[1.554s] -- Up-to-date: /home/mingadmirer/nuc_ws/install/r2_mission/share/r2_mission/config
[1.554s] -- Up-to-date: /home/mingadmirer/nuc_ws/install/r2_mission/share/r2_mission/config/params.yaml
[1.554s] -- Up-to-date: /home/mingadmirer/nuc_ws/install/r2_mission/share/ament_index/resource_index/package_run_dependencies/r2_mission
[1.554s] -- Up-to-date: /home/mingadmirer/nuc_ws/install/r2_mission/share/ament_index/resource_index/parent_prefix_path/r2_mission
[1.555s] -- Up-to-date: /home/mingadmirer/nuc_ws/install/r2_mission/share/r2_mission/environment/ament_prefix_path.sh
[1.555s] -- Installing: /home/mingadmirer/nuc_ws/install/r2_mission/share/r2_mission/environment/ament_prefix_path.dsv
[1.555s] -- Up-to-date: /home/mingadmirer/nuc_ws/install/r2_mission/share/r2_mission/environment/path.sh
[1.555s] -- Installing: /home/mingadmirer/nuc_ws/install/r2_mission/share/r2_mission/environment/path.dsv
[1.555s] -- Up-to-date: /home/mingadmirer/nuc_ws/install/r2_mission/share/r2_mission/local_setup.bash
[1.555s] -- Up-to-date: /home/mingadmirer/nuc_ws/install/r2_mission/share/r2_mission/local_setup.sh
[1.556s] -- Up-to-date: /home/mingadmirer/nuc_ws/install/r2_mission/share/r2_mission/local_setup.zsh
[1.556s] -- Installing: /home/mingadmirer/nuc_ws/install/r2_mission/share/r2_mission/local_setup.dsv
[1.556s] -- Installing: /home/mingadmirer/nuc_ws/install/r2_mission/share/r2_mission/package.dsv
[1.556s] -- Up-to-date: /home/mingadmirer/nuc_ws/install/r2_mission/share/ament_index/resource_index/packages/r2_mission
[1.556s] -- Up-to-date: /home/mingadmirer/nuc_ws/install/r2_mission/share/r2_mission/cmake/r2_missionConfig.cmake
[1.556s] -- Up-to-date: /home/mingadmirer/nuc_ws/install/r2_mission/share/r2_mission/cmake/r2_missionConfig-version.cmake
[1.556s] -- Up-to-date: /home/mingadmirer/nuc_ws/install/r2_mission/share/r2_mission/package.xml
[1.556s] -- Up-to-date: /home/mingadmirer/nuc_ws/install/r2_mission/lib/libr2_serial_driver_core.a
[1.558s] Invoked command in '/home/mingadmirer/nuc_ws/build/r2_mission' returned '0': AMENT_PREFIX_PATH=/home/mingadmirer/nuc_ws/install/detection_interfaces:${AMENT_PREFIX_PATH} CMAKE_PREFIX_PATH=/home/mingadmirer/nuc_ws/install/detection_interfaces:/opt/ros/humble LD_LIBRARY_PATH=/home/mingadmirer/nuc_ws/install/detection_interfaces/lib:${LD_LIBRARY_PATH} PYTHONPATH=/home/mingadmirer/nuc_ws/install/detection_interfaces/local/lib/python3.10/dist-packages:${PYTHONPATH} /usr/bin/cmake --install /home/mingadmirer/nuc_ws/build/r2_mission
