[0.079s] Invoking command in '/root/nuc_ws/build/detection_interfaces': CMAKE_PREFIX_PATH=${CMAKE_PREFIX_PATH}:/home/sunrise/yolov8_bpu_ws/install/yolov8_bpu:/opt/tros/humble:/opt/ros/humble /usr/bin/cmake --build /root/nuc_ws/build/detection_interfaces -- -j8 -l8
[0.417s] [  2%] Built target detection_interfaces__cpp
[0.445s] [ 12%] Built target detection_interfaces__rosidl_generator_c
[0.481s] [ 12%] Built target ament_cmake_python_copy_detection_interfaces
[0.581s] [ 23%] Built target detection_interfaces__rosidl_typesupport_introspection_cpp
[0.594s] [ 33%] Built target detection_interfaces__rosidl_typesupport_cpp
[0.599s] [ 43%] Built target detection_interfaces__rosidl_typesupport_fastrtps_cpp
[0.617s] [ 53%] Built target detection_interfaces__rosidl_typesupport_fastrtps_c
[0.622s] [ 64%] Built target detection_interfaces__rosidl_typesupport_introspection_c
[0.639s] [ 74%] Built target detection_interfaces__rosidl_typesupport_c
[0.762s] [ 74%] Built target detection_interfaces
[0.891s] [ 76%] Built target detection_interfaces__py
[1.037s] [ 84%] Built target detection_interfaces__rosidl_generator_py
[1.179s] [ 89%] Built target detection_interfaces__rosidl_typesupport_fastrtps_c__pyext
[1.188s] [ 94%] Built target detection_interfaces__rosidl_typesupport_introspection_c__pyext
[1.196s] [100%] Built target detection_interfaces__rosidl_typesupport_c__pyext
[2.327s] running egg_info
[2.483s] writing detection_interfaces.egg-info/PKG-INFO
[2.485s] writing dependency_links to detection_interfaces.egg-info/dependency_links.txt
[2.488s] writing top-level names to detection_interfaces.egg-info/top_level.txt
[2.900s] reading manifest file 'detection_interfaces.egg-info/SOURCES.txt'
[2.910s] writing manifest file 'detection_interfaces.egg-info/SOURCES.txt'
[3.191s] [100%] Built target ament_cmake_python_build_detection_interfaces_egg
[3.265s] Invoked command in '/root/nuc_ws/build/detection_interfaces' returned '0': CMAKE_PREFIX_PATH=${CMAKE_PREFIX_PATH}:/home/sunrise/yolov8_bpu_ws/install/yolov8_bpu:/opt/tros/humble:/opt/ros/humble /usr/bin/cmake --build /root/nuc_ws/build/detection_interfaces -- -j8 -l8
[3.322s] Invoking command in '/root/nuc_ws/build/detection_interfaces': CMAKE_PREFIX_PATH=${CMAKE_PREFIX_PATH}:/home/sunrise/yolov8_bpu_ws/install/yolov8_bpu:/opt/tros/humble:/opt/ros/humble /usr/bin/cmake --install /root/nuc_ws/build/detection_interfaces
[3.362s] -- Install configuration: ""
[3.364s] -- Up-to-date: /root/nuc_ws/install/detection_interfaces/share/ament_index/resource_index/rosidl_interfaces/detection_interfaces
[3.365s] -- Up-to-date: /root/nuc_ws/install/detection_interfaces/include/detection_interfaces/detection_interfaces
[3.365s] -- Up-to-date: /root/nuc_ws/install/detection_interfaces/include/detection_interfaces/detection_interfaces/msg
[3.366s] -- Up-to-date: /root/nuc_ws/install/detection_interfaces/include/detection_interfaces/detection_interfaces/msg/detail
[3.367s] -- Up-to-date: /root/nuc_ws/install/detection_interfaces/include/detection_interfaces/detection_interfaces/msg/detail/detection_result__functions.h
[3.368s] -- Up-to-date: /root/nuc_ws/install/detection_interfaces/include/detection_interfaces/detection_interfaces/msg/detail/detection_result__type_support.h
[3.369s] -- Up-to-date: /root/nuc_ws/install/detection_interfaces/include/detection_interfaces/detection_interfaces/msg/detail/detection_array__functions.c
[3.370s] -- Up-to-date: /root/nuc_ws/install/detection_interfaces/include/detection_interfaces/detection_interfaces/msg/detail/detection_array__functions.h
[3.370s] -- Up-to-date: /root/nuc_ws/install/detection_interfaces/include/detection_interfaces/detection_interfaces/msg/detail/detection_array__type_support.h
[3.373s] -- Up-to-date: /root/nuc_ws/install/detection_interfaces/include/detection_interfaces/detection_interfaces/msg/detail/detection_array__struct.h
[3.376s] -- Up-to-date: /root/nuc_ws/install/detection_interfaces/include/detection_interfaces/detection_interfaces/msg/detail/detection_result__struct.h
[3.376s] -- Up-to-date: /root/nuc_ws/install/detection_interfaces/include/detection_interfaces/detection_interfaces/msg/detail/detection_result__functions.c
[3.377s] -- Up-to-date: /root/nuc_ws/install/detection_interfaces/include/detection_interfaces/detection_interfaces/msg/rosidl_generator_c__visibility_control.h
[3.379s] -- Up-to-date: /root/nuc_ws/install/detection_interfaces/include/detection_interfaces/detection_interfaces/msg/detection_array.h
[3.380s] -- Up-to-date: /root/nuc_ws/install/detection_interfaces/include/detection_interfaces/detection_interfaces/msg/detection_result.h
[3.381s] -- Up-to-date: /root/nuc_ws/install/detection_interfaces/share/detection_interfaces/environment/library_path.sh
[3.383s] -- Up-to-date: /root/nuc_ws/install/detection_interfaces/share/detection_interfaces/environment/library_path.dsv
[3.385s] -- Up-to-date: /root/nuc_ws/install/detection_interfaces/lib/libdetection_interfaces__rosidl_generator_c.so
[3.386s] -- Up-to-date: /root/nuc_ws/install/detection_interfaces/include/detection_interfaces/detection_interfaces
[3.387s] -- Up-to-date: /root/nuc_ws/install/detection_interfaces/include/detection_interfaces/detection_interfaces/msg
[3.389s] -- Up-to-date: /root/nuc_ws/install/detection_interfaces/include/detection_interfaces/detection_interfaces/msg/detail
[3.390s] -- Up-to-date: /root/nuc_ws/install/detection_interfaces/include/detection_interfaces/detection_interfaces/msg/detail/detection_array__rosidl_typesupport_fastrtps_c.h
[3.391s] -- Up-to-date: /root/nuc_ws/install/detection_interfaces/include/detection_interfaces/detection_interfaces/msg/detail/detection_result__rosidl_typesupport_fastrtps_c.h
[3.392s] -- Up-to-date: /root/nuc_ws/install/detection_interfaces/include/detection_interfaces/detection_interfaces/msg/rosidl_typesupport_fastrtps_c__visibility_control.h
[3.394s] -- Up-to-date: /root/nuc_ws/install/detection_interfaces/lib/libdetection_interfaces__rosidl_typesupport_fastrtps_c.so
[3.395s] -- Up-to-date: /root/nuc_ws/install/detection_interfaces/include/detection_interfaces/detection_interfaces
[3.395s] -- Up-to-date: /root/nuc_ws/install/detection_interfaces/include/detection_interfaces/detection_interfaces/msg
[3.396s] -- Up-to-date: /root/nuc_ws/install/detection_interfaces/include/detection_interfaces/detection_interfaces/msg/detail
[3.398s] -- Up-to-date: /root/nuc_ws/install/detection_interfaces/include/detection_interfaces/detection_interfaces/msg/detail/detection_result__struct.hpp
[3.399s] -- Up-to-date: /root/nuc_ws/install/detection_interfaces/include/detection_interfaces/detection_interfaces/msg/detail/detection_result__builder.hpp
[3.400s] -- Up-to-date: /root/nuc_ws/install/detection_interfaces/include/detection_interfaces/detection_interfaces/msg/detail/detection_result__type_support.hpp
[3.400s] -- Up-to-date: /root/nuc_ws/install/detection_interfaces/include/detection_interfaces/detection_interfaces/msg/detail/detection_array__builder.hpp
[3.402s] -- Up-to-date: /root/nuc_ws/install/detection_interfaces/include/detection_interfaces/detection_interfaces/msg/detail/detection_array__traits.hpp
[3.403s] -- Up-to-date: /root/nuc_ws/install/detection_interfaces/include/detection_interfaces/detection_interfaces/msg/detail/detection_array__type_support.hpp
[3.404s] -- Up-to-date: /root/nuc_ws/install/detection_interfaces/include/detection_interfaces/detection_interfaces/msg/detail/detection_array__struct.hpp
[3.405s] -- Up-to-date: /root/nuc_ws/install/detection_interfaces/include/detection_interfaces/detection_interfaces/msg/detail/detection_result__traits.hpp
[3.405s] -- Up-to-date: /root/nuc_ws/install/detection_interfaces/include/detection_interfaces/detection_interfaces/msg/detection_result.hpp
[3.406s] -- Up-to-date: /root/nuc_ws/install/detection_interfaces/include/detection_interfaces/detection_interfaces/msg/rosidl_generator_cpp__visibility_control.hpp
[3.407s] -- Up-to-date: /root/nuc_ws/install/detection_interfaces/include/detection_interfaces/detection_interfaces/msg/detection_array.hpp
[3.408s] -- Up-to-date: /root/nuc_ws/install/detection_interfaces/include/detection_interfaces/detection_interfaces
[3.409s] -- Up-to-date: /root/nuc_ws/install/detection_interfaces/include/detection_interfaces/detection_interfaces/msg
[3.410s] -- Up-to-date: /root/nuc_ws/install/detection_interfaces/include/detection_interfaces/detection_interfaces/msg/detail
[3.411s] -- Up-to-date: /root/nuc_ws/install/detection_interfaces/include/detection_interfaces/detection_interfaces/msg/detail/detection_array__rosidl_typesupport_fastrtps_cpp.hpp
[3.412s] -- Up-to-date: /root/nuc_ws/install/detection_interfaces/include/detection_interfaces/detection_interfaces/msg/detail/detection_result__rosidl_typesupport_fastrtps_cpp.hpp
[3.413s] -- Up-to-date: /root/nuc_ws/install/detection_interfaces/include/detection_interfaces/detection_interfaces/msg/detail/dds_fastrtps
[3.413s] -- Up-to-date: /root/nuc_ws/install/detection_interfaces/include/detection_interfaces/detection_interfaces/msg/rosidl_typesupport_fastrtps_cpp__visibility_control.h
[3.414s] -- Up-to-date: /root/nuc_ws/install/detection_interfaces/lib/libdetection_interfaces__rosidl_typesupport_fastrtps_cpp.so
[3.415s] -- Up-to-date: /root/nuc_ws/install/detection_interfaces/include/detection_interfaces/detection_interfaces
[3.416s] -- Up-to-date: /root/nuc_ws/install/detection_interfaces/include/detection_interfaces/detection_interfaces/msg
[3.416s] -- Up-to-date: /root/nuc_ws/install/detection_interfaces/include/detection_interfaces/detection_interfaces/msg/detail
[3.417s] -- Up-to-date: /root/nuc_ws/install/detection_interfaces/include/detection_interfaces/detection_interfaces/msg/detail/detection_array__type_support.c
[3.418s] -- Up-to-date: /root/nuc_ws/install/detection_interfaces/include/detection_interfaces/detection_interfaces/msg/detail/detection_result__type_support.c
[3.419s] -- Up-to-date: /root/nuc_ws/install/detection_interfaces/include/detection_interfaces/detection_interfaces/msg/detail/detection_array__rosidl_typesupport_introspection_c.h
[3.420s] -- Up-to-date: /root/nuc_ws/install/detection_interfaces/include/detection_interfaces/detection_interfaces/msg/detail/detection_result__rosidl_typesupport_introspection_c.h
[3.422s] -- Up-to-date: /root/nuc_ws/install/detection_interfaces/include/detection_interfaces/detection_interfaces/msg/rosidl_typesupport_introspection_c__visibility_control.h
[3.424s] -- Up-to-date: /root/nuc_ws/install/detection_interfaces/lib/libdetection_interfaces__rosidl_typesupport_introspection_c.so
[3.427s] -- Up-to-date: /root/nuc_ws/install/detection_interfaces/lib/libdetection_interfaces__rosidl_typesupport_c.so
[3.429s] -- Up-to-date: /root/nuc_ws/install/detection_interfaces/include/detection_interfaces/detection_interfaces
[3.430s] -- Up-to-date: /root/nuc_ws/install/detection_interfaces/include/detection_interfaces/detection_interfaces/msg
[3.432s] -- Up-to-date: /root/nuc_ws/install/detection_interfaces/include/detection_interfaces/detection_interfaces/msg/detail
[3.433s] -- Up-to-date: /root/nuc_ws/install/detection_interfaces/include/detection_interfaces/detection_interfaces/msg/detail/detection_result__type_support.cpp
[3.435s] -- Up-to-date: /root/nuc_ws/install/detection_interfaces/include/detection_interfaces/detection_interfaces/msg/detail/detection_array__type_support.cpp
[3.436s] -- Up-to-date: /root/nuc_ws/install/detection_interfaces/include/detection_interfaces/detection_interfaces/msg/detail/detection_result__rosidl_typesupport_introspection_cpp.hpp
[3.437s] -- Up-to-date: /root/nuc_ws/install/detection_interfaces/include/detection_interfaces/detection_interfaces/msg/detail/detection_array__rosidl_typesupport_introspection_cpp.hpp
[3.438s] -- Up-to-date: /root/nuc_ws/install/detection_interfaces/lib/libdetection_interfaces__rosidl_typesupport_introspection_cpp.so
[3.438s] -- Up-to-date: /root/nuc_ws/install/detection_interfaces/lib/libdetection_interfaces__rosidl_typesupport_cpp.so
[3.439s] -- Up-to-date: /root/nuc_ws/install/detection_interfaces/share/detection_interfaces/environment/pythonpath.sh
[3.440s] -- Up-to-date: /root/nuc_ws/install/detection_interfaces/share/detection_interfaces/environment/pythonpath.dsv
[3.440s] -- Up-to-date: /root/nuc_ws/install/detection_interfaces/local/lib/python3.10/dist-packages/detection_interfaces-1.0.0-py3.10.egg-info
[3.441s] -- Installing: /root/nuc_ws/install/detection_interfaces/local/lib/python3.10/dist-packages/detection_interfaces-1.0.0-py3.10.egg-info/dependency_links.txt
[3.443s] -- Installing: /root/nuc_ws/install/detection_interfaces/local/lib/python3.10/dist-packages/detection_interfaces-1.0.0-py3.10.egg-info/PKG-INFO
[3.444s] -- Installing: /root/nuc_ws/install/detection_interfaces/local/lib/python3.10/dist-packages/detection_interfaces-1.0.0-py3.10.egg-info/SOURCES.txt
[3.446s] -- Installing: /root/nuc_ws/install/detection_interfaces/local/lib/python3.10/dist-packages/detection_interfaces-1.0.0-py3.10.egg-info/top_level.txt
[3.447s] -- Up-to-date: /root/nuc_ws/install/detection_interfaces/local/lib/python3.10/dist-packages/detection_interfaces
[3.448s] -- Up-to-date: /root/nuc_ws/install/detection_interfaces/local/lib/python3.10/dist-packages/detection_interfaces/detection_interfaces_s__rosidl_typesupport_c.cpython-310-aarch64-linux-gnu.so
[3.449s] -- Up-to-date: /root/nuc_ws/install/detection_interfaces/local/lib/python3.10/dist-packages/detection_interfaces/libdetection_interfaces__rosidl_generator_py.so
[3.449s] -- Up-to-date: /root/nuc_ws/install/detection_interfaces/local/lib/python3.10/dist-packages/detection_interfaces/_detection_interfaces_s.ep.rosidl_typesupport_fastrtps_c.c
[3.450s] -- Up-to-date: /root/nuc_ws/install/detection_interfaces/local/lib/python3.10/dist-packages/detection_interfaces/detection_interfaces_s__rosidl_typesupport_fastrtps_c.cpython-310-aarch64-linux-gnu.so
[3.451s] -- Up-to-date: /root/nuc_ws/install/detection_interfaces/local/lib/python3.10/dist-packages/detection_interfaces/detection_interfaces_s__rosidl_typesupport_introspection_c.cpython-310-aarch64-linux-gnu.so
[3.452s] -- Up-to-date: /root/nuc_ws/install/detection_interfaces/local/lib/python3.10/dist-packages/detection_interfaces/msg
[3.453s] -- Up-to-date: /root/nuc_ws/install/detection_interfaces/local/lib/python3.10/dist-packages/detection_interfaces/msg/_detection_result_s.c
[3.454s] -- Up-to-date: /root/nuc_ws/install/detection_interfaces/local/lib/python3.10/dist-packages/detection_interfaces/msg/_detection_array_s.c
[3.455s] -- Up-to-date: /root/nuc_ws/install/detection_interfaces/local/lib/python3.10/dist-packages/detection_interfaces/msg/_detection_array.py
[3.456s] -- Up-to-date: /root/nuc_ws/install/detection_interfaces/local/lib/python3.10/dist-packages/detection_interfaces/msg/_detection_result.py
[3.456s] -- Up-to-date: /root/nuc_ws/install/detection_interfaces/local/lib/python3.10/dist-packages/detection_interfaces/msg/__init__.py
[3.457s] -- Up-to-date: /root/nuc_ws/install/detection_interfaces/local/lib/python3.10/dist-packages/detection_interfaces/_detection_interfaces_s.ep.rosidl_typesupport_introspection_c.c
[3.458s] -- Up-to-date: /root/nuc_ws/install/detection_interfaces/local/lib/python3.10/dist-packages/detection_interfaces/__init__.py
[3.458s] -- Up-to-date: /root/nuc_ws/install/detection_interfaces/local/lib/python3.10/dist-packages/detection_interfaces/_detection_interfaces_s.ep.rosidl_typesupport_c.c
[3.680s] Listing '/root/nuc_ws/install/detection_interfaces/local/lib/python3.10/dist-packages/detection_interfaces'...
[3.680s] Listing '/root/nuc_ws/install/detection_interfaces/local/lib/python3.10/dist-packages/detection_interfaces/msg'...
[3.738s] -- Up-to-date: /root/nuc_ws/install/detection_interfaces/local/lib/python3.10/dist-packages/detection_interfaces/detection_interfaces_s__rosidl_typesupport_fastrtps_c.cpython-310-aarch64-linux-gnu.so
[3.740s] -- Up-to-date: /root/nuc_ws/install/detection_interfaces/local/lib/python3.10/dist-packages/detection_interfaces/detection_interfaces_s__rosidl_typesupport_introspection_c.cpython-310-aarch64-linux-gnu.so
[3.743s] -- Up-to-date: /root/nuc_ws/install/detection_interfaces/local/lib/python3.10/dist-packages/detection_interfaces/detection_interfaces_s__rosidl_typesupport_c.cpython-310-aarch64-linux-gnu.so
[3.746s] -- Up-to-date: /root/nuc_ws/install/detection_interfaces/lib/libdetection_interfaces__rosidl_generator_py.so
[3.747s] -- Up-to-date: /root/nuc_ws/install/detection_interfaces/share/detection_interfaces/msg/DetectionResult.idl
[3.749s] -- Up-to-date: /root/nuc_ws/install/detection_interfaces/share/detection_interfaces/msg/DetectionArray.idl
[3.750s] -- Up-to-date: /root/nuc_ws/install/detection_interfaces/share/detection_interfaces/msg/DetectionResult.msg
[3.751s] -- Up-to-date: /root/nuc_ws/install/detection_interfaces/share/detection_interfaces/msg/DetectionArray.msg
[3.752s] -- Up-to-date: /root/nuc_ws/install/detection_interfaces/share/ament_index/resource_index/package_run_dependencies/detection_interfaces
[3.753s] -- Up-to-date: /root/nuc_ws/install/detection_interfaces/share/ament_index/resource_index/parent_prefix_path/detection_interfaces
[3.754s] -- Up-to-date: /root/nuc_ws/install/detection_interfaces/share/detection_interfaces/environment/ament_prefix_path.sh
[3.755s] -- Up-to-date: /root/nuc_ws/install/detection_interfaces/share/detection_interfaces/environment/ament_prefix_path.dsv
[3.756s] -- Up-to-date: /root/nuc_ws/install/detection_interfaces/share/detection_interfaces/environment/path.sh
[3.757s] -- Up-to-date: /root/nuc_ws/install/detection_interfaces/share/detection_interfaces/environment/path.dsv
[3.758s] -- Up-to-date: /root/nuc_ws/install/detection_interfaces/share/detection_interfaces/local_setup.bash
[3.759s] -- Up-to-date: /root/nuc_ws/install/detection_interfaces/share/detection_interfaces/local_setup.sh
[3.760s] -- Up-to-date: /root/nuc_ws/install/detection_interfaces/share/detection_interfaces/local_setup.zsh
[3.761s] -- Up-to-date: /root/nuc_ws/install/detection_interfaces/share/detection_interfaces/local_setup.dsv
[3.762s] -- Installing: /root/nuc_ws/install/detection_interfaces/share/detection_interfaces/package.dsv
[3.764s] -- Up-to-date: /root/nuc_ws/install/detection_interfaces/share/ament_index/resource_index/packages/detection_interfaces
[3.766s] -- Up-to-date: /root/nuc_ws/install/detection_interfaces/share/detection_interfaces/cmake/export_detection_interfaces__rosidl_generator_cExport.cmake
[3.767s] -- Up-to-date: /root/nuc_ws/install/detection_interfaces/share/detection_interfaces/cmake/export_detection_interfaces__rosidl_generator_cExport-noconfig.cmake
[3.768s] -- Up-to-date: /root/nuc_ws/install/detection_interfaces/share/detection_interfaces/cmake/export_detection_interfaces__rosidl_typesupport_fastrtps_cExport.cmake
[3.769s] -- Up-to-date: /root/nuc_ws/install/detection_interfaces/share/detection_interfaces/cmake/export_detection_interfaces__rosidl_typesupport_fastrtps_cExport-noconfig.cmake
[3.770s] -- Up-to-date: /root/nuc_ws/install/detection_interfaces/share/detection_interfaces/cmake/export_detection_interfaces__rosidl_generator_cppExport.cmake
[3.771s] -- Up-to-date: /root/nuc_ws/install/detection_interfaces/share/detection_interfaces/cmake/export_detection_interfaces__rosidl_typesupport_fastrtps_cppExport.cmake
[3.772s] -- Up-to-date: /root/nuc_ws/install/detection_interfaces/share/detection_interfaces/cmake/export_detection_interfaces__rosidl_typesupport_fastrtps_cppExport-noconfig.cmake
[3.773s] -- Up-to-date: /root/nuc_ws/install/detection_interfaces/share/detection_interfaces/cmake/detection_interfaces__rosidl_typesupport_introspection_cExport.cmake
[3.777s] -- Up-to-date: /root/nuc_ws/install/detection_interfaces/share/detection_interfaces/cmake/detection_interfaces__rosidl_typesupport_introspection_cExport-noconfig.cmake
[3.779s] -- Up-to-date: /root/nuc_ws/install/detection_interfaces/share/detection_interfaces/cmake/detection_interfaces__rosidl_typesupport_cExport.cmake
[3.780s] -- Up-to-date: /root/nuc_ws/install/detection_interfaces/share/detection_interfaces/cmake/detection_interfaces__rosidl_typesupport_cExport-noconfig.cmake
[3.780s] -- Up-to-date: /root/nuc_ws/install/detection_interfaces/share/detection_interfaces/cmake/detection_interfaces__rosidl_typesupport_introspection_cppExport.cmake
[3.781s] -- Up-to-date: /root/nuc_ws/install/detection_interfaces/share/detection_interfaces/cmake/detection_interfaces__rosidl_typesupport_introspection_cppExport-noconfig.cmake
[3.782s] -- Up-to-date: /root/nuc_ws/install/detection_interfaces/share/detection_interfaces/cmake/detection_interfaces__rosidl_typesupport_cppExport.cmake
[3.783s] -- Up-to-date: /root/nuc_ws/install/detection_interfaces/share/detection_interfaces/cmake/detection_interfaces__rosidl_typesupport_cppExport-noconfig.cmake
[3.784s] -- Up-to-date: /root/nuc_ws/install/detection_interfaces/share/detection_interfaces/cmake/export_detection_interfaces__rosidl_generator_pyExport.cmake
[3.784s] -- Up-to-date: /root/nuc_ws/install/detection_interfaces/share/detection_interfaces/cmake/export_detection_interfaces__rosidl_generator_pyExport-noconfig.cmake
[3.787s] -- Up-to-date: /root/nuc_ws/install/detection_interfaces/share/detection_interfaces/cmake/rosidl_cmake-extras.cmake
[3.789s] -- Up-to-date: /root/nuc_ws/install/detection_interfaces/share/detection_interfaces/cmake/ament_cmake_export_dependencies-extras.cmake
[3.793s] -- Up-to-date: /root/nuc_ws/install/detection_interfaces/share/detection_interfaces/cmake/ament_cmake_export_include_directories-extras.cmake
[3.795s] -- Up-to-date: /root/nuc_ws/install/detection_interfaces/share/detection_interfaces/cmake/ament_cmake_export_libraries-extras.cmake
[3.796s] -- Up-to-date: /root/nuc_ws/install/detection_interfaces/share/detection_interfaces/cmake/ament_cmake_export_targets-extras.cmake
[3.798s] -- Up-to-date: /root/nuc_ws/install/detection_interfaces/share/detection_interfaces/cmake/rosidl_cmake_export_typesupport_targets-extras.cmake
[3.800s] -- Up-to-date: /root/nuc_ws/install/detection_interfaces/share/detection_interfaces/cmake/rosidl_cmake_export_typesupport_libraries-extras.cmake
[3.802s] -- Up-to-date: /root/nuc_ws/install/detection_interfaces/share/detection_interfaces/cmake/detection_interfacesConfig.cmake
[3.804s] -- Up-to-date: /root/nuc_ws/install/detection_interfaces/share/detection_interfaces/cmake/detection_interfacesConfig-version.cmake
[3.805s] -- Up-to-date: /root/nuc_ws/install/detection_interfaces/share/detection_interfaces/package.xml
[3.807s] Invoked command in '/root/nuc_ws/build/detection_interfaces' returned '0': CMAKE_PREFIX_PATH=${CMAKE_PREFIX_PATH}:/home/sunrise/yolov8_bpu_ws/install/yolov8_bpu:/opt/tros/humble:/opt/ros/humble /usr/bin/cmake --install /root/nuc_ws/build/detection_interfaces
