[0.889s] DEBUG:colcon:Command line arguments: ['/usr/bin/colcon', 'build', '--packages-select', 'r2_mission', '--cmake-args', '-DCMAKE_C_COMPILER_LAUNCHER=ccache', '-DCMAKE_CXX_COMPILER_LAUNCHER=ccache']
[0.890s] DEBUG:colcon:Parsed command line arguments: Namespace(log_base=None, log_level=None, verb_name='build', build_base='build', install_base='install', merge_install=False, symlink_install=False, test_result_base=None, continue_on_error=False, executor='parallel', parallel_workers=8, event_handlers=None, ignore_user_meta=False, metas=['./colcon.meta'], base_paths=['.'], packages_ignore=None, packages_ignore_regex=None, paths=None, packages_up_to=None, packages_up_to_regex=None, packages_above=None, packages_above_and_dependencies=None, packages_above_depth=None, packages_select_by_dep=None, packages_skip_by_dep=None, packages_skip_up_to=None, packages_select_build_failed=False, packages_skip_build_finished=False, packages_select_test_failures=False, packages_skip_test_passed=False, packages_select=['r2_mission'], packages_skip=None, packages_select_regex=None, packages_skip_regex=None, packages_start=None, packages_end=None, allow_overriding=[], cmake_args=['-DCMAKE_C_COMPILER_LAUNCHER=ccache', '-DCMAKE_CXX_COMPILER_LAUNCHER=ccache'], cmake_target=None, cmake_target_skip_unavailable=False, cmake_clean_cache=False, cmake_clean_first=False, cmake_force_configure=False, ament_cmake_args=None, catkin_cmake_args=None, catkin_skip_building_tests=False, verb_parser=<colcon_defaults.argument_parser.defaults.DefaultArgumentsDecorator object at 0xffff911cf9a0>, verb_extension=<colcon_core.verb.build.BuildVerb object at 0xffff911cf490>, main=<bound method BuildVerb.main of <colcon_core.verb.build.BuildVerb object at 0xffff911cf490>>)
[1.236s] Level 1:colcon.colcon_core.package_discovery:discover_packages(colcon_meta) check parameters
[1.237s] Level 1:colcon.colcon_core.package_discovery:discover_packages(recursive) check parameters
[1.238s] Level 1:colcon.colcon_core.package_discovery:discover_packages(ignore) check parameters
[1.238s] Level 1:colcon.colcon_core.package_discovery:discover_packages(path) check parameters
[1.239s] Level 1:colcon.colcon_core.package_discovery:discover_packages(colcon_meta) discover
[1.240s] Level 1:colcon.colcon_core.package_discovery:discover_packages(recursive) discover
[1.240s] INFO:colcon.colcon_core.package_discovery:Crawling recursively for packages in '/root/nuc_ws'
[1.241s] Level 1:colcon.colcon_core.package_identification:_identify(.) by extensions ['ignore', 'ignore_ament_install']
[1.242s] Level 1:colcon.colcon_core.package_identification:_identify(.) by extension 'ignore'
[1.243s] Level 1:colcon.colcon_core.package_identification:_identify(.) by extension 'ignore_ament_install'
[1.244s] Level 1:colcon.colcon_core.package_identification:_identify(.) by extensions ['colcon_pkg']
[1.244s] Level 1:colcon.colcon_core.package_identification:_identify(.) by extension 'colcon_pkg'
[1.245s] Level 1:colcon.colcon_core.package_identification:_identify(.) by extensions ['colcon_meta']
[1.246s] Level 1:colcon.colcon_core.package_identification:_identify(.) by extension 'colcon_meta'
[1.246s] Level 1:colcon.colcon_core.package_identification:_identify(.) by extensions ['ros']
[1.247s] Level 1:colcon.colcon_core.package_identification:_identify(.) by extension 'ros'
[1.371s] Level 1:colcon.colcon_core.package_identification:_identify(.) by extensions ['cmake', 'python']
[1.372s] Level 1:colcon.colcon_core.package_identification:_identify(.) by extension 'cmake'
[1.372s] Level 1:colcon.colcon_core.package_identification:_identify(.) by extension 'python'
[1.373s] Level 1:colcon.colcon_core.package_identification:_identify(.) by extensions ['python_setup_py']
[1.373s] Level 1:colcon.colcon_core.package_identification:_identify(.) by extension 'python_setup_py'
[1.374s] Level 1:colcon.colcon_core.package_identification:_identify(build) by extensions ['ignore', 'ignore_ament_install']
[1.375s] Level 1:colcon.colcon_core.package_identification:_identify(build) by extension 'ignore'
[1.376s] Level 1:colcon.colcon_core.package_identification:_identify(build) ignored
[1.377s] Level 1:colcon.colcon_core.package_identification:_identify(install) by extensions ['ignore', 'ignore_ament_install']
[1.378s] Level 1:colcon.colcon_core.package_identification:_identify(install) by extension 'ignore'
[1.379s] Level 1:colcon.colcon_core.package_identification:_identify(install) ignored
[1.380s] Level 1:colcon.colcon_core.package_identification:_identify(log) by extensions ['ignore', 'ignore_ament_install']
[1.381s] Level 1:colcon.colcon_core.package_identification:_identify(log) by extension 'ignore'
[1.382s] Level 1:colcon.colcon_core.package_identification:_identify(log) ignored
[1.383s] Level 1:colcon.colcon_core.package_identification:_identify(nuc_ws) by extensions ['ignore', 'ignore_ament_install']
[1.383s] Level 1:colcon.colcon_core.package_identification:_identify(nuc_ws) by extension 'ignore'
[1.384s] Level 1:colcon.colcon_core.package_identification:_identify(nuc_ws) by extension 'ignore_ament_install'
[1.384s] Level 1:colcon.colcon_core.package_identification:_identify(nuc_ws) by extensions ['colcon_pkg']
[1.385s] Level 1:colcon.colcon_core.package_identification:_identify(nuc_ws) by extension 'colcon_pkg'
[1.385s] Level 1:colcon.colcon_core.package_identification:_identify(nuc_ws) by extensions ['colcon_meta']
[1.385s] Level 1:colcon.colcon_core.package_identification:_identify(nuc_ws) by extension 'colcon_meta'
[1.386s] Level 1:colcon.colcon_core.package_identification:_identify(nuc_ws) by extensions ['ros']
[1.386s] Level 1:colcon.colcon_core.package_identification:_identify(nuc_ws) by extension 'ros'
[1.387s] Level 1:colcon.colcon_core.package_identification:_identify(nuc_ws) by extensions ['cmake', 'python']
[1.387s] Level 1:colcon.colcon_core.package_identification:_identify(nuc_ws) by extension 'cmake'
[1.387s] Level 1:colcon.colcon_core.package_identification:_identify(nuc_ws) by extension 'python'
[1.387s] Level 1:colcon.colcon_core.package_identification:_identify(nuc_ws) by extensions ['python_setup_py']
[1.388s] Level 1:colcon.colcon_core.package_identification:_identify(nuc_ws) by extension 'python_setup_py'
[1.389s] Level 1:colcon.colcon_core.package_identification:_identify(nuc_ws/framework) by extensions ['ignore', 'ignore_ament_install']
[1.390s] Level 1:colcon.colcon_core.package_identification:_identify(nuc_ws/framework) by extension 'ignore'
[1.390s] Level 1:colcon.colcon_core.package_identification:_identify(nuc_ws/framework) by extension 'ignore_ament_install'
[1.391s] Level 1:colcon.colcon_core.package_identification:_identify(nuc_ws/framework) by extensions ['colcon_pkg']
[1.392s] Level 1:colcon.colcon_core.package_identification:_identify(nuc_ws/framework) by extension 'colcon_pkg'
[1.392s] Level 1:colcon.colcon_core.package_identification:_identify(nuc_ws/framework) by extensions ['colcon_meta']
[1.392s] Level 1:colcon.colcon_core.package_identification:_identify(nuc_ws/framework) by extension 'colcon_meta'
[1.393s] Level 1:colcon.colcon_core.package_identification:_identify(nuc_ws/framework) by extensions ['ros']
[1.393s] Level 1:colcon.colcon_core.package_identification:_identify(nuc_ws/framework) by extension 'ros'
[1.395s] Level 1:colcon.colcon_core.package_identification:_identify(nuc_ws/framework) by extensions ['cmake', 'python']
[1.395s] Level 1:colcon.colcon_core.package_identification:_identify(nuc_ws/framework) by extension 'cmake'
[1.395s] Level 1:colcon.colcon_core.package_identification:_identify(nuc_ws/framework) by extension 'python'
[1.396s] Level 1:colcon.colcon_core.package_identification:_identify(nuc_ws/framework) by extensions ['python_setup_py']
[1.396s] Level 1:colcon.colcon_core.package_identification:_identify(nuc_ws/framework) by extension 'python_setup_py'
[1.397s] Level 1:colcon.colcon_core.package_identification:_identify(nuc_ws/src) by extensions ['ignore', 'ignore_ament_install']
[1.397s] Level 1:colcon.colcon_core.package_identification:_identify(nuc_ws/src) by extension 'ignore'
[1.398s] Level 1:colcon.colcon_core.package_identification:_identify(nuc_ws/src) by extension 'ignore_ament_install'
[1.398s] Level 1:colcon.colcon_core.package_identification:_identify(nuc_ws/src) by extensions ['colcon_pkg']
[1.398s] Level 1:colcon.colcon_core.package_identification:_identify(nuc_ws/src) by extension 'colcon_pkg'
[1.399s] Level 1:colcon.colcon_core.package_identification:_identify(nuc_ws/src) by extensions ['colcon_meta']
[1.399s] Level 1:colcon.colcon_core.package_identification:_identify(nuc_ws/src) by extension 'colcon_meta'
[1.399s] Level 1:colcon.colcon_core.package_identification:_identify(nuc_ws/src) by extensions ['ros']
[1.400s] Level 1:colcon.colcon_core.package_identification:_identify(nuc_ws/src) by extension 'ros'
[1.400s] Level 1:colcon.colcon_core.package_identification:_identify(nuc_ws/src) by extensions ['cmake', 'python']
[1.400s] Level 1:colcon.colcon_core.package_identification:_identify(nuc_ws/src) by extension 'cmake'
[1.401s] Level 1:colcon.colcon_core.package_identification:_identify(nuc_ws/src) by extension 'python'
[1.401s] Level 1:colcon.colcon_core.package_identification:_identify(nuc_ws/src) by extensions ['python_setup_py']
[1.401s] Level 1:colcon.colcon_core.package_identification:_identify(nuc_ws/src) by extension 'python_setup_py'
[1.402s] Level 1:colcon.colcon_core.package_identification:_identify(nuc_ws/src/nuc_ws) by extensions ['ignore', 'ignore_ament_install']
[1.402s] Level 1:colcon.colcon_core.package_identification:_identify(nuc_ws/src/nuc_ws) by extension 'ignore'
[1.403s] Level 1:colcon.colcon_core.package_identification:_identify(nuc_ws/src/nuc_ws) by extension 'ignore_ament_install'
[1.403s] Level 1:colcon.colcon_core.package_identification:_identify(nuc_ws/src/nuc_ws) by extensions ['colcon_pkg']
[1.404s] Level 1:colcon.colcon_core.package_identification:_identify(nuc_ws/src/nuc_ws) by extension 'colcon_pkg'
[1.404s] Level 1:colcon.colcon_core.package_identification:_identify(nuc_ws/src/nuc_ws) by extensions ['colcon_meta']
[1.405s] Level 1:colcon.colcon_core.package_identification:_identify(nuc_ws/src/nuc_ws) by extension 'colcon_meta'
[1.405s] Level 1:colcon.colcon_core.package_identification:_identify(nuc_ws/src/nuc_ws) by extensions ['ros']
[1.406s] Level 1:colcon.colcon_core.package_identification:_identify(nuc_ws/src/nuc_ws) by extension 'ros'
[1.406s] Level 1:colcon.colcon_core.package_identification:_identify(nuc_ws/src/nuc_ws) by extensions ['cmake', 'python']
[1.407s] Level 1:colcon.colcon_core.package_identification:_identify(nuc_ws/src/nuc_ws) by extension 'cmake'
[1.407s] Level 1:colcon.colcon_core.package_identification:_identify(nuc_ws/src/nuc_ws) by extension 'python'
[1.408s] Level 1:colcon.colcon_core.package_identification:_identify(nuc_ws/src/nuc_ws) by extensions ['python_setup_py']
[1.408s] Level 1:colcon.colcon_core.package_identification:_identify(nuc_ws/src/nuc_ws) by extension 'python_setup_py'
[1.409s] Level 1:colcon.colcon_core.package_identification:_identify(nuc_ws/src/nuc_ws/log) by extensions ['ignore', 'ignore_ament_install']
[1.410s] Level 1:colcon.colcon_core.package_identification:_identify(nuc_ws/src/nuc_ws/log) by extension 'ignore'
[1.411s] Level 1:colcon.colcon_core.package_identification:_identify(nuc_ws/src/nuc_ws/log) ignored
[1.412s] Level 1:colcon.colcon_core.package_identification:_identify(nuc_ws/src/nuc_ws/src) by extensions ['ignore', 'ignore_ament_install']
[1.413s] Level 1:colcon.colcon_core.package_identification:_identify(nuc_ws/src/nuc_ws/src) by extension 'ignore'
[1.413s] Level 1:colcon.colcon_core.package_identification:_identify(nuc_ws/src/nuc_ws/src) by extension 'ignore_ament_install'
[1.414s] Level 1:colcon.colcon_core.package_identification:_identify(nuc_ws/src/nuc_ws/src) by extensions ['colcon_pkg']
[1.414s] Level 1:colcon.colcon_core.package_identification:_identify(nuc_ws/src/nuc_ws/src) by extension 'colcon_pkg'
[1.415s] Level 1:colcon.colcon_core.package_identification:_identify(nuc_ws/src/nuc_ws/src) by extensions ['colcon_meta']
[1.415s] Level 1:colcon.colcon_core.package_identification:_identify(nuc_ws/src/nuc_ws/src) by extension 'colcon_meta'
[1.416s] Level 1:colcon.colcon_core.package_identification:_identify(nuc_ws/src/nuc_ws/src) by extensions ['ros']
[1.416s] Level 1:colcon.colcon_core.package_identification:_identify(nuc_ws/src/nuc_ws/src) by extension 'ros'
[1.417s] Level 1:colcon.colcon_core.package_identification:_identify(nuc_ws/src/nuc_ws/src) by extensions ['cmake', 'python']
[1.417s] Level 1:colcon.colcon_core.package_identification:_identify(nuc_ws/src/nuc_ws/src) by extension 'cmake'
[1.417s] Level 1:colcon.colcon_core.package_identification:_identify(nuc_ws/src/nuc_ws/src) by extension 'python'
[1.418s] Level 1:colcon.colcon_core.package_identification:_identify(nuc_ws/src/nuc_ws/src) by extensions ['python_setup_py']
[1.418s] Level 1:colcon.colcon_core.package_identification:_identify(nuc_ws/src/nuc_ws/src) by extension 'python_setup_py'
[1.419s] Level 1:colcon.colcon_core.package_identification:_identify(nuc_ws/src/nuc_ws/src/detection_interfaces) by extensions ['ignore', 'ignore_ament_install']
[1.420s] Level 1:colcon.colcon_core.package_identification:_identify(nuc_ws/src/nuc_ws/src/detection_interfaces) by extension 'ignore'
[1.420s] Level 1:colcon.colcon_core.package_identification:_identify(nuc_ws/src/nuc_ws/src/detection_interfaces) by extension 'ignore_ament_install'
[1.421s] Level 1:colcon.colcon_core.package_identification:_identify(nuc_ws/src/nuc_ws/src/detection_interfaces) by extensions ['colcon_pkg']
[1.421s] Level 1:colcon.colcon_core.package_identification:_identify(nuc_ws/src/nuc_ws/src/detection_interfaces) by extension 'colcon_pkg'
[1.422s] Level 1:colcon.colcon_core.package_identification:_identify(nuc_ws/src/nuc_ws/src/detection_interfaces) by extensions ['colcon_meta']
[1.422s] Level 1:colcon.colcon_core.package_identification:_identify(nuc_ws/src/nuc_ws/src/detection_interfaces) by extension 'colcon_meta'
[1.422s] Level 1:colcon.colcon_core.package_identification:_identify(nuc_ws/src/nuc_ws/src/detection_interfaces) by extensions ['ros']
[1.423s] Level 1:colcon.colcon_core.package_identification:_identify(nuc_ws/src/nuc_ws/src/detection_interfaces) by extension 'ros'
[1.437s] DEBUG:colcon.colcon_core.package_identification:Package 'nuc_ws/src/nuc_ws/src/detection_interfaces' with type 'ros.ament_cmake' and name 'detection_interfaces'
[1.438s] Level 1:colcon.colcon_core.package_identification:_identify(nuc_ws/src/nuc_ws/src/r2_mission) by extensions ['ignore', 'ignore_ament_install']
[1.439s] Level 1:colcon.colcon_core.package_identification:_identify(nuc_ws/src/nuc_ws/src/r2_mission) by extension 'ignore'
[1.440s] Level 1:colcon.colcon_core.package_identification:_identify(nuc_ws/src/nuc_ws/src/r2_mission) by extension 'ignore_ament_install'
[1.440s] Level 1:colcon.colcon_core.package_identification:_identify(nuc_ws/src/nuc_ws/src/r2_mission) by extensions ['colcon_pkg']
[1.441s] Level 1:colcon.colcon_core.package_identification:_identify(nuc_ws/src/nuc_ws/src/r2_mission) by extension 'colcon_pkg'
[1.441s] Level 1:colcon.colcon_core.package_identification:_identify(nuc_ws/src/nuc_ws/src/r2_mission) by extensions ['colcon_meta']
[1.442s] Level 1:colcon.colcon_core.package_identification:_identify(nuc_ws/src/nuc_ws/src/r2_mission) by extension 'colcon_meta'
[1.442s] Level 1:colcon.colcon_core.package_identification:_identify(nuc_ws/src/nuc_ws/src/r2_mission) by extensions ['ros']
[1.442s] Level 1:colcon.colcon_core.package_identification:_identify(nuc_ws/src/nuc_ws/src/r2_mission) by extension 'ros'
[1.449s] DEBUG:colcon.colcon_core.package_identification:Package 'nuc_ws/src/nuc_ws/src/r2_mission' with type 'ros.ament_cmake' and name 'r2_mission'
[1.450s] Level 1:colcon.colcon_core.package_identification:_identify(nuc_ws/src/nuc_ws/src/r2_serial_driver) by extensions ['ignore', 'ignore_ament_install']
[1.451s] Level 1:colcon.colcon_core.package_identification:_identify(nuc_ws/src/nuc_ws/src/r2_serial_driver) by extension 'ignore'
[1.451s] Level 1:colcon.colcon_core.package_identification:_identify(nuc_ws/src/nuc_ws/src/r2_serial_driver) ignored
[1.452s] Level 1:colcon.colcon_core.package_discovery:discover_packages(recursive) using defaults
[1.453s] Level 1:colcon.colcon_core.package_discovery:discover_packages(ignore) discover
[1.454s] Level 1:colcon.colcon_core.package_discovery:discover_packages(ignore) using defaults
[1.454s] Level 1:colcon.colcon_core.package_discovery:discover_packages(path) discover
[1.455s] Level 1:colcon.colcon_core.package_discovery:discover_packages(path) using defaults
[1.610s] INFO:colcon.colcon_core.package_selection:Skipping not selected package 'detection_interfaces' in 'nuc_ws/src/nuc_ws/src/detection_interfaces'
[1.614s] Level 1:colcon.colcon_core.package_discovery:discover_packages(prefix_path) check parameters
[1.614s] Level 1:colcon.colcon_core.package_discovery:discover_packages(prefix_path) discover
[1.629s] DEBUG:colcon.colcon_installed_package_information.package_discovery:Found 3 installed packages in /home/sunrise/yolov8_bpu_ws/install
[1.633s] DEBUG:colcon.colcon_installed_package_information.package_discovery:Found 58 installed packages in /opt/tros/humble
[1.644s] DEBUG:colcon.colcon_installed_package_information.package_discovery:Found 210 installed packages in /opt/ros/humble
[1.653s] Level 1:colcon.colcon_core.package_discovery:discover_packages(prefix_path) using defaults
[1.940s] Level 5:colcon.colcon_core.verb:set package 'r2_mission' build argument 'cmake_args' from command line to '['-DCMAKE_C_COMPILER_LAUNCHER=ccache', '-DCMAKE_CXX_COMPILER_LAUNCHER=ccache']'
[1.940s] Level 5:colcon.colcon_core.verb:set package 'r2_mission' build argument 'cmake_target' from command line to 'None'
[1.941s] Level 5:colcon.colcon_core.verb:set package 'r2_mission' build argument 'cmake_target_skip_unavailable' from command line to 'False'
[1.941s] Level 5:colcon.colcon_core.verb:set package 'r2_mission' build argument 'cmake_clean_cache' from command line to 'False'
[1.941s] Level 5:colcon.colcon_core.verb:set package 'r2_mission' build argument 'cmake_clean_first' from command line to 'False'
[1.941s] Level 5:colcon.colcon_core.verb:set package 'r2_mission' build argument 'cmake_force_configure' from command line to 'False'
[1.941s] Level 5:colcon.colcon_core.verb:set package 'r2_mission' build argument 'ament_cmake_args' from command line to 'None'
[1.942s] Level 5:colcon.colcon_core.verb:set package 'r2_mission' build argument 'catkin_cmake_args' from command line to 'None'
[1.942s] Level 5:colcon.colcon_core.verb:set package 'r2_mission' build argument 'catkin_skip_building_tests' from command line to 'False'
[1.942s] DEBUG:colcon.colcon_core.verb:Building package 'r2_mission' with the following arguments: {'ament_cmake_args': None, 'build_base': '/root/nuc_ws/build/r2_mission', 'catkin_cmake_args': None, 'catkin_skip_building_tests': False, 'cmake_args': ['-DCMAKE_C_COMPILER_LAUNCHER=ccache', '-DCMAKE_CXX_COMPILER_LAUNCHER=ccache'], 'cmake_clean_cache': False, 'cmake_clean_first': False, 'cmake_force_configure': False, 'cmake_target': None, 'cmake_target_skip_unavailable': False, 'install_base': '/root/nuc_ws/install/r2_mission', 'merge_install': False, 'path': '/root/nuc_ws/nuc_ws/src/nuc_ws/src/r2_mission', 'symlink_install': False, 'test_result_base': None}
[1.943s] INFO:colcon.colcon_core.executor:Executing jobs using 'parallel' executor
[1.949s] DEBUG:colcon.colcon_parallel_executor.executor.parallel:run_until_complete
[1.952s] INFO:colcon.colcon_ros.task.ament_cmake.build:Building ROS package in '/root/nuc_ws/nuc_ws/src/nuc_ws/src/r2_mission' with build type 'ament_cmake'
[1.953s] INFO:colcon.colcon_cmake.task.cmake.build:Building CMake package in '/root/nuc_ws/nuc_ws/src/nuc_ws/src/r2_mission'
[1.968s] INFO:colcon.colcon_core.plugin_system:Skipping extension 'colcon_core.shell.bat': Not used on non-Windows systems
[1.969s] INFO:colcon.colcon_core.shell:Skip shell extension 'powershell' for command environment: Not usable outside of PowerShell
[1.970s] DEBUG:colcon.colcon_core.shell:Skip shell extension 'dsv' for command environment
[2.028s] DEBUG:colcon.colcon_core.event_handler.log_command:Invoking command in '/root/nuc_ws/build/r2_mission': AMENT_PREFIX_PATH=/root/nuc_ws/install/detection_interfaces:${AMENT_PREFIX_PATH} CMAKE_PREFIX_PATH=/root/nuc_ws/install/detection_interfaces:/home/sunrise/yolov8_bpu_ws/install/astra_camera:/home/sunrise/yolov8_bpu_ws/install/astra_camera_msgs:/home/sunrise/yolov8_bpu_ws/install/yolov8_bpu:/opt/tros/humble:/opt/ros/humble LD_LIBRARY_PATH=/root/nuc_ws/install/detection_interfaces/lib:/home/sunrise/yolov8_bpu_ws/install/astra_camera/lib:/home/sunrise/yolov8_bpu_ws/install/astra_camera_msgs/lib:/opt/tros/humble/lib/aarch64-linux-gnu:/opt/tros/humble/lib:/opt/ros/humble/opt/rviz_ogre_vendor/lib:/opt/ros/humble/lib/aarch64-linux-gnu:/opt/ros/humble/lib:/usr/hobot/lib:/app/lib:/app/pub/lib:/middleware/lib:/middleware/pub/lib:/usr/hobot/lib/sensor:/system/lib:/system/usr/lib:/lib PYTHONPATH=/root/nuc_ws/install/detection_interfaces/local/lib/python3.10/dist-packages:${PYTHONPATH} /usr/bin/cmake --build /root/nuc_ws/build/r2_mission -- -j8 -l8
[2.508s] DEBUG:colcon.colcon_core.event_handler.log_command:Invoked command in '/root/nuc_ws/build/r2_mission' returned '0': AMENT_PREFIX_PATH=/root/nuc_ws/install/detection_interfaces:${AMENT_PREFIX_PATH} CMAKE_PREFIX_PATH=/root/nuc_ws/install/detection_interfaces:/home/sunrise/yolov8_bpu_ws/install/astra_camera:/home/sunrise/yolov8_bpu_ws/install/astra_camera_msgs:/home/sunrise/yolov8_bpu_ws/install/yolov8_bpu:/opt/tros/humble:/opt/ros/humble LD_LIBRARY_PATH=/root/nuc_ws/install/detection_interfaces/lib:/home/sunrise/yolov8_bpu_ws/install/astra_camera/lib:/home/sunrise/yolov8_bpu_ws/install/astra_camera_msgs/lib:/opt/tros/humble/lib/aarch64-linux-gnu:/opt/tros/humble/lib:/opt/ros/humble/opt/rviz_ogre_vendor/lib:/opt/ros/humble/lib/aarch64-linux-gnu:/opt/ros/humble/lib:/usr/hobot/lib:/app/lib:/app/pub/lib:/middleware/lib:/middleware/pub/lib:/usr/hobot/lib/sensor:/system/lib:/system/usr/lib:/lib PYTHONPATH=/root/nuc_ws/install/detection_interfaces/local/lib/python3.10/dist-packages:${PYTHONPATH} /usr/bin/cmake --build /root/nuc_ws/build/r2_mission -- -j8 -l8
[2.562s] DEBUG:colcon.colcon_core.event_handler.log_command:Invoking command in '/root/nuc_ws/build/r2_mission': AMENT_PREFIX_PATH=/root/nuc_ws/install/detection_interfaces:${AMENT_PREFIX_PATH} CMAKE_PREFIX_PATH=/root/nuc_ws/install/detection_interfaces:/home/sunrise/yolov8_bpu_ws/install/astra_camera:/home/sunrise/yolov8_bpu_ws/install/astra_camera_msgs:/home/sunrise/yolov8_bpu_ws/install/yolov8_bpu:/opt/tros/humble:/opt/ros/humble LD_LIBRARY_PATH=/root/nuc_ws/install/detection_interfaces/lib:/home/sunrise/yolov8_bpu_ws/install/astra_camera/lib:/home/sunrise/yolov8_bpu_ws/install/astra_camera_msgs/lib:/opt/tros/humble/lib/aarch64-linux-gnu:/opt/tros/humble/lib:/opt/ros/humble/opt/rviz_ogre_vendor/lib:/opt/ros/humble/lib/aarch64-linux-gnu:/opt/ros/humble/lib:/usr/hobot/lib:/app/lib:/app/pub/lib:/middleware/lib:/middleware/pub/lib:/usr/hobot/lib/sensor:/system/lib:/system/usr/lib:/lib PYTHONPATH=/root/nuc_ws/install/detection_interfaces/local/lib/python3.10/dist-packages:${PYTHONPATH} /usr/bin/cmake --install /root/nuc_ws/build/r2_mission
[2.617s] Level 1:colcon.colcon_core.environment:create_environment_scripts_only(r2_mission)
[2.630s] DEBUG:colcon.colcon_core.event_handler.log_command:Invoked command in '/root/nuc_ws/build/r2_mission' returned '0': AMENT_PREFIX_PATH=/root/nuc_ws/install/detection_interfaces:${AMENT_PREFIX_PATH} CMAKE_PREFIX_PATH=/root/nuc_ws/install/detection_interfaces:/home/sunrise/yolov8_bpu_ws/install/astra_camera:/home/sunrise/yolov8_bpu_ws/install/astra_camera_msgs:/home/sunrise/yolov8_bpu_ws/install/yolov8_bpu:/opt/tros/humble:/opt/ros/humble LD_LIBRARY_PATH=/root/nuc_ws/install/detection_interfaces/lib:/home/sunrise/yolov8_bpu_ws/install/astra_camera/lib:/home/sunrise/yolov8_bpu_ws/install/astra_camera_msgs/lib:/opt/tros/humble/lib/aarch64-linux-gnu:/opt/tros/humble/lib:/opt/ros/humble/opt/rviz_ogre_vendor/lib:/opt/ros/humble/lib/aarch64-linux-gnu:/opt/ros/humble/lib:/usr/hobot/lib:/app/lib:/app/pub/lib:/middleware/lib:/middleware/pub/lib:/usr/hobot/lib/sensor:/system/lib:/system/usr/lib:/lib PYTHONPATH=/root/nuc_ws/install/detection_interfaces/local/lib/python3.10/dist-packages:${PYTHONPATH} /usr/bin/cmake --install /root/nuc_ws/build/r2_mission
[2.642s] Level 1:colcon.colcon_core.environment:checking '/root/nuc_ws/install/r2_mission' for CMake module files
[2.645s] Level 1:colcon.colcon_core.environment:checking '/root/nuc_ws/install/r2_mission' for CMake config files
[2.647s] Level 1:colcon.colcon_core.shell:create_environment_hook('r2_mission', 'cmake_prefix_path')
[2.649s] INFO:colcon.colcon_core.shell:Creating environment hook '/root/nuc_ws/install/r2_mission/share/r2_mission/hook/cmake_prefix_path.ps1'
[2.654s] INFO:colcon.colcon_core.shell:Creating environment descriptor '/root/nuc_ws/install/r2_mission/share/r2_mission/hook/cmake_prefix_path.dsv'
[2.658s] INFO:colcon.colcon_core.shell:Creating environment hook '/root/nuc_ws/install/r2_mission/share/r2_mission/hook/cmake_prefix_path.sh'
[2.664s] Level 1:colcon.colcon_core.environment:checking '/root/nuc_ws/install/r2_mission/lib'
[2.665s] Level 1:colcon.colcon_core.environment:checking '/root/nuc_ws/install/r2_mission/bin'
[2.666s] Level 1:colcon.colcon_core.environment:checking '/root/nuc_ws/install/r2_mission/lib/pkgconfig/r2_mission.pc'
[2.667s] Level 1:colcon.colcon_core.environment:checking '/root/nuc_ws/install/r2_mission/lib/python3.10/site-packages'
[2.670s] Level 1:colcon.colcon_core.environment:checking '/root/nuc_ws/install/r2_mission/bin'
[2.672s] INFO:colcon.colcon_core.shell:Creating package script '/root/nuc_ws/install/r2_mission/share/r2_mission/package.ps1'
[2.682s] INFO:colcon.colcon_core.shell:Creating package descriptor '/root/nuc_ws/install/r2_mission/share/r2_mission/package.dsv'
[2.685s] INFO:colcon.colcon_core.shell:Creating package script '/root/nuc_ws/install/r2_mission/share/r2_mission/package.sh'
[2.692s] INFO:colcon.colcon_core.shell:Creating package script '/root/nuc_ws/install/r2_mission/share/r2_mission/package.bash'
[2.697s] INFO:colcon.colcon_core.shell:Creating package script '/root/nuc_ws/install/r2_mission/share/r2_mission/package.zsh'
[2.703s] Level 1:colcon.colcon_core.environment:create_file_with_runtime_dependencies(/root/nuc_ws/install/r2_mission/share/colcon-core/packages/r2_mission)
[2.707s] Level 1:colcon.colcon_core.environment:create_environment_scripts_only(r2_mission)
[2.709s] Level 1:colcon.colcon_core.environment:checking '/root/nuc_ws/install/r2_mission' for CMake module files
[2.713s] Level 1:colcon.colcon_core.environment:checking '/root/nuc_ws/install/r2_mission' for CMake config files
[2.715s] Level 1:colcon.colcon_core.shell:create_environment_hook('r2_mission', 'cmake_prefix_path')
[2.717s] INFO:colcon.colcon_core.shell:Creating environment hook '/root/nuc_ws/install/r2_mission/share/r2_mission/hook/cmake_prefix_path.ps1'
[2.720s] INFO:colcon.colcon_core.shell:Creating environment descriptor '/root/nuc_ws/install/r2_mission/share/r2_mission/hook/cmake_prefix_path.dsv'
[2.723s] INFO:colcon.colcon_core.shell:Creating environment hook '/root/nuc_ws/install/r2_mission/share/r2_mission/hook/cmake_prefix_path.sh'
[2.728s] Level 1:colcon.colcon_core.environment:checking '/root/nuc_ws/install/r2_mission/lib'
[2.728s] Level 1:colcon.colcon_core.environment:checking '/root/nuc_ws/install/r2_mission/bin'
[2.729s] Level 1:colcon.colcon_core.environment:checking '/root/nuc_ws/install/r2_mission/lib/pkgconfig/r2_mission.pc'
[2.731s] Level 1:colcon.colcon_core.environment:checking '/root/nuc_ws/install/r2_mission/lib/python3.10/site-packages'
[2.734s] Level 1:colcon.colcon_core.environment:checking '/root/nuc_ws/install/r2_mission/bin'
[2.737s] INFO:colcon.colcon_core.shell:Creating package script '/root/nuc_ws/install/r2_mission/share/r2_mission/package.ps1'
[2.742s] INFO:colcon.colcon_core.shell:Creating package descriptor '/root/nuc_ws/install/r2_mission/share/r2_mission/package.dsv'
[2.747s] INFO:colcon.colcon_core.shell:Creating package script '/root/nuc_ws/install/r2_mission/share/r2_mission/package.sh'
[2.751s] INFO:colcon.colcon_core.shell:Creating package script '/root/nuc_ws/install/r2_mission/share/r2_mission/package.bash'
[2.756s] INFO:colcon.colcon_core.shell:Creating package script '/root/nuc_ws/install/r2_mission/share/r2_mission/package.zsh'
[2.760s] Level 1:colcon.colcon_core.environment:create_file_with_runtime_dependencies(/root/nuc_ws/install/r2_mission/share/colcon-core/packages/r2_mission)
[2.762s] DEBUG:colcon.colcon_parallel_executor.executor.parallel:closing loop
[2.765s] DEBUG:colcon.colcon_parallel_executor.executor.parallel:loop closed
[2.766s] DEBUG:colcon.colcon_parallel_executor.executor.parallel:run_until_complete finished with '0'
[2.767s] DEBUG:colcon.colcon_core.event_reactor:joining thread
[2.771s] DEBUG:colcon.colcon_core.event_reactor:joined thread
[2.774s] INFO:colcon.colcon_core.shell:Creating prefix script '/root/nuc_ws/install/local_setup.ps1'
[2.783s] INFO:colcon.colcon_core.shell:Creating prefix util module '/root/nuc_ws/install/_local_setup_util_ps1.py'
[2.795s] INFO:colcon.colcon_core.shell:Creating prefix chain script '/root/nuc_ws/install/setup.ps1'
[2.805s] INFO:colcon.colcon_core.shell:Creating prefix script '/root/nuc_ws/install/local_setup.sh'
[2.810s] INFO:colcon.colcon_core.shell:Creating prefix util module '/root/nuc_ws/install/_local_setup_util_sh.py'
[2.814s] INFO:colcon.colcon_core.shell:Creating prefix chain script '/root/nuc_ws/install/setup.sh'
[2.823s] INFO:colcon.colcon_core.shell:Creating prefix script '/root/nuc_ws/install/local_setup.bash'
[2.828s] INFO:colcon.colcon_core.shell:Creating prefix chain script '/root/nuc_ws/install/setup.bash'
[2.836s] INFO:colcon.colcon_core.shell:Creating prefix script '/root/nuc_ws/install/local_setup.zsh'
[2.840s] INFO:colcon.colcon_core.shell:Creating prefix chain script '/root/nuc_ws/install/setup.zsh'
