Consolidate compiler generated dependencies of target r2_serial_driver_core
[ 14%] Building CXX object r2_serial_driver/CMakeFiles/r2_serial_driver_core.dir/src/command_encoder.cpp.o
[ 28%] Linking CXX static library libr2_serial_driver_core.a
[ 42%] Built target r2_serial_driver_core
[ 57%] Building CXX object CMakeFiles/r2_mission_node.dir/src/mission_node.cpp.o
[ 71%] Building CXX object CMakeFiles/blue_mission_node.dir/src/bluemisson_node.cpp.o
[ 85%] Linking CXX executable r2_mission_node
[100%] Linking CXX executable blue_mission_node
[100%] Built target r2_mission_node
[100%] Built target blue_mission_node
-- Install configuration: ""
-- Installing: /root/nuc_ws/install/r2_mission/lib/r2_mission/r2_mission_node
-- Set runtime path of "/root/nuc_ws/install/r2_mission/lib/r2_mission/r2_mission_node" to ""
-- Installing: /root/nuc_ws/install/r2_mission/lib/r2_mission/blue_mission_node
-- Set runtime path of "/root/nuc_ws/install/r2_mission/lib/r2_mission/blue_mission_node" to ""
-- Installing: /root/nuc_ws/install/r2_mission/share/r2_mission/launch
-- Installing: /root/nuc_ws/install/r2_mission/share/r2_mission/launch/bringup.launch.py
-- Installing: /root/nuc_ws/install/r2_mission/share/r2_mission/launch/bluebringup.launch.py
-- Installing: /root/nuc_ws/install/r2_mission/share/r2_mission/config
-- Installing: /root/nuc_ws/install/r2_mission/share/r2_mission/config/params.yaml
-- Installing: /root/nuc_ws/install/r2_mission/share/ament_index/resource_index/package_run_dependencies/r2_mission
-- Installing: /root/nuc_ws/install/r2_mission/share/ament_index/resource_index/parent_prefix_path/r2_mission
-- Installing: /root/nuc_ws/install/r2_mission/share/r2_mission/environment/ament_prefix_path.sh
-- Installing: /root/nuc_ws/install/r2_mission/share/r2_mission/environment/ament_prefix_path.dsv
-- Installing: /root/nuc_ws/install/r2_mission/share/r2_mission/environment/path.sh
-- Installing: /root/nuc_ws/install/r2_mission/share/r2_mission/environment/path.dsv
-- Installing: /root/nuc_ws/install/r2_mission/share/r2_mission/local_setup.bash
-- Installing: /root/nuc_ws/install/r2_mission/share/r2_mission/local_setup.sh
-- Installing: /root/nuc_ws/install/r2_mission/share/r2_mission/local_setup.zsh
-- Installing: /root/nuc_ws/install/r2_mission/share/r2_mission/local_setup.dsv
-- Installing: /root/nuc_ws/install/r2_mission/share/r2_mission/package.dsv
-- Installing: /root/nuc_ws/install/r2_mission/share/ament_index/resource_index/packages/r2_mission
-- Installing: /root/nuc_ws/install/r2_mission/share/r2_mission/cmake/r2_missionConfig.cmake
-- Installing: /root/nuc_ws/install/r2_mission/share/r2_mission/cmake/r2_missionConfig-version.cmake
-- Installing: /root/nuc_ws/install/r2_mission/share/r2_mission/package.xml
-- Installing: /root/nuc_ws/install/r2_mission/lib/libr2_serial_driver_core.a
