[0.088s] Invoking command in '/root/nuc_ws/build/r2_mission': CMAKE_PREFIX_PATH=${CMAKE_PREFIX_PATH}:/home/sunrise/yolov8_bpu_ws/install/yolov8_bpu:/opt/tros/humble:/opt/ros/humble LD_LIBRARY_PATH=/root/nuc_ws/install/detection_interfaces/lib:/home/sunrise/yolov8_bpu_ws/install/astra_camera/lib:/home/sunrise/yolov8_bpu_ws/install/astra_camera_msgs/lib:/opt/tros/humble/lib/aarch64-linux-gnu:/opt/tros/humble/lib:/opt/ros/humble/opt/rviz_ogre_vendor/lib:/opt/ros/humble/lib/aarch64-linux-gnu:/opt/ros/humble/lib:/usr/hobot/lib:/app/lib:/app/pub/lib:/middleware/lib:/middleware/pub/lib:/usr/hobot/lib/sensor:/system/lib:/system/usr/lib:/lib /usr/bin/cmake --build /root/nuc_ws/build/r2_mission -- -j8 -l8
[0.320s] Consolidate compiler generated dependencies of target r2_serial_driver_core
[0.382s] [ 14%] Building CXX object r2_serial_driver/CMakeFiles/r2_serial_driver_core.dir/src/command_encoder.cpp.o
[2.460s] [ 28%] Linking CXX static library libr2_serial_driver_core.a
[2.676s] [ 42%] Built target r2_serial_driver_core
[2.804s] [ 57%] Building CXX object CMakeFiles/r2_mission_node.dir/src/mission_node.cpp.o
[2.828s] [ 71%] Building CXX object CMakeFiles/blue_mission_node.dir/src/bluemisson_node.cpp.o
[79.773s] [ 85%] Linking CXX executable r2_mission_node
[80.036s] [100%] Linking CXX executable blue_mission_node
[83.629s] [100%] Built target r2_mission_node
[83.821s] [100%] Built target blue_mission_node
[83.876s] Invoked command in '/root/nuc_ws/build/r2_mission' returned '0': CMAKE_PREFIX_PATH=${CMAKE_PREFIX_PATH}:/home/sunrise/yolov8_bpu_ws/install/yolov8_bpu:/opt/tros/humble:/opt/ros/humble LD_LIBRARY_PATH=/root/nuc_ws/install/detection_interfaces/lib:/home/sunrise/yolov8_bpu_ws/install/astra_camera/lib:/home/sunrise/yolov8_bpu_ws/install/astra_camera_msgs/lib:/opt/tros/humble/lib/aarch64-linux-gnu:/opt/tros/humble/lib:/opt/ros/humble/opt/rviz_ogre_vendor/lib:/opt/ros/humble/lib/aarch64-linux-gnu:/opt/ros/humble/lib:/usr/hobot/lib:/app/lib:/app/pub/lib:/middleware/lib:/middleware/pub/lib:/usr/hobot/lib/sensor:/system/lib:/system/usr/lib:/lib /usr/bin/cmake --build /root/nuc_ws/build/r2_mission -- -j8 -l8
[83.938s] Invoking command in '/root/nuc_ws/build/r2_mission': CMAKE_PREFIX_PATH=${CMAKE_PREFIX_PATH}:/home/sunrise/yolov8_bpu_ws/install/yolov8_bpu:/opt/tros/humble:/opt/ros/humble LD_LIBRARY_PATH=/root/nuc_ws/install/detection_interfaces/lib:/home/sunrise/yolov8_bpu_ws/install/astra_camera/lib:/home/sunrise/yolov8_bpu_ws/install/astra_camera_msgs/lib:/opt/tros/humble/lib/aarch64-linux-gnu:/opt/tros/humble/lib:/opt/ros/humble/opt/rviz_ogre_vendor/lib:/opt/ros/humble/lib/aarch64-linux-gnu:/opt/ros/humble/lib:/usr/hobot/lib:/app/lib:/app/pub/lib:/middleware/lib:/middleware/pub/lib:/usr/hobot/lib/sensor:/system/lib:/system/usr/lib:/lib /usr/bin/cmake --install /root/nuc_ws/build/r2_mission
[83.971s] -- Install configuration: ""
[83.972s] -- Installing: /root/nuc_ws/install/r2_mission/lib/r2_mission/r2_mission_node
[84.000s] -- Set runtime path of "/root/nuc_ws/install/r2_mission/lib/r2_mission/r2_mission_node" to ""
[84.001s] -- Installing: /root/nuc_ws/install/r2_mission/lib/r2_mission/blue_mission_node
[84.029s] -- Set runtime path of "/root/nuc_ws/install/r2_mission/lib/r2_mission/blue_mission_node" to ""
[84.030s] -- Installing: /root/nuc_ws/install/r2_mission/share/r2_mission/launch
[84.032s] -- Installing: /root/nuc_ws/install/r2_mission/share/r2_mission/launch/bringup.launch.py
[84.033s] -- Installing: /root/nuc_ws/install/r2_mission/share/r2_mission/launch/bluebringup.launch.py
[84.033s] -- Installing: /root/nuc_ws/install/r2_mission/share/r2_mission/config
[84.034s] -- Installing: /root/nuc_ws/install/r2_mission/share/r2_mission/config/params.yaml
[84.035s] -- Installing: /root/nuc_ws/install/r2_mission/share/ament_index/resource_index/package_run_dependencies/r2_mission
[84.036s] -- Installing: /root/nuc_ws/install/r2_mission/share/ament_index/resource_index/parent_prefix_path/r2_mission
[84.041s] -- Installing: /root/nuc_ws/install/r2_mission/share/r2_mission/environment/ament_prefix_path.sh
[84.042s] -- Installing: /root/nuc_ws/install/r2_mission/share/r2_mission/environment/ament_prefix_path.dsv
[84.044s] -- Installing: /root/nuc_ws/install/r2_mission/share/r2_mission/environment/path.sh
[84.046s] -- Installing: /root/nuc_ws/install/r2_mission/share/r2_mission/environment/path.dsv
[84.047s] -- Installing: /root/nuc_ws/install/r2_mission/share/r2_mission/local_setup.bash
[84.048s] -- Installing: /root/nuc_ws/install/r2_mission/share/r2_mission/local_setup.sh
[84.050s] -- Installing: /root/nuc_ws/install/r2_mission/share/r2_mission/local_setup.zsh
[84.051s] -- Installing: /root/nuc_ws/install/r2_mission/share/r2_mission/local_setup.dsv
[84.052s] -- Installing: /root/nuc_ws/install/r2_mission/share/r2_mission/package.dsv
[84.053s] -- Installing: /root/nuc_ws/install/r2_mission/share/ament_index/resource_index/packages/r2_mission
[84.055s] -- Installing: /root/nuc_ws/install/r2_mission/share/r2_mission/cmake/r2_missionConfig.cmake
[84.056s] -- Installing: /root/nuc_ws/install/r2_mission/share/r2_mission/cmake/r2_missionConfig-version.cmake
[84.060s] -- Installing: /root/nuc_ws/install/r2_mission/share/r2_mission/package.xml
[84.061s] -- Installing: /root/nuc_ws/install/r2_mission/lib/libr2_serial_driver_core.a
[84.063s] Invoked command in '/root/nuc_ws/build/r2_mission' returned '0': CMAKE_PREFIX_PATH=${CMAKE_PREFIX_PATH}:/home/sunrise/yolov8_bpu_ws/install/yolov8_bpu:/opt/tros/humble:/opt/ros/humble LD_LIBRARY_PATH=/root/nuc_ws/install/detection_interfaces/lib:/home/sunrise/yolov8_bpu_ws/install/astra_camera/lib:/home/sunrise/yolov8_bpu_ws/install/astra_camera_msgs/lib:/opt/tros/humble/lib/aarch64-linux-gnu:/opt/tros/humble/lib:/opt/ros/humble/opt/rviz_ogre_vendor/lib:/opt/ros/humble/lib/aarch64-linux-gnu:/opt/ros/humble/lib:/usr/hobot/lib:/app/lib:/app/pub/lib:/middleware/lib:/middleware/pub/lib:/usr/hobot/lib/sensor:/system/lib:/system/usr/lib:/lib /usr/bin/cmake --install /root/nuc_ws/build/r2_mission
