-- Found ament_cmake: 1.3.12 (/opt/ros/humble/share/ament_cmake/cmake)
-- Found rclcpp: 16.0.14 (/opt/ros/humble/share/rclcpp/cmake)
-- Found rosidl_generator_c: 3.1.7 (/opt/ros/humble/share/rosidl_generator_c/cmake)
-- Found rosidl_adapter: 3.1.7 (/opt/ros/humble/share/rosidl_adapter/cmake)
-- Found rosidl_generator_cpp: 3.1.7 (/opt/ros/humble/share/rosidl_generator_cpp/cmake)
-- Using all available rosidl_typesupport_c: rosidl_typesupport_fastrtps_c;rosidl_typesupport_introspection_c
-- Using all available rosidl_typesupport_cpp: rosidl_typesupport_fastrtps_cpp;rosidl_typesupport_introspection_cpp
-- Found rmw_implementation_cmake: 6.1.2 (/opt/ros/humble/share/rmw_implementation_cmake/cmake)
-- Found rmw_fastrtps_cpp: 6.2.8 (/opt/ros/humble/share/rmw_fastrtps_cpp/cmake)
-- Using RMW implementation 'rmw_fastrtps_cpp' as default
-- Found detection_interfaces: 1.0.0 (/root/nuc_ws/install/detection_interfaces/share/detection_interfaces/cmake)
-- Configuring done
-- Generating done
-- Build files have been written to: /root/nuc_ws/build/r2_mission
[35m[1mConsolidate compiler generated dependencies of target r2_serial_driver_core[0m
[ 42%] Built target r2_serial_driver_core
[35m[1mConsolidate compiler generated dependencies of target r2_mission_node[0m
[ 57%] [32mBuilding CXX object CMakeFiles/r2_mission_node.dir/src/mission_node.cpp.o[0m
gmake[2]: *** [CMakeFiles/r2_mission_node.dir/build.make:76: CMakeFiles/r2_mission_node.dir/src/mission_node.cpp.o] 中断
gmake[1]: *** [CMakeFiles/Makefile2:156: CMakeFiles/r2_mission_node.dir/all] 中断
gmake: *** [Makefile:146: all] 中断
