[0.087s] Invoking command in '/root/nuc_ws/build/detection_interfaces': CMAKE_PREFIX_PATH=${CMAKE_PREFIX_PATH}:/home/sunrise/yolov8_bpu_ws/install/yolov8_bpu:/opt/tros/humble:/opt/ros/humble /usr/bin/cmake /root/nuc_ws/nuc_ws/src/nuc_ws/src/detection_interfaces -DCMAKE_INSTALL_PREFIX=/root/nuc_ws/install/detection_interfaces
[0.758s] -- The C compiler identification is GNU 11.2.0
[1.353s] -- The CXX compiler identification is GNU 11.2.0
[1.416s] -- Detecting C compiler ABI info
[1.900s] -- Detecting C compiler ABI info - done
[1.951s] -- Check for working C compiler: /usr/bin/cc - skipped
[1.954s] -- Detecting C compile features
[1.961s] -- Detecting C compile features - done
[1.985s] -- Detecting CXX compiler ABI info
[2.510s] -- Detecting CXX compiler ABI info - done
[2.563s] -- Check for working CXX compiler: /usr/bin/c++ - skipped
[2.564s] -- Detecting CXX compile features
[2.567s] -- Detecting CXX compile features - done
[2.601s] -- Found ament_cmake: 1.3.12 (/opt/ros/humble/share/ament_cmake/cmake)
[5.733s] -- Found Python3: /usr/bin/python3 (found version "3.10.12") found components: Interpreter 
[6.502s] -- Found builtin_interfaces: 1.2.2 (/opt/ros/humble/share/builtin_interfaces/cmake)
[6.754s] -- Found rosidl_generator_c: 3.1.7 (/opt/ros/humble/share/rosidl_generator_c/cmake)
[6.792s] -- Found rosidl_adapter: 3.1.7 (/opt/ros/humble/share/rosidl_adapter/cmake)
[6.860s] -- Found rosidl_generator_cpp: 3.1.7 (/opt/ros/humble/share/rosidl_generator_cpp/cmake)
[7.007s] -- Using all available rosidl_typesupport_c: rosidl_typesupport_fastrtps_c;rosidl_typesupport_introspection_c
[7.136s] -- Using all available rosidl_typesupport_cpp: rosidl_typesupport_fastrtps_cpp;rosidl_typesupport_introspection_cpp
[7.252s] -- Found std_msgs: 4.9.0 (/opt/ros/humble/share/std_msgs/cmake)
[7.357s] -- Found rosidl_default_generators: 1.2.0 (/opt/ros/humble/share/rosidl_default_generators/cmake)
[9.751s] -- Found ament_cmake_ros: 0.10.0 (/opt/ros/humble/share/ament_cmake_ros/cmake)
[12.881s] -- Using all available rosidl_typesupport_c: rosidl_typesupport_fastrtps_c;rosidl_typesupport_introspection_c
[14.026s] -- Using all available rosidl_typesupport_cpp: rosidl_typesupport_fastrtps_cpp;rosidl_typesupport_introspection_cpp
[14.361s] -- Found PythonInterp: /usr/bin/python3 (found suitable version "3.10.12", minimum required is "3.6") 
[14.372s] -- Found python_cmake_module: 0.10.0 (/opt/ros/humble/share/python_cmake_module/cmake)
[14.596s] -- Found PythonLibs: /usr/lib/aarch64-linux-gnu/libpython3.10.so (found suitable version "3.10.12", minimum required is "3.5") 
[14.597s] -- Using PYTHON_EXECUTABLE: /usr/bin/python3
[14.598s] -- Using PYTHON_INCLUDE_DIRS: /usr/include/python3.10
[14.598s] -- Using PYTHON_LIBRARIES: /usr/lib/aarch64-linux-gnu/libpython3.10.so
[14.797s] -- Found PythonExtra: .so  
[15.278s] -- Configuring done
[15.516s] -- Generating done
[15.606s] -- Build files have been written to: /root/nuc_ws/build/detection_interfaces
[15.667s] Invoked command in '/root/nuc_ws/build/detection_interfaces' returned '0': CMAKE_PREFIX_PATH=${CMAKE_PREFIX_PATH}:/home/sunrise/yolov8_bpu_ws/install/yolov8_bpu:/opt/tros/humble:/opt/ros/humble /usr/bin/cmake /root/nuc_ws/nuc_ws/src/nuc_ws/src/detection_interfaces -DCMAKE_INSTALL_PREFIX=/root/nuc_ws/install/detection_interfaces
[15.670s] Invoking command in '/root/nuc_ws/build/detection_interfaces': CMAKE_PREFIX_PATH=${CMAKE_PREFIX_PATH}:/home/sunrise/yolov8_bpu_ws/install/yolov8_bpu:/opt/tros/humble:/opt/ros/humble /usr/bin/cmake --build /root/nuc_ws/build/detection_interfaces -- -j8 -l8
[15.886s] [  2%] Generating C code for ROS interfaces
[19.741s] [  5%] Building C object CMakeFiles/detection_interfaces__rosidl_generator_c.dir/rosidl_generator_c/detection_interfaces/msg/detail/detection_result__functions.c.o
[20.155s] [  7%] Building C object CMakeFiles/detection_interfaces__rosidl_generator_c.dir/rosidl_generator_c/detection_interfaces/msg/detail/detection_array__functions.c.o
[20.472s] [ 10%] Linking C shared library libdetection_interfaces__rosidl_generator_c.so
[20.724s] [ 10%] Built target detection_interfaces__rosidl_generator_c
[20.873s] [ 10%] Built target ament_cmake_python_copy_detection_interfaces
[20.927s] [ 12%] Generating C introspection for ROS interfaces
[24.037s] [ 15%] Building C object CMakeFiles/detection_interfaces__rosidl_typesupport_introspection_c.dir/rosidl_typesupport_introspection_c/detection_interfaces/msg/detail/detection_result__type_support.c.o
[24.246s] [ 17%] Building C object CMakeFiles/detection_interfaces__rosidl_typesupport_introspection_c.dir/rosidl_typesupport_introspection_c/detection_interfaces/msg/detail/detection_array__type_support.c.o
[24.479s] [ 20%] Linking C shared library libdetection_interfaces__rosidl_typesupport_introspection_c.so
[24.682s] [ 20%] Built target detection_interfaces__rosidl_typesupport_introspection_c
[26.584s] running egg_info
[26.786s] creating detection_interfaces.egg-info
[26.787s] writing detection_interfaces.egg-info/PKG-INFO
[26.790s] writing dependency_links to detection_interfaces.egg-info/dependency_links.txt
[26.794s] writing top-level names to detection_interfaces.egg-info/top_level.txt
[26.795s] writing manifest file 'detection_interfaces.egg-info/SOURCES.txt'
[27.327s] reading manifest file 'detection_interfaces.egg-info/SOURCES.txt'
[27.336s] writing manifest file 'detection_interfaces.egg-info/SOURCES.txt'
[27.661s] [ 20%] Built target ament_cmake_python_build_detection_interfaces_egg
[27.718s] [ 23%] Generating C type support for eProsima Fast-RTPS
[30.983s] [ 25%] Building CXX object CMakeFiles/detection_interfaces__rosidl_typesupport_fastrtps_c.dir/rosidl_typesupport_fastrtps_c/detection_interfaces/msg/detail/detection_result__type_support_c.cpp.o
[30.984s] [ 28%] Building CXX object CMakeFiles/detection_interfaces__rosidl_typesupport_fastrtps_c.dir/rosidl_typesupport_fastrtps_c/detection_interfaces/msg/detail/detection_array__type_support_c.cpp.o
[33.650s] [ 30%] Linking CXX shared library libdetection_interfaces__rosidl_typesupport_fastrtps_c.so
[34.175s] [ 30%] Built target detection_interfaces__rosidl_typesupport_fastrtps_c
[34.223s] [ 33%] Generating C type support dispatch for ROS interfaces
[34.281s] [ 35%] Generating C++ code for ROS interfaces
[37.020s] [ 41%] Building CXX object CMakeFiles/detection_interfaces__rosidl_typesupport_c.dir/rosidl_typesupport_c/detection_interfaces/msg/detection_array__type_support.cpp.o
[37.021s] [ 41%] Building CXX object CMakeFiles/detection_interfaces__rosidl_typesupport_c.dir/rosidl_typesupport_c/detection_interfaces/msg/detection_result__type_support.cpp.o
[37.235s] [ 43%] Linking CXX shared library libdetection_interfaces__rosidl_typesupport_c.so
[37.475s] [ 43%] Built target detection_interfaces__rosidl_typesupport_c
[37.681s] [ 43%] Built target detection_interfaces__cpp
[37.745s] [ 46%] Generating C++ type support dispatch for ROS interfaces
[37.768s] [ 48%] Generating C++ type support for eProsima Fast-RTPS
[37.791s] [ 51%] Generating C++ introspection for ROS interfaces
[40.806s] [ 53%] Building CXX object CMakeFiles/detection_interfaces__rosidl_typesupport_cpp.dir/rosidl_typesupport_cpp/detection_interfaces/msg/detection_result__type_support.cpp.o
[41.538s] [ 56%] Building CXX object CMakeFiles/detection_interfaces__rosidl_typesupport_introspection_cpp.dir/rosidl_typesupport_introspection_cpp/detection_interfaces/msg/detail/detection_result__type_support.cpp.o
[41.658s] [ 58%] Building CXX object CMakeFiles/detection_interfaces__rosidl_typesupport_fastrtps_cpp.dir/rosidl_typesupport_fastrtps_cpp/detection_interfaces/msg/detail/dds_fastrtps/detection_result__type_support.cpp.o
[43.396s] [ 61%] Building CXX object CMakeFiles/detection_interfaces__rosidl_typesupport_cpp.dir/rosidl_typesupport_cpp/detection_interfaces/msg/detection_array__type_support.cpp.o
[45.103s] [ 64%] Building CXX object CMakeFiles/detection_interfaces__rosidl_typesupport_introspection_cpp.dir/rosidl_typesupport_introspection_cpp/detection_interfaces/msg/detail/detection_array__type_support.cpp.o
[45.761s] [ 66%] Building CXX object CMakeFiles/detection_interfaces__rosidl_typesupport_fastrtps_cpp.dir/rosidl_typesupport_fastrtps_cpp/detection_interfaces/msg/detail/dds_fastrtps/detection_array__type_support.cpp.o
[46.222s] [ 69%] Linking CXX shared library libdetection_interfaces__rosidl_typesupport_cpp.so
[46.607s] [ 69%] Built target detection_interfaces__rosidl_typesupport_cpp
[49.720s] [ 71%] Linking CXX shared library libdetection_interfaces__rosidl_typesupport_introspection_cpp.so
[50.066s] [ 74%] Linking CXX shared library libdetection_interfaces__rosidl_typesupport_fastrtps_cpp.so
[50.337s] [ 74%] Built target detection_interfaces__rosidl_typesupport_introspection_cpp
[50.700s] [ 74%] Built target detection_interfaces__rosidl_typesupport_fastrtps_cpp
[50.822s] [ 74%] Built target detection_interfaces
[50.945s] [ 76%] Generating Python code for ROS interfaces
[56.444s] [ 76%] Built target detection_interfaces__py
[56.562s] [ 79%] Building C object CMakeFiles/detection_interfaces__rosidl_generator_py.dir/rosidl_generator_py/detection_interfaces/msg/_detection_result_s.c.o
[57.502s] [ 82%] Building C object CMakeFiles/detection_interfaces__rosidl_generator_py.dir/rosidl_generator_py/detection_interfaces/msg/_detection_array_s.c.o
[58.233s] [ 84%] Linking C shared library rosidl_generator_py/detection_interfaces/libdetection_interfaces__rosidl_generator_py.so
[58.532s] [ 84%] Built target detection_interfaces__rosidl_generator_py
[58.657s] [ 87%] Building C object CMakeFiles/detection_interfaces__rosidl_typesupport_fastrtps_c__pyext.dir/rosidl_generator_py/detection_interfaces/_detection_interfaces_s.ep.rosidl_typesupport_fastrtps_c.c.o
[59.343s] [ 89%] Linking C shared library rosidl_generator_py/detection_interfaces/detection_interfaces_s__rosidl_typesupport_fastrtps_c.cpython-310-aarch64-linux-gnu.so
[59.645s] [ 89%] Built target detection_interfaces__rosidl_typesupport_fastrtps_c__pyext
[59.796s] [ 92%] Building C object CMakeFiles/detection_interfaces__rosidl_typesupport_c__pyext.dir/rosidl_generator_py/detection_interfaces/_detection_interfaces_s.ep.rosidl_typesupport_c.c.o
[60.513s] [ 94%] Linking C shared library rosidl_generator_py/detection_interfaces/detection_interfaces_s__rosidl_typesupport_c.cpython-310-aarch64-linux-gnu.so
[60.813s] [ 94%] Built target detection_interfaces__rosidl_typesupport_c__pyext
[60.933s] [ 97%] Building C object CMakeFiles/detection_interfaces__rosidl_typesupport_introspection_c__pyext.dir/rosidl_generator_py/detection_interfaces/_detection_interfaces_s.ep.rosidl_typesupport_introspection_c.c.o
[61.616s] [100%] Linking C shared library rosidl_generator_py/detection_interfaces/detection_interfaces_s__rosidl_typesupport_introspection_c.cpython-310-aarch64-linux-gnu.so
[61.917s] [100%] Built target detection_interfaces__rosidl_typesupport_introspection_c__pyext
[61.997s] Invoked command in '/root/nuc_ws/build/detection_interfaces' returned '0': CMAKE_PREFIX_PATH=${CMAKE_PREFIX_PATH}:/home/sunrise/yolov8_bpu_ws/install/yolov8_bpu:/opt/tros/humble:/opt/ros/humble /usr/bin/cmake --build /root/nuc_ws/build/detection_interfaces -- -j8 -l8
[62.042s] Invoking command in '/root/nuc_ws/build/detection_interfaces': CMAKE_PREFIX_PATH=${CMAKE_PREFIX_PATH}:/home/sunrise/yolov8_bpu_ws/install/yolov8_bpu:/opt/tros/humble:/opt/ros/humble /usr/bin/cmake --install /root/nuc_ws/build/detection_interfaces
[62.092s] -- Install configuration: ""
[62.096s] -- Installing: /root/nuc_ws/install/detection_interfaces/share/ament_index/resource_index/rosidl_interfaces/detection_interfaces
[62.098s] -- Installing: /root/nuc_ws/install/detection_interfaces/include/detection_interfaces/detection_interfaces
[62.101s] -- Installing: /root/nuc_ws/install/detection_interfaces/include/detection_interfaces/detection_interfaces/msg
[62.103s] -- Installing: /root/nuc_ws/install/detection_interfaces/include/detection_interfaces/detection_interfaces/msg/detail
[62.105s] -- Installing: /root/nuc_ws/install/detection_interfaces/include/detection_interfaces/detection_interfaces/msg/detail/detection_result__functions.h
[62.107s] -- Installing: /root/nuc_ws/install/detection_interfaces/include/detection_interfaces/detection_interfaces/msg/detail/detection_result__type_support.h
[62.110s] -- Installing: /root/nuc_ws/install/detection_interfaces/include/detection_interfaces/detection_interfaces/msg/detail/detection_array__functions.c
[62.112s] -- Installing: /root/nuc_ws/install/detection_interfaces/include/detection_interfaces/detection_interfaces/msg/detail/detection_array__functions.h
[62.115s] -- Installing: /root/nuc_ws/install/detection_interfaces/include/detection_interfaces/detection_interfaces/msg/detail/detection_array__type_support.h
[62.117s] -- Installing: /root/nuc_ws/install/detection_interfaces/include/detection_interfaces/detection_interfaces/msg/detail/detection_array__struct.h
[62.120s] -- Installing: /root/nuc_ws/install/detection_interfaces/include/detection_interfaces/detection_interfaces/msg/detail/detection_result__struct.h
[62.123s] -- Installing: /root/nuc_ws/install/detection_interfaces/include/detection_interfaces/detection_interfaces/msg/detail/detection_result__functions.c
[62.127s] -- Installing: /root/nuc_ws/install/detection_interfaces/include/detection_interfaces/detection_interfaces/msg/rosidl_generator_c__visibility_control.h
[62.129s] -- Installing: /root/nuc_ws/install/detection_interfaces/include/detection_interfaces/detection_interfaces/msg/detection_array.h
[62.132s] -- Installing: /root/nuc_ws/install/detection_interfaces/include/detection_interfaces/detection_interfaces/msg/detection_result.h
[62.135s] -- Installing: /root/nuc_ws/install/detection_interfaces/share/detection_interfaces/environment/library_path.sh
[62.138s] -- Installing: /root/nuc_ws/install/detection_interfaces/share/detection_interfaces/environment/library_path.dsv
[62.141s] -- Installing: /root/nuc_ws/install/detection_interfaces/lib/libdetection_interfaces__rosidl_generator_c.so
[62.146s] -- Set runtime path of "/root/nuc_ws/install/detection_interfaces/lib/libdetection_interfaces__rosidl_generator_c.so" to ""
[62.148s] -- Up-to-date: /root/nuc_ws/install/detection_interfaces/include/detection_interfaces/detection_interfaces
[62.150s] -- Up-to-date: /root/nuc_ws/install/detection_interfaces/include/detection_interfaces/detection_interfaces/msg
[62.152s] -- Up-to-date: /root/nuc_ws/install/detection_interfaces/include/detection_interfaces/detection_interfaces/msg/detail
[62.154s] -- Installing: /root/nuc_ws/install/detection_interfaces/include/detection_interfaces/detection_interfaces/msg/detail/detection_array__rosidl_typesupport_fastrtps_c.h
[62.157s] -- Installing: /root/nuc_ws/install/detection_interfaces/include/detection_interfaces/detection_interfaces/msg/detail/detection_result__rosidl_typesupport_fastrtps_c.h
[62.160s] -- Installing: /root/nuc_ws/install/detection_interfaces/include/detection_interfaces/detection_interfaces/msg/rosidl_typesupport_fastrtps_c__visibility_control.h
[62.163s] -- Installing: /root/nuc_ws/install/detection_interfaces/lib/libdetection_interfaces__rosidl_typesupport_fastrtps_c.so
[62.170s] -- Set runtime path of "/root/nuc_ws/install/detection_interfaces/lib/libdetection_interfaces__rosidl_typesupport_fastrtps_c.so" to ""
[62.172s] -- Up-to-date: /root/nuc_ws/install/detection_interfaces/include/detection_interfaces/detection_interfaces
[62.174s] -- Up-to-date: /root/nuc_ws/install/detection_interfaces/include/detection_interfaces/detection_interfaces/msg
[62.177s] -- Up-to-date: /root/nuc_ws/install/detection_interfaces/include/detection_interfaces/detection_interfaces/msg/detail
[62.179s] -- Installing: /root/nuc_ws/install/detection_interfaces/include/detection_interfaces/detection_interfaces/msg/detail/detection_result__struct.hpp
[62.180s] -- Installing: /root/nuc_ws/install/detection_interfaces/include/detection_interfaces/detection_interfaces/msg/detail/detection_result__builder.hpp
[62.182s] -- Installing: /root/nuc_ws/install/detection_interfaces/include/detection_interfaces/detection_interfaces/msg/detail/detection_result__type_support.hpp
[62.184s] -- Installing: /root/nuc_ws/install/detection_interfaces/include/detection_interfaces/detection_interfaces/msg/detail/detection_array__builder.hpp
[62.185s] -- Installing: /root/nuc_ws/install/detection_interfaces/include/detection_interfaces/detection_interfaces/msg/detail/detection_array__traits.hpp
[62.187s] -- Installing: /root/nuc_ws/install/detection_interfaces/include/detection_interfaces/detection_interfaces/msg/detail/detection_array__type_support.hpp
[62.188s] -- Installing: /root/nuc_ws/install/detection_interfaces/include/detection_interfaces/detection_interfaces/msg/detail/detection_array__struct.hpp
[62.190s] -- Installing: /root/nuc_ws/install/detection_interfaces/include/detection_interfaces/detection_interfaces/msg/detail/detection_result__traits.hpp
[62.192s] -- Installing: /root/nuc_ws/install/detection_interfaces/include/detection_interfaces/detection_interfaces/msg/detection_result.hpp
[62.193s] -- Installing: /root/nuc_ws/install/detection_interfaces/include/detection_interfaces/detection_interfaces/msg/rosidl_generator_cpp__visibility_control.hpp
[62.196s] -- Installing: /root/nuc_ws/install/detection_interfaces/include/detection_interfaces/detection_interfaces/msg/detection_array.hpp
[62.197s] -- Up-to-date: /root/nuc_ws/install/detection_interfaces/include/detection_interfaces/detection_interfaces
[62.199s] -- Up-to-date: /root/nuc_ws/install/detection_interfaces/include/detection_interfaces/detection_interfaces/msg
[62.206s] -- Up-to-date: /root/nuc_ws/install/detection_interfaces/include/detection_interfaces/detection_interfaces/msg/detail
[62.207s] -- Installing: /root/nuc_ws/install/detection_interfaces/include/detection_interfaces/detection_interfaces/msg/detail/detection_array__rosidl_typesupport_fastrtps_cpp.hpp
[62.207s] -- Installing: /root/nuc_ws/install/detection_interfaces/include/detection_interfaces/detection_interfaces/msg/detail/detection_result__rosidl_typesupport_fastrtps_cpp.hpp
[62.210s] -- Installing: /root/nuc_ws/install/detection_interfaces/include/detection_interfaces/detection_interfaces/msg/detail/dds_fastrtps
[62.211s] -- Installing: /root/nuc_ws/install/detection_interfaces/include/detection_interfaces/detection_interfaces/msg/rosidl_typesupport_fastrtps_cpp__visibility_control.h
[62.213s] -- Installing: /root/nuc_ws/install/detection_interfaces/lib/libdetection_interfaces__rosidl_typesupport_fastrtps_cpp.so
[62.214s] -- Set runtime path of "/root/nuc_ws/install/detection_interfaces/lib/libdetection_interfaces__rosidl_typesupport_fastrtps_cpp.so" to ""
[62.216s] -- Up-to-date: /root/nuc_ws/install/detection_interfaces/include/detection_interfaces/detection_interfaces
[62.217s] -- Up-to-date: /root/nuc_ws/install/detection_interfaces/include/detection_interfaces/detection_interfaces/msg
[62.219s] -- Up-to-date: /root/nuc_ws/install/detection_interfaces/include/detection_interfaces/detection_interfaces/msg/detail
[62.220s] -- Installing: /root/nuc_ws/install/detection_interfaces/include/detection_interfaces/detection_interfaces/msg/detail/detection_array__type_support.c
[62.220s] -- Installing: /root/nuc_ws/install/detection_interfaces/include/detection_interfaces/detection_interfaces/msg/detail/detection_result__type_support.c
[62.221s] -- Installing: /root/nuc_ws/install/detection_interfaces/include/detection_interfaces/detection_interfaces/msg/detail/detection_array__rosidl_typesupport_introspection_c.h
[62.222s] -- Installing: /root/nuc_ws/install/detection_interfaces/include/detection_interfaces/detection_interfaces/msg/detail/detection_result__rosidl_typesupport_introspection_c.h
[62.231s] -- Installing: /root/nuc_ws/install/detection_interfaces/include/detection_interfaces/detection_interfaces/msg/rosidl_typesupport_introspection_c__visibility_control.h
[62.233s] -- Installing: /root/nuc_ws/install/detection_interfaces/lib/libdetection_interfaces__rosidl_typesupport_introspection_c.so
[62.235s] -- Set runtime path of "/root/nuc_ws/install/detection_interfaces/lib/libdetection_interfaces__rosidl_typesupport_introspection_c.so" to ""
[62.236s] -- Installing: /root/nuc_ws/install/detection_interfaces/lib/libdetection_interfaces__rosidl_typesupport_c.so
[62.238s] -- Set runtime path of "/root/nuc_ws/install/detection_interfaces/lib/libdetection_interfaces__rosidl_typesupport_c.so" to ""
[62.239s] -- Up-to-date: /root/nuc_ws/install/detection_interfaces/include/detection_interfaces/detection_interfaces
[62.240s] -- Up-to-date: /root/nuc_ws/install/detection_interfaces/include/detection_interfaces/detection_interfaces/msg
[62.241s] -- Up-to-date: /root/nuc_ws/install/detection_interfaces/include/detection_interfaces/detection_interfaces/msg/detail
[62.242s] -- Installing: /root/nuc_ws/install/detection_interfaces/include/detection_interfaces/detection_interfaces/msg/detail/detection_result__type_support.cpp
[62.243s] -- Installing: /root/nuc_ws/install/detection_interfaces/include/detection_interfaces/detection_interfaces/msg/detail/detection_array__type_support.cpp
[62.243s] -- Installing: /root/nuc_ws/install/detection_interfaces/include/detection_interfaces/detection_interfaces/msg/detail/detection_result__rosidl_typesupport_introspection_cpp.hpp
[62.244s] -- Installing: /root/nuc_ws/install/detection_interfaces/include/detection_interfaces/detection_interfaces/msg/detail/detection_array__rosidl_typesupport_introspection_cpp.hpp
[62.245s] -- Installing: /root/nuc_ws/install/detection_interfaces/lib/libdetection_interfaces__rosidl_typesupport_introspection_cpp.so
[62.254s] -- Set runtime path of "/root/nuc_ws/install/detection_interfaces/lib/libdetection_interfaces__rosidl_typesupport_introspection_cpp.so" to ""
[62.255s] -- Installing: /root/nuc_ws/install/detection_interfaces/lib/libdetection_interfaces__rosidl_typesupport_cpp.so
[62.256s] -- Set runtime path of "/root/nuc_ws/install/detection_interfaces/lib/libdetection_interfaces__rosidl_typesupport_cpp.so" to ""
[62.265s] -- Installing: /root/nuc_ws/install/detection_interfaces/share/detection_interfaces/environment/pythonpath.sh
[62.266s] -- Installing: /root/nuc_ws/install/detection_interfaces/share/detection_interfaces/environment/pythonpath.dsv
[62.267s] -- Installing: /root/nuc_ws/install/detection_interfaces/local/lib/python3.10/dist-packages/detection_interfaces-1.0.0-py3.10.egg-info
[62.268s] -- Installing: /root/nuc_ws/install/detection_interfaces/local/lib/python3.10/dist-packages/detection_interfaces-1.0.0-py3.10.egg-info/dependency_links.txt
[62.270s] -- Installing: /root/nuc_ws/install/detection_interfaces/local/lib/python3.10/dist-packages/detection_interfaces-1.0.0-py3.10.egg-info/PKG-INFO
[62.270s] -- Installing: /root/nuc_ws/install/detection_interfaces/local/lib/python3.10/dist-packages/detection_interfaces-1.0.0-py3.10.egg-info/SOURCES.txt
[62.271s] -- Installing: /root/nuc_ws/install/detection_interfaces/local/lib/python3.10/dist-packages/detection_interfaces-1.0.0-py3.10.egg-info/top_level.txt
[62.272s] -- Installing: /root/nuc_ws/install/detection_interfaces/local/lib/python3.10/dist-packages/detection_interfaces
[62.276s] -- Installing: /root/nuc_ws/install/detection_interfaces/local/lib/python3.10/dist-packages/detection_interfaces/detection_interfaces_s__rosidl_typesupport_c.cpython-310-aarch64-linux-gnu.so
[62.277s] -- Installing: /root/nuc_ws/install/detection_interfaces/local/lib/python3.10/dist-packages/detection_interfaces/libdetection_interfaces__rosidl_generator_py.so
[62.278s] -- Installing: /root/nuc_ws/install/detection_interfaces/local/lib/python3.10/dist-packages/detection_interfaces/_detection_interfaces_s.ep.rosidl_typesupport_fastrtps_c.c
[62.280s] -- Installing: /root/nuc_ws/install/detection_interfaces/local/lib/python3.10/dist-packages/detection_interfaces/detection_interfaces_s__rosidl_typesupport_fastrtps_c.cpython-310-aarch64-linux-gnu.so
[62.282s] -- Installing: /root/nuc_ws/install/detection_interfaces/local/lib/python3.10/dist-packages/detection_interfaces/detection_interfaces_s__rosidl_typesupport_introspection_c.cpython-310-aarch64-linux-gnu.so
[62.298s] -- Installing: /root/nuc_ws/install/detection_interfaces/local/lib/python3.10/dist-packages/detection_interfaces/msg
[62.298s] -- Installing: /root/nuc_ws/install/detection_interfaces/local/lib/python3.10/dist-packages/detection_interfaces/msg/_detection_result_s.c
[62.299s] -- Installing: /root/nuc_ws/install/detection_interfaces/local/lib/python3.10/dist-packages/detection_interfaces/msg/_detection_array_s.c
[62.300s] -- Installing: /root/nuc_ws/install/detection_interfaces/local/lib/python3.10/dist-packages/detection_interfaces/msg/_detection_array.py
[62.301s] -- Installing: /root/nuc_ws/install/detection_interfaces/local/lib/python3.10/dist-packages/detection_interfaces/msg/_detection_result.py
[62.301s] -- Installing: /root/nuc_ws/install/detection_interfaces/local/lib/python3.10/dist-packages/detection_interfaces/msg/__init__.py
[62.302s] -- Installing: /root/nuc_ws/install/detection_interfaces/local/lib/python3.10/dist-packages/detection_interfaces/_detection_interfaces_s.ep.rosidl_typesupport_introspection_c.c
[62.303s] -- Installing: /root/nuc_ws/install/detection_interfaces/local/lib/python3.10/dist-packages/detection_interfaces/__init__.py
[62.303s] -- Installing: /root/nuc_ws/install/detection_interfaces/local/lib/python3.10/dist-packages/detection_interfaces/_detection_interfaces_s.ep.rosidl_typesupport_c.c
[62.598s] Listing '/root/nuc_ws/install/detection_interfaces/local/lib/python3.10/dist-packages/detection_interfaces'...
[62.599s] Compiling '/root/nuc_ws/install/detection_interfaces/local/lib/python3.10/dist-packages/detection_interfaces/__init__.py'...
[62.600s] Listing '/root/nuc_ws/install/detection_interfaces/local/lib/python3.10/dist-packages/detection_interfaces/msg'...
[62.600s] Compiling '/root/nuc_ws/install/detection_interfaces/local/lib/python3.10/dist-packages/detection_interfaces/msg/__init__.py'...
[62.601s] Compiling '/root/nuc_ws/install/detection_interfaces/local/lib/python3.10/dist-packages/detection_interfaces/msg/_detection_array.py'...
[62.602s] Compiling '/root/nuc_ws/install/detection_interfaces/local/lib/python3.10/dist-packages/detection_interfaces/msg/_detection_result.py'...
[62.661s] -- Installing: /root/nuc_ws/install/detection_interfaces/local/lib/python3.10/dist-packages/detection_interfaces/detection_interfaces_s__rosidl_typesupport_fastrtps_c.cpython-310-aarch64-linux-gnu.so
[62.663s] -- Set runtime path of "/root/nuc_ws/install/detection_interfaces/local/lib/python3.10/dist-packages/detection_interfaces/detection_interfaces_s__rosidl_typesupport_fastrtps_c.cpython-310-aarch64-linux-gnu.so" to ""
[62.664s] -- Installing: /root/nuc_ws/install/detection_interfaces/local/lib/python3.10/dist-packages/detection_interfaces/detection_interfaces_s__rosidl_typesupport_introspection_c.cpython-310-aarch64-linux-gnu.so
[62.666s] -- Set runtime path of "/root/nuc_ws/install/detection_interfaces/local/lib/python3.10/dist-packages/detection_interfaces/detection_interfaces_s__rosidl_typesupport_introspection_c.cpython-310-aarch64-linux-gnu.so" to ""
[62.667s] -- Installing: /root/nuc_ws/install/detection_interfaces/local/lib/python3.10/dist-packages/detection_interfaces/detection_interfaces_s__rosidl_typesupport_c.cpython-310-aarch64-linux-gnu.so
[62.669s] -- Set runtime path of "/root/nuc_ws/install/detection_interfaces/local/lib/python3.10/dist-packages/detection_interfaces/detection_interfaces_s__rosidl_typesupport_c.cpython-310-aarch64-linux-gnu.so" to ""
[62.670s] -- Installing: /root/nuc_ws/install/detection_interfaces/lib/libdetection_interfaces__rosidl_generator_py.so
[62.672s] -- Set runtime path of "/root/nuc_ws/install/detection_interfaces/lib/libdetection_interfaces__rosidl_generator_py.so" to ""
[62.674s] -- Installing: /root/nuc_ws/install/detection_interfaces/share/detection_interfaces/msg/DetectionResult.idl
[62.676s] -- Installing: /root/nuc_ws/install/detection_interfaces/share/detection_interfaces/msg/DetectionArray.idl
[62.679s] -- Installing: /root/nuc_ws/install/detection_interfaces/share/detection_interfaces/msg/DetectionResult.msg
[62.681s] -- Installing: /root/nuc_ws/install/detection_interfaces/share/detection_interfaces/msg/DetectionArray.msg
[62.684s] -- Installing: /root/nuc_ws/install/detection_interfaces/share/ament_index/resource_index/package_run_dependencies/detection_interfaces
[62.695s] -- Installing: /root/nuc_ws/install/detection_interfaces/share/ament_index/resource_index/parent_prefix_path/detection_interfaces
[62.697s] -- Installing: /root/nuc_ws/install/detection_interfaces/share/detection_interfaces/environment/ament_prefix_path.sh
[62.699s] -- Installing: /root/nuc_ws/install/detection_interfaces/share/detection_interfaces/environment/ament_prefix_path.dsv
[62.701s] -- Installing: /root/nuc_ws/install/detection_interfaces/share/detection_interfaces/environment/path.sh
[62.703s] -- Installing: /root/nuc_ws/install/detection_interfaces/share/detection_interfaces/environment/path.dsv
[62.704s] -- Installing: /root/nuc_ws/install/detection_interfaces/share/detection_interfaces/local_setup.bash
[62.706s] -- Installing: /root/nuc_ws/install/detection_interfaces/share/detection_interfaces/local_setup.sh
[62.707s] -- Installing: /root/nuc_ws/install/detection_interfaces/share/detection_interfaces/local_setup.zsh
[62.708s] -- Installing: /root/nuc_ws/install/detection_interfaces/share/detection_interfaces/local_setup.dsv
[62.708s] -- Installing: /root/nuc_ws/install/detection_interfaces/share/detection_interfaces/package.dsv
[62.709s] -- Installing: /root/nuc_ws/install/detection_interfaces/share/ament_index/resource_index/packages/detection_interfaces
[62.710s] -- Installing: /root/nuc_ws/install/detection_interfaces/share/detection_interfaces/cmake/export_detection_interfaces__rosidl_generator_cExport.cmake
[62.710s] -- Installing: /root/nuc_ws/install/detection_interfaces/share/detection_interfaces/cmake/export_detection_interfaces__rosidl_generator_cExport-noconfig.cmake
[62.711s] -- Installing: /root/nuc_ws/install/detection_interfaces/share/detection_interfaces/cmake/export_detection_interfaces__rosidl_typesupport_fastrtps_cExport.cmake
[62.712s] -- Installing: /root/nuc_ws/install/detection_interfaces/share/detection_interfaces/cmake/export_detection_interfaces__rosidl_typesupport_fastrtps_cExport-noconfig.cmake
[62.712s] -- Installing: /root/nuc_ws/install/detection_interfaces/share/detection_interfaces/cmake/export_detection_interfaces__rosidl_generator_cppExport.cmake
[62.713s] -- Installing: /root/nuc_ws/install/detection_interfaces/share/detection_interfaces/cmake/export_detection_interfaces__rosidl_typesupport_fastrtps_cppExport.cmake
[62.714s] -- Installing: /root/nuc_ws/install/detection_interfaces/share/detection_interfaces/cmake/export_detection_interfaces__rosidl_typesupport_fastrtps_cppExport-noconfig.cmake
[62.716s] -- Installing: /root/nuc_ws/install/detection_interfaces/share/detection_interfaces/cmake/detection_interfaces__rosidl_typesupport_introspection_cExport.cmake
[62.720s] -- Installing: /root/nuc_ws/install/detection_interfaces/share/detection_interfaces/cmake/detection_interfaces__rosidl_typesupport_introspection_cExport-noconfig.cmake
[62.721s] -- Installing: /root/nuc_ws/install/detection_interfaces/share/detection_interfaces/cmake/detection_interfaces__rosidl_typesupport_cExport.cmake
[62.722s] -- Installing: /root/nuc_ws/install/detection_interfaces/share/detection_interfaces/cmake/detection_interfaces__rosidl_typesupport_cExport-noconfig.cmake
[62.722s] -- Installing: /root/nuc_ws/install/detection_interfaces/share/detection_interfaces/cmake/detection_interfaces__rosidl_typesupport_introspection_cppExport.cmake
[62.723s] -- Installing: /root/nuc_ws/install/detection_interfaces/share/detection_interfaces/cmake/detection_interfaces__rosidl_typesupport_introspection_cppExport-noconfig.cmake
[62.724s] -- Installing: /root/nuc_ws/install/detection_interfaces/share/detection_interfaces/cmake/detection_interfaces__rosidl_typesupport_cppExport.cmake
[62.726s] -- Installing: /root/nuc_ws/install/detection_interfaces/share/detection_interfaces/cmake/detection_interfaces__rosidl_typesupport_cppExport-noconfig.cmake
[62.726s] -- Installing: /root/nuc_ws/install/detection_interfaces/share/detection_interfaces/cmake/export_detection_interfaces__rosidl_generator_pyExport.cmake
[62.728s] -- Installing: /root/nuc_ws/install/detection_interfaces/share/detection_interfaces/cmake/export_detection_interfaces__rosidl_generator_pyExport-noconfig.cmake
[62.729s] -- Installing: /root/nuc_ws/install/detection_interfaces/share/detection_interfaces/cmake/rosidl_cmake-extras.cmake
[62.729s] -- Installing: /root/nuc_ws/install/detection_interfaces/share/detection_interfaces/cmake/ament_cmake_export_dependencies-extras.cmake
[62.731s] -- Installing: /root/nuc_ws/install/detection_interfaces/share/detection_interfaces/cmake/ament_cmake_export_include_directories-extras.cmake
[62.732s] -- Installing: /root/nuc_ws/install/detection_interfaces/share/detection_interfaces/cmake/ament_cmake_export_libraries-extras.cmake
[62.733s] -- Installing: /root/nuc_ws/install/detection_interfaces/share/detection_interfaces/cmake/ament_cmake_export_targets-extras.cmake
[62.734s] -- Installing: /root/nuc_ws/install/detection_interfaces/share/detection_interfaces/cmake/rosidl_cmake_export_typesupport_targets-extras.cmake
[62.736s] -- Installing: /root/nuc_ws/install/detection_interfaces/share/detection_interfaces/cmake/rosidl_cmake_export_typesupport_libraries-extras.cmake
[62.737s] -- Installing: /root/nuc_ws/install/detection_interfaces/share/detection_interfaces/cmake/detection_interfacesConfig.cmake
[62.738s] -- Installing: /root/nuc_ws/install/detection_interfaces/share/detection_interfaces/cmake/detection_interfacesConfig-version.cmake
[62.739s] -- Installing: /root/nuc_ws/install/detection_interfaces/share/detection_interfaces/package.xml
[62.740s] Invoked command in '/root/nuc_ws/build/detection_interfaces' returned '0': CMAKE_PREFIX_PATH=${CMAKE_PREFIX_PATH}:/home/sunrise/yolov8_bpu_ws/install/yolov8_bpu:/opt/tros/humble:/opt/ros/humble /usr/bin/cmake --install /root/nuc_ws/build/detection_interfaces
