[0.277s] colcon DEBUG Command line arguments: ['/usr/bin/colcon', 'build']
[0.277s] colcon DEBUG Parsed command line arguments: Namespace(log_base=None, log_level=None, verb_name='build', build_base='build', install_base='install', merge_install=False, symlink_install=False, test_result_base=None, continue_on_error=False, executor='parallel', parallel_workers=8, event_handlers=None, ignore_user_meta=False, metas=['./colcon.meta'], base_paths=['.'], packages_ignore=None, packages_ignore_regex=None, paths=None, packages_up_to=None, packages_up_to_regex=None, packages_above=None, packages_above_and_dependencies=None, packages_above_depth=None, packages_select_by_dep=None, packages_skip_by_dep=None, packages_skip_up_to=None, packages_select_build_failed=False, packages_skip_build_finished=False, packages_select_test_failures=False, packages_skip_test_passed=False, packages_select=None, packages_skip=None, packages_select_regex=None, packages_skip_regex=None, packages_start=None, packages_end=None, allow_overriding=[], cmake_args=None, cmake_target=None, cmake_target_skip_unavailable=False, cmake_clean_cache=False, cmake_clean_first=False, cmake_force_configure=False, ament_cmake_args=None, catkin_cmake_args=None, catkin_skip_building_tests=False, verb_parser=<colcon_defaults.argument_parser.defaults.DefaultArgumentsDecorator object at 0x7ef780e15ba0>, verb_extension=<colcon_core.verb.build.BuildVerb object at 0x7ef780f07010>, main=<bound method BuildVerb.main of <colcon_core.verb.build.BuildVerb object at 0x7ef780f07010>>)
[0.537s] colcon.colcon_core.package_discovery Level 1 discover_packages(colcon_meta) check parameters
[0.537s] colcon.colcon_core.package_discovery Level 1 discover_packages(recursive) check parameters
[0.537s] colcon.colcon_core.package_discovery Level 1 discover_packages(ignore) check parameters
[0.537s] colcon.colcon_core.package_discovery Level 1 discover_packages(path) check parameters
[0.537s] colcon.colcon_core.package_discovery Level 1 discover_packages(colcon_meta) discover
[0.537s] colcon.colcon_core.package_discovery Level 1 discover_packages(recursive) discover
[0.537s] colcon.colcon_core.package_discovery INFO Crawling recursively for packages in '/home/mingadmirer/nuc_ws'
[0.538s] colcon.colcon_core.package_identification Level 1 _identify(.) by extensions ['ignore', 'ignore_ament_install']
[0.538s] colcon.colcon_core.package_identification Level 1 _identify(.) by extension 'ignore'
[0.538s] colcon.colcon_core.package_identification Level 1 _identify(.) by extension 'ignore_ament_install'
[0.538s] colcon.colcon_core.package_identification Level 1 _identify(.) by extensions ['colcon_pkg']
[0.538s] colcon.colcon_core.package_identification Level 1 _identify(.) by extension 'colcon_pkg'
[0.538s] colcon.colcon_core.package_identification Level 1 _identify(.) by extensions ['colcon_meta']
[0.538s] colcon.colcon_core.package_identification Level 1 _identify(.) by extension 'colcon_meta'
[0.538s] colcon.colcon_core.package_identification Level 1 _identify(.) by extensions ['ros']
[0.538s] colcon.colcon_core.package_identification Level 1 _identify(.) by extension 'ros'
[0.554s] colcon.colcon_core.package_identification Level 1 _identify(.) by extensions ['cmake', 'python']
[0.554s] colcon.colcon_core.package_identification Level 1 _identify(.) by extension 'cmake'
[0.554s] colcon.colcon_core.package_identification Level 1 _identify(.) by extension 'python'
[0.554s] colcon.colcon_core.package_identification Level 1 _identify(.) by extensions ['python_setup_py']
[0.554s] colcon.colcon_core.package_identification Level 1 _identify(.) by extension 'python_setup_py'
[0.555s] colcon.colcon_core.package_identification Level 1 _identify(build) by extensions ['ignore', 'ignore_ament_install']
[0.555s] colcon.colcon_core.package_identification Level 1 _identify(build) by extension 'ignore'
[0.555s] colcon.colcon_core.package_identification Level 1 _identify(build) ignored
[0.555s] colcon.colcon_core.package_identification Level 1 _identify(install) by extensions ['ignore', 'ignore_ament_install']
[0.555s] colcon.colcon_core.package_identification Level 1 _identify(install) by extension 'ignore'
[0.555s] colcon.colcon_core.package_identification Level 1 _identify(install) ignored
[0.556s] colcon.colcon_core.package_identification Level 1 _identify(log) by extensions ['ignore', 'ignore_ament_install']
[0.556s] colcon.colcon_core.package_identification Level 1 _identify(log) by extension 'ignore'
[0.556s] colcon.colcon_core.package_identification Level 1 _identify(log) ignored
[0.556s] colcon.colcon_core.package_identification Level 1 _identify(nuc_ws) by extensions ['ignore', 'ignore_ament_install']
[0.556s] colcon.colcon_core.package_identification Level 1 _identify(nuc_ws) by extension 'ignore'
[0.556s] colcon.colcon_core.package_identification Level 1 _identify(nuc_ws) by extension 'ignore_ament_install'
[0.556s] colcon.colcon_core.package_identification Level 1 _identify(nuc_ws) by extensions ['colcon_pkg']
[0.556s] colcon.colcon_core.package_identification Level 1 _identify(nuc_ws) by extension 'colcon_pkg'
[0.557s] colcon.colcon_core.package_identification Level 1 _identify(nuc_ws) by extensions ['colcon_meta']
[0.557s] colcon.colcon_core.package_identification Level 1 _identify(nuc_ws) by extension 'colcon_meta'
[0.557s] colcon.colcon_core.package_identification Level 1 _identify(nuc_ws) by extensions ['ros']
[0.557s] colcon.colcon_core.package_identification Level 1 _identify(nuc_ws) by extension 'ros'
[0.557s] colcon.colcon_core.package_identification Level 1 _identify(nuc_ws) by extensions ['cmake', 'python']
[0.557s] colcon.colcon_core.package_identification Level 1 _identify(nuc_ws) by extension 'cmake'
[0.557s] colcon.colcon_core.package_identification Level 1 _identify(nuc_ws) by extension 'python'
[0.557s] colcon.colcon_core.package_identification Level 1 _identify(nuc_ws) by extensions ['python_setup_py']
[0.557s] colcon.colcon_core.package_identification Level 1 _identify(nuc_ws) by extension 'python_setup_py'
[0.557s] colcon.colcon_core.package_identification Level 1 _identify(nuc_ws/framework) by extensions ['ignore', 'ignore_ament_install']
[0.558s] colcon.colcon_core.package_identification Level 1 _identify(nuc_ws/framework) by extension 'ignore'
[0.558s] colcon.colcon_core.package_identification Level 1 _identify(nuc_ws/framework) by extension 'ignore_ament_install'
[0.558s] colcon.colcon_core.package_identification Level 1 _identify(nuc_ws/framework) by extensions ['colcon_pkg']
[0.558s] colcon.colcon_core.package_identification Level 1 _identify(nuc_ws/framework) by extension 'colcon_pkg'
[0.558s] colcon.colcon_core.package_identification Level 1 _identify(nuc_ws/framework) by extensions ['colcon_meta']
[0.558s] colcon.colcon_core.package_identification Level 1 _identify(nuc_ws/framework) by extension 'colcon_meta'
[0.558s] colcon.colcon_core.package_identification Level 1 _identify(nuc_ws/framework) by extensions ['ros']
[0.558s] colcon.colcon_core.package_identification Level 1 _identify(nuc_ws/framework) by extension 'ros'
[0.558s] colcon.colcon_core.package_identification Level 1 _identify(nuc_ws/framework) by extensions ['cmake', 'python']
[0.559s] colcon.colcon_core.package_identification Level 1 _identify(nuc_ws/framework) by extension 'cmake'
[0.559s] colcon.colcon_core.package_identification Level 1 _identify(nuc_ws/framework) by extension 'python'
[0.559s] colcon.colcon_core.package_identification Level 1 _identify(nuc_ws/framework) by extensions ['python_setup_py']
[0.559s] colcon.colcon_core.package_identification Level 1 _identify(nuc_ws/framework) by extension 'python_setup_py'
[0.559s] colcon.colcon_core.package_identification Level 1 _identify(nuc_ws/framework/串口协议) by extensions ['ignore', 'ignore_ament_install']
[0.559s] colcon.colcon_core.package_identification Level 1 _identify(nuc_ws/framework/串口协议) by extension 'ignore'
[0.559s] colcon.colcon_core.package_identification Level 1 _identify(nuc_ws/framework/串口协议) by extension 'ignore_ament_install'
[0.559s] colcon.colcon_core.package_identification Level 1 _identify(nuc_ws/framework/串口协议) by extensions ['colcon_pkg']
[0.559s] colcon.colcon_core.package_identification Level 1 _identify(nuc_ws/framework/串口协议) by extension 'colcon_pkg'
[0.560s] colcon.colcon_core.package_identification Level 1 _identify(nuc_ws/framework/串口协议) by extensions ['colcon_meta']
[0.560s] colcon.colcon_core.package_identification Level 1 _identify(nuc_ws/framework/串口协议) by extension 'colcon_meta'
[0.560s] colcon.colcon_core.package_identification Level 1 _identify(nuc_ws/framework/串口协议) by extensions ['ros']
[0.560s] colcon.colcon_core.package_identification Level 1 _identify(nuc_ws/framework/串口协议) by extension 'ros'
[0.560s] colcon.colcon_core.package_identification Level 1 _identify(nuc_ws/framework/串口协议) by extensions ['cmake', 'python']
[0.560s] colcon.colcon_core.package_identification Level 1 _identify(nuc_ws/framework/串口协议) by extension 'cmake'
[0.560s] colcon.colcon_core.package_identification Level 1 _identify(nuc_ws/framework/串口协议) by extension 'python'
[0.560s] colcon.colcon_core.package_identification Level 1 _identify(nuc_ws/framework/串口协议) by extensions ['python_setup_py']
[0.560s] colcon.colcon_core.package_identification Level 1 _identify(nuc_ws/framework/串口协议) by extension 'python_setup_py'
[0.560s] colcon.colcon_core.package_identification Level 1 _identify(nuc_ws/requirements) by extensions ['ignore', 'ignore_ament_install']
[0.561s] colcon.colcon_core.package_identification Level 1 _identify(nuc_ws/requirements) by extension 'ignore'
[0.561s] colcon.colcon_core.package_identification Level 1 _identify(nuc_ws/requirements) by extension 'ignore_ament_install'
[0.561s] colcon.colcon_core.package_identification Level 1 _identify(nuc_ws/requirements) by extensions ['colcon_pkg']
[0.561s] colcon.colcon_core.package_identification Level 1 _identify(nuc_ws/requirements) by extension 'colcon_pkg'
[0.561s] colcon.colcon_core.package_identification Level 1 _identify(nuc_ws/requirements) by extensions ['colcon_meta']
[0.561s] colcon.colcon_core.package_identification Level 1 _identify(nuc_ws/requirements) by extension 'colcon_meta'
[0.561s] colcon.colcon_core.package_identification Level 1 _identify(nuc_ws/requirements) by extensions ['ros']
[0.561s] colcon.colcon_core.package_identification Level 1 _identify(nuc_ws/requirements) by extension 'ros'
[0.561s] colcon.colcon_core.package_identification Level 1 _identify(nuc_ws/requirements) by extensions ['cmake', 'python']
[0.561s] colcon.colcon_core.package_identification Level 1 _identify(nuc_ws/requirements) by extension 'cmake'
[0.562s] colcon.colcon_core.package_identification Level 1 _identify(nuc_ws/requirements) by extension 'python'
[0.562s] colcon.colcon_core.package_identification Level 1 _identify(nuc_ws/requirements) by extensions ['python_setup_py']
[0.562s] colcon.colcon_core.package_identification Level 1 _identify(nuc_ws/requirements) by extension 'python_setup_py'
[0.562s] colcon.colcon_core.package_identification Level 1 _identify(nuc_ws/src) by extensions ['ignore', 'ignore_ament_install']
[0.562s] colcon.colcon_core.package_identification Level 1 _identify(nuc_ws/src) by extension 'ignore'
[0.562s] colcon.colcon_core.package_identification Level 1 _identify(nuc_ws/src) by extension 'ignore_ament_install'
[0.562s] colcon.colcon_core.package_identification Level 1 _identify(nuc_ws/src) by extensions ['colcon_pkg']
[0.562s] colcon.colcon_core.package_identification Level 1 _identify(nuc_ws/src) by extension 'colcon_pkg'
[0.562s] colcon.colcon_core.package_identification Level 1 _identify(nuc_ws/src) by extensions ['colcon_meta']
[0.562s] colcon.colcon_core.package_identification Level 1 _identify(nuc_ws/src) by extension 'colcon_meta'
[0.562s] colcon.colcon_core.package_identification Level 1 _identify(nuc_ws/src) by extensions ['ros']
[0.563s] colcon.colcon_core.package_identification Level 1 _identify(nuc_ws/src) by extension 'ros'
[0.563s] colcon.colcon_core.package_identification Level 1 _identify(nuc_ws/src) by extensions ['cmake', 'python']
[0.563s] colcon.colcon_core.package_identification Level 1 _identify(nuc_ws/src) by extension 'cmake'
[0.563s] colcon.colcon_core.package_identification Level 1 _identify(nuc_ws/src) by extension 'python'
[0.563s] colcon.colcon_core.package_identification Level 1 _identify(nuc_ws/src) by extensions ['python_setup_py']
[0.563s] colcon.colcon_core.package_identification Level 1 _identify(nuc_ws/src) by extension 'python_setup_py'
[0.563s] colcon.colcon_core.package_identification Level 1 _identify(nuc_ws/src/nuc_ws) by extensions ['ignore', 'ignore_ament_install']
[0.563s] colcon.colcon_core.package_identification Level 1 _identify(nuc_ws/src/nuc_ws) by extension 'ignore'
[0.563s] colcon.colcon_core.package_identification Level 1 _identify(nuc_ws/src/nuc_ws) by extension 'ignore_ament_install'
[0.563s] colcon.colcon_core.package_identification Level 1 _identify(nuc_ws/src/nuc_ws) by extensions ['colcon_pkg']
[0.563s] colcon.colcon_core.package_identification Level 1 _identify(nuc_ws/src/nuc_ws) by extension 'colcon_pkg'
[0.564s] colcon.colcon_core.package_identification Level 1 _identify(nuc_ws/src/nuc_ws) by extensions ['colcon_meta']
[0.564s] colcon.colcon_core.package_identification Level 1 _identify(nuc_ws/src/nuc_ws) by extension 'colcon_meta'
[0.564s] colcon.colcon_core.package_identification Level 1 _identify(nuc_ws/src/nuc_ws) by extensions ['ros']
[0.564s] colcon.colcon_core.package_identification Level 1 _identify(nuc_ws/src/nuc_ws) by extension 'ros'
[0.564s] colcon.colcon_core.package_identification Level 1 _identify(nuc_ws/src/nuc_ws) by extensions ['cmake', 'python']
[0.564s] colcon.colcon_core.package_identification Level 1 _identify(nuc_ws/src/nuc_ws) by extension 'cmake'
[0.564s] colcon.colcon_core.package_identification Level 1 _identify(nuc_ws/src/nuc_ws) by extension 'python'
[0.564s] colcon.colcon_core.package_identification Level 1 _identify(nuc_ws/src/nuc_ws) by extensions ['python_setup_py']
[0.564s] colcon.colcon_core.package_identification Level 1 _identify(nuc_ws/src/nuc_ws) by extension 'python_setup_py'
[0.564s] colcon.colcon_core.package_identification Level 1 _identify(nuc_ws/src/nuc_ws/build) by extensions ['ignore', 'ignore_ament_install']
[0.564s] colcon.colcon_core.package_identification Level 1 _identify(nuc_ws/src/nuc_ws/build) by extension 'ignore'
[0.564s] colcon.colcon_core.package_identification Level 1 _identify(nuc_ws/src/nuc_ws/build) ignored
[0.565s] colcon.colcon_core.package_identification Level 1 _identify(nuc_ws/src/nuc_ws/install) by extensions ['ignore', 'ignore_ament_install']
[0.565s] colcon.colcon_core.package_identification Level 1 _identify(nuc_ws/src/nuc_ws/install) by extension 'ignore'
[0.565s] colcon.colcon_core.package_identification Level 1 _identify(nuc_ws/src/nuc_ws/install) ignored
[0.565s] colcon.colcon_core.package_identification Level 1 _identify(nuc_ws/src/nuc_ws/log) by extensions ['ignore', 'ignore_ament_install']
[0.565s] colcon.colcon_core.package_identification Level 1 _identify(nuc_ws/src/nuc_ws/log) by extension 'ignore'
[0.565s] colcon.colcon_core.package_identification Level 1 _identify(nuc_ws/src/nuc_ws/log) ignored
[0.565s] colcon.colcon_core.package_identification Level 1 _identify(nuc_ws/src/nuc_ws/src) by extensions ['ignore', 'ignore_ament_install']
[0.565s] colcon.colcon_core.package_identification Level 1 _identify(nuc_ws/src/nuc_ws/src) by extension 'ignore'
[0.565s] colcon.colcon_core.package_identification Level 1 _identify(nuc_ws/src/nuc_ws/src) by extension 'ignore_ament_install'
[0.565s] colcon.colcon_core.package_identification Level 1 _identify(nuc_ws/src/nuc_ws/src) by extensions ['colcon_pkg']
[0.565s] colcon.colcon_core.package_identification Level 1 _identify(nuc_ws/src/nuc_ws/src) by extension 'colcon_pkg'
[0.565s] colcon.colcon_core.package_identification Level 1 _identify(nuc_ws/src/nuc_ws/src) by extensions ['colcon_meta']
[0.566s] colcon.colcon_core.package_identification Level 1 _identify(nuc_ws/src/nuc_ws/src) by extension 'colcon_meta'
[0.566s] colcon.colcon_core.package_identification Level 1 _identify(nuc_ws/src/nuc_ws/src) by extensions ['ros']
[0.566s] colcon.colcon_core.package_identification Level 1 _identify(nuc_ws/src/nuc_ws/src) by extension 'ros'
[0.566s] colcon.colcon_core.package_identification Level 1 _identify(nuc_ws/src/nuc_ws/src) by extensions ['cmake', 'python']
[0.566s] colcon.colcon_core.package_identification Level 1 _identify(nuc_ws/src/nuc_ws/src) by extension 'cmake'
[0.566s] colcon.colcon_core.package_identification Level 1 _identify(nuc_ws/src/nuc_ws/src) by extension 'python'
[0.566s] colcon.colcon_core.package_identification Level 1 _identify(nuc_ws/src/nuc_ws/src) by extensions ['python_setup_py']
[0.566s] colcon.colcon_core.package_identification Level 1 _identify(nuc_ws/src/nuc_ws/src) by extension 'python_setup_py'
[0.566s] colcon.colcon_core.package_identification Level 1 _identify(nuc_ws/src/nuc_ws/src/detection_interfaces) by extensions ['ignore', 'ignore_ament_install']
[0.566s] colcon.colcon_core.package_identification Level 1 _identify(nuc_ws/src/nuc_ws/src/detection_interfaces) by extension 'ignore'
[0.566s] colcon.colcon_core.package_identification Level 1 _identify(nuc_ws/src/nuc_ws/src/detection_interfaces) by extension 'ignore_ament_install'
[0.566s] colcon.colcon_core.package_identification Level 1 _identify(nuc_ws/src/nuc_ws/src/detection_interfaces) by extensions ['colcon_pkg']
[0.566s] colcon.colcon_core.package_identification Level 1 _identify(nuc_ws/src/nuc_ws/src/detection_interfaces) by extension 'colcon_pkg'
[0.566s] colcon.colcon_core.package_identification Level 1 _identify(nuc_ws/src/nuc_ws/src/detection_interfaces) by extensions ['colcon_meta']
[0.566s] colcon.colcon_core.package_identification Level 1 _identify(nuc_ws/src/nuc_ws/src/detection_interfaces) by extension 'colcon_meta'
[0.567s] colcon.colcon_core.package_identification Level 1 _identify(nuc_ws/src/nuc_ws/src/detection_interfaces) by extensions ['ros']
[0.567s] colcon.colcon_core.package_identification Level 1 _identify(nuc_ws/src/nuc_ws/src/detection_interfaces) by extension 'ros'
[0.570s] colcon.colcon_core.package_identification DEBUG Package 'nuc_ws/src/nuc_ws/src/detection_interfaces' with type 'ros.ament_cmake' and name 'detection_interfaces'
[0.570s] colcon.colcon_core.package_identification Level 1 _identify(nuc_ws/src/nuc_ws/src/r2_mission) by extensions ['ignore', 'ignore_ament_install']
[0.571s] colcon.colcon_core.package_identification Level 1 _identify(nuc_ws/src/nuc_ws/src/r2_mission) by extension 'ignore'
[0.571s] colcon.colcon_core.package_identification Level 1 _identify(nuc_ws/src/nuc_ws/src/r2_mission) by extension 'ignore_ament_install'
[0.571s] colcon.colcon_core.package_identification Level 1 _identify(nuc_ws/src/nuc_ws/src/r2_mission) by extensions ['colcon_pkg']
[0.571s] colcon.colcon_core.package_identification Level 1 _identify(nuc_ws/src/nuc_ws/src/r2_mission) by extension 'colcon_pkg'
[0.571s] colcon.colcon_core.package_identification Level 1 _identify(nuc_ws/src/nuc_ws/src/r2_mission) by extensions ['colcon_meta']
[0.571s] colcon.colcon_core.package_identification Level 1 _identify(nuc_ws/src/nuc_ws/src/r2_mission) by extension 'colcon_meta'
[0.571s] colcon.colcon_core.package_identification Level 1 _identify(nuc_ws/src/nuc_ws/src/r2_mission) by extensions ['ros']
[0.571s] colcon.colcon_core.package_identification Level 1 _identify(nuc_ws/src/nuc_ws/src/r2_mission) by extension 'ros'
[0.572s] colcon.colcon_core.package_identification DEBUG Package 'nuc_ws/src/nuc_ws/src/r2_mission' with type 'ros.ament_cmake' and name 'r2_mission'
[0.572s] colcon.colcon_core.package_identification Level 1 _identify(nuc_ws/src/nuc_ws/src/r2_serial_driver) by extensions ['ignore', 'ignore_ament_install']
[0.572s] colcon.colcon_core.package_identification Level 1 _identify(nuc_ws/src/nuc_ws/src/r2_serial_driver) by extension 'ignore'
[0.572s] colcon.colcon_core.package_identification Level 1 _identify(nuc_ws/src/nuc_ws/src/r2_serial_driver) ignored
[0.572s] colcon.colcon_core.package_discovery Level 1 discover_packages(recursive) using defaults
[0.572s] colcon.colcon_core.package_discovery Level 1 discover_packages(ignore) discover
[0.572s] colcon.colcon_core.package_discovery Level 1 discover_packages(ignore) using defaults
[0.573s] colcon.colcon_core.package_discovery Level 1 discover_packages(path) discover
[0.573s] colcon.colcon_core.package_discovery Level 1 discover_packages(path) using defaults
[0.613s] colcon.colcon_core.package_discovery Level 1 discover_packages(prefix_path) check parameters
[0.613s] colcon.colcon_core.package_discovery Level 1 discover_packages(prefix_path) discover
[0.618s] colcon.colcon_installed_package_information.package_discovery DEBUG Found 277 installed packages in /opt/ros/humble
[0.621s] colcon.colcon_core.package_discovery Level 1 discover_packages(prefix_path) using defaults
[0.675s] colcon.colcon_core.verb Level 5 set package 'detection_interfaces' build argument 'cmake_args' from command line to 'None'
[0.675s] colcon.colcon_core.verb Level 5 set package 'detection_interfaces' build argument 'cmake_target' from command line to 'None'
[0.675s] colcon.colcon_core.verb Level 5 set package 'detection_interfaces' build argument 'cmake_target_skip_unavailable' from command line to 'False'
[0.675s] colcon.colcon_core.verb Level 5 set package 'detection_interfaces' build argument 'cmake_clean_cache' from command line to 'False'
[0.675s] colcon.colcon_core.verb Level 5 set package 'detection_interfaces' build argument 'cmake_clean_first' from command line to 'False'
[0.675s] colcon.colcon_core.verb Level 5 set package 'detection_interfaces' build argument 'cmake_force_configure' from command line to 'False'
[0.675s] colcon.colcon_core.verb Level 5 set package 'detection_interfaces' build argument 'ament_cmake_args' from command line to 'None'
[0.675s] colcon.colcon_core.verb Level 5 set package 'detection_interfaces' build argument 'catkin_cmake_args' from command line to 'None'
[0.675s] colcon.colcon_core.verb Level 5 set package 'detection_interfaces' build argument 'catkin_skip_building_tests' from command line to 'False'
[0.675s] colcon.colcon_core.verb DEBUG Building package 'detection_interfaces' with the following arguments: {'ament_cmake_args': None, 'build_base': '/home/mingadmirer/nuc_ws/build/detection_interfaces', 'catkin_cmake_args': None, 'catkin_skip_building_tests': False, 'cmake_args': None, 'cmake_clean_cache': False, 'cmake_clean_first': False, 'cmake_force_configure': False, 'cmake_target': None, 'cmake_target_skip_unavailable': False, 'install_base': '/home/mingadmirer/nuc_ws/install/detection_interfaces', 'merge_install': False, 'path': '/home/mingadmirer/nuc_ws/nuc_ws/src/nuc_ws/src/detection_interfaces', 'symlink_install': False, 'test_result_base': None}
[0.675s] colcon.colcon_core.verb Level 5 set package 'r2_mission' build argument 'cmake_args' from command line to 'None'
[0.676s] colcon.colcon_core.verb Level 5 set package 'r2_mission' build argument 'cmake_target' from command line to 'None'
[0.676s] colcon.colcon_core.verb Level 5 set package 'r2_mission' build argument 'cmake_target_skip_unavailable' from command line to 'False'
[0.676s] colcon.colcon_core.verb Level 5 set package 'r2_mission' build argument 'cmake_clean_cache' from command line to 'False'
[0.676s] colcon.colcon_core.verb Level 5 set package 'r2_mission' build argument 'cmake_clean_first' from command line to 'False'
[0.676s] colcon.colcon_core.verb Level 5 set package 'r2_mission' build argument 'cmake_force_configure' from command line to 'False'
[0.676s] colcon.colcon_core.verb Level 5 set package 'r2_mission' build argument 'ament_cmake_args' from command line to 'None'
[0.676s] colcon.colcon_core.verb Level 5 set package 'r2_mission' build argument 'catkin_cmake_args' from command line to 'None'
[0.676s] colcon.colcon_core.verb Level 5 set package 'r2_mission' build argument 'catkin_skip_building_tests' from command line to 'False'
[0.676s] colcon.colcon_core.verb DEBUG Building package 'r2_mission' with the following arguments: {'ament_cmake_args': None, 'build_base': '/home/mingadmirer/nuc_ws/build/r2_mission', 'catkin_cmake_args': None, 'catkin_skip_building_tests': False, 'cmake_args': None, 'cmake_clean_cache': False, 'cmake_clean_first': False, 'cmake_force_configure': False, 'cmake_target': None, 'cmake_target_skip_unavailable': False, 'install_base': '/home/mingadmirer/nuc_ws/install/r2_mission', 'merge_install': False, 'path': '/home/mingadmirer/nuc_ws/nuc_ws/src/nuc_ws/src/r2_mission', 'symlink_install': False, 'test_result_base': None}
[0.676s] colcon.colcon_core.executor INFO Executing jobs using 'parallel' executor
[0.677s] colcon.colcon_parallel_executor.executor.parallel DEBUG run_until_complete
[0.677s] colcon.colcon_ros.task.ament_cmake.build INFO Building ROS package in '/home/mingadmirer/nuc_ws/nuc_ws/src/nuc_ws/src/detection_interfaces' with build type 'ament_cmake'
[0.677s] colcon.colcon_cmake.task.cmake.build INFO Building CMake package in '/home/mingadmirer/nuc_ws/nuc_ws/src/nuc_ws/src/detection_interfaces'
[0.681s] colcon.colcon_core.plugin_system INFO Skipping extension 'colcon_core.shell.bat': Not used on non-Windows systems
[0.681s] colcon.colcon_core.shell INFO Skip shell extension 'powershell' for command environment: Not usable outside of PowerShell
[0.681s] colcon.colcon_core.shell DEBUG Skip shell extension 'dsv' for command environment
[0.690s] colcon.colcon_core.event_handler.log_command DEBUG Invoking command in '/home/mingadmirer/nuc_ws/build/detection_interfaces': CMAKE_PREFIX_PATH=/opt/ros/humble /usr/bin/cmake --build /home/mingadmirer/nuc_ws/build/detection_interfaces -- -j8 -l8
[1.191s] colcon.colcon_core.event_handler.log_command DEBUG Invoked command in '/home/mingadmirer/nuc_ws/build/detection_interfaces' returned '0': CMAKE_PREFIX_PATH=/opt/ros/humble /usr/bin/cmake --build /home/mingadmirer/nuc_ws/build/detection_interfaces -- -j8 -l8
[1.203s] colcon.colcon_core.event_handler.log_command DEBUG Invoking command in '/home/mingadmirer/nuc_ws/build/detection_interfaces': CMAKE_PREFIX_PATH=/opt/ros/humble /usr/bin/cmake --install /home/mingadmirer/nuc_ws/build/detection_interfaces
[1.280s] colcon.colcon_core.environment Level 1 create_environment_scripts_only(detection_interfaces)
[1.283s] colcon.colcon_core.event_handler.log_command DEBUG Invoked command in '/home/mingadmirer/nuc_ws/build/detection_interfaces' returned '0': CMAKE_PREFIX_PATH=/opt/ros/humble /usr/bin/cmake --install /home/mingadmirer/nuc_ws/build/detection_interfaces
[1.288s] colcon.colcon_core.environment Level 1 checking '/home/mingadmirer/nuc_ws/install/detection_interfaces' for CMake module files
[1.289s] colcon.colcon_core.environment Level 1 checking '/home/mingadmirer/nuc_ws/install/detection_interfaces' for CMake config files
[1.289s] colcon.colcon_core.shell Level 1 create_environment_hook('detection_interfaces', 'cmake_prefix_path')
[1.289s] colcon.colcon_core.shell INFO Creating environment hook '/home/mingadmirer/nuc_ws/install/detection_interfaces/share/detection_interfaces/hook/cmake_prefix_path.ps1'
[1.290s] colcon.colcon_core.shell INFO Creating environment descriptor '/home/mingadmirer/nuc_ws/install/detection_interfaces/share/detection_interfaces/hook/cmake_prefix_path.dsv'
[1.291s] colcon.colcon_core.shell INFO Creating environment hook '/home/mingadmirer/nuc_ws/install/detection_interfaces/share/detection_interfaces/hook/cmake_prefix_path.sh'
[1.292s] colcon.colcon_core.environment Level 1 checking '/home/mingadmirer/nuc_ws/install/detection_interfaces/lib'
[1.292s] colcon.colcon_core.shell Level 1 create_environment_hook('detection_interfaces', 'ld_library_path_lib')
[1.293s] colcon.colcon_core.shell INFO Creating environment hook '/home/mingadmirer/nuc_ws/install/detection_interfaces/share/detection_interfaces/hook/ld_library_path_lib.ps1'
[1.293s] colcon.colcon_core.shell INFO Creating environment descriptor '/home/mingadmirer/nuc_ws/install/detection_interfaces/share/detection_interfaces/hook/ld_library_path_lib.dsv'
[1.294s] colcon.colcon_core.shell INFO Creating environment hook '/home/mingadmirer/nuc_ws/install/detection_interfaces/share/detection_interfaces/hook/ld_library_path_lib.sh'
[1.294s] colcon.colcon_core.environment Level 1 checking '/home/mingadmirer/nuc_ws/install/detection_interfaces/bin'
[1.294s] colcon.colcon_core.environment Level 1 checking '/home/mingadmirer/nuc_ws/install/detection_interfaces/lib/pkgconfig/detection_interfaces.pc'
[1.295s] colcon.colcon_core.environment Level 1 checking '/home/mingadmirer/nuc_ws/install/detection_interfaces/lib/python3.10/site-packages'
[1.295s] colcon.colcon_core.environment Level 1 checking '/home/mingadmirer/nuc_ws/install/detection_interfaces/bin'
[1.295s] colcon.colcon_core.shell INFO Creating package script '/home/mingadmirer/nuc_ws/install/detection_interfaces/share/detection_interfaces/package.ps1'
[1.297s] colcon.colcon_core.shell INFO Creating package descriptor '/home/mingadmirer/nuc_ws/install/detection_interfaces/share/detection_interfaces/package.dsv'
[1.298s] colcon.colcon_core.shell INFO Creating package script '/home/mingadmirer/nuc_ws/install/detection_interfaces/share/detection_interfaces/package.sh'
[1.299s] colcon.colcon_core.shell INFO Creating package script '/home/mingadmirer/nuc_ws/install/detection_interfaces/share/detection_interfaces/package.bash'
[1.300s] colcon.colcon_core.shell INFO Creating package script '/home/mingadmirer/nuc_ws/install/detection_interfaces/share/detection_interfaces/package.zsh'
[1.301s] colcon.colcon_core.environment Level 1 create_file_with_runtime_dependencies(/home/mingadmirer/nuc_ws/install/detection_interfaces/share/colcon-core/packages/detection_interfaces)
[1.301s] colcon.colcon_core.environment Level 1 create_environment_scripts_only(detection_interfaces)
[1.301s] colcon.colcon_core.environment Level 1 checking '/home/mingadmirer/nuc_ws/install/detection_interfaces' for CMake module files
[1.302s] colcon.colcon_core.environment Level 1 checking '/home/mingadmirer/nuc_ws/install/detection_interfaces' for CMake config files
[1.302s] colcon.colcon_core.shell Level 1 create_environment_hook('detection_interfaces', 'cmake_prefix_path')
[1.303s] colcon.colcon_core.shell INFO Creating environment hook '/home/mingadmirer/nuc_ws/install/detection_interfaces/share/detection_interfaces/hook/cmake_prefix_path.ps1'
[1.303s] colcon.colcon_core.shell INFO Creating environment descriptor '/home/mingadmirer/nuc_ws/install/detection_interfaces/share/detection_interfaces/hook/cmake_prefix_path.dsv'
[1.304s] colcon.colcon_core.shell INFO Creating environment hook '/home/mingadmirer/nuc_ws/install/detection_interfaces/share/detection_interfaces/hook/cmake_prefix_path.sh'
[1.304s] colcon.colcon_core.environment Level 1 checking '/home/mingadmirer/nuc_ws/install/detection_interfaces/lib'
[1.304s] colcon.colcon_core.shell Level 1 create_environment_hook('detection_interfaces', 'ld_library_path_lib')
[1.305s] colcon.colcon_core.shell INFO Creating environment hook '/home/mingadmirer/nuc_ws/install/detection_interfaces/share/detection_interfaces/hook/ld_library_path_lib.ps1'
[1.305s] colcon.colcon_core.shell INFO Creating environment descriptor '/home/mingadmirer/nuc_ws/install/detection_interfaces/share/detection_interfaces/hook/ld_library_path_lib.dsv'
[1.306s] colcon.colcon_core.shell INFO Creating environment hook '/home/mingadmirer/nuc_ws/install/detection_interfaces/share/detection_interfaces/hook/ld_library_path_lib.sh'
[1.306s] colcon.colcon_core.environment Level 1 checking '/home/mingadmirer/nuc_ws/install/detection_interfaces/bin'
[1.306s] colcon.colcon_core.environment Level 1 checking '/home/mingadmirer/nuc_ws/install/detection_interfaces/lib/pkgconfig/detection_interfaces.pc'
[1.306s] colcon.colcon_core.environment Level 1 checking '/home/mingadmirer/nuc_ws/install/detection_interfaces/lib/python3.10/site-packages'
[1.307s] colcon.colcon_core.environment Level 1 checking '/home/mingadmirer/nuc_ws/install/detection_interfaces/bin'
[1.307s] colcon.colcon_core.shell INFO Creating package script '/home/mingadmirer/nuc_ws/install/detection_interfaces/share/detection_interfaces/package.ps1'
[1.308s] colcon.colcon_core.shell INFO Creating package descriptor '/home/mingadmirer/nuc_ws/install/detection_interfaces/share/detection_interfaces/package.dsv'
[1.309s] colcon.colcon_core.shell INFO Creating package script '/home/mingadmirer/nuc_ws/install/detection_interfaces/share/detection_interfaces/package.sh'
[1.309s] colcon.colcon_core.shell INFO Creating package script '/home/mingadmirer/nuc_ws/install/detection_interfaces/share/detection_interfaces/package.bash'
[1.310s] colcon.colcon_core.shell INFO Creating package script '/home/mingadmirer/nuc_ws/install/detection_interfaces/share/detection_interfaces/package.zsh'
[1.310s] colcon.colcon_core.environment Level 1 create_file_with_runtime_dependencies(/home/mingadmirer/nuc_ws/install/detection_interfaces/share/colcon-core/packages/detection_interfaces)
[1.311s] colcon.colcon_ros.task.ament_cmake.build INFO Building ROS package in '/home/mingadmirer/nuc_ws/nuc_ws/src/nuc_ws/src/r2_mission' with build type 'ament_cmake'
[1.311s] colcon.colcon_cmake.task.cmake.build INFO Building CMake package in '/home/mingadmirer/nuc_ws/nuc_ws/src/nuc_ws/src/r2_mission'
[1.311s] colcon.colcon_core.shell INFO Skip shell extension 'powershell' for command environment: Not usable outside of PowerShell
[1.311s] colcon.colcon_core.shell DEBUG Skip shell extension 'dsv' for command environment
[1.324s] colcon.colcon_core.event_handler.log_command DEBUG Invoking command in '/home/mingadmirer/nuc_ws/build/r2_mission': AMENT_PREFIX_PATH=/home/mingadmirer/nuc_ws/install/detection_interfaces:${AMENT_PREFIX_PATH} CMAKE_PREFIX_PATH=/home/mingadmirer/nuc_ws/install/detection_interfaces:/opt/ros/humble LD_LIBRARY_PATH=/home/mingadmirer/nuc_ws/install/detection_interfaces/lib:${LD_LIBRARY_PATH} PYTHONPATH=/home/mingadmirer/nuc_ws/install/detection_interfaces/local/lib/python3.10/dist-packages:${PYTHONPATH} /usr/bin/cmake --build /home/mingadmirer/nuc_ws/build/r2_mission -- -j8 -l8
[11.946s] colcon.colcon_core.event_handler.log_command DEBUG Invoked command in '/home/mingadmirer/nuc_ws/build/r2_mission' returned '0': AMENT_PREFIX_PATH=/home/mingadmirer/nuc_ws/install/detection_interfaces:${AMENT_PREFIX_PATH} CMAKE_PREFIX_PATH=/home/mingadmirer/nuc_ws/install/detection_interfaces:/opt/ros/humble LD_LIBRARY_PATH=/home/mingadmirer/nuc_ws/install/detection_interfaces/lib:${LD_LIBRARY_PATH} PYTHONPATH=/home/mingadmirer/nuc_ws/install/detection_interfaces/local/lib/python3.10/dist-packages:${PYTHONPATH} /usr/bin/cmake --build /home/mingadmirer/nuc_ws/build/r2_mission -- -j8 -l8
[11.949s] colcon.colcon_core.event_handler.log_command DEBUG Invoking command in '/home/mingadmirer/nuc_ws/build/r2_mission': AMENT_PREFIX_PATH=/home/mingadmirer/nuc_ws/install/detection_interfaces:${AMENT_PREFIX_PATH} CMAKE_PREFIX_PATH=/home/mingadmirer/nuc_ws/install/detection_interfaces:/opt/ros/humble LD_LIBRARY_PATH=/home/mingadmirer/nuc_ws/install/detection_interfaces/lib:${LD_LIBRARY_PATH} PYTHONPATH=/home/mingadmirer/nuc_ws/install/detection_interfaces/local/lib/python3.10/dist-packages:${PYTHONPATH} /usr/bin/cmake --install /home/mingadmirer/nuc_ws/build/r2_mission
[11.967s] colcon.colcon_core.environment Level 1 create_environment_scripts_only(r2_mission)
[11.968s] colcon.colcon_core.environment Level 1 checking '/home/mingadmirer/nuc_ws/install/r2_mission' for CMake module files
[11.969s] colcon.colcon_core.event_handler.log_command DEBUG Invoked command in '/home/mingadmirer/nuc_ws/build/r2_mission' returned '0': AMENT_PREFIX_PATH=/home/mingadmirer/nuc_ws/install/detection_interfaces:${AMENT_PREFIX_PATH} CMAKE_PREFIX_PATH=/home/mingadmirer/nuc_ws/install/detection_interfaces:/opt/ros/humble LD_LIBRARY_PATH=/home/mingadmirer/nuc_ws/install/detection_interfaces/lib:${LD_LIBRARY_PATH} PYTHONPATH=/home/mingadmirer/nuc_ws/install/detection_interfaces/local/lib/python3.10/dist-packages:${PYTHONPATH} /usr/bin/cmake --install /home/mingadmirer/nuc_ws/build/r2_mission
[11.969s] colcon.colcon_core.environment Level 1 checking '/home/mingadmirer/nuc_ws/install/r2_mission' for CMake config files
[11.969s] colcon.colcon_core.shell Level 1 create_environment_hook('r2_mission', 'cmake_prefix_path')
[11.970s] colcon.colcon_core.shell INFO Creating environment hook '/home/mingadmirer/nuc_ws/install/r2_mission/share/r2_mission/hook/cmake_prefix_path.ps1'
[11.970s] colcon.colcon_core.shell INFO Creating environment descriptor '/home/mingadmirer/nuc_ws/install/r2_mission/share/r2_mission/hook/cmake_prefix_path.dsv'
[11.970s] colcon.colcon_core.shell INFO Creating environment hook '/home/mingadmirer/nuc_ws/install/r2_mission/share/r2_mission/hook/cmake_prefix_path.sh'
[11.971s] colcon.colcon_core.environment Level 1 checking '/home/mingadmirer/nuc_ws/install/r2_mission/lib'
[11.971s] colcon.colcon_core.environment Level 1 checking '/home/mingadmirer/nuc_ws/install/r2_mission/bin'
[11.971s] colcon.colcon_core.environment Level 1 checking '/home/mingadmirer/nuc_ws/install/r2_mission/lib/pkgconfig/r2_mission.pc'
[11.971s] colcon.colcon_core.environment Level 1 checking '/home/mingadmirer/nuc_ws/install/r2_mission/lib/python3.10/site-packages'
[11.972s] colcon.colcon_core.environment Level 1 checking '/home/mingadmirer/nuc_ws/install/r2_mission/bin'
[11.972s] colcon.colcon_core.shell INFO Creating package script '/home/mingadmirer/nuc_ws/install/r2_mission/share/r2_mission/package.ps1'
[11.973s] colcon.colcon_core.shell INFO Creating package descriptor '/home/mingadmirer/nuc_ws/install/r2_mission/share/r2_mission/package.dsv'
[11.973s] colcon.colcon_core.shell INFO Creating package script '/home/mingadmirer/nuc_ws/install/r2_mission/share/r2_mission/package.sh'
[11.973s] colcon.colcon_core.shell INFO Creating package script '/home/mingadmirer/nuc_ws/install/r2_mission/share/r2_mission/package.bash'
[11.974s] colcon.colcon_core.shell INFO Creating package script '/home/mingadmirer/nuc_ws/install/r2_mission/share/r2_mission/package.zsh'
[11.974s] colcon.colcon_core.environment Level 1 create_file_with_runtime_dependencies(/home/mingadmirer/nuc_ws/install/r2_mission/share/colcon-core/packages/r2_mission)
[11.975s] colcon.colcon_core.environment Level 1 create_environment_scripts_only(r2_mission)
[11.975s] colcon.colcon_core.environment Level 1 checking '/home/mingadmirer/nuc_ws/install/r2_mission' for CMake module files
[11.975s] colcon.colcon_core.environment Level 1 checking '/home/mingadmirer/nuc_ws/install/r2_mission' for CMake config files
[11.976s] colcon.colcon_core.shell Level 1 create_environment_hook('r2_mission', 'cmake_prefix_path')
[11.976s] colcon.colcon_core.shell INFO Creating environment hook '/home/mingadmirer/nuc_ws/install/r2_mission/share/r2_mission/hook/cmake_prefix_path.ps1'
[11.977s] colcon.colcon_core.shell INFO Creating environment descriptor '/home/mingadmirer/nuc_ws/install/r2_mission/share/r2_mission/hook/cmake_prefix_path.dsv'
[11.977s] colcon.colcon_core.shell INFO Creating environment hook '/home/mingadmirer/nuc_ws/install/r2_mission/share/r2_mission/hook/cmake_prefix_path.sh'
[11.978s] colcon.colcon_core.environment Level 1 checking '/home/mingadmirer/nuc_ws/install/r2_mission/lib'
[11.978s] colcon.colcon_core.environment Level 1 checking '/home/mingadmirer/nuc_ws/install/r2_mission/bin'
[11.978s] colcon.colcon_core.environment Level 1 checking '/home/mingadmirer/nuc_ws/install/r2_mission/lib/pkgconfig/r2_mission.pc'
[11.978s] colcon.colcon_core.environment Level 1 checking '/home/mingadmirer/nuc_ws/install/r2_mission/lib/python3.10/site-packages'
[11.979s] colcon.colcon_core.environment Level 1 checking '/home/mingadmirer/nuc_ws/install/r2_mission/bin'
[11.979s] colcon.colcon_core.shell INFO Creating package script '/home/mingadmirer/nuc_ws/install/r2_mission/share/r2_mission/package.ps1'
[11.980s] colcon.colcon_core.shell INFO Creating package descriptor '/home/mingadmirer/nuc_ws/install/r2_mission/share/r2_mission/package.dsv'
[11.980s] colcon.colcon_core.shell INFO Creating package script '/home/mingadmirer/nuc_ws/install/r2_mission/share/r2_mission/package.sh'
[11.981s] colcon.colcon_core.shell INFO Creating package script '/home/mingadmirer/nuc_ws/install/r2_mission/share/r2_mission/package.bash'
[11.981s] colcon.colcon_core.shell INFO Creating package script '/home/mingadmirer/nuc_ws/install/r2_mission/share/r2_mission/package.zsh'
[11.982s] colcon.colcon_core.environment Level 1 create_file_with_runtime_dependencies(/home/mingadmirer/nuc_ws/install/r2_mission/share/colcon-core/packages/r2_mission)
[11.982s] colcon.colcon_parallel_executor.executor.parallel DEBUG closing loop
[11.982s] colcon.colcon_parallel_executor.executor.parallel DEBUG loop closed
[11.983s] colcon.colcon_parallel_executor.executor.parallel DEBUG run_until_complete finished with '0'
[11.983s] colcon.colcon_core.event_reactor DEBUG joining thread
[11.983s] colcon.colcon_core.event_reactor DEBUG joined thread
[11.984s] colcon.colcon_core.shell INFO Creating prefix script '/home/mingadmirer/nuc_ws/install/local_setup.ps1'
[11.985s] colcon.colcon_core.shell INFO Creating prefix util module '/home/mingadmirer/nuc_ws/install/_local_setup_util_ps1.py'
[11.986s] colcon.colcon_core.shell INFO Creating prefix chain script '/home/mingadmirer/nuc_ws/install/setup.ps1'
[11.987s] colcon.colcon_core.shell INFO Creating prefix script '/home/mingadmirer/nuc_ws/install/local_setup.sh'
[11.988s] colcon.colcon_core.shell INFO Creating prefix util module '/home/mingadmirer/nuc_ws/install/_local_setup_util_sh.py'
[11.989s] colcon.colcon_core.shell INFO Creating prefix chain script '/home/mingadmirer/nuc_ws/install/setup.sh'
[11.990s] colcon.colcon_core.shell INFO Creating prefix script '/home/mingadmirer/nuc_ws/install/local_setup.bash'
[11.991s] colcon.colcon_core.shell INFO Creating prefix chain script '/home/mingadmirer/nuc_ws/install/setup.bash'
[11.992s] colcon.colcon_core.shell INFO Creating prefix script '/home/mingadmirer/nuc_ws/install/local_setup.zsh'
[11.993s] colcon.colcon_core.shell INFO Creating prefix chain script '/home/mingadmirer/nuc_ws/install/setup.zsh'
